	github.com/aptlogica/sereni-base/internal/app		coverage: 0.0% of statements
	github.com/aptlogica/sereni-base/internal/app-errors		coverage: 0.0% of statements
	github.com/aptlogica/sereni-base/internal/config		coverage: 0.0% of statements
	github.com/aptlogica/sereni-base/internal/constant		coverage: 0.0% of statements
	github.com/aptlogica/sereni-base/internal/dto		coverage: 0.0% of statements
	github.com/aptlogica/sereni-base/internal/handlers		coverage: 0.0% of statements
	github.com/aptlogica/sereni-base/internal/handlers/validators		coverage: 0.0% of statements
	github.com/aptlogica/sereni-base/internal/middleware		coverage: 0.0% of statements
?   	github.com/aptlogica/sereni-base/internal/models	[no test files]
	github.com/aptlogica/sereni-base/internal/models/tenant		coverage: 0.0% of statements
	github.com/aptlogica/sereni-base/internal/providers/antivirus		coverage: 0.0% of statements
	github.com/aptlogica/sereni-base/internal/providers/antivirus/http		coverage: 0.0% of statements
?   	github.com/aptlogica/sereni-base/internal/providers/antivirus/interfaces	[no test files]
	github.com/aptlogica/sereni-base/internal/providers/auth		coverage: 0.0% of statements
	github.com/aptlogica/sereni-base/internal/providers/email		coverage: 0.0% of statements
	github.com/aptlogica/sereni-base/internal/providers/logger		coverage: 0.0% of statements
	github.com/aptlogica/sereni-base/internal/providers/otp		coverage: 0.0% of statements
	github.com/aptlogica/sereni-base/internal/providers/storage		coverage: 0.0% of statements
	github.com/aptlogica/sereni-base/internal/providers/storage/http		coverage: 0.0% of statements
?   	github.com/aptlogica/sereni-base/internal/providers/storage/interfaces	[no test files]
	github.com/aptlogica/sereni-base/internal/router		coverage: 0.0% of statements
	github.com/aptlogica/sereni-base/internal/scripts		coverage: 0.0% of statements
?   	github.com/aptlogica/sereni-base/internal/services	[no test files]
	github.com/aptlogica/sereni-base/internal/services/asset		coverage: 0.0% of statements
	github.com/aptlogica/sereni-base/internal/services/auth		coverage: 0.0% of statements
	github.com/aptlogica/sereni-base/internal/services/base		coverage: 0.0% of statements
	github.com/aptlogica/sereni-base/internal/services/common		coverage: 0.0% of statements
	github.com/aptlogica/sereni-base/internal/services/core		coverage: 0.0% of statements
?   	github.com/aptlogica/sereni-base/internal/services/interfaces	[no test files]
	github.com/aptlogica/sereni-base/internal/services/rbac		coverage: 0.0% of statements
	github.com/aptlogica/sereni-base/internal/services/table		coverage: 0.0% of statements
	github.com/aptlogica/sereni-base/internal/services/workspace		coverage: 0.0% of statements
?   	github.com/aptlogica/sereni-base/internal/utils	[no test files]
	github.com/aptlogica/sereni-base/internal/utils/file		coverage: 0.0% of statements
	github.com/aptlogica/sereni-base/internal/utils/helpers		coverage: 0.0% of statements
	github.com/aptlogica/sereni-base/internal/utils/response		coverage: 0.0% of statements
	github.com/aptlogica/sereni-base/internal/utils/response/constants		coverage: 0.0% of statements
=== RUN   TestIntegrationPlaceholder
    integration_test.go:10: Integration tests require full application context - run separately
--- SKIP: TestIntegrationPlaceholder (0.00s)
=== RUN   TestEndToEndWorkflow
    integration_test.go:15: E2E tests require running application - run separately
--- SKIP: TestEndToEndWorkflow (0.00s)
=== RUN   TestDatabaseIntegration
    integration_test.go:20: Database integration tests require live database - run separately
--- SKIP: TestDatabaseIntegration (0.00s)
=== RUN   TestAPIIntegration
    integration_test.go:25: API integration tests require running server - run separately
--- SKIP: TestAPIIntegration (0.00s)
PASS
coverage: [no statements]
ok  	github.com/aptlogica/sereni-base/tests	1.383s	coverage: [no statements]
=== RUN   TestAppNew_Success
Initializing database service... postgres &{localhost 5432 user pass db  postgres disable 1 1 0s}
[GIN-debug] [WARNING] Creating an Engine instance with the Logger and Recovery middleware already attached.

[GIN-debug] [WARNING] Running in "debug" mode. Switch to "release" mode in production.
 - using env:	export GIN_MODE=release
 - using code:	gin.SetMode(gin.ReleaseMode)

[GIN-debug] GET    /assets/*filepath         --> github.com/gin-gonic/gin.(*RouterGroup).createStaticHandler.func1 (8 handlers)
[GIN-debug] HEAD   /assets/*filepath         --> github.com/gin-gonic/gin.(*RouterGroup).createStaticHandler.func1 (8 handlers)
[GIN-debug] GET    /api/v1/health            --> github.com/aptlogica/sereni-base/internal/router.Setup.func1 (8 handlers)
[GIN-debug] POST   /api/v1/auth/login        --> github.com/aptlogica/sereni-base/internal/handlers.(*AuthHandler).LoginUser-fm (8 handlers)
[GIN-debug] POST   /api/v1/auth/forgot-password --> github.com/aptlogica/sereni-base/internal/handlers.(*AuthHandler).ForgotPassword-fm (8 handlers)
[GIN-debug] POST   /api/v1/auth/reset-password --> github.com/aptlogica/sereni-base/internal/handlers.(*AuthHandler).ResetPassword-fm (8 handlers)
[GIN-debug] POST   /api/v1/auth/validate-token --> github.com/aptlogica/sereni-base/internal/handlers.(*AuthHandler).ValidateToken-fm (8 handlers)
[GIN-debug] POST   /api/v1/auth/verify-token --> github.com/aptlogica/sereni-base/internal/handlers.(*AuthHandler).VerifyToken-fm (8 handlers)
[GIN-debug] POST   /api/v1/auth/refresh      --> github.com/aptlogica/sereni-base/internal/handlers.(*AuthHandler).RefreshToken-fm (8 handlers)
[GIN-debug] POST   /api/v1/auth/logout       --> github.com/aptlogica/sereni-base/internal/handlers.(*AuthHandler).Logout-fm (8 handlers)
[GIN-debug] POST   /api/v1/auth/otp/verify   --> github.com/aptlogica/sereni-base/internal/handlers.(*AuthHandler).VerifyEmail-fm (8 handlers)
[GIN-debug] POST   /api/v1/auth/otp/resend   --> github.com/aptlogica/sereni-base/internal/handlers.(*AuthHandler).ResendOTP-fm (8 handlers)
[GIN-debug] GET    /api/v1/user/profile/:id  --> github.com/aptlogica/sereni-base/internal/handlers.(*UserHandler).GetUserProfileByID-fm (9 handlers)
[GIN-debug] PATCH  /api/v1/user/profile/:id  --> github.com/aptlogica/sereni-base/internal/handlers.(*UserHandler).UpdateUserProfile-fm (9 handlers)
[GIN-debug] POST   /api/v1/user/change-password/:id --> github.com/aptlogica/sereni-base/internal/handlers.(*AuthHandler).UpdatePassword-fm (9 handlers)
[GIN-debug] POST   /api/v1/user/profile/:id/avatar --> github.com/aptlogica/sereni-base/internal/handlers.(*UserHandler).AddAvatar-fm (9 handlers)
[GIN-debug] DELETE /api/v1/user/profile/:id/avatar --> github.com/aptlogica/sereni-base/internal/handlers.(*UserHandler).RemoveAvatar-fm (9 handlers)
[GIN-debug] GET    /api/v1/user/workspaces   --> github.com/aptlogica/sereni-base/internal/handlers.(*UserHandler).GetWorkspaces-fm (9 handlers)
[GIN-debug] GET    /api/v1/user/access-details --> github.com/aptlogica/sereni-base/internal/handlers.(*UserHandler).GetUserAccessDetails-fm (9 handlers)
[GIN-debug] GET    /api/v1/user/roles-and-access/:id --> github.com/aptlogica/sereni-base/internal/handlers.(*UserHandler).GetUserRolesAndAccess-fm (9 handlers)
[GIN-debug] POST   /api/v1/user/assign       --> github.com/aptlogica/sereni-base/internal/handlers.(*AuthHandler).AssignUserToWorkspace-fm (9 handlers)
[GIN-debug] PUT    /api/v1/user/access/update --> github.com/aptlogica/sereni-base/internal/handlers.(*AuthHandler).UpdateUserAccess-fm (9 handlers)
[GIN-debug] POST   /api/v1/user/create       --> github.com/aptlogica/sereni-base/internal/handlers.(*AuthHandler).AddUser-fm (9 handlers)
[GIN-debug] POST   /api/v1/user/edit         --> github.com/aptlogica/sereni-base/internal/handlers.(*AuthHandler).EditUser-fm (9 handlers)
[GIN-debug] POST   /api/v1/user/remove       --> github.com/aptlogica/sereni-base/internal/handlers.(*AuthHandler).RemoveUser-fm (9 handlers)
[GIN-debug] POST   /api/v1/user/activate     --> github.com/aptlogica/sereni-base/internal/handlers.(*AuthHandler).ActivateUser-fm (9 handlers)
[GIN-debug] POST   /api/v1/user/deactivate   --> github.com/aptlogica/sereni-base/internal/handlers.(*AuthHandler).DeactivateUser-fm (9 handlers)
[GIN-debug] GET    /api/v1/user/list         --> github.com/aptlogica/sereni-base/internal/handlers.(*AuthHandler).GetUsers-fm (9 handlers)
[GIN-debug] GET    /api/v1/user/list-for-assign --> github.com/aptlogica/sereni-base/internal/handlers.(*AuthHandler).GetActiveUsersForAssign-fm (9 handlers)
[GIN-debug] GET    /api/v1/organization      --> github.com/aptlogica/sereni-base/internal/handlers.(*OrganizationHandler).GetAllOrganizations-fm (9 handlers)
[GIN-debug] PUT    /api/v1/organization/:id  --> github.com/aptlogica/sereni-base/internal/handlers.(*OrganizationHandler).UpdateOrganization-fm (9 handlers)
[GIN-debug] POST   /api/v1/workspace/create  --> github.com/aptlogica/sereni-base/internal/handlers.(*WorkspaceHandler).CreateWorkspace-fm (9 handlers)
[GIN-debug] GET    /api/v1/workspace/        --> github.com/aptlogica/sereni-base/internal/handlers.(*WorkspaceHandler).GetAllWorkspaces-fm (9 handlers)
[GIN-debug] GET    /api/v1/workspace/:id/tables --> github.com/aptlogica/sereni-base/internal/handlers.(*WorkspaceHandler).GetTablesByWorkspaceId-fm (9 handlers)
[GIN-debug] PUT    /api/v1/workspace/:id     --> github.com/aptlogica/sereni-base/internal/handlers.(*WorkspaceHandler).UpdateWorkspace-fm (9 handlers)
[GIN-debug] DELETE /api/v1/workspace/:id     --> github.com/aptlogica/sereni-base/internal/handlers.(*WorkspaceHandler).DeleteWorkspace-fm (9 handlers)
[GIN-debug] POST   /api/v1/workspace/:id/remove --> github.com/aptlogica/sereni-base/internal/handlers.(*AuthHandler).RemoveUserFromWorkspace-fm (9 handlers)
[GIN-debug] GET    /api/v1/workspace/:id/members --> github.com/aptlogica/sereni-base/internal/handlers.(*AuthHandler).GetWorkspaceMembers-fm (9 handlers)
[GIN-debug] GET    /api/v1/workspace/:id/members-with-roles --> github.com/aptlogica/sereni-base/internal/handlers.(*AuthHandler).GetWorkspaceMembersWithRole-fm (9 handlers)
[GIN-debug] POST   /api/v1/workspace/:id/bulk-add-members --> github.com/aptlogica/sereni-base/internal/handlers.(*WorkspaceHandler).BulkAddMembers-fm (9 handlers)
[GIN-debug] DELETE /api/v1/workspace/access/:id --> github.com/aptlogica/sereni-base/internal/handlers.(*AuthHandler).RemoveAccessMemberByID-fm (9 handlers)
[GIN-debug] GET    /api/v1/workspace/:id/bases --> github.com/aptlogica/sereni-base/internal/handlers.(*WorkspaceHandler).GetBasesByWorkspaceId-fm (9 handlers)
[GIN-debug] GET    /api/v1/workspace/:id     --> github.com/aptlogica/sereni-base/internal/handlers.(*WorkspaceHandler).GetWorkspaceByID-fm (9 handlers)
[GIN-debug] POST   /api/v1/base/create       --> github.com/aptlogica/sereni-base/internal/handlers.(*BaseHandler).CreateBase-fm (9 handlers)
[GIN-debug] POST   /api/v1/base/:id/remove   --> github.com/aptlogica/sereni-base/internal/handlers.(*AuthHandler).RemoveUserFromBase-fm (9 handlers)
[GIN-debug] GET    /api/v1/base/:id/members  --> github.com/aptlogica/sereni-base/internal/handlers.(*AuthHandler).GetBaseMembers-fm (9 handlers)
[GIN-debug] GET    /api/v1/base/:id/members-with-roles --> github.com/aptlogica/sereni-base/internal/handlers.(*AuthHandler).GetBaseMembersWithRole-fm (9 handlers)
[GIN-debug] POST   /api/v1/base/:id/bulk-add-members --> github.com/aptlogica/sereni-base/internal/handlers.(*WorkspaceHandler).BulkAddBaseMembers-fm (9 handlers)
[GIN-debug] DELETE /api/v1/base/access/:id   --> github.com/aptlogica/sereni-base/internal/handlers.(*AuthHandler).RemoveAccessMemberByID-fm (9 handlers)
[GIN-debug] POST   /api/v1/base/:id/image    --> github.com/aptlogica/sereni-base/internal/handlers.(*BaseHandler).AddBaseImage-fm (9 handlers)
[GIN-debug] DELETE /api/v1/base/:id/image    --> github.com/aptlogica/sereni-base/internal/handlers.(*BaseHandler).RemoveBaseImage-fm (9 handlers)
[GIN-debug] PUT    /api/v1/base/:id          --> github.com/aptlogica/sereni-base/internal/handlers.(*BaseHandler).UpdateBase-fm (9 handlers)
[GIN-debug] DELETE /api/v1/base/:id          --> github.com/aptlogica/sereni-base/internal/handlers.(*BaseHandler).DeleteBase-fm (9 handlers)
[GIN-debug] GET    /api/v1/base/:id          --> github.com/aptlogica/sereni-base/internal/handlers.(*BaseHandler).GetBaseByID-fm (9 handlers)
[GIN-debug] GET    /api/v1/base/:id/tables   --> github.com/aptlogica/sereni-base/internal/handlers.(*BaseHandler).GetTablesByBaseId-fm (9 handlers)
[GIN-debug] POST   /api/v1/table/create      --> github.com/aptlogica/sereni-base/internal/handlers.(*TableHandler).CreateTable-fm (9 handlers)
[GIN-debug] POST   /api/v1/table/import      --> github.com/aptlogica/sereni-base/internal/handlers.(*TableHandler).ImportTable-fm (9 handlers)
[GIN-debug] PATCH  /api/v1/table/:id         --> github.com/aptlogica/sereni-base/internal/handlers.(*TableHandler).UpdateTable-fm (9 handlers)
[GIN-debug] GET    /api/v1/table/:id         --> github.com/aptlogica/sereni-base/internal/handlers.(*TableHandler).GetTableByID-fm (9 handlers)
[GIN-debug] GET    /api/v1/table/            --> github.com/aptlogica/sereni-base/internal/handlers.(*TableHandler).GetAllTables-fm (9 handlers)
[GIN-debug] GET    /api/v1/table/:id/columns --> github.com/aptlogica/sereni-base/internal/handlers.(*TableHandler).GetColumnsByTable-fm (9 handlers)
[GIN-debug] GET    /api/v1/table/:id/views   --> github.com/aptlogica/sereni-base/internal/handlers.(*TableHandler).GetViewsByModelID-fm (9 handlers)
[GIN-debug] GET    /api/v1/table/:id/records --> github.com/aptlogica/sereni-base/internal/handlers.(*TableHandler).GetAllRecords-fm (9 handlers)
[GIN-debug] DELETE /api/v1/table/:id         --> github.com/aptlogica/sereni-base/internal/handlers.(*TableHandler).DeleteTable-fm (9 handlers)
[GIN-debug] POST   /api/v1/column/create     --> github.com/aptlogica/sereni-base/internal/handlers.(*TableHandler).AddColumn-fm (9 handlers)
[GIN-debug] GET    /api/v1/column/:id        --> github.com/aptlogica/sereni-base/internal/handlers.(*TableHandler).GetColumnById-fm (9 handlers)
[GIN-debug] GET    /api/v1/column/           --> github.com/aptlogica/sereni-base/internal/handlers.(*TableHandler).GetAllColumns-fm (9 handlers)
[GIN-debug] PATCH  /api/v1/column/:id        --> github.com/aptlogica/sereni-base/internal/handlers.(*TableHandler).UpdateColumn-fm (9 handlers)
[GIN-debug] DELETE /api/v1/column/:id        --> github.com/aptlogica/sereni-base/internal/handlers.(*TableHandler).DeleteColumn-fm (9 handlers)
[GIN-debug] POST   /api/v1/column/reorder    --> github.com/aptlogica/sereni-base/internal/handlers.(*TableHandler).ReorderColumn-fm (9 handlers)
[GIN-debug] POST   /api/v1/row/create        --> github.com/aptlogica/sereni-base/internal/handlers.(*TableHandler).CreateRow-fm (9 handlers)
[GIN-debug] POST   /api/v1/row/remove        --> github.com/aptlogica/sereni-base/internal/handlers.(*TableHandler).DeleteRow-fm (9 handlers)
[GIN-debug] POST   /api/v1/row/bulk-remove   --> github.com/aptlogica/sereni-base/internal/handlers.(*TableHandler).BulkDeleteRows-fm (9 handlers)
[GIN-debug] POST   /api/v1/row/data/insert   --> github.com/aptlogica/sereni-base/internal/handlers.(*TableHandler).InsertRowData-fm (9 handlers)
[GIN-debug] POST   /api/v1/row/data/relation --> github.com/aptlogica/sereni-base/internal/handlers.(*TableHandler).InsertRowDataForLinks-fm (9 handlers)
[GIN-debug] POST   /api/v1/row/attachment/add --> github.com/aptlogica/sereni-base/internal/handlers.(*TableHandler).AddAttachment-fm (10 handlers)
[GIN-debug] POST   /api/v1/row/attachment/update --> github.com/aptlogica/sereni-base/internal/handlers.(*TableHandler).UpdateAttachment-fm (9 handlers)
[GIN-debug] POST   /api/v1/row/attachment/remove --> github.com/aptlogica/sereni-base/internal/handlers.(*TableHandler).RemoveAttachments-fm (9 handlers)
[GIN-debug] POST   /api/v1/view/create       --> github.com/aptlogica/sereni-base/internal/handlers.(*TableHandler).CreateView-fm (9 handlers)
[GIN-debug] GET    /api/v1/view/:id          --> github.com/aptlogica/sereni-base/internal/handlers.(*TableHandler).GetViewByID-fm (9 handlers)
[GIN-debug] GET    /api/v1/view/             --> github.com/aptlogica/sereni-base/internal/handlers.(*TableHandler).GetAllViews-fm (9 handlers)
[GIN-debug] PATCH  /api/v1/view/:id          --> github.com/aptlogica/sereni-base/internal/handlers.(*TableHandler).UpdateView-fm (9 handlers)
[GIN-debug] DELETE /api/v1/view/:id          --> github.com/aptlogica/sereni-base/internal/handlers.(*TableHandler).DeleteView-fm (9 handlers)
[GIN-debug] POST   /api/v1/asset/upload      --> github.com/aptlogica/sereni-base/internal/handlers.(*AssetsHandler).Upload-fm (10 handlers)
[GIN-debug] POST   /api/v1/asset/upload-image --> github.com/aptlogica/sereni-base/internal/handlers.(*AssetsHandler).UploadImage-fm (10 handlers)
[GIN-debug] POST   /api/v1/asset/bulk        --> github.com/aptlogica/sereni-base/internal/handlers.(*AssetsHandler).GetBulkAssets-fm (9 handlers)
[GIN-debug] PATCH  /api/v1/asset/:id         --> github.com/aptlogica/sereni-base/internal/handlers.(*AssetsHandler).UpdateAssetByID-fm (9 handlers)
[GIN-debug] DELETE /api/v1/asset/:id         --> github.com/aptlogica/sereni-base/internal/handlers.(*AssetsHandler).DeleteAssetByID-fm (9 handlers)
--- PASS: TestAppNew_Success (0.02s)
=== RUN   TestAppNew_DatabaseInitError
Initializing database service... postgres &{localhost 5432 user pass db  postgres disable 1 1 0s}
failed to initialize database service: failed to connect to database: connect fail--- PASS: TestAppNew_DatabaseInitError (0.00s)
=== RUN   TestAppNew_StorageError
Initializing database service... postgres &{localhost 5432 user pass db  postgres disable 1 1 0s}
failed to connect to storage provider: storage url is empty--- PASS: TestAppNew_StorageError (0.00s)
=== RUN   TestAppNew_AntivirusError
Initializing database service... postgres &{localhost 5432 user pass db  postgres disable 1 1 0s}
failed to initialize antivirus provider: antivirus url is empty--- PASS: TestAppNew_AntivirusError (0.00s)
=== RUN   TestAppRun_NilDatabaseService
--- PASS: TestAppRun_NilDatabaseService (0.00s)
=== RUN   TestAppRun_ExecutesRunBeforeServer
Initializing database service... postgres &{localhost 5432 user pass db  postgres disable 1 1 0s}
[GIN-debug] [WARNING] Creating an Engine instance with the Logger and Recovery middleware already attached.

[GIN-debug] [WARNING] Running in "debug" mode. Switch to "release" mode in production.
 - using env:	export GIN_MODE=release
 - using code:	gin.SetMode(gin.ReleaseMode)

[GIN-debug] GET    /assets/*filepath         --> github.com/gin-gonic/gin.(*RouterGroup).createStaticHandler.func1 (8 handlers)
[GIN-debug] HEAD   /assets/*filepath         --> github.com/gin-gonic/gin.(*RouterGroup).createStaticHandler.func1 (8 handlers)
[GIN-debug] GET    /api/v1/health            --> github.com/aptlogica/sereni-base/internal/router.Setup.func1 (8 handlers)
[GIN-debug] POST   /api/v1/auth/login        --> github.com/aptlogica/sereni-base/internal/handlers.(*AuthHandler).LoginUser-fm (8 handlers)
[GIN-debug] POST   /api/v1/auth/forgot-password --> github.com/aptlogica/sereni-base/internal/handlers.(*AuthHandler).ForgotPassword-fm (8 handlers)
[GIN-debug] POST   /api/v1/auth/reset-password --> github.com/aptlogica/sereni-base/internal/handlers.(*AuthHandler).ResetPassword-fm (8 handlers)
[GIN-debug] POST   /api/v1/auth/validate-token --> github.com/aptlogica/sereni-base/internal/handlers.(*AuthHandler).ValidateToken-fm (8 handlers)
[GIN-debug] POST   /api/v1/auth/verify-token --> github.com/aptlogica/sereni-base/internal/handlers.(*AuthHandler).VerifyToken-fm (8 handlers)
[GIN-debug] POST   /api/v1/auth/refresh      --> github.com/aptlogica/sereni-base/internal/handlers.(*AuthHandler).RefreshToken-fm (8 handlers)
[GIN-debug] POST   /api/v1/auth/logout       --> github.com/aptlogica/sereni-base/internal/handlers.(*AuthHandler).Logout-fm (8 handlers)
[GIN-debug] POST   /api/v1/auth/otp/verify   --> github.com/aptlogica/sereni-base/internal/handlers.(*AuthHandler).VerifyEmail-fm (8 handlers)
[GIN-debug] POST   /api/v1/auth/otp/resend   --> github.com/aptlogica/sereni-base/internal/handlers.(*AuthHandler).ResendOTP-fm (8 handlers)
[GIN-debug] GET    /api/v1/user/profile/:id  --> github.com/aptlogica/sereni-base/internal/handlers.(*UserHandler).GetUserProfileByID-fm (9 handlers)
[GIN-debug] PATCH  /api/v1/user/profile/:id  --> github.com/aptlogica/sereni-base/internal/handlers.(*UserHandler).UpdateUserProfile-fm (9 handlers)
[GIN-debug] POST   /api/v1/user/change-password/:id --> github.com/aptlogica/sereni-base/internal/handlers.(*AuthHandler).UpdatePassword-fm (9 handlers)
[GIN-debug] POST   /api/v1/user/profile/:id/avatar --> github.com/aptlogica/sereni-base/internal/handlers.(*UserHandler).AddAvatar-fm (9 handlers)
[GIN-debug] DELETE /api/v1/user/profile/:id/avatar --> github.com/aptlogica/sereni-base/internal/handlers.(*UserHandler).RemoveAvatar-fm (9 handlers)
[GIN-debug] GET    /api/v1/user/workspaces   --> github.com/aptlogica/sereni-base/internal/handlers.(*UserHandler).GetWorkspaces-fm (9 handlers)
[GIN-debug] GET    /api/v1/user/access-details --> github.com/aptlogica/sereni-base/internal/handlers.(*UserHandler).GetUserAccessDetails-fm (9 handlers)
[GIN-debug] GET    /api/v1/user/roles-and-access/:id --> github.com/aptlogica/sereni-base/internal/handlers.(*UserHandler).GetUserRolesAndAccess-fm (9 handlers)
[GIN-debug] POST   /api/v1/user/assign       --> github.com/aptlogica/sereni-base/internal/handlers.(*AuthHandler).AssignUserToWorkspace-fm (9 handlers)
[GIN-debug] PUT    /api/v1/user/access/update --> github.com/aptlogica/sereni-base/internal/handlers.(*AuthHandler).UpdateUserAccess-fm (9 handlers)
[GIN-debug] POST   /api/v1/user/create       --> github.com/aptlogica/sereni-base/internal/handlers.(*AuthHandler).AddUser-fm (9 handlers)
[GIN-debug] POST   /api/v1/user/edit         --> github.com/aptlogica/sereni-base/internal/handlers.(*AuthHandler).EditUser-fm (9 handlers)
[GIN-debug] POST   /api/v1/user/remove       --> github.com/aptlogica/sereni-base/internal/handlers.(*AuthHandler).RemoveUser-fm (9 handlers)
[GIN-debug] POST   /api/v1/user/activate     --> github.com/aptlogica/sereni-base/internal/handlers.(*AuthHandler).ActivateUser-fm (9 handlers)
[GIN-debug] POST   /api/v1/user/deactivate   --> github.com/aptlogica/sereni-base/internal/handlers.(*AuthHandler).DeactivateUser-fm (9 handlers)
[GIN-debug] GET    /api/v1/user/list         --> github.com/aptlogica/sereni-base/internal/handlers.(*AuthHandler).GetUsers-fm (9 handlers)
[GIN-debug] GET    /api/v1/user/list-for-assign --> github.com/aptlogica/sereni-base/internal/handlers.(*AuthHandler).GetActiveUsersForAssign-fm (9 handlers)
[GIN-debug] GET    /api/v1/organization      --> github.com/aptlogica/sereni-base/internal/handlers.(*OrganizationHandler).GetAllOrganizations-fm (9 handlers)
[GIN-debug] PUT    /api/v1/organization/:id  --> github.com/aptlogica/sereni-base/internal/handlers.(*OrganizationHandler).UpdateOrganization-fm (9 handlers)
[GIN-debug] POST   /api/v1/workspace/create  --> github.com/aptlogica/sereni-base/internal/handlers.(*WorkspaceHandler).CreateWorkspace-fm (9 handlers)
[GIN-debug] GET    /api/v1/workspace/        --> github.com/aptlogica/sereni-base/internal/handlers.(*WorkspaceHandler).GetAllWorkspaces-fm (9 handlers)
[GIN-debug] GET    /api/v1/workspace/:id/tables --> github.com/aptlogica/sereni-base/internal/handlers.(*WorkspaceHandler).GetTablesByWorkspaceId-fm (9 handlers)
[GIN-debug] PUT    /api/v1/workspace/:id     --> github.com/aptlogica/sereni-base/internal/handlers.(*WorkspaceHandler).UpdateWorkspace-fm (9 handlers)
[GIN-debug] DELETE /api/v1/workspace/:id     --> github.com/aptlogica/sereni-base/internal/handlers.(*WorkspaceHandler).DeleteWorkspace-fm (9 handlers)
[GIN-debug] POST   /api/v1/workspace/:id/remove --> github.com/aptlogica/sereni-base/internal/handlers.(*AuthHandler).RemoveUserFromWorkspace-fm (9 handlers)
[GIN-debug] GET    /api/v1/workspace/:id/members --> github.com/aptlogica/sereni-base/internal/handlers.(*AuthHandler).GetWorkspaceMembers-fm (9 handlers)
[GIN-debug] GET    /api/v1/workspace/:id/members-with-roles --> github.com/aptlogica/sereni-base/internal/handlers.(*AuthHandler).GetWorkspaceMembersWithRole-fm (9 handlers)
[GIN-debug] POST   /api/v1/workspace/:id/bulk-add-members --> github.com/aptlogica/sereni-base/internal/handlers.(*WorkspaceHandler).BulkAddMembers-fm (9 handlers)
[GIN-debug] DELETE /api/v1/workspace/access/:id --> github.com/aptlogica/sereni-base/internal/handlers.(*AuthHandler).RemoveAccessMemberByID-fm (9 handlers)
[GIN-debug] GET    /api/v1/workspace/:id/bases --> github.com/aptlogica/sereni-base/internal/handlers.(*WorkspaceHandler).GetBasesByWorkspaceId-fm (9 handlers)
[GIN-debug] GET    /api/v1/workspace/:id     --> github.com/aptlogica/sereni-base/internal/handlers.(*WorkspaceHandler).GetWorkspaceByID-fm (9 handlers)
[GIN-debug] POST   /api/v1/base/create       --> github.com/aptlogica/sereni-base/internal/handlers.(*BaseHandler).CreateBase-fm (9 handlers)
[GIN-debug] POST   /api/v1/base/:id/remove   --> github.com/aptlogica/sereni-base/internal/handlers.(*AuthHandler).RemoveUserFromBase-fm (9 handlers)
[GIN-debug] GET    /api/v1/base/:id/members  --> github.com/aptlogica/sereni-base/internal/handlers.(*AuthHandler).GetBaseMembers-fm (9 handlers)
[GIN-debug] GET    /api/v1/base/:id/members-with-roles --> github.com/aptlogica/sereni-base/internal/handlers.(*AuthHandler).GetBaseMembersWithRole-fm (9 handlers)
[GIN-debug] POST   /api/v1/base/:id/bulk-add-members --> github.com/aptlogica/sereni-base/internal/handlers.(*WorkspaceHandler).BulkAddBaseMembers-fm (9 handlers)
[GIN-debug] DELETE /api/v1/base/access/:id   --> github.com/aptlogica/sereni-base/internal/handlers.(*AuthHandler).RemoveAccessMemberByID-fm (9 handlers)
[GIN-debug] POST   /api/v1/base/:id/image    --> github.com/aptlogica/sereni-base/internal/handlers.(*BaseHandler).AddBaseImage-fm (9 handlers)
[GIN-debug] DELETE /api/v1/base/:id/image    --> github.com/aptlogica/sereni-base/internal/handlers.(*BaseHandler).RemoveBaseImage-fm (9 handlers)
[GIN-debug] PUT    /api/v1/base/:id          --> github.com/aptlogica/sereni-base/internal/handlers.(*BaseHandler).UpdateBase-fm (9 handlers)
[GIN-debug] DELETE /api/v1/base/:id          --> github.com/aptlogica/sereni-base/internal/handlers.(*BaseHandler).DeleteBase-fm (9 handlers)
[GIN-debug] GET    /api/v1/base/:id          --> github.com/aptlogica/sereni-base/internal/handlers.(*BaseHandler).GetBaseByID-fm (9 handlers)
[GIN-debug] GET    /api/v1/base/:id/tables   --> github.com/aptlogica/sereni-base/internal/handlers.(*BaseHandler).GetTablesByBaseId-fm (9 handlers)
[GIN-debug] POST   /api/v1/table/create      --> github.com/aptlogica/sereni-base/internal/handlers.(*TableHandler).CreateTable-fm (9 handlers)
[GIN-debug] POST   /api/v1/table/import      --> github.com/aptlogica/sereni-base/internal/handlers.(*TableHandler).ImportTable-fm (9 handlers)
[GIN-debug] PATCH  /api/v1/table/:id         --> github.com/aptlogica/sereni-base/internal/handlers.(*TableHandler).UpdateTable-fm (9 handlers)
[GIN-debug] GET    /api/v1/table/:id         --> github.com/aptlogica/sereni-base/internal/handlers.(*TableHandler).GetTableByID-fm (9 handlers)
[GIN-debug] GET    /api/v1/table/            --> github.com/aptlogica/sereni-base/internal/handlers.(*TableHandler).GetAllTables-fm (9 handlers)
[GIN-debug] GET    /api/v1/table/:id/columns --> github.com/aptlogica/sereni-base/internal/handlers.(*TableHandler).GetColumnsByTable-fm (9 handlers)
[GIN-debug] GET    /api/v1/table/:id/views   --> github.com/aptlogica/sereni-base/internal/handlers.(*TableHandler).GetViewsByModelID-fm (9 handlers)
[GIN-debug] GET    /api/v1/table/:id/records --> github.com/aptlogica/sereni-base/internal/handlers.(*TableHandler).GetAllRecords-fm (9 handlers)
[GIN-debug] DELETE /api/v1/table/:id         --> github.com/aptlogica/sereni-base/internal/handlers.(*TableHandler).DeleteTable-fm (9 handlers)
[GIN-debug] POST   /api/v1/column/create     --> github.com/aptlogica/sereni-base/internal/handlers.(*TableHandler).AddColumn-fm (9 handlers)
[GIN-debug] GET    /api/v1/column/:id        --> github.com/aptlogica/sereni-base/internal/handlers.(*TableHandler).GetColumnById-fm (9 handlers)
[GIN-debug] GET    /api/v1/column/           --> github.com/aptlogica/sereni-base/internal/handlers.(*TableHandler).GetAllColumns-fm (9 handlers)
[GIN-debug] PATCH  /api/v1/column/:id        --> github.com/aptlogica/sereni-base/internal/handlers.(*TableHandler).UpdateColumn-fm (9 handlers)
[GIN-debug] DELETE /api/v1/column/:id        --> github.com/aptlogica/sereni-base/internal/handlers.(*TableHandler).DeleteColumn-fm (9 handlers)
[GIN-debug] POST   /api/v1/column/reorder    --> github.com/aptlogica/sereni-base/internal/handlers.(*TableHandler).ReorderColumn-fm (9 handlers)
[GIN-debug] POST   /api/v1/row/create        --> github.com/aptlogica/sereni-base/internal/handlers.(*TableHandler).CreateRow-fm (9 handlers)
[GIN-debug] POST   /api/v1/row/remove        --> github.com/aptlogica/sereni-base/internal/handlers.(*TableHandler).DeleteRow-fm (9 handlers)
[GIN-debug] POST   /api/v1/row/bulk-remove   --> github.com/aptlogica/sereni-base/internal/handlers.(*TableHandler).BulkDeleteRows-fm (9 handlers)
[GIN-debug] POST   /api/v1/row/data/insert   --> github.com/aptlogica/sereni-base/internal/handlers.(*TableHandler).InsertRowData-fm (9 handlers)
[GIN-debug] POST   /api/v1/row/data/relation --> github.com/aptlogica/sereni-base/internal/handlers.(*TableHandler).InsertRowDataForLinks-fm (9 handlers)
[GIN-debug] POST   /api/v1/row/attachment/add --> github.com/aptlogica/sereni-base/internal/handlers.(*TableHandler).AddAttachment-fm (10 handlers)
[GIN-debug] POST   /api/v1/row/attachment/update --> github.com/aptlogica/sereni-base/internal/handlers.(*TableHandler).UpdateAttachment-fm (9 handlers)
[GIN-debug] POST   /api/v1/row/attachment/remove --> github.com/aptlogica/sereni-base/internal/handlers.(*TableHandler).RemoveAttachments-fm (9 handlers)
[GIN-debug] POST   /api/v1/view/create       --> github.com/aptlogica/sereni-base/internal/handlers.(*TableHandler).CreateView-fm (9 handlers)
[GIN-debug] GET    /api/v1/view/:id          --> github.com/aptlogica/sereni-base/internal/handlers.(*TableHandler).GetViewByID-fm (9 handlers)
[GIN-debug] GET    /api/v1/view/             --> github.com/aptlogica/sereni-base/internal/handlers.(*TableHandler).GetAllViews-fm (9 handlers)
[GIN-debug] PATCH  /api/v1/view/:id          --> github.com/aptlogica/sereni-base/internal/handlers.(*TableHandler).UpdateView-fm (9 handlers)
[GIN-debug] DELETE /api/v1/view/:id          --> github.com/aptlogica/sereni-base/internal/handlers.(*TableHandler).DeleteView-fm (9 handlers)
[GIN-debug] POST   /api/v1/asset/upload      --> github.com/aptlogica/sereni-base/internal/handlers.(*AssetsHandler).Upload-fm (10 handlers)
[GIN-debug] POST   /api/v1/asset/upload-image --> github.com/aptlogica/sereni-base/internal/handlers.(*AssetsHandler).UploadImage-fm (10 handlers)
[GIN-debug] POST   /api/v1/asset/bulk        --> github.com/aptlogica/sereni-base/internal/handlers.(*AssetsHandler).GetBulkAssets-fm (9 handlers)
[GIN-debug] PATCH  /api/v1/asset/:id         --> github.com/aptlogica/sereni-base/internal/handlers.(*AssetsHandler).UpdateAssetByID-fm (9 handlers)
[GIN-debug] DELETE /api/v1/asset/:id         --> github.com/aptlogica/sereni-base/internal/handlers.(*AssetsHandler).DeleteAssetByID-fm (9 handlers)
Running script before Gin server starts...
Error creating master schema: failed to create schema: fake
Error creating table "public".organizations: fake
Error creating table "public".users: fake
Error creating table "public".usage_metrics: fake
Error creating table "public".global_audit_logs: fake
Error creating table "public".user_reset_tokens: fake
Error creating table "public".resources: fake
Error creating table "public".actions: fake
Error creating table "public".access_roles: fake
Error creating table "public".permissions: fake
Error creating table "public".role_permissions: fake
Error creating table "public".access_members: fake
Error creating table "public".assets: fake
Error creating table "public".workspaces: fake
Error creating table "public".bases: fake
Error creating table "public".workspace_members: fake
Error creating table "public".models: fake
Error creating table "public".columns: fake
Error creating table "public".views: fake
Error creating table "public".relations: fake
error creating function 'dynamic_array_join_assets_jsonb': failed to create function: fake
error creating function 'convert_column_type': failed to create function: fake
error creating function 'get_table_data_with_relation': failed to create function: fake
error creating function 'reorder_columns_after_delete': failed to create function: fake
error creating function 'get_workspace_base_users': failed to create function: fake
error creating function 'get_users_with_role': failed to create function: fake
error creating function 'get_active_users_for_assign': failed to create function: fake
error creating function 'get_workspace_members_with_role': failed to create function: fake
error creating function 'get_base_members_with_role': failed to create function: fake
error creating function 'get_user_role_by_id': failed to create function: fake
Initializing RBAC System...
Creating resources...
Error creating resource workspace: failed to insert record into table "public".resources: fake
Error creating resource base: failed to insert record into table "public".resources: fake
Error creating resource table: failed to insert record into table "public".resources: fake
Error creating resource records: failed to insert record into table "public".resources: fake
Error creating resource members: failed to insert record into table "public".resources: fake
Error creating resource views: failed to insert record into table "public".resources: fake
Error creating resource settings: failed to insert record into table "public".resources: fake
Error creating resource api_tokens: failed to insert record into table "public".resources: fake
Error creating resource webhooks: failed to insert record into table "public".resources: fake
Error creating resource automations: failed to insert record into table "public".resources: fake

Creating actions...
Error creating action read: failed to insert record into table "public".actions: fake
Error creating action create: failed to insert record into table "public".actions: fake
Error creating action update: failed to insert record into table "public".actions: fake
Error creating action delete: failed to insert record into table "public".actions: fake
Error creating action share: failed to insert record into table "public".actions: fake
Error creating action invite: failed to insert record into table "public".actions: fake
Error creating action export: failed to insert record into table "public".actions: fake
Error creating action import: failed to insert record into table "public".actions: fake
Error creating action execute: failed to insert record into table "public".actions: fake
Error creating action manage: failed to insert record into table "public".actions: fake

Creating roles...
Error creating role owner: failed to insert record into table "public".access_roles: fake
Error creating role co-owner: failed to insert record into table "public".access_roles: fake
Error creating role maintainer: failed to insert record into table "public".access_roles: fake
Error creating role workspace-read: failed to insert record into table "public".access_roles: fake
Error creating role base-member: failed to insert record into table "public".access_roles: fake
Error creating role base-read: failed to insert record into table "public".access_roles: fake
Error creating role user: failed to insert record into table "public".access_roles: fake

Creating permissions...

Assigning permissions to roles...

Γ£ô RBAC System initialization completed successfully!
≡ƒÜÇ Serenibase server starting on 127.0.0.1:bad
--- PASS: TestAppRun_ExecutesRunBeforeServer (0.35s)
PASS
coverage: [no statements]
ok  	github.com/aptlogica/sereni-base/tests/app	8.547s	coverage: [no statements]
=== RUN   TestAllErrorConstants
=== RUN   TestAllErrorConstants/FileNotFound
=== RUN   TestAllErrorConstants/FileAlreadyExists
=== RUN   TestAllErrorConstants/FileReadFailed
=== RUN   TestAllErrorConstants/FileWriteFailed
=== RUN   TestAllErrorConstants/FileDeleteFailed
=== RUN   TestAllErrorConstants/FilePermissionDenied
=== RUN   TestAllErrorConstants/FileInvalidPath
=== RUN   TestAllErrorConstants/FolderNotFound
=== RUN   TestAllErrorConstants/FolderAlreadyExists
=== RUN   TestAllErrorConstants/FolderCreateFailed
=== RUN   TestAllErrorConstants/FolderDeleteFailed
=== RUN   TestAllErrorConstants/FolderPermissionDenied
=== RUN   TestAllErrorConstants/FolderInvalidPath
=== RUN   TestAllErrorConstants/ErrInvalidDateOfBirth
=== RUN   TestAllErrorConstants/ErrRoleCreation
=== RUN   TestAllErrorConstants/ErrRoleNotFound
=== RUN   TestAllErrorConstants/ErrUserDisableFailed
=== RUN   TestAllErrorConstants/ErrInvalidWorkspaceMemberData
=== RUN   TestAllErrorConstants/ErrUserContextNotFound
=== RUN   TestAllErrorConstants/DatabaseError
=== RUN   TestAllErrorConstants/ErrInternal
=== RUN   TestAllErrorConstants/ErrMapToStruct
=== RUN   TestAllErrorConstants/ErrStructToStruct
=== RUN   TestAllErrorConstants/ErrHashed
=== RUN   TestAllErrorConstants/InvalidCredentials
=== RUN   TestAllErrorConstants/InvalidPayload
=== RUN   TestAllErrorConstants/InvalidDriver
=== RUN   TestAllErrorConstants/InvalidOldPassword
=== RUN   TestAllErrorConstants/ErrRecordNotFound
=== RUN   TestAllErrorConstants/ErrJSONMarshal
=== RUN   TestAllErrorConstants/ErrHTTPRequestCreation
=== RUN   TestAllErrorConstants/ErrHTTPDoRequest
=== RUN   TestAllErrorConstants/ErrServiceNotInitialized
=== RUN   TestAllErrorConstants/UserNotActive
=== RUN   TestAllErrorConstants/UserAlreadyExists
=== RUN   TestAllErrorConstants/UserNotFound
=== RUN   TestAllErrorConstants/EmailAlreadyVerified
=== RUN   TestAllErrorConstants/NewPasswordInvalid
=== RUN   TestAllErrorConstants/OwnerCannotBeDeactivated
=== RUN   TestAllErrorConstants/OnlyPendingUsersCanBeDeleted
=== RUN   TestAllErrorConstants/RoleAlreadyExists
=== RUN   TestAllErrorConstants/RoleNotFound
--- PASS: TestAllErrorConstants (0.00s)
    --- PASS: TestAllErrorConstants/FileNotFound (0.00s)
    --- PASS: TestAllErrorConstants/FileAlreadyExists (0.00s)
    --- PASS: TestAllErrorConstants/FileReadFailed (0.00s)
    --- PASS: TestAllErrorConstants/FileWriteFailed (0.00s)
    --- PASS: TestAllErrorConstants/FileDeleteFailed (0.00s)
    --- PASS: TestAllErrorConstants/FilePermissionDenied (0.00s)
    --- PASS: TestAllErrorConstants/FileInvalidPath (0.00s)
    --- PASS: TestAllErrorConstants/FolderNotFound (0.00s)
    --- PASS: TestAllErrorConstants/FolderAlreadyExists (0.00s)
    --- PASS: TestAllErrorConstants/FolderCreateFailed (0.00s)
    --- PASS: TestAllErrorConstants/FolderDeleteFailed (0.00s)
    --- PASS: TestAllErrorConstants/FolderPermissionDenied (0.00s)
    --- PASS: TestAllErrorConstants/FolderInvalidPath (0.00s)
    --- PASS: TestAllErrorConstants/ErrInvalidDateOfBirth (0.00s)
    --- PASS: TestAllErrorConstants/ErrRoleCreation (0.00s)
    --- PASS: TestAllErrorConstants/ErrRoleNotFound (0.00s)
    --- PASS: TestAllErrorConstants/ErrUserDisableFailed (0.00s)
    --- PASS: TestAllErrorConstants/ErrInvalidWorkspaceMemberData (0.00s)
    --- PASS: TestAllErrorConstants/ErrUserContextNotFound (0.00s)
    --- PASS: TestAllErrorConstants/DatabaseError (0.00s)
    --- PASS: TestAllErrorConstants/ErrInternal (0.00s)
    --- PASS: TestAllErrorConstants/ErrMapToStruct (0.00s)
    --- PASS: TestAllErrorConstants/ErrStructToStruct (0.00s)
    --- PASS: TestAllErrorConstants/ErrHashed (0.00s)
    --- PASS: TestAllErrorConstants/InvalidCredentials (0.00s)
    --- PASS: TestAllErrorConstants/InvalidPayload (0.00s)
    --- PASS: TestAllErrorConstants/InvalidDriver (0.00s)
    --- PASS: TestAllErrorConstants/InvalidOldPassword (0.00s)
    --- PASS: TestAllErrorConstants/ErrRecordNotFound (0.00s)
    --- PASS: TestAllErrorConstants/ErrJSONMarshal (0.00s)
    --- PASS: TestAllErrorConstants/ErrHTTPRequestCreation (0.00s)
    --- PASS: TestAllErrorConstants/ErrHTTPDoRequest (0.00s)
    --- PASS: TestAllErrorConstants/ErrServiceNotInitialized (0.00s)
    --- PASS: TestAllErrorConstants/UserNotActive (0.00s)
    --- PASS: TestAllErrorConstants/UserAlreadyExists (0.00s)
    --- PASS: TestAllErrorConstants/UserNotFound (0.00s)
    --- PASS: TestAllErrorConstants/EmailAlreadyVerified (0.00s)
    --- PASS: TestAllErrorConstants/NewPasswordInvalid (0.00s)
    --- PASS: TestAllErrorConstants/OwnerCannotBeDeactivated (0.00s)
    --- PASS: TestAllErrorConstants/OnlyPendingUsersCanBeDeleted (0.00s)
    --- PASS: TestAllErrorConstants/RoleAlreadyExists (0.00s)
    --- PASS: TestAllErrorConstants/RoleNotFound (0.00s)
=== RUN   TestRBACErrorConstants
=== RUN   TestRBACErrorConstants/RoleDeleteFailed
=== RUN   TestRBACErrorConstants/RoleUpdateFailed
=== RUN   TestRBACErrorConstants/InvalidRolePriority
=== RUN   TestRBACErrorConstants/RoleAssignmentFailed
=== RUN   TestRBACErrorConstants/RoleRemovalFailed
=== RUN   TestRBACErrorConstants/ResourceNotFound
=== RUN   TestRBACErrorConstants/ResourceAlreadyExists
=== RUN   TestRBACErrorConstants/ResourceCreateFailed
=== RUN   TestRBACErrorConstants/ResourceDeleteFailed
=== RUN   TestRBACErrorConstants/InvalidResourceCode
=== RUN   TestRBACErrorConstants/ActionNotFound
=== RUN   TestRBACErrorConstants/ActionAlreadyExists
=== RUN   TestRBACErrorConstants/ActionCreateFailed
=== RUN   TestRBACErrorConstants/ActionDeleteFailed
=== RUN   TestRBACErrorConstants/InvalidActionCode
=== RUN   TestRBACErrorConstants/PermissionNotFound
=== RUN   TestRBACErrorConstants/PermissionAlreadyExists
=== RUN   TestRBACErrorConstants/PermissionCreateFailed
=== RUN   TestRBACErrorConstants/PermissionDeleteFailed
=== RUN   TestRBACErrorConstants/InvalidPermissionCombo
=== RUN   TestRBACErrorConstants/RolePermissionNotFound
=== RUN   TestRBACErrorConstants/RolePermissionExists
=== RUN   TestRBACErrorConstants/RolePermissionCreateFailed
=== RUN   TestRBACErrorConstants/RolePermissionDeleteFailed
=== RUN   TestRBACErrorConstants/AccessMemberNotFound
=== RUN   TestRBACErrorConstants/AccessMemberAlreadyExists
=== RUN   TestRBACErrorConstants/AccessMemberCreateFailed
=== RUN   TestRBACErrorConstants/AccessMemberDeleteFailed
=== RUN   TestRBACErrorConstants/InvalidAccessScope
=== RUN   TestRBACErrorConstants/MissingScopeID
=== RUN   TestRBACErrorConstants/UserNotInScope
=== RUN   TestRBACErrorConstants/PermissionDenied
=== RUN   TestRBACErrorConstants/AccessDenied
=== RUN   TestRBACErrorConstants/InsufficientPrivileges
=== RUN   TestRBACErrorConstants/BulkAssignmentFailed
=== RUN   TestRBACErrorConstants/BulkRemovalFailed
=== RUN   TestRBACErrorConstants/EmptyUserList
=== RUN   TestRBACErrorConstants/InvalidScopeType
=== RUN   TestRBACErrorConstants/ScopeNotFound
--- PASS: TestRBACErrorConstants (0.00s)
    --- PASS: TestRBACErrorConstants/RoleDeleteFailed (0.00s)
    --- PASS: TestRBACErrorConstants/RoleUpdateFailed (0.00s)
    --- PASS: TestRBACErrorConstants/InvalidRolePriority (0.00s)
    --- PASS: TestRBACErrorConstants/RoleAssignmentFailed (0.00s)
    --- PASS: TestRBACErrorConstants/RoleRemovalFailed (0.00s)
    --- PASS: TestRBACErrorConstants/ResourceNotFound (0.00s)
    --- PASS: TestRBACErrorConstants/ResourceAlreadyExists (0.00s)
    --- PASS: TestRBACErrorConstants/ResourceCreateFailed (0.00s)
    --- PASS: TestRBACErrorConstants/ResourceDeleteFailed (0.00s)
    --- PASS: TestRBACErrorConstants/InvalidResourceCode (0.00s)
    --- PASS: TestRBACErrorConstants/ActionNotFound (0.00s)
    --- PASS: TestRBACErrorConstants/ActionAlreadyExists (0.00s)
    --- PASS: TestRBACErrorConstants/ActionCreateFailed (0.00s)
    --- PASS: TestRBACErrorConstants/ActionDeleteFailed (0.00s)
    --- PASS: TestRBACErrorConstants/InvalidActionCode (0.00s)
    --- PASS: TestRBACErrorConstants/PermissionNotFound (0.00s)
    --- PASS: TestRBACErrorConstants/PermissionAlreadyExists (0.00s)
    --- PASS: TestRBACErrorConstants/PermissionCreateFailed (0.00s)
    --- PASS: TestRBACErrorConstants/PermissionDeleteFailed (0.00s)
    --- PASS: TestRBACErrorConstants/InvalidPermissionCombo (0.00s)
    --- PASS: TestRBACErrorConstants/RolePermissionNotFound (0.00s)
    --- PASS: TestRBACErrorConstants/RolePermissionExists (0.00s)
    --- PASS: TestRBACErrorConstants/RolePermissionCreateFailed (0.00s)
    --- PASS: TestRBACErrorConstants/RolePermissionDeleteFailed (0.00s)
    --- PASS: TestRBACErrorConstants/AccessMemberNotFound (0.00s)
    --- PASS: TestRBACErrorConstants/AccessMemberAlreadyExists (0.00s)
    --- PASS: TestRBACErrorConstants/AccessMemberCreateFailed (0.00s)
    --- PASS: TestRBACErrorConstants/AccessMemberDeleteFailed (0.00s)
    --- PASS: TestRBACErrorConstants/InvalidAccessScope (0.00s)
    --- PASS: TestRBACErrorConstants/MissingScopeID (0.00s)
    --- PASS: TestRBACErrorConstants/UserNotInScope (0.00s)
    --- PASS: TestRBACErrorConstants/PermissionDenied (0.00s)
    --- PASS: TestRBACErrorConstants/AccessDenied (0.00s)
    --- PASS: TestRBACErrorConstants/InsufficientPrivileges (0.00s)
    --- PASS: TestRBACErrorConstants/BulkAssignmentFailed (0.00s)
    --- PASS: TestRBACErrorConstants/BulkRemovalFailed (0.00s)
    --- PASS: TestRBACErrorConstants/EmptyUserList (0.00s)
    --- PASS: TestRBACErrorConstants/InvalidScopeType (0.00s)
    --- PASS: TestRBACErrorConstants/ScopeNotFound (0.00s)
=== RUN   TestLogDatabaseError
=== RUN   TestLogDatabaseError/nil_error_returns_DatabaseError
=== RUN   TestLogDatabaseError/non-nil_error_returns_DatabaseError
=== RUN   TestLogDatabaseError/empty_message_with_error
--- PASS: TestLogDatabaseError (0.00s)
    --- PASS: TestLogDatabaseError/nil_error_returns_DatabaseError (0.00s)
    --- PASS: TestLogDatabaseError/non-nil_error_returns_DatabaseError (0.00s)
    --- PASS: TestLogDatabaseError/empty_message_with_error (0.00s)
=== RUN   TestErrorEquality
=== RUN   TestErrorEquality/same_error_should_be_equal
=== RUN   TestErrorEquality/different_errors_should_not_be_equal
=== RUN   TestErrorEquality/DatabaseError_should_be_equal_to_itself
--- PASS: TestErrorEquality (0.00s)
    --- PASS: TestErrorEquality/same_error_should_be_equal (0.00s)
    --- PASS: TestErrorEquality/different_errors_should_not_be_equal (0.00s)
    --- PASS: TestErrorEquality/DatabaseError_should_be_equal_to_itself (0.00s)
=== RUN   TestErrorMessages
=== RUN   TestErrorMessages/UserNotFound_message
=== RUN   TestErrorMessages/RoleAlreadyExists_message
=== RUN   TestErrorMessages/PermissionDenied_message
=== RUN   TestErrorMessages/InvalidCredentials_message
=== RUN   TestErrorMessages/DatabaseError_message
--- PASS: TestErrorMessages (0.01s)
    --- PASS: TestErrorMessages/UserNotFound_message (0.00s)
    --- PASS: TestErrorMessages/RoleAlreadyExists_message (0.00s)
    --- PASS: TestErrorMessages/PermissionDenied_message (0.00s)
    --- PASS: TestErrorMessages/InvalidCredentials_message (0.00s)
    --- PASS: TestErrorMessages/DatabaseError_message (0.00s)
=== RUN   TestAPIError_Error
=== RUN   TestAPIError_Error/with_message
=== RUN   TestAPIError_Error/without_message
=== RUN   TestAPIError_Error/empty_message
--- PASS: TestAPIError_Error (0.00s)
    --- PASS: TestAPIError_Error/with_message (0.00s)
    --- PASS: TestAPIError_Error/without_message (0.00s)
    --- PASS: TestAPIError_Error/empty_message (0.00s)
=== RUN   TestAPIError_WithDetails
--- PASS: TestAPIError_WithDetails (0.00s)
=== RUN   TestAllAuthErrors
=== RUN   TestAllAuthErrors/InvalidOTP
=== RUN   TestAllAuthErrors/AuthProviderLoginFailed
=== RUN   TestAllAuthErrors/AuthProviderRefreshTokenFailed
=== RUN   TestAllAuthErrors/AuthProviderTokenInvalid
=== RUN   TestAllAuthErrors/AuthProviderPingFailed
=== RUN   TestAllAuthErrors/AuthProviderAuthHeaderRequired
=== RUN   TestAllAuthErrors/AuthProviderTokenDecodeFailed
=== RUN   TestAllAuthErrors/AuthProviderClaimsNotFound
=== RUN   TestAllAuthErrors/AuthProviderUserIDNotFound
=== RUN   TestAllAuthErrors/TokenUserIdNotFound
=== RUN   TestAllAuthErrors/TokenAccessTokenSignFailed
=== RUN   TestAllAuthErrors/TokenRefreshTokenSignFailed
=== RUN   TestAllAuthErrors/TokenRefreshTokenInvalid
=== RUN   TestAllAuthErrors/TokenRefreshTokenClaimsInvalid
=== RUN   TestAllAuthErrors/TokenInvalid
=== RUN   TestAllAuthErrors/TokenClaimsInvalid
=== RUN   TestAllAuthErrors/TokenAuthorizationHeaderRequired
=== RUN   TestAllAuthErrors/TokenClaimsNotFound
=== RUN   TestAllAuthErrors/AuthProviderAdminLoginFailed
=== RUN   TestAllAuthErrors/AuthProviderUserCreateFailed
=== RUN   TestAllAuthErrors/AuthProviderSetPasswordFailed
=== RUN   TestAllAuthErrors/TokenExpired
=== RUN   TestAllAuthErrors/AuthProviderTokenExpired
=== RUN   TestAllAuthErrors/TokenUnauthorized
--- PASS: TestAllAuthErrors (0.01s)
    --- PASS: TestAllAuthErrors/InvalidOTP (0.00s)
    --- PASS: TestAllAuthErrors/AuthProviderLoginFailed (0.00s)
    --- PASS: TestAllAuthErrors/AuthProviderRefreshTokenFailed (0.00s)
    --- PASS: TestAllAuthErrors/AuthProviderTokenInvalid (0.00s)
    --- PASS: TestAllAuthErrors/AuthProviderPingFailed (0.00s)
    --- PASS: TestAllAuthErrors/AuthProviderAuthHeaderRequired (0.00s)
    --- PASS: TestAllAuthErrors/AuthProviderTokenDecodeFailed (0.00s)
    --- PASS: TestAllAuthErrors/AuthProviderClaimsNotFound (0.00s)
    --- PASS: TestAllAuthErrors/AuthProviderUserIDNotFound (0.00s)
    --- PASS: TestAllAuthErrors/TokenUserIdNotFound (0.00s)
    --- PASS: TestAllAuthErrors/TokenAccessTokenSignFailed (0.00s)
    --- PASS: TestAllAuthErrors/TokenRefreshTokenSignFailed (0.00s)
    --- PASS: TestAllAuthErrors/TokenRefreshTokenInvalid (0.00s)
    --- PASS: TestAllAuthErrors/TokenRefreshTokenClaimsInvalid (0.00s)
    --- PASS: TestAllAuthErrors/TokenInvalid (0.00s)
    --- PASS: TestAllAuthErrors/TokenClaimsInvalid (0.00s)
    --- PASS: TestAllAuthErrors/TokenAuthorizationHeaderRequired (0.00s)
    --- PASS: TestAllAuthErrors/TokenClaimsNotFound (0.00s)
    --- PASS: TestAllAuthErrors/AuthProviderAdminLoginFailed (0.00s)
    --- PASS: TestAllAuthErrors/AuthProviderUserCreateFailed (0.00s)
    --- PASS: TestAllAuthErrors/AuthProviderSetPasswordFailed (0.00s)
    --- PASS: TestAllAuthErrors/TokenExpired (0.00s)
    --- PASS: TestAllAuthErrors/AuthProviderTokenExpired (0.00s)
    --- PASS: TestAllAuthErrors/TokenUnauthorized (0.00s)
=== RUN   TestAllWorkspaceErrors
=== RUN   TestAllWorkspaceErrors/ErrWorkspaceInsertion
=== RUN   TestAllWorkspaceErrors/WorkspaceMemberNotFound
=== RUN   TestAllWorkspaceErrors/ErrUserAlreadyInWorkspace
--- PASS: TestAllWorkspaceErrors (0.00s)
    --- PASS: TestAllWorkspaceErrors/ErrWorkspaceInsertion (0.00s)
    --- PASS: TestAllWorkspaceErrors/WorkspaceMemberNotFound (0.00s)
    --- PASS: TestAllWorkspaceErrors/ErrUserAlreadyInWorkspace (0.00s)
=== RUN   TestAllAssetErrors
=== RUN   TestAllAssetErrors/VirusDetected
=== RUN   TestAllAssetErrors/StorageFileOpenFailed
=== RUN   TestAllAssetErrors/StorageUploadFailed
=== RUN   TestAllAssetErrors/AssetNotFound
=== RUN   TestAllAssetErrors/FileTooLargeError
=== RUN   TestAllAssetErrors/MultipleFilesTooLargeError
=== RUN   TestAllAssetErrors/TooManyFilesError
=== RUN   TestAllAssetErrors/MultipartFormNotFound
--- PASS: TestAllAssetErrors (0.00s)
    --- PASS: TestAllAssetErrors/VirusDetected (0.00s)
    --- PASS: TestAllAssetErrors/StorageFileOpenFailed (0.00s)
    --- PASS: TestAllAssetErrors/StorageUploadFailed (0.00s)
    --- PASS: TestAllAssetErrors/AssetNotFound (0.00s)
    --- PASS: TestAllAssetErrors/FileTooLargeError (0.00s)
    --- PASS: TestAllAssetErrors/MultipleFilesTooLargeError (0.00s)
    --- PASS: TestAllAssetErrors/TooManyFilesError (0.00s)
    --- PASS: TestAllAssetErrors/MultipartFormNotFound (0.00s)
=== RUN   TestAllTableErrors
=== RUN   TestAllTableErrors/UpdateNotAllowed
=== RUN   TestAllTableErrors/DeleteNotAllowed
=== RUN   TestAllTableErrors/ViewNotFound
=== RUN   TestAllTableErrors/ViewUploadFailed
=== RUN   TestAllTableErrors/ColumnNotFound
=== RUN   TestAllTableErrors/ColumnUpdateFailed
=== RUN   TestAllTableErrors/TableNotFound
=== RUN   TestAllTableErrors/InvalidUIDT
=== RUN   TestAllTableErrors/InvalidColumnMetaForLinkType
=== RUN   TestAllTableErrors/RowNotFound
=== RUN   TestAllTableErrors/InvalidColumnMetaForLookupType
--- PASS: TestAllTableErrors (0.00s)
    --- PASS: TestAllTableErrors/UpdateNotAllowed (0.00s)
    --- PASS: TestAllTableErrors/DeleteNotAllowed (0.00s)
    --- PASS: TestAllTableErrors/ViewNotFound (0.00s)
    --- PASS: TestAllTableErrors/ViewUploadFailed (0.00s)
    --- PASS: TestAllTableErrors/ColumnNotFound (0.00s)
    --- PASS: TestAllTableErrors/ColumnUpdateFailed (0.00s)
    --- PASS: TestAllTableErrors/TableNotFound (0.00s)
    --- PASS: TestAllTableErrors/InvalidUIDT (0.00s)
    --- PASS: TestAllTableErrors/InvalidColumnMetaForLinkType (0.00s)
    --- PASS: TestAllTableErrors/RowNotFound (0.00s)
    --- PASS: TestAllTableErrors/InvalidColumnMetaForLookupType (0.00s)
=== RUN   TestAllTenantErrors
=== RUN   TestAllTenantErrors/TenantAlreadyExists
=== RUN   TestAllTenantErrors/TenantNotFound
--- PASS: TestAllTenantErrors (0.00s)
    --- PASS: TestAllTenantErrors/TenantAlreadyExists (0.00s)
    --- PASS: TestAllTenantErrors/TenantNotFound (0.00s)
=== RUN   TestBaseErrors
--- PASS: TestBaseErrors (0.00s)
=== RUN   TestAllScopeErrors
=== RUN   TestAllScopeErrors/InvalidScopeType
=== RUN   TestAllScopeErrors/ScopeNotFound
=== RUN   TestAllScopeErrors/InvalidAccessScope
=== RUN   TestAllScopeErrors/MissingScopeID
=== RUN   TestAllScopeErrors/UserNotInScope
--- PASS: TestAllScopeErrors (0.00s)
    --- PASS: TestAllScopeErrors/InvalidScopeType (0.00s)
    --- PASS: TestAllScopeErrors/ScopeNotFound (0.00s)
    --- PASS: TestAllScopeErrors/InvalidAccessScope (0.00s)
    --- PASS: TestAllScopeErrors/MissingScopeID (0.00s)
    --- PASS: TestAllScopeErrors/UserNotInScope (0.00s)
=== RUN   TestBulkOperationErrors
=== RUN   TestBulkOperationErrors/BulkAssignmentFailed
=== RUN   TestBulkOperationErrors/BulkRemovalFailed
=== RUN   TestBulkOperationErrors/EmptyUserList
--- PASS: TestBulkOperationErrors (0.00s)
    --- PASS: TestBulkOperationErrors/BulkAssignmentFailed (0.00s)
    --- PASS: TestBulkOperationErrors/BulkRemovalFailed (0.00s)
    --- PASS: TestBulkOperationErrors/EmptyUserList (0.00s)
PASS
coverage: [no statements]
ok  	github.com/aptlogica/sereni-base/tests/app-errors	2.208s	coverage: [no statements]
=== RUN   TestLoad
=== RUN   TestLoad/load_with_defaults
=== RUN   TestLoad/load_with_environment_variables
--- PASS: TestLoad (0.01s)
    --- PASS: TestLoad/load_with_defaults (0.00s)
    --- PASS: TestLoad/load_with_environment_variables (0.00s)
=== RUN   TestServerConfig
=== RUN   TestServerConfig/valid_server_config
=== RUN   TestServerConfig/https_config
--- PASS: TestServerConfig (0.00s)
    --- PASS: TestServerConfig/valid_server_config (0.00s)
    --- PASS: TestServerConfig/https_config (0.00s)
=== RUN   TestDatabaseConfig
=== RUN   TestDatabaseConfig/postgres_config
=== RUN   TestDatabaseConfig/mysql_config
--- PASS: TestDatabaseConfig (0.00s)
    --- PASS: TestDatabaseConfig/postgres_config (0.00s)
    --- PASS: TestDatabaseConfig/mysql_config (0.00s)
=== RUN   TestAuthConfig
--- PASS: TestAuthConfig (0.00s)
=== RUN   TestEmailConfig
=== RUN   TestEmailConfig/valid_email_config
--- PASS: TestEmailConfig (0.00s)
    --- PASS: TestEmailConfig/valid_email_config (0.00s)
=== RUN   TestStorageConfig
--- PASS: TestStorageConfig (0.00s)
=== RUN   TestLogConfig
--- PASS: TestLogConfig (0.00s)
=== RUN   TestAssetConfig
--- PASS: TestAssetConfig (0.00s)
=== RUN   TestAntivirusConfig
--- PASS: TestAntivirusConfig (0.00s)
=== RUN   TestTemporaryAddedUserPasswordConfig
--- PASS: TestTemporaryAddedUserPasswordConfig (0.00s)
=== RUN   TestOwnerRegistrationConfig
--- PASS: TestOwnerRegistrationConfig (0.00s)
=== RUN   TestCORSConfig
--- PASS: TestCORSConfig (0.00s)
=== RUN   TestGlobalAppConfig
--- PASS: TestGlobalAppConfig (0.00s)
PASS
coverage: [no statements]
ok  	github.com/aptlogica/sereni-base/tests/config	2.627s	coverage: [no statements]
=== RUN   TestMasterDatabase
--- PASS: TestMasterDatabase (0.00s)
=== RUN   TestEmailFooterNotice
--- PASS: TestEmailFooterNotice (0.00s)
=== RUN   TestDatabaseTypeConstants
=== RUN   TestDatabaseTypeConstants/DBTypeVarchar255
=== RUN   TestDatabaseTypeConstants/DBTypeNVarchar255
=== RUN   TestDatabaseTypeConstants/DBTypeNVarcharMax
=== RUN   TestDatabaseTypeConstants/DBTypeVarchar255Lower
=== RUN   TestDatabaseTypeConstants/DBTypeVarchar100
=== RUN   TestDatabaseTypeConstants/DBTypeVarchar50
=== RUN   TestDatabaseTypeConstants/DBTypeVarchar150
=== RUN   TestDatabaseTypeConstants/DBTypeOracleVarchar255
--- PASS: TestDatabaseTypeConstants (0.00s)
    --- PASS: TestDatabaseTypeConstants/DBTypeVarchar255 (0.00s)
    --- PASS: TestDatabaseTypeConstants/DBTypeNVarchar255 (0.00s)
    --- PASS: TestDatabaseTypeConstants/DBTypeNVarcharMax (0.00s)
    --- PASS: TestDatabaseTypeConstants/DBTypeVarchar255Lower (0.00s)
    --- PASS: TestDatabaseTypeConstants/DBTypeVarchar100 (0.00s)
    --- PASS: TestDatabaseTypeConstants/DBTypeVarchar50 (0.00s)
    --- PASS: TestDatabaseTypeConstants/DBTypeVarchar150 (0.00s)
    --- PASS: TestDatabaseTypeConstants/DBTypeOracleVarchar255 (0.00s)
=== RUN   TestModelsTableFormat
--- PASS: TestModelsTableFormat (0.00s)
=== RUN   TestScopeLevels
--- PASS: TestScopeLevels (0.00s)
=== RUN   TestRBACRoleNames
=== RUN   TestRBACRoleNames/Owner
=== RUN   TestRBACRoleNames/CoOwner
=== RUN   TestRBACRoleNames/WorkspaceMaintainer
=== RUN   TestRBACRoleNames/WorkspaceMaintainerRO
=== RUN   TestRBACRoleNames/BaseMember
=== RUN   TestRBACRoleNames/BaseMemberReadOnly
=== RUN   TestRBACRoleNames/NoAccess
--- PASS: TestRBACRoleNames (0.00s)
    --- PASS: TestRBACRoleNames/Owner (0.00s)
    --- PASS: TestRBACRoleNames/CoOwner (0.00s)
    --- PASS: TestRBACRoleNames/WorkspaceMaintainer (0.00s)
    --- PASS: TestRBACRoleNames/WorkspaceMaintainerRO (0.00s)
    --- PASS: TestRBACRoleNames/BaseMember (0.00s)
    --- PASS: TestRBACRoleNames/BaseMemberReadOnly (0.00s)
    --- PASS: TestRBACRoleNames/NoAccess (0.00s)
=== RUN   TestResourceCodes
=== RUN   TestResourceCodes/Workspace
=== RUN   TestResourceCodes/Base
=== RUN   TestResourceCodes/Table
=== RUN   TestResourceCodes/Records
=== RUN   TestResourceCodes/Members
=== RUN   TestResourceCodes/Views
=== RUN   TestResourceCodes/Settings
=== RUN   TestResourceCodes/ApiTokens
=== RUN   TestResourceCodes/Webhooks
=== RUN   TestResourceCodes/Automations
--- PASS: TestResourceCodes (0.00s)
    --- PASS: TestResourceCodes/Workspace (0.00s)
    --- PASS: TestResourceCodes/Base (0.00s)
    --- PASS: TestResourceCodes/Table (0.00s)
    --- PASS: TestResourceCodes/Records (0.00s)
    --- PASS: TestResourceCodes/Members (0.00s)
    --- PASS: TestResourceCodes/Views (0.00s)
    --- PASS: TestResourceCodes/Settings (0.00s)
    --- PASS: TestResourceCodes/ApiTokens (0.00s)
    --- PASS: TestResourceCodes/Webhooks (0.00s)
    --- PASS: TestResourceCodes/Automations (0.00s)
=== RUN   TestActionCodes
=== RUN   TestActionCodes/Read
=== RUN   TestActionCodes/Create
=== RUN   TestActionCodes/Update
=== RUN   TestActionCodes/Delete
=== RUN   TestActionCodes/Share
=== RUN   TestActionCodes/Invite
=== RUN   TestActionCodes/Export
=== RUN   TestActionCodes/Import
=== RUN   TestActionCodes/Execute
=== RUN   TestActionCodes/Manage
--- PASS: TestActionCodes (0.00s)
    --- PASS: TestActionCodes/Read (0.00s)
    --- PASS: TestActionCodes/Create (0.00s)
    --- PASS: TestActionCodes/Update (0.00s)
    --- PASS: TestActionCodes/Delete (0.00s)
    --- PASS: TestActionCodes/Share (0.00s)
    --- PASS: TestActionCodes/Invite (0.00s)
    --- PASS: TestActionCodes/Export (0.00s)
    --- PASS: TestActionCodes/Import (0.00s)
    --- PASS: TestActionCodes/Execute (0.00s)
    --- PASS: TestActionCodes/Manage (0.00s)
=== RUN   TestDefaultAccessRoles
=== RUN   TestDefaultAccessRoles/owner
=== RUN   TestDefaultAccessRoles/co-owner
=== RUN   TestDefaultAccessRoles/maintainer
=== RUN   TestDefaultAccessRoles/workspace-read
=== RUN   TestDefaultAccessRoles/base-member
=== RUN   TestDefaultAccessRoles/base-read
=== RUN   TestDefaultAccessRoles/user
--- PASS: TestDefaultAccessRoles (0.02s)
    --- PASS: TestDefaultAccessRoles/owner (0.00s)
    --- PASS: TestDefaultAccessRoles/co-owner (0.00s)
    --- PASS: TestDefaultAccessRoles/maintainer (0.00s)
    --- PASS: TestDefaultAccessRoles/workspace-read (0.00s)
    --- PASS: TestDefaultAccessRoles/base-member (0.00s)
    --- PASS: TestDefaultAccessRoles/base-read (0.00s)
    --- PASS: TestDefaultAccessRoles/user (0.00s)
=== RUN   TestSystemColumns
=== RUN   TestSystemColumns/Id
=== RUN   TestSystemColumns/Title
=== RUN   TestSystemColumns/Created_Time
=== RUN   TestSystemColumns/Last_Modified_Time
=== RUN   TestSystemColumns/Created_By
=== RUN   TestSystemColumns/Last_Modified_By
--- PASS: TestSystemColumns (0.00s)
    --- PASS: TestSystemColumns/Id (0.00s)
    --- PASS: TestSystemColumns/Title (0.00s)
    --- PASS: TestSystemColumns/Created_Time (0.00s)
    --- PASS: TestSystemColumns/Last_Modified_Time (0.00s)
    --- PASS: TestSystemColumns/Created_By (0.00s)
    --- PASS: TestSystemColumns/Last_Modified_By (0.00s)
=== RUN   TestDBMappingStructure
--- PASS: TestDBMappingStructure (0.00s)
=== RUN   TestRoleNamesUniqueness
--- PASS: TestRoleNamesUniqueness (0.00s)
=== RUN   TestResourceCodesUniqueness
--- PASS: TestResourceCodesUniqueness (0.00s)
=== RUN   TestActionCodesUniqueness
--- PASS: TestActionCodesUniqueness (0.00s)
=== RUN   TestDefaultAccessRolesDefaultField
--- PASS: TestDefaultAccessRolesDefaultField (0.00s)
=== RUN   TestUITypeMappings
--- PASS: TestUITypeMappings (0.00s)
PASS
coverage: [no statements]
ok  	github.com/aptlogica/sereni-base/tests/constant	2.659s	coverage: [no statements]
=== RUN   TestAccessMemberDTOMap
--- PASS: TestAccessMemberDTOMap (0.00s)
=== RUN   TestAccessMemberDTOMapMinimal
--- PASS: TestAccessMemberDTOMapMinimal (0.00s)
=== RUN   TestAccessMemberResponseFields
--- PASS: TestAccessMemberResponseFields (0.00s)
=== RUN   TestUserAccessInfoFields
--- PASS: TestUserAccessInfoFields (0.00s)
=== RUN   TestBulkAssignRoleRequestFields
--- PASS: TestBulkAssignRoleRequestFields (0.00s)
=== RUN   TestBulkAssignRoleRequestMinimal
--- PASS: TestBulkAssignRoleRequestMinimal (0.00s)
=== RUN   TestAccessRoleDTOMapRBAC
--- PASS: TestAccessRoleDTOMapRBAC (0.00s)
=== RUN   TestAccessRoleDTOMapMinimal
--- PASS: TestAccessRoleDTOMapMinimal (0.00s)
=== RUN   TestAccessRoleResponseFields
--- PASS: TestAccessRoleResponseFields (0.00s)
=== RUN   TestRBACSystemStatusFields
--- PASS: TestRBACSystemStatusFields (0.00s)
=== RUN   TestRoleUsageStatsFields
--- PASS: TestRoleUsageStatsFields (0.00s)
=== RUN   TestPermissionUsageStatsFields
--- PASS: TestPermissionUsageStatsFields (0.00s)
=== RUN   TestResourceUsageStatsFields
--- PASS: TestResourceUsageStatsFields (0.00s)
=== RUN   TestRoleValidationResultFields
--- PASS: TestRoleValidationResultFields (0.00s)
=== RUN   TestActionDTOMap
--- PASS: TestActionDTOMap (0.00s)
=== RUN   TestActionDTOMapMinimal
--- PASS: TestActionDTOMapMinimal (0.00s)
=== RUN   TestActionResponseFields
--- PASS: TestActionResponseFields (0.00s)
=== RUN   TestActionDTOMapAllFields
--- PASS: TestActionDTOMapAllFields (0.00s)
=== RUN   TestAssetInsertion_Map
--- PASS: TestAssetInsertion_Map (0.00s)
=== RUN   TestAssetUpdate_Map
--- PASS: TestAssetUpdate_Map (0.00s)
=== RUN   TestBulkAssetRequest
--- PASS: TestBulkAssetRequest (0.00s)
=== RUN   TestAssetInsertion_AllFields
--- PASS: TestAssetInsertion_AllFields (0.00s)
=== RUN   TestAssetUpdate_PartialUpdate
--- PASS: TestAssetUpdate_PartialUpdate (0.00s)
=== RUN   TestAssetInsertion_WithDimensions
--- PASS: TestAssetInsertion_WithDimensions (0.00s)
=== RUN   TestAssetInsertion_WithoutDimensions
--- PASS: TestAssetInsertion_WithoutDimensions (0.00s)
=== RUN   TestAssetInsertionMap
--- PASS: TestAssetInsertionMap (0.00s)
=== RUN   TestAssetUpdateMap
--- PASS: TestAssetUpdateMap (0.00s)
=== RUN   TestAssetUpdateMapEmpty
--- PASS: TestAssetUpdateMapEmpty (0.00s)
=== RUN   TestAssetUpdateMapOnlyTitle
--- PASS: TestAssetUpdateMapOnlyTitle (0.00s)
=== RUN   TestBulkAssetRequestFields
--- PASS: TestBulkAssetRequestFields (0.00s)
=== RUN   TestRegisterRequestFields
--- PASS: TestRegisterRequestFields (0.00s)
=== RUN   TestLoginRequestFields
--- PASS: TestLoginRequestFields (0.00s)
=== RUN   TestTokenResponseFields
--- PASS: TestTokenResponseFields (0.00s)
=== RUN   TestForgotPasswordRequestFields
--- PASS: TestForgotPasswordRequestFields (0.00s)
=== RUN   TestResetPasswordRequestFields
--- PASS: TestResetPasswordRequestFields (0.00s)
=== RUN   TestVerifyEmailRequestFields
--- PASS: TestVerifyEmailRequestFields (0.00s)
=== RUN   TestRegisterResponseFields
--- PASS: TestRegisterResponseFields (0.00s)
=== RUN   TestLoginResponseFields
--- PASS: TestLoginResponseFields (0.00s)
=== RUN   TestResendOTPRequestFields
--- PASS: TestResendOTPRequestFields (0.00s)
=== RUN   TestRefreshTokenRequestFields
--- PASS: TestRefreshTokenRequestFields (0.00s)
=== RUN   TestTokenValidationRequestFields
--- PASS: TestTokenValidationRequestFields (0.00s)
=== RUN   TestTokenValidationResponseFields
--- PASS: TestTokenValidationResponseFields (0.00s)
=== RUN   TestLogoutRequestFields
--- PASS: TestLogoutRequestFields (0.00s)
=== RUN   TestBaseInsertionMap
--- PASS: TestBaseInsertionMap (0.00s)
=== RUN   TestBaseInsertionSetConfig
--- PASS: TestBaseInsertionSetConfig (0.00s)
=== RUN   TestBaseInsertionSetSettings
--- PASS: TestBaseInsertionSetSettings (0.00s)
=== RUN   TestBaseInsertionSetMeta
--- PASS: TestBaseInsertionSetMeta (0.00s)
=== RUN   TestBaseUpdateMap
--- PASS: TestBaseUpdateMap (0.00s)
=== RUN   TestBaseUpdateMapPartial
--- PASS: TestBaseUpdateMapPartial (0.00s)
=== RUN   TestCreateBaseRequestFields
--- PASS: TestCreateBaseRequestFields (0.00s)
=== RUN   TestBaseResponseFields
--- PASS: TestBaseResponseFields (0.00s)
=== RUN   TestColumnInsertionMap
--- PASS: TestColumnInsertionMap (0.00s)
=== RUN   TestColumnInsertionMapMinimal
--- PASS: TestColumnInsertionMapMinimal (0.00s)
=== RUN   TestColumnUpdateMap
--- PASS: TestColumnUpdateMap (0.00s)
=== RUN   TestColumnUpdateMapPartial
--- PASS: TestColumnUpdateMapPartial (0.00s)
=== RUN   TestColumnUpdateMapEmpty
--- PASS: TestColumnUpdateMapEmpty (0.00s)
=== RUN   TestImportTableRequestFields
--- PASS: TestImportTableRequestFields (0.00s)
=== RUN   TestUserResetTokenInsertionMap
--- PASS: TestUserResetTokenInsertionMap (0.00s)
=== RUN   TestBaseRoleAccessFields
--- PASS: TestBaseRoleAccessFields (0.00s)
=== RUN   TestUserRolesAccessResponseFields
--- PASS: TestUserRolesAccessResponseFields (0.00s)
=== RUN   TestUserRolesAccessList
--- PASS: TestUserRolesAccessList (0.00s)
=== RUN   TestModelInsertionMap
--- PASS: TestModelInsertionMap (0.00s)
=== RUN   TestUpdateModelRequestMap
--- PASS: TestUpdateModelRequestMap (0.00s)
=== RUN   TestUpdateModelRequestMapPartial
--- PASS: TestUpdateModelRequestMapPartial (0.00s)
=== RUN   TestModelDTOFields
--- PASS: TestModelDTOFields (0.00s)
=== RUN   TestModelResponseFields
--- PASS: TestModelResponseFields (0.00s)
=== RUN   TestCreateOrganizationRequestFields
--- PASS: TestCreateOrganizationRequestFields (0.00s)
=== RUN   TestUpdateOrganizationRequestFields
--- PASS: TestUpdateOrganizationRequestFields (0.00s)
=== RUN   TestUpdateOrganizationRequestEmpty
--- PASS: TestUpdateOrganizationRequestEmpty (0.00s)
=== RUN   TestOrganizationResponseFields
--- PASS: TestOrganizationResponseFields (0.00s)
=== RUN   TestPermissionDTOMap
--- PASS: TestPermissionDTOMap (0.00s)
=== RUN   TestPermissionResponseFields
--- PASS: TestPermissionResponseFields (0.00s)
=== RUN   TestPermissionWithDetailsFields
--- PASS: TestPermissionWithDetailsFields (0.00s)
=== RUN   TestPermissionDTOMapAllFields
--- PASS: TestPermissionDTOMapAllFields (0.00s)
=== RUN   TestRoleInsertionMap
--- PASS: TestRoleInsertionMap (0.00s)
=== RUN   TestUserRoleInsertionMap
--- PASS: TestUserRoleInsertionMap (0.00s)
=== RUN   TestRelationInsertionMap
--- PASS: TestRelationInsertionMap (0.00s)
=== RUN   TestRelationUpdateMap
--- PASS: TestRelationUpdateMap (0.00s)
=== RUN   TestRelationUpdateMapPartial
--- PASS: TestRelationUpdateMapPartial (0.00s)
=== RUN   TestRelationUpdateMapOnlyTime
--- PASS: TestRelationUpdateMapOnlyTime (0.00s)
=== RUN   TestRelationInsertionAllFields
--- PASS: TestRelationInsertionAllFields (0.00s)
=== RUN   TestResourceDTOMap
--- PASS: TestResourceDTOMap (0.00s)
=== RUN   TestResourceDTOMapMinimal
--- PASS: TestResourceDTOMapMinimal (0.00s)
=== RUN   TestResourceResponseFields
--- PASS: TestResourceResponseFields (0.00s)
=== RUN   TestResourceDTOMapAllFields
--- PASS: TestResourceDTOMapAllFields (0.00s)
=== RUN   TestRolePermissionDTOMap
--- PASS: TestRolePermissionDTOMap (0.00s)
=== RUN   TestRolePermissionResponseFields
--- PASS: TestRolePermissionResponseFields (0.00s)
=== RUN   TestRolePermissionsFields
--- PASS: TestRolePermissionsFields (0.00s)
=== RUN   TestRolePermissionDTOMapAllFields
--- PASS: TestRolePermissionDTOMapAllFields (0.00s)
=== RUN   TestUpdateTableRequestMap
--- PASS: TestUpdateTableRequestMap (0.00s)
=== RUN   TestUpdateUserProfileRequestMap
--- PASS: TestUpdateUserProfileRequestMap (0.00s)
=== RUN   TestUpdateUserProfileRequestMapEmpty
--- PASS: TestUpdateUserProfileRequestMapEmpty (0.00s)
=== RUN   TestUserInsertionMap
--- PASS: TestUserInsertionMap (0.00s)
=== RUN   TestUpdateUserPasswordRequestMap
--- PASS: TestUpdateUserPasswordRequestMap (0.00s)
=== RUN   TestUserResponseFields
--- PASS: TestUserResponseFields (0.00s)
=== RUN   TestViewInsertionMap
--- PASS: TestViewInsertionMap (0.00s)
=== RUN   TestViewUpdateMap
--- PASS: TestViewUpdateMap (0.00s)
=== RUN   TestViewUpdateMapPartial
--- PASS: TestViewUpdateMapPartial (0.00s)
=== RUN   TestCreateViewRequestFields
--- PASS: TestCreateViewRequestFields (0.00s)
=== RUN   TestViewResponseFields
--- PASS: TestViewResponseFields (0.00s)
=== RUN   TestWorkspaceInsertionMap
--- PASS: TestWorkspaceInsertionMap (0.00s)
=== RUN   TestWorkspaceUpdateMap
--- PASS: TestWorkspaceUpdateMap (0.00s)
=== RUN   TestWorkspaceUpdateMapEmpty
--- PASS: TestWorkspaceUpdateMapEmpty (0.00s)
=== RUN   TestWorkspaceMemberInsertionMap
--- PASS: TestWorkspaceMemberInsertionMap (0.00s)
PASS
coverage: [no statements]
ok  	github.com/aptlogica/sereni-base/tests/dto	2.302s	coverage: [no statements]
=== RUN   TestNewAssetsHandler
--- PASS: TestNewAssetsHandler (0.00s)
=== RUN   TestAssetsHandler_Upload_NoMultipartForm
--- PASS: TestAssetsHandler_Upload_NoMultipartForm (0.00s)
=== RUN   TestAssetsHandler_UploadImage_NoMultipartForm
--- PASS: TestAssetsHandler_UploadImage_NoMultipartForm (0.00s)
=== RUN   TestAssetsHandler_GetBulkAssets_InvalidJSON
--- PASS: TestAssetsHandler_GetBulkAssets_InvalidJSON (0.00s)
=== RUN   TestAssetsHandler_GetBulkAssets_EmptyIDs
--- PASS: TestAssetsHandler_GetBulkAssets_EmptyIDs (0.00s)
=== RUN   TestAssetsHandler_UpdateAssetByID_EmptyID
--- PASS: TestAssetsHandler_UpdateAssetByID_EmptyID (0.00s)
=== RUN   TestAssetsHandler_UpdateAssetByID_InvalidUUID
--- PASS: TestAssetsHandler_UpdateAssetByID_InvalidUUID (0.00s)
=== RUN   TestAssetsHandler_DeleteAssetByID_EmptyID
--- PASS: TestAssetsHandler_DeleteAssetByID_EmptyID (0.00s)
=== RUN   TestAssetsHandler_DeleteAssetByID_InvalidUUID
--- PASS: TestAssetsHandler_DeleteAssetByID_InvalidUUID (0.00s)
=== RUN   TestAssetsHandler_UploadImage_SuccessPath
--- PASS: TestAssetsHandler_UploadImage_SuccessPath (0.39s)
=== RUN   TestAssetsHandler_Upload_NoFiles
--- PASS: TestAssetsHandler_Upload_NoFiles (0.00s)
=== RUN   TestAssetsHandler_Upload_FileTooLarge
--- PASS: TestAssetsHandler_Upload_FileTooLarge (0.00s)
=== RUN   TestAssetsHandler_Upload_Success
--- PASS: TestAssetsHandler_Upload_Success (0.00s)
=== RUN   TestAssetsHandler_UploadImage_TooManyFiles
--- PASS: TestAssetsHandler_UploadImage_TooManyFiles (0.00s)
=== RUN   TestAssetsHandler_UploadImage_InvalidType
--- PASS: TestAssetsHandler_UploadImage_InvalidType (0.00s)
=== RUN   TestAssetsHandler_GetBulkAssets_SuccessPath
--- PASS: TestAssetsHandler_GetBulkAssets_SuccessPath (0.00s)
=== RUN   TestAssetsHandler_UpdateAssetByID_SuccessPath
--- PASS: TestAssetsHandler_UpdateAssetByID_SuccessPath (0.00s)
=== RUN   TestAssetsHandler_DeleteAssetByID_SuccessPath
--- PASS: TestAssetsHandler_DeleteAssetByID_SuccessPath (0.00s)
=== RUN   TestNewAuthHandler
--- PASS: TestNewAuthHandler (0.00s)
=== RUN   TestAuthHandler_LoginUser
=== RUN   TestAuthHandler_LoginUser/missing_email
=== RUN   TestAuthHandler_LoginUser/missing_password
=== RUN   TestAuthHandler_LoginUser/successful_login
--- PASS: TestAuthHandler_LoginUser (0.00s)
    --- PASS: TestAuthHandler_LoginUser/missing_email (0.00s)
    --- PASS: TestAuthHandler_LoginUser/missing_password (0.00s)
    --- PASS: TestAuthHandler_LoginUser/successful_login (0.00s)
=== RUN   TestAuthHandler_LoginUser_ServiceError
--- PASS: TestAuthHandler_LoginUser_ServiceError (0.00s)
=== RUN   TestAuthHandler_VerifyEmail
=== RUN   TestAuthHandler_VerifyEmail/successful_verify
--- PASS: TestAuthHandler_VerifyEmail (0.00s)
    --- PASS: TestAuthHandler_VerifyEmail/successful_verify (0.00s)
=== RUN   TestAuthHandler_VerifyEmail_InvalidJSON
--- PASS: TestAuthHandler_VerifyEmail_InvalidJSON (0.00s)
=== RUN   TestAuthHandler_VerifyEmail_ServiceError
--- PASS: TestAuthHandler_VerifyEmail_ServiceError (0.00s)
=== RUN   TestAuthHandler_ResendOTP
=== RUN   TestAuthHandler_ResendOTP/invalid_json
=== RUN   TestAuthHandler_ResendOTP/successful_resend
=== RUN   TestAuthHandler_ResendOTP/service_error
--- PASS: TestAuthHandler_ResendOTP (0.00s)
    --- PASS: TestAuthHandler_ResendOTP/invalid_json (0.00s)
    --- PASS: TestAuthHandler_ResendOTP/successful_resend (0.00s)
    --- PASS: TestAuthHandler_ResendOTP/service_error (0.00s)
=== RUN   TestAuthHandler_RefreshToken
=== RUN   TestAuthHandler_RefreshToken/invalid_json
=== RUN   TestAuthHandler_RefreshToken/successful_refresh
=== RUN   TestAuthHandler_RefreshToken/service_error
--- PASS: TestAuthHandler_RefreshToken (0.00s)
    --- PASS: TestAuthHandler_RefreshToken/invalid_json (0.00s)
    --- PASS: TestAuthHandler_RefreshToken/successful_refresh (0.00s)
    --- PASS: TestAuthHandler_RefreshToken/service_error (0.00s)
=== RUN   TestAuthHandler_ForgotPassword
=== RUN   TestAuthHandler_ForgotPassword/successful_request
=== RUN   TestAuthHandler_ForgotPassword/service_error
--- PASS: TestAuthHandler_ForgotPassword (0.00s)
    --- PASS: TestAuthHandler_ForgotPassword/successful_request (0.00s)
    --- PASS: TestAuthHandler_ForgotPassword/service_error (0.00s)
=== RUN   TestAuthHandler_ForgotPassword_InvalidJSON
--- PASS: TestAuthHandler_ForgotPassword_InvalidJSON (0.00s)
=== RUN   TestAuthHandler_ResetPassword
=== RUN   TestAuthHandler_ResetPassword/successful_reset
=== RUN   TestAuthHandler_ResetPassword/service_error
--- PASS: TestAuthHandler_ResetPassword (0.00s)
    --- PASS: TestAuthHandler_ResetPassword/successful_reset (0.00s)
    --- PASS: TestAuthHandler_ResetPassword/service_error (0.00s)
=== RUN   TestAuthHandler_ResetPassword_InvalidJSON
--- PASS: TestAuthHandler_ResetPassword_InvalidJSON (0.00s)
=== RUN   TestAuthHandler_Health
--- PASS: TestAuthHandler_Health (0.00s)
=== RUN   TestAuthHandler_HealthLive
--- PASS: TestAuthHandler_HealthLive (0.00s)
=== RUN   TestAuthHandler_HealthReady
--- PASS: TestAuthHandler_HealthReady (0.00s)
=== RUN   TestAuthHandler_ValidateToken
=== RUN   TestAuthHandler_ValidateToken/successful_validation
=== RUN   TestAuthHandler_ValidateToken/service_error
--- PASS: TestAuthHandler_ValidateToken (0.00s)
    --- PASS: TestAuthHandler_ValidateToken/successful_validation (0.00s)
    --- PASS: TestAuthHandler_ValidateToken/service_error (0.00s)
=== RUN   TestAuthHandler_ValidateToken_InvalidJSON
--- PASS: TestAuthHandler_ValidateToken_InvalidJSON (0.00s)
=== RUN   TestAuthHandler_VerifyToken
=== RUN   TestAuthHandler_VerifyToken/successful_verify
=== RUN   TestAuthHandler_VerifyToken/service_error
--- PASS: TestAuthHandler_VerifyToken (0.00s)
    --- PASS: TestAuthHandler_VerifyToken/successful_verify (0.00s)
    --- PASS: TestAuthHandler_VerifyToken/service_error (0.00s)
=== RUN   TestAuthHandler_VerifyToken_InvalidJSON
--- PASS: TestAuthHandler_VerifyToken_InvalidJSON (0.00s)
=== RUN   TestAuthHandler_Logout
=== RUN   TestAuthHandler_Logout/successful_logout
=== RUN   TestAuthHandler_Logout/service_error
--- PASS: TestAuthHandler_Logout (0.00s)
    --- PASS: TestAuthHandler_Logout/successful_logout (0.00s)
    --- PASS: TestAuthHandler_Logout/service_error (0.00s)
=== RUN   TestAuthHandler_Logout_InvalidJSON
--- PASS: TestAuthHandler_Logout_InvalidJSON (0.00s)
=== RUN   TestAuthHandler_GetUsers
=== RUN   TestAuthHandler_GetUsers/successful_get_users
=== RUN   TestAuthHandler_GetUsers/service_error
--- PASS: TestAuthHandler_GetUsers (0.00s)
    --- PASS: TestAuthHandler_GetUsers/successful_get_users (0.00s)
    --- PASS: TestAuthHandler_GetUsers/service_error (0.00s)
=== RUN   TestAuthHandler_GetActiveUsersForAssign
=== RUN   TestAuthHandler_GetActiveUsersForAssign/successful_get_active_users
=== RUN   TestAuthHandler_GetActiveUsersForAssign/service_error
--- PASS: TestAuthHandler_GetActiveUsersForAssign (0.01s)
    --- PASS: TestAuthHandler_GetActiveUsersForAssign/successful_get_active_users (0.00s)
    --- PASS: TestAuthHandler_GetActiveUsersForAssign/service_error (0.00s)
=== RUN   TestAuthHandler_UpdateUserAccess_Success
--- PASS: TestAuthHandler_UpdateUserAccess_Success (0.00s)
=== RUN   TestAuthHandler_UpdateUserAccess_InvalidJSON
--- PASS: TestAuthHandler_UpdateUserAccess_InvalidJSON (0.04s)
=== RUN   TestAuthHandler_UpdateUserAccess_ServiceError
--- PASS: TestAuthHandler_UpdateUserAccess_ServiceError (0.00s)
=== RUN   TestAuthHandler_AddUser_Success
File uploaded: avatar.png Size: 4
--- PASS: TestAuthHandler_AddUser_Success (0.00s)
=== RUN   TestAuthHandler_AddUser_InvalidMembership
--- PASS: TestAuthHandler_AddUser_InvalidMembership (0.00s)
=== RUN   TestAuthHandler_AddUser_ValidationError
--- PASS: TestAuthHandler_AddUser_ValidationError (0.00s)
=== RUN   TestAuthHandler_EditUser_Success
--- PASS: TestAuthHandler_EditUser_Success (0.00s)
=== RUN   TestAuthHandler_EditUser_CoOwnerCaseInsensitive
--- PASS: TestAuthHandler_EditUser_CoOwnerCaseInsensitive (0.00s)
=== RUN   TestAuthHandler_EditUser_CoOwnerFalse
--- PASS: TestAuthHandler_EditUser_CoOwnerFalse (0.00s)
=== RUN   TestAuthHandler_EditUser_MissingUserID
--- PASS: TestAuthHandler_EditUser_MissingUserID (0.00s)
=== RUN   TestAuthHandler_RemoveUser_Success
--- PASS: TestAuthHandler_RemoveUser_Success (0.00s)
=== RUN   TestAuthHandler_RemoveUser_InvalidJSON
--- PASS: TestAuthHandler_RemoveUser_InvalidJSON (0.00s)
=== RUN   TestAuthHandler_RemoveUser_ServiceError
--- PASS: TestAuthHandler_RemoveUser_ServiceError (0.00s)
=== RUN   TestAuthHandler_AssignUserToWorkspace_Success
--- PASS: TestAuthHandler_AssignUserToWorkspace_Success (0.00s)
=== RUN   TestAuthHandler_AssignUserToWorkspace_ServiceError
--- PASS: TestAuthHandler_AssignUserToWorkspace_ServiceError (0.00s)
=== RUN   TestAuthHandler_AssignUserToWorkspace_InvalidJSON
--- PASS: TestAuthHandler_AssignUserToWorkspace_InvalidJSON (0.00s)
=== RUN   TestAuthHandler_RemoveUserFromWorkspace_Success
--- PASS: TestAuthHandler_RemoveUserFromWorkspace_Success (0.00s)
=== RUN   TestAuthHandler_RemoveUserFromWorkspace_InvalidJSON
--- PASS: TestAuthHandler_RemoveUserFromWorkspace_InvalidJSON (0.00s)
=== RUN   TestAuthHandler_RemoveUserFromBase_Success
--- PASS: TestAuthHandler_RemoveUserFromBase_Success (0.00s)
=== RUN   TestAuthHandler_RemoveUserFromBase_InvalidJSON
--- PASS: TestAuthHandler_RemoveUserFromBase_InvalidJSON (0.00s)
=== RUN   TestAuthHandler_GetWorkspaceMembers_Success
--- PASS: TestAuthHandler_GetWorkspaceMembers_Success (0.00s)
=== RUN   TestAuthHandler_GetBaseMembers_Success
--- PASS: TestAuthHandler_GetBaseMembers_Success (0.00s)
=== RUN   TestAuthHandler_GetWorkspaceMembersWithRole_Success
--- PASS: TestAuthHandler_GetWorkspaceMembersWithRole_Success (0.00s)
=== RUN   TestAuthHandler_GetBaseMembersWithRole_Success
--- PASS: TestAuthHandler_GetBaseMembersWithRole_Success (0.00s)
=== RUN   TestAuthHandler_UpdatePassword_Success
--- PASS: TestAuthHandler_UpdatePassword_Success (0.00s)
=== RUN   TestAuthHandler_UpdatePassword_MissingID
--- PASS: TestAuthHandler_UpdatePassword_MissingID (0.00s)
=== RUN   TestAuthHandler_UpdatePassword_InvalidJSON
--- PASS: TestAuthHandler_UpdatePassword_InvalidJSON (0.00s)
=== RUN   TestAuthHandler_ActivateUser_Success
--- PASS: TestAuthHandler_ActivateUser_Success (0.00s)
=== RUN   TestAuthHandler_ActivateUser_ServiceError
--- PASS: TestAuthHandler_ActivateUser_ServiceError (0.00s)
=== RUN   TestAuthHandler_ActivateUser_InvalidJSON
--- PASS: TestAuthHandler_ActivateUser_InvalidJSON (0.00s)
=== RUN   TestAuthHandler_DeactivateUser_Success
--- PASS: TestAuthHandler_DeactivateUser_Success (0.01s)
=== RUN   TestAuthHandler_DeactivateUser_ServiceError
--- PASS: TestAuthHandler_DeactivateUser_ServiceError (0.00s)
=== RUN   TestAuthHandler_DeactivateUser_InvalidJSON
--- PASS: TestAuthHandler_DeactivateUser_InvalidJSON (0.00s)
=== RUN   TestAuthHandler_RemoveAccessMemberByID_Success
--- PASS: TestAuthHandler_RemoveAccessMemberByID_Success (0.00s)
=== RUN   TestAuthHandler_RemoveAccessMemberByID_MissingID
--- PASS: TestAuthHandler_RemoveAccessMemberByID_MissingID (0.00s)
=== RUN   TestNewBaseHandler
--- PASS: TestNewBaseHandler (0.00s)
=== RUN   TestBaseHandler_CreateBase_MissingTitle
--- PASS: TestBaseHandler_CreateBase_MissingTitle (0.00s)
=== RUN   TestBaseHandler_CreateBase_Success
--- PASS: TestBaseHandler_CreateBase_Success (0.00s)
=== RUN   TestBaseHandler_GetBaseByID_Success
--- PASS: TestBaseHandler_GetBaseByID_Success (0.00s)
=== RUN   TestBaseHandler_GetBaseByID_ServiceError
--- PASS: TestBaseHandler_GetBaseByID_ServiceError (0.00s)
=== RUN   TestBaseHandler_UpdateBase_Success
--- PASS: TestBaseHandler_UpdateBase_Success (0.00s)
=== RUN   TestBaseHandler_UpdateBase_WithImage
--- PASS: TestBaseHandler_UpdateBase_WithImage (0.00s)
=== RUN   TestBaseHandler_UpdateBase_RemoveImage
--- PASS: TestBaseHandler_UpdateBase_RemoveImage (0.00s)
=== RUN   TestBaseHandler_UpdateBase_ServiceError
--- PASS: TestBaseHandler_UpdateBase_ServiceError (0.00s)
=== RUN   TestBaseHandler_UpdateBase_AddImageError
--- PASS: TestBaseHandler_UpdateBase_AddImageError (0.00s)
=== RUN   TestBaseHandler_UpdateBase_RemoveImageError
--- PASS: TestBaseHandler_UpdateBase_RemoveImageError (0.00s)
=== RUN   TestBaseHandler_DeleteBase_Success
--- PASS: TestBaseHandler_DeleteBase_Success (0.00s)
=== RUN   TestBaseHandler_DeleteBase_ServiceError
--- PASS: TestBaseHandler_DeleteBase_ServiceError (0.00s)
=== RUN   TestBaseHandler_GetTablesByBaseId_Success
--- PASS: TestBaseHandler_GetTablesByBaseId_Success (0.00s)
=== RUN   TestBaseHandler_GetTablesByBaseId_ServiceError
--- PASS: TestBaseHandler_GetTablesByBaseId_ServiceError (0.00s)
=== RUN   TestBaseHandler_AddBaseImage_MissingID
--- PASS: TestBaseHandler_AddBaseImage_MissingID (0.00s)
=== RUN   TestBaseHandler_AddBaseImage_MissingFile
--- PASS: TestBaseHandler_AddBaseImage_MissingFile (0.00s)
=== RUN   TestBaseHandler_AddBaseImage_Success
--- PASS: TestBaseHandler_AddBaseImage_Success (0.00s)
=== RUN   TestBaseHandler_RemoveBaseImage_MissingID
--- PASS: TestBaseHandler_RemoveBaseImage_MissingID (0.00s)
=== RUN   TestBaseHandler_RemoveBaseImage_Success
--- PASS: TestBaseHandler_RemoveBaseImage_Success (0.00s)
=== RUN   TestNewHandlerUtil
--- PASS: TestNewHandlerUtil (0.00s)
=== RUN   TestGetSchemaFromContext
=== RUN   TestGetSchemaFromContext/schema_exists_in_context
=== RUN   TestGetSchemaFromContext/schema_not_in_context
=== RUN   TestGetSchemaFromContext/schema_is_empty_string
=== RUN   TestGetSchemaFromContext/schema_is_non-string_type
--- PASS: TestGetSchemaFromContext (0.00s)
    --- PASS: TestGetSchemaFromContext/schema_exists_in_context (0.00s)
    --- PASS: TestGetSchemaFromContext/schema_not_in_context (0.00s)
    --- PASS: TestGetSchemaFromContext/schema_is_empty_string (0.00s)
    --- PASS: TestGetSchemaFromContext/schema_is_non-string_type (0.00s)
=== RUN   TestGetUserIDFromContext
=== RUN   TestGetUserIDFromContext/user_id_exists_in_context
=== RUN   TestGetUserIDFromContext/user_id_not_in_context
=== RUN   TestGetUserIDFromContext/user_id_is_empty_string
=== RUN   TestGetUserIDFromContext/user_id_is_non-string_type
--- PASS: TestGetUserIDFromContext (0.00s)
    --- PASS: TestGetUserIDFromContext/user_id_exists_in_context (0.00s)
    --- PASS: TestGetUserIDFromContext/user_id_not_in_context (0.00s)
    --- PASS: TestGetUserIDFromContext/user_id_is_empty_string (0.00s)
    --- PASS: TestGetUserIDFromContext/user_id_is_non-string_type (0.00s)
=== RUN   TestGetBothFromContext
=== RUN   TestGetBothFromContext/both_schema_and_user_id_exist
=== RUN   TestGetBothFromContext/only_schema_exists
=== RUN   TestGetBothFromContext/only_user_id_exists
=== RUN   TestGetBothFromContext/neither_exists
=== RUN   TestGetBothFromContext/schema_is_empty
=== RUN   TestGetBothFromContext/user_id_is_empty
--- PASS: TestGetBothFromContext (0.00s)
    --- PASS: TestGetBothFromContext/both_schema_and_user_id_exist (0.00s)
    --- PASS: TestGetBothFromContext/only_schema_exists (0.00s)
    --- PASS: TestGetBothFromContext/only_user_id_exists (0.00s)
    --- PASS: TestGetBothFromContext/neither_exists (0.00s)
    --- PASS: TestGetBothFromContext/schema_is_empty (0.00s)
    --- PASS: TestGetBothFromContext/user_id_is_empty (0.00s)
=== RUN   TestSendSuccessResponse
--- PASS: TestSendSuccessResponse (0.00s)
=== RUN   TestSendErrorResponse
--- PASS: TestSendErrorResponse (0.00s)
=== RUN   TestSendInvalidPayloadError
--- PASS: TestSendInvalidPayloadError (0.00s)
=== RUN   TestSendUnauthorizedError
--- PASS: TestSendUnauthorizedError (0.00s)
=== RUN   TestBindAndValidateJSON_Success
--- PASS: TestBindAndValidateJSON_Success (0.00s)
=== RUN   TestBindAndValidateJSON_InvalidJSON
--- PASS: TestBindAndValidateJSON_InvalidJSON (0.00s)
=== RUN   TestBindAndValidateJSON_ValidationError
--- PASS: TestBindAndValidateJSON_ValidationError (0.00s)
=== RUN   TestBindAndValidateJSON_MissingRequiredField
--- PASS: TestBindAndValidateJSON_MissingRequiredField (0.00s)
=== RUN   TestNewOrganizationHandler
--- PASS: TestNewOrganizationHandler (0.00s)
=== RUN   TestOrganizationHandler_CreateOrganization_InvalidJSON
--- PASS: TestOrganizationHandler_CreateOrganization_InvalidJSON (0.00s)
=== RUN   TestOrganizationHandler_UpdateOrganization_InvalidJSON
--- PASS: TestOrganizationHandler_UpdateOrganization_InvalidJSON (0.00s)
=== RUN   TestOrganizationHandler_CreateOrganization_Success
--- PASS: TestOrganizationHandler_CreateOrganization_Success (0.00s)
=== RUN   TestOrganizationHandler_GetOrganizationByID_Success
--- PASS: TestOrganizationHandler_GetOrganizationByID_Success (0.00s)
=== RUN   TestOrganizationHandler_GetAllOrganizations_Success
DEBUG: Fetching organization in schema: test
--- PASS: TestOrganizationHandler_GetAllOrganizations_Success (0.00s)
=== RUN   TestOrganizationHandler_UpdateOrganization_Success
--- PASS: TestOrganizationHandler_UpdateOrganization_Success (0.00s)
=== RUN   TestOrganizationHandler_UpdateOrganization_ServiceError
--- PASS: TestOrganizationHandler_UpdateOrganization_ServiceError (0.00s)
=== RUN   TestOrganizationHandler_DeleteOrganization_Success
--- PASS: TestOrganizationHandler_DeleteOrganization_Success (0.00s)
=== RUN   TestOrganizationHandler_GetOrganizationByEmail_MissingEmail
--- PASS: TestOrganizationHandler_GetOrganizationByEmail_MissingEmail (0.00s)
=== RUN   TestOrganizationHandler_GetOrganizationByEmail_Success
--- PASS: TestOrganizationHandler_GetOrganizationByEmail_Success (0.00s)
=== RUN   TestNewTableHandler
--- PASS: TestNewTableHandler (0.00s)
=== RUN   TestTableHandler_CreateTable_InvalidJSON
--- PASS: TestTableHandler_CreateTable_InvalidJSON (0.00s)
=== RUN   TestTableHandler_ImportTable_Success
--- PASS: TestTableHandler_ImportTable_Success (0.00s)
=== RUN   TestTableHandler_ImportTable_NoFile
--- PASS: TestTableHandler_ImportTable_NoFile (0.00s)
=== RUN   TestTableHandler_ImportTable_NoBaseId
--- PASS: TestTableHandler_ImportTable_NoBaseId (0.00s)
=== RUN   TestTableHandler_CreateTable_Success
--- PASS: TestTableHandler_CreateTable_Success (0.00s)
=== RUN   TestTableHandler_UpdateTable_InvalidID
--- PASS: TestTableHandler_UpdateTable_InvalidID (0.00s)
=== RUN   TestTableHandler_UpdateTable_Success
--- PASS: TestTableHandler_UpdateTable_Success (0.00s)
=== RUN   TestTableHandler_UpdateTable_ServiceError
--- PASS: TestTableHandler_UpdateTable_ServiceError (0.00s)
=== RUN   TestTableHandler_GetTableByID_InvalidID
--- PASS: TestTableHandler_GetTableByID_InvalidID (0.00s)
=== RUN   TestTableHandler_GetTableByID_Success
--- PASS: TestTableHandler_GetTableByID_Success (0.00s)
=== RUN   TestTableHandler_GetTableByID_ServiceError
--- PASS: TestTableHandler_GetTableByID_ServiceError (0.00s)
=== RUN   TestTableHandler_GetAllTables_Success
--- PASS: TestTableHandler_GetAllTables_Success (0.00s)
=== RUN   TestTableHandler_GetAllTables_ServiceError
--- PASS: TestTableHandler_GetAllTables_ServiceError (0.00s)
=== RUN   TestTableHandler_AddColumn_Success
--- PASS: TestTableHandler_AddColumn_Success (0.00s)
=== RUN   TestTableHandler_AddColumn_InvalidJSON
--- PASS: TestTableHandler_AddColumn_InvalidJSON (0.00s)
=== RUN   TestTableHandler_AddColumn_ServiceError
--- PASS: TestTableHandler_AddColumn_ServiceError (0.00s)
=== RUN   TestTableHandler_GetColumnById_Success
--- PASS: TestTableHandler_GetColumnById_Success (0.00s)
=== RUN   TestTableHandler_GetAllColumns_Success
--- PASS: TestTableHandler_GetAllColumns_Success (0.00s)
=== RUN   TestTableHandler_GetAllColumns_ServiceError
--- PASS: TestTableHandler_GetAllColumns_ServiceError (0.00s)
=== RUN   TestTableHandler_GetColumnsByTable_Success
--- PASS: TestTableHandler_GetColumnsByTable_Success (0.00s)
=== RUN   TestTableHandler_CreateView_Success
--- PASS: TestTableHandler_CreateView_Success (0.00s)
=== RUN   TestTableHandler_CreateView_InvalidJSON
--- PASS: TestTableHandler_CreateView_InvalidJSON (0.00s)
=== RUN   TestTableHandler_CreateView_ServiceError
--- PASS: TestTableHandler_CreateView_ServiceError (0.00s)
=== RUN   TestTableHandler_GetViewByID_Success
--- PASS: TestTableHandler_GetViewByID_Success (0.00s)
=== RUN   TestTableHandler_GetAllViews_Success
--- PASS: TestTableHandler_GetAllViews_Success (0.00s)
=== RUN   TestTableHandler_GetAllViews_ServiceError
--- PASS: TestTableHandler_GetAllViews_ServiceError (0.00s)
=== RUN   TestTableHandler_GetViewsByModelID_Success
--- PASS: TestTableHandler_GetViewsByModelID_Success (0.00s)
=== RUN   TestTableHandler_UpdateView_Success
--- PASS: TestTableHandler_UpdateView_Success (0.05s)
=== RUN   TestTableHandler_DeleteView_Success
--- PASS: TestTableHandler_DeleteView_Success (0.00s)
=== RUN   TestTableHandler_UpdateColumn_Success
--- PASS: TestTableHandler_UpdateColumn_Success (0.00s)
=== RUN   TestTableHandler_DeleteColumn_Success
--- PASS: TestTableHandler_DeleteColumn_Success (0.00s)
=== RUN   TestTableHandler_CreateRow_Success
--- PASS: TestTableHandler_CreateRow_Success (0.00s)
=== RUN   TestTableHandler_CreateRow_InvalidJSON
--- PASS: TestTableHandler_CreateRow_InvalidJSON (0.00s)
=== RUN   TestTableHandler_CreateRow_ServiceError
--- PASS: TestTableHandler_CreateRow_ServiceError (0.00s)
=== RUN   TestTableHandler_InsertRowDataForLinks_Success
--- PASS: TestTableHandler_InsertRowDataForLinks_Success (0.00s)
=== RUN   TestTableHandler_InsertRowDataForLinks_InvalidJSON
--- PASS: TestTableHandler_InsertRowDataForLinks_InvalidJSON (0.00s)
=== RUN   TestTableHandler_InsertRowDataForLinks_ServiceError
--- PASS: TestTableHandler_InsertRowDataForLinks_ServiceError (0.00s)
=== RUN   TestTableHandler_AddAttachment_NoMultipart
--- PASS: TestTableHandler_AddAttachment_NoMultipart (0.00s)
=== RUN   TestTableHandler_AddAttachment_NoFiles
--- PASS: TestTableHandler_AddAttachment_NoFiles (2.82s)
=== RUN   TestTableHandler_AddAttachment_MissingModelID
--- PASS: TestTableHandler_AddAttachment_MissingModelID (0.00s)
=== RUN   TestTableHandler_AddAttachment_Success
--- PASS: TestTableHandler_AddAttachment_Success (0.00s)
=== RUN   TestTableHandler_RemoveAttachments_Success
--- PASS: TestTableHandler_RemoveAttachments_Success (0.00s)
=== RUN   TestTableHandler_GetAllRecords_Success
--- PASS: TestTableHandler_GetAllRecords_Success (0.00s)
=== RUN   TestTableHandler_InsertRowData_Success
--- PASS: TestTableHandler_InsertRowData_Success (0.00s)
=== RUN   TestTableHandler_InsertRowData_InvalidJSON
--- PASS: TestTableHandler_InsertRowData_InvalidJSON (0.00s)
=== RUN   TestTableHandler_InsertRowData_ServiceError
--- PASS: TestTableHandler_InsertRowData_ServiceError (0.00s)
=== RUN   TestTableHandler_DeleteRow_Success
--- PASS: TestTableHandler_DeleteRow_Success (0.00s)
=== RUN   TestTableHandler_DeleteRow_InvalidJSON
--- PASS: TestTableHandler_DeleteRow_InvalidJSON (0.00s)
=== RUN   TestTableHandler_DeleteRow_ValidationError
--- PASS: TestTableHandler_DeleteRow_ValidationError (0.00s)
=== RUN   TestTableHandler_DeleteTable_Success
--- PASS: TestTableHandler_DeleteTable_Success (0.00s)
=== RUN   TestTableHandler_DeleteTable_InvalidID
--- PASS: TestTableHandler_DeleteTable_InvalidID (0.00s)
=== RUN   TestTableHandler_DeleteTable_BadUUID
--- PASS: TestTableHandler_DeleteTable_BadUUID (0.00s)
=== RUN   TestTableHandler_ReorderColumn_Success
--- PASS: TestTableHandler_ReorderColumn_Success (0.00s)
=== RUN   TestTableHandler_ReorderColumn_InvalidJSON
--- PASS: TestTableHandler_ReorderColumn_InvalidJSON (0.00s)
=== RUN   TestTableHandler_ReorderColumn_ServiceError
--- PASS: TestTableHandler_ReorderColumn_ServiceError (0.00s)
=== RUN   TestTableHandler_BulkDeleteRows_Success
--- PASS: TestTableHandler_BulkDeleteRows_Success (0.00s)
=== RUN   TestTableHandler_BulkDeleteRows_InvalidJSON
--- PASS: TestTableHandler_BulkDeleteRows_InvalidJSON (0.00s)
=== RUN   TestTableHandler_BulkDeleteRows_ValidationError
--- PASS: TestTableHandler_BulkDeleteRows_ValidationError (0.00s)
=== RUN   TestTableHandler_RemoveAttachments_InvalidJSON
--- PASS: TestTableHandler_RemoveAttachments_InvalidJSON (0.00s)
=== RUN   TestTableHandler_RemoveAttachments_ValidationError
--- PASS: TestTableHandler_RemoveAttachments_ValidationError (0.00s)
=== RUN   TestNewUserHandler
--- PASS: TestNewUserHandler (0.00s)
=== RUN   TestUserHandler_GetUserProfileByID_EmptyID
--- PASS: TestUserHandler_GetUserProfileByID_EmptyID (0.00s)
=== RUN   TestUserHandler_GetUserProfileByID_Success
--- PASS: TestUserHandler_GetUserProfileByID_Success (0.00s)
=== RUN   TestUserHandler_GetUserProfileByID_ServiceError
--- PASS: TestUserHandler_GetUserProfileByID_ServiceError (0.00s)
=== RUN   TestUserHandler_UpdateUserProfile_NoAvatar
--- PASS: TestUserHandler_UpdateUserProfile_NoAvatar (0.00s)
=== RUN   TestUserHandler_UpdateUserProfile_AllFields
--- PASS: TestUserHandler_UpdateUserProfile_AllFields (0.00s)
=== RUN   TestUserHandler_UpdateUserProfile_WithAvatar
--- PASS: TestUserHandler_UpdateUserProfile_WithAvatar (0.00s)
=== RUN   TestUserHandler_AddAvatar_MissingFile
--- PASS: TestUserHandler_AddAvatar_MissingFile (0.00s)
=== RUN   TestUserHandler_AddAvatar_MissingID
--- PASS: TestUserHandler_AddAvatar_MissingID (0.00s)
=== RUN   TestUserHandler_AddAvatar_Success
--- PASS: TestUserHandler_AddAvatar_Success (0.00s)
=== RUN   TestUserHandler_RemoveAvatar_Success
--- PASS: TestUserHandler_RemoveAvatar_Success (0.00s)
=== RUN   TestUserHandler_RemoveAvatar_MissingID
--- PASS: TestUserHandler_RemoveAvatar_MissingID (0.00s)
=== RUN   TestUserHandler_GetWorkspaces_Success
--- PASS: TestUserHandler_GetWorkspaces_Success (0.00s)
=== RUN   TestUserHandler_GetUserAccessDetails_Unauthorized
--- PASS: TestUserHandler_GetUserAccessDetails_Unauthorized (0.00s)
=== RUN   TestUserHandler_GetUserAccessDetails_Success
--- PASS: TestUserHandler_GetUserAccessDetails_Success (0.00s)
=== RUN   TestUserHandler_GetUserRolesAndAccess_MissingID
--- PASS: TestUserHandler_GetUserRolesAndAccess_MissingID (0.00s)
=== RUN   TestUserHandler_GetUserRolesAndAccess_Success
--- PASS: TestUserHandler_GetUserRolesAndAccess_Success (0.00s)
=== RUN   TestBaseValidators
=== RUN   TestBaseValidators/BaseCreationTitleRequired
=== RUN   TestBaseValidators/BaseCreationTitleInvalid
=== RUN   TestBaseValidators/BaseCreationDescriptionInvalid
=== RUN   TestBaseValidators/BaseCreationUnknownField
=== RUN   TestBaseValidators/BaseUpdateIDRequired
=== RUN   TestBaseValidators/BaseUpdateIDInvalid
=== RUN   TestBaseValidators/BaseUpdateTitleRequired
=== RUN   TestBaseValidators/BaseUpdateTitleInvalid
=== RUN   TestBaseValidators/BaseUpdateDescriptionInvalid
=== RUN   TestBaseValidators/BaseUpdateUnknownField
--- PASS: TestBaseValidators (0.00s)
    --- PASS: TestBaseValidators/BaseCreationTitleRequired (0.00s)
    --- PASS: TestBaseValidators/BaseCreationTitleInvalid (0.00s)
    --- PASS: TestBaseValidators/BaseCreationDescriptionInvalid (0.00s)
    --- PASS: TestBaseValidators/BaseCreationUnknownField (0.00s)
    --- PASS: TestBaseValidators/BaseUpdateIDRequired (0.00s)
    --- PASS: TestBaseValidators/BaseUpdateIDInvalid (0.00s)
    --- PASS: TestBaseValidators/BaseUpdateTitleRequired (0.00s)
    --- PASS: TestBaseValidators/BaseUpdateTitleInvalid (0.00s)
    --- PASS: TestBaseValidators/BaseUpdateDescriptionInvalid (0.00s)
    --- PASS: TestBaseValidators/BaseUpdateUnknownField (0.00s)
=== RUN   TestAssetValidators
=== RUN   TestAssetValidators/AssetBulkIdsRequired
=== RUN   TestAssetValidators/AssetBulkIdsInvalid
=== RUN   TestAssetValidators/AssetBulkUnknown
=== RUN   TestAssetValidators/AssetUpdateTitleRequired
=== RUN   TestAssetValidators/AssetUpdateTitleInvalid
=== RUN   TestAssetValidators/AssetUpdateUnknownField
--- PASS: TestAssetValidators (0.00s)
    --- PASS: TestAssetValidators/AssetBulkIdsRequired (0.00s)
    --- PASS: TestAssetValidators/AssetBulkIdsInvalid (0.00s)
    --- PASS: TestAssetValidators/AssetBulkUnknown (0.00s)
    --- PASS: TestAssetValidators/AssetUpdateTitleRequired (0.00s)
    --- PASS: TestAssetValidators/AssetUpdateTitleInvalid (0.00s)
    --- PASS: TestAssetValidators/AssetUpdateUnknownField (0.00s)
=== RUN   TestAuthValidationErrors
=== RUN   TestAuthValidationErrors/Register
=== RUN   TestAuthValidationErrors/Register/RegisterFirstNameRequired
=== RUN   TestAuthValidationErrors/Register/RegisterFirstNameInvalid
=== RUN   TestAuthValidationErrors/Register/RegisterLastNameRequired
=== RUN   TestAuthValidationErrors/Register/RegisterEmailRequired
=== RUN   TestAuthValidationErrors/Register/RegisterEmailInvalidFormat
=== RUN   TestAuthValidationErrors/Register/RegisterEmailInvalid
=== RUN   TestAuthValidationErrors/Register/RegisterPasswordRequired
=== RUN   TestAuthValidationErrors/Register/RegisterPasswordTooShort
=== RUN   TestAuthValidationErrors/Register/RegisterPasswordInvalid
=== RUN   TestAuthValidationErrors/Register/RegisterDateOfBirthInvalid
=== RUN   TestAuthValidationErrors/Register/RegisterCountryInvalid
=== RUN   TestAuthValidationErrors/Register/RegisterTimezoneInvalid
=== RUN   TestAuthValidationErrors/Register/RegisterUnknown
=== RUN   TestAuthValidationErrors/Login
=== RUN   TestAuthValidationErrors/Login/LoginEmailRequired
=== RUN   TestAuthValidationErrors/Login/LoginEmailInvalidFormat
=== RUN   TestAuthValidationErrors/Login/LoginPasswordRequired
=== RUN   TestAuthValidationErrors/Login/LoginPasswordInvalid
=== RUN   TestAuthValidationErrors/Login/LoginUnknown
=== RUN   TestAuthValidationErrors/VerifyEmail
=== RUN   TestAuthValidationErrors/VerifyEmail/VerifyEmailTokenRequired
=== RUN   TestAuthValidationErrors/VerifyEmail/VerifyEmailOtpInvalid
=== RUN   TestAuthValidationErrors/VerifyEmail/VerifyEmailUnknown
=== RUN   TestAuthValidationErrors/VerifyResendOtp
=== RUN   TestAuthValidationErrors/VerifyResendOtp/VerifyResendTokenRequired
=== RUN   TestAuthValidationErrors/VerifyResendOtp/VerifyResendTokenInvalidFormat
=== RUN   TestAuthValidationErrors/VerifyResendOtp/VerifyResendUnknown
=== RUN   TestAuthValidationErrors/RefreshToken
=== RUN   TestAuthValidationErrors/RefreshToken/RefreshTokenRequired
=== RUN   TestAuthValidationErrors/RefreshToken/RefreshTokenInvalid
=== RUN   TestAuthValidationErrors/RefreshToken/RefreshTokenUnknown
=== RUN   TestAuthValidationErrors/ForgotPassword
=== RUN   TestAuthValidationErrors/ForgotPassword/ForgotPasswordEmailRequired
=== RUN   TestAuthValidationErrors/ForgotPassword/ForgotPasswordEmailInvalidFormat
=== RUN   TestAuthValidationErrors/ForgotPassword/ForgotPasswordUnknown
=== RUN   TestAuthValidationErrors/ResetPassword
=== RUN   TestAuthValidationErrors/ResetPassword/ResetTokenRequired
=== RUN   TestAuthValidationErrors/ResetPassword/ResetTokenInvalidFormat
=== RUN   TestAuthValidationErrors/ResetPassword/ResetNewPasswordRequired
=== RUN   TestAuthValidationErrors/ResetPassword/ResetNewPasswordInvalid
=== RUN   TestAuthValidationErrors/ResetPassword/ResetUnknown
=== RUN   TestAuthValidationErrors/ValidateToken
=== RUN   TestAuthValidationErrors/ValidateToken/ValidateTokenRequired
=== RUN   TestAuthValidationErrors/ValidateToken/ValidateTokenInvalid
=== RUN   TestAuthValidationErrors/ValidateToken/ValidateTokenUnknown
=== RUN   TestAuthValidationErrors/Logout
=== RUN   TestAuthValidationErrors/Logout/LogoutTokenRequired
=== RUN   TestAuthValidationErrors/Logout/LogoutTokenInvalidFormat
=== RUN   TestAuthValidationErrors/Logout/LogoutTokenInvalid
=== RUN   TestAuthValidationErrors/Logout/LogoutUnknown
=== RUN   TestAuthValidationErrors/UserLifecycle
=== RUN   TestAuthValidationErrors/UserLifecycle/AddUserEmailRequired
=== RUN   TestAuthValidationErrors/UserLifecycle/AddUserEmailInvalid
=== RUN   TestAuthValidationErrors/UserLifecycle/AddUserFirstNameRequired
=== RUN   TestAuthValidationErrors/UserLifecycle/AddUserLastNameInvalid
=== RUN   TestAuthValidationErrors/UserLifecycle/AddUserUnknown
=== RUN   TestAuthValidationErrors/UserLifecycle/RemoveUserIDRequired
=== RUN   TestAuthValidationErrors/UserLifecycle/RemoveUserIDInvalid
=== RUN   TestAuthValidationErrors/UserLifecycle/RemoveUserUnknown
=== RUN   TestAuthValidationErrors/Membership
=== RUN   TestAuthValidationErrors/Membership/CreateMemberWorkspaceRequired
=== RUN   TestAuthValidationErrors/Membership/CreateMemberUserInvalid
=== RUN   TestAuthValidationErrors/Membership/CreateMemberAccessLevelRequired
=== RUN   TestAuthValidationErrors/Membership/CreateMemberBasesInvalid
=== RUN   TestAuthValidationErrors/Membership/RemoveMemberWorkspaceInvalid
=== RUN   TestAuthValidationErrors/Membership/RemoveMemberUserRequired
=== RUN   TestAuthValidationErrors/Membership/AddMultipleWorkspaceRequired
=== RUN   TestAuthValidationErrors/Membership/AddMultipleUserIDsMin
=== RUN   TestAuthValidationErrors/Membership/AddMultipleAccessLevelInvalid
=== RUN   TestAuthValidationErrors/Membership/MembershipUnknown
=== RUN   TestAuthValidationErrors/UserActivation
=== RUN   TestAuthValidationErrors/UserActivation/ActivateRequired
=== RUN   TestAuthValidationErrors/UserActivation/ActivateInvalid
=== RUN   TestAuthValidationErrors/UserActivation/DeactivateRequired
=== RUN   TestAuthValidationErrors/UserActivation/DeactivateInvalid
=== RUN   TestAuthValidationErrors/UserActivation/ActivationUnknown
--- PASS: TestAuthValidationErrors (0.15s)
    --- PASS: TestAuthValidationErrors/Register (0.01s)
        --- PASS: TestAuthValidationErrors/Register/RegisterFirstNameRequired (0.00s)
        --- PASS: TestAuthValidationErrors/Register/RegisterFirstNameInvalid (0.00s)
        --- PASS: TestAuthValidationErrors/Register/RegisterLastNameRequired (0.00s)
        --- PASS: TestAuthValidationErrors/Register/RegisterEmailRequired (0.00s)
        --- PASS: TestAuthValidationErrors/Register/RegisterEmailInvalidFormat (0.00s)
        --- PASS: TestAuthValidationErrors/Register/RegisterEmailInvalid (0.00s)
        --- PASS: TestAuthValidationErrors/Register/RegisterPasswordRequired (0.00s)
        --- PASS: TestAuthValidationErrors/Register/RegisterPasswordTooShort (0.00s)
        --- PASS: TestAuthValidationErrors/Register/RegisterPasswordInvalid (0.00s)
        --- PASS: TestAuthValidationErrors/Register/RegisterDateOfBirthInvalid (0.00s)
        --- PASS: TestAuthValidationErrors/Register/RegisterCountryInvalid (0.00s)
        --- PASS: TestAuthValidationErrors/Register/RegisterTimezoneInvalid (0.00s)
        --- PASS: TestAuthValidationErrors/Register/RegisterUnknown (0.00s)
    --- PASS: TestAuthValidationErrors/Login (0.00s)
        --- PASS: TestAuthValidationErrors/Login/LoginEmailRequired (0.00s)
        --- PASS: TestAuthValidationErrors/Login/LoginEmailInvalidFormat (0.00s)
        --- PASS: TestAuthValidationErrors/Login/LoginPasswordRequired (0.00s)
        --- PASS: TestAuthValidationErrors/Login/LoginPasswordInvalid (0.00s)
        --- PASS: TestAuthValidationErrors/Login/LoginUnknown (0.00s)
    --- PASS: TestAuthValidationErrors/VerifyEmail (0.00s)
        --- PASS: TestAuthValidationErrors/VerifyEmail/VerifyEmailTokenRequired (0.00s)
        --- PASS: TestAuthValidationErrors/VerifyEmail/VerifyEmailOtpInvalid (0.00s)
        --- PASS: TestAuthValidationErrors/VerifyEmail/VerifyEmailUnknown (0.00s)
    --- PASS: TestAuthValidationErrors/VerifyResendOtp (0.00s)
        --- PASS: TestAuthValidationErrors/VerifyResendOtp/VerifyResendTokenRequired (0.00s)
        --- PASS: TestAuthValidationErrors/VerifyResendOtp/VerifyResendTokenInvalidFormat (0.00s)
        --- PASS: TestAuthValidationErrors/VerifyResendOtp/VerifyResendUnknown (0.00s)
    --- PASS: TestAuthValidationErrors/RefreshToken (0.00s)
        --- PASS: TestAuthValidationErrors/RefreshToken/RefreshTokenRequired (0.00s)
        --- PASS: TestAuthValidationErrors/RefreshToken/RefreshTokenInvalid (0.00s)
        --- PASS: TestAuthValidationErrors/RefreshToken/RefreshTokenUnknown (0.00s)
    --- PASS: TestAuthValidationErrors/ForgotPassword (0.00s)
        --- PASS: TestAuthValidationErrors/ForgotPassword/ForgotPasswordEmailRequired (0.00s)
        --- PASS: TestAuthValidationErrors/ForgotPassword/ForgotPasswordEmailInvalidFormat (0.00s)
        --- PASS: TestAuthValidationErrors/ForgotPassword/ForgotPasswordUnknown (0.00s)
    --- PASS: TestAuthValidationErrors/ResetPassword (0.00s)
        --- PASS: TestAuthValidationErrors/ResetPassword/ResetTokenRequired (0.00s)
        --- PASS: TestAuthValidationErrors/ResetPassword/ResetTokenInvalidFormat (0.00s)
        --- PASS: TestAuthValidationErrors/ResetPassword/ResetNewPasswordRequired (0.00s)
        --- PASS: TestAuthValidationErrors/ResetPassword/ResetNewPasswordInvalid (0.00s)
        --- PASS: TestAuthValidationErrors/ResetPassword/ResetUnknown (0.00s)
    --- PASS: TestAuthValidationErrors/ValidateToken (0.00s)
        --- PASS: TestAuthValidationErrors/ValidateToken/ValidateTokenRequired (0.00s)
        --- PASS: TestAuthValidationErrors/ValidateToken/ValidateTokenInvalid (0.00s)
        --- PASS: TestAuthValidationErrors/ValidateToken/ValidateTokenUnknown (0.00s)
    --- PASS: TestAuthValidationErrors/Logout (0.00s)
        --- PASS: TestAuthValidationErrors/Logout/LogoutTokenRequired (0.00s)
        --- PASS: TestAuthValidationErrors/Logout/LogoutTokenInvalidFormat (0.00s)
        --- PASS: TestAuthValidationErrors/Logout/LogoutTokenInvalid (0.00s)
        --- PASS: TestAuthValidationErrors/Logout/LogoutUnknown (0.00s)
    --- PASS: TestAuthValidationErrors/UserLifecycle (0.07s)
        --- PASS: TestAuthValidationErrors/UserLifecycle/AddUserEmailRequired (0.00s)
        --- PASS: TestAuthValidationErrors/UserLifecycle/AddUserEmailInvalid (0.00s)
        --- PASS: TestAuthValidationErrors/UserLifecycle/AddUserFirstNameRequired (0.00s)
        --- PASS: TestAuthValidationErrors/UserLifecycle/AddUserLastNameInvalid (0.00s)
        --- PASS: TestAuthValidationErrors/UserLifecycle/AddUserUnknown (0.00s)
        --- PASS: TestAuthValidationErrors/UserLifecycle/RemoveUserIDRequired (0.00s)
        --- PASS: TestAuthValidationErrors/UserLifecycle/RemoveUserIDInvalid (0.00s)
        --- PASS: TestAuthValidationErrors/UserLifecycle/RemoveUserUnknown (0.00s)
    --- PASS: TestAuthValidationErrors/Membership (0.06s)
        --- PASS: TestAuthValidationErrors/Membership/CreateMemberWorkspaceRequired (0.00s)
        --- PASS: TestAuthValidationErrors/Membership/CreateMemberUserInvalid (0.00s)
        --- PASS: TestAuthValidationErrors/Membership/CreateMemberAccessLevelRequired (0.00s)
        --- PASS: TestAuthValidationErrors/Membership/CreateMemberBasesInvalid (0.00s)
        --- PASS: TestAuthValidationErrors/Membership/RemoveMemberWorkspaceInvalid (0.00s)
        --- PASS: TestAuthValidationErrors/Membership/RemoveMemberUserRequired (0.00s)
        --- PASS: TestAuthValidationErrors/Membership/AddMultipleWorkspaceRequired (0.00s)
        --- PASS: TestAuthValidationErrors/Membership/AddMultipleUserIDsMin (0.00s)
        --- PASS: TestAuthValidationErrors/Membership/AddMultipleAccessLevelInvalid (0.00s)
        --- PASS: TestAuthValidationErrors/Membership/MembershipUnknown (0.00s)
    --- PASS: TestAuthValidationErrors/UserActivation (0.00s)
        --- PASS: TestAuthValidationErrors/UserActivation/ActivateRequired (0.00s)
        --- PASS: TestAuthValidationErrors/UserActivation/ActivateInvalid (0.00s)
        --- PASS: TestAuthValidationErrors/UserActivation/DeactivateRequired (0.00s)
        --- PASS: TestAuthValidationErrors/UserActivation/DeactivateInvalid (0.00s)
        --- PASS: TestAuthValidationErrors/UserActivation/ActivationUnknown (0.00s)
=== RUN   TestOrganizationValidators
=== RUN   TestOrganizationValidators/Creation
=== RUN   TestOrganizationValidators/Creation/OrganizationCreationNameRequired
=== RUN   TestOrganizationValidators/Creation/OrganizationCreationEmailInvalid
=== RUN   TestOrganizationValidators/Creation/OrganizationCreationUnknown
=== RUN   TestOrganizationValidators/Update
=== RUN   TestOrganizationValidators/Update/OrganizationUpdateEmailInvalid
=== RUN   TestOrganizationValidators/Update/OrganizationUpdateUnknown
--- PASS: TestOrganizationValidators (0.00s)
    --- PASS: TestOrganizationValidators/Creation (0.00s)
        --- PASS: TestOrganizationValidators/Creation/OrganizationCreationNameRequired (0.00s)
        --- PASS: TestOrganizationValidators/Creation/OrganizationCreationEmailInvalid (0.00s)
        --- PASS: TestOrganizationValidators/Creation/OrganizationCreationUnknown (0.00s)
    --- PASS: TestOrganizationValidators/Update (0.00s)
        --- PASS: TestOrganizationValidators/Update/OrganizationUpdateEmailInvalid (0.00s)
        --- PASS: TestOrganizationValidators/Update/OrganizationUpdateUnknown (0.00s)
=== RUN   TestTableValidators
=== RUN   TestTableValidators/CreateTable
=== RUN   TestTableValidators/CreateTable/CreateTableBaseIDRequired
=== RUN   TestTableValidators/CreateTable/CreateTableBaseIDInvalid
=== RUN   TestTableValidators/CreateTable/CreateTableWorkspaceRequired
=== RUN   TestTableValidators/CreateTable/CreateTableWorkspaceInvalid
=== RUN   TestTableValidators/CreateTable/CreateTableTitleRequired
=== RUN   TestTableValidators/CreateTable/CreateTableTitleInvalid
=== RUN   TestTableValidators/CreateTable/CreateTableDescriptionRequired
=== RUN   TestTableValidators/CreateTable/CreateTableDescriptionInvalid
=== RUN   TestTableValidators/CreateTable/CreateTableOrderIndexRequired
=== RUN   TestTableValidators/CreateTable/CreateTableOrderIndexInvalid
=== RUN   TestTableValidators/CreateTable/CreateTableUnknown
=== RUN   TestTableValidators/AddColumn
=== RUN   TestTableValidators/AddColumn/AddColumnModelIDRequired
=== RUN   TestTableValidators/AddColumn/AddColumnModelIDInvalid
=== RUN   TestTableValidators/AddColumn/AddColumnMetaRequired
=== RUN   TestTableValidators/AddColumn/AddColumnMetaInvalid
=== RUN   TestTableValidators/AddColumn/AddColumnVirtualRequired
=== RUN   TestTableValidators/AddColumn/AddColumnVirtualInvalid
=== RUN   TestTableValidators/AddColumn/AddColumnSystemRequired
=== RUN   TestTableValidators/AddColumn/AddColumnSystemInvalid
=== RUN   TestTableValidators/AddColumn/AddColumnOrderIndexInvalid
=== RUN   TestTableValidators/AddColumn/AddColumnUnknown
=== RUN   TestTableValidators/CreateView
=== RUN   TestTableValidators/CreateView/CreateViewModelIDRequired
=== RUN   TestTableValidators/CreateView/CreateViewModelIDInvalid
=== RUN   TestTableValidators/CreateView/CreateViewMetaRequired
=== RUN   TestTableValidators/CreateView/CreateViewMetaInvalid
=== RUN   TestTableValidators/CreateView/CreateViewBaseIDRequired
=== RUN   TestTableValidators/CreateView/CreateViewBaseIDInvalid
=== RUN   TestTableValidators/CreateView/CreateViewTitleRequired
=== RUN   TestTableValidators/CreateView/CreateViewTitleInvalid
=== RUN   TestTableValidators/CreateView/CreateViewDescriptionRequired
=== RUN   TestTableValidators/CreateView/CreateViewDescriptionInvalid
=== RUN   TestTableValidators/CreateView/CreateViewTypeRequired
=== RUN   TestTableValidators/CreateView/CreateViewTypeInvalid
=== RUN   TestTableValidators/CreateView/CreateViewOrderIndexRequired
=== RUN   TestTableValidators/CreateView/CreateViewOrderIndexInvalid
=== RUN   TestTableValidators/CreateView/CreateViewUnknown
=== RUN   TestTableValidators/CreateRow
=== RUN   TestTableValidators/CreateRow/CreateRowModelIDRequired
=== RUN   TestTableValidators/CreateRow/CreateRowModelIDInvalid
=== RUN   TestTableValidators/CreateRow/CreateRowUnknown
=== RUN   TestTableValidators/InsertRow
=== RUN   TestTableValidators/InsertRow/InsertRowModelIDRequired
=== RUN   TestTableValidators/InsertRow/InsertRowModelIDInvalid
=== RUN   TestTableValidators/InsertRow/InsertRowColumnIdRequired
=== RUN   TestTableValidators/InsertRow/InsertRowColumnIdInvalid
=== RUN   TestTableValidators/InsertRow/InsertRowRowIdRequired
=== RUN   TestTableValidators/InsertRow/InsertRowRowIdInvalid
=== RUN   TestTableValidators/InsertRow/InsertRowValueRequired
=== RUN   TestTableValidators/InsertRow/InsertRowValueInvalid
=== RUN   TestTableValidators/InsertRow/InsertRowUnknown
=== RUN   TestTableValidators/DeleteRow
=== RUN   TestTableValidators/DeleteRow/DeleteRowModelIDRequired
=== RUN   TestTableValidators/DeleteRow/DeleteRowModelIDInvalid
=== RUN   TestTableValidators/DeleteRow/DeleteRowRowIdRequired
=== RUN   TestTableValidators/DeleteRow/DeleteRowRowIdInvalid
=== RUN   TestTableValidators/DeleteRow/DeleteRowUnknown
=== RUN   TestTableValidators/BulkDeleteRows
=== RUN   TestTableValidators/BulkDeleteRows/BulkDeleteModelIDRequired
=== RUN   TestTableValidators/BulkDeleteRows/BulkDeleteModelIDInvalid
=== RUN   TestTableValidators/BulkDeleteRows/BulkDeleteRowIdsRequired
=== RUN   TestTableValidators/BulkDeleteRows/BulkDeleteRowIdsInvalid
=== RUN   TestTableValidators/BulkDeleteRows/BulkDeleteRowIdsInvalidValue
=== RUN   TestTableValidators/BulkDeleteRows/BulkDeleteUnknown
=== RUN   TestTableValidators/UpdateRowDataLinks
=== RUN   TestTableValidators/UpdateRowDataLinks/UpdateRowLinksModelIDRequired
=== RUN   TestTableValidators/UpdateRowDataLinks/UpdateRowLinksModelIDInvalid
=== RUN   TestTableValidators/UpdateRowDataLinks/UpdateRowLinksColumnIdRequired
=== RUN   TestTableValidators/UpdateRowDataLinks/UpdateRowLinksColumnIdInvalid
=== RUN   TestTableValidators/UpdateRowDataLinks/UpdateRowLinksSourceRowIdRequired
=== RUN   TestTableValidators/UpdateRowDataLinks/UpdateRowLinksSourceRowIdInvalid
=== RUN   TestTableValidators/UpdateRowDataLinks/UpdateRowLinksTargetRowIdInvalid
=== RUN   TestTableValidators/UpdateRowDataLinks/UpdateRowLinksActionRequired
=== RUN   TestTableValidators/UpdateRowDataLinks/UpdateRowLinksActionInvalid
=== RUN   TestTableValidators/UpdateRowDataLinks/UpdateRowLinksUnknown
=== RUN   TestTableValidators/RemoveAttachments
=== RUN   TestTableValidators/RemoveAttachments/RemoveAttachmentsModelIDRequired
=== RUN   TestTableValidators/RemoveAttachments/RemoveAttachmentsModelIDInvalid
=== RUN   TestTableValidators/RemoveAttachments/RemoveAttachmentsColumnIdRequired
=== RUN   TestTableValidators/RemoveAttachments/RemoveAttachmentsColumnIdInvalid
=== RUN   TestTableValidators/RemoveAttachments/RemoveAttachmentsRowIdRequired
=== RUN   TestTableValidators/RemoveAttachments/RemoveAttachmentsRowIdInvalid
=== RUN   TestTableValidators/RemoveAttachments/RemoveAttachmentsRequired
=== RUN   TestTableValidators/RemoveAttachments/RemoveAttachmentsInvalid
=== RUN   TestTableValidators/RemoveAttachments/RemoveAttachmentsUnknown
=== RUN   TestTableValidators/Pagination
=== RUN   TestTableValidators/Pagination/PaginationModelIDInvalid
=== RUN   TestTableValidators/Pagination/PaginationPageSizeRequired
=== RUN   TestTableValidators/Pagination/PaginationPageSizeInvalid
=== RUN   TestTableValidators/Pagination/PaginationPageNumberRequired
=== RUN   TestTableValidators/Pagination/PaginationPageNumberInvalid
=== RUN   TestTableValidators/Pagination/PaginationUnknown
=== RUN   TestTableValidators/ReorderColumn
=== RUN   TestTableValidators/ReorderColumn/ReorderSourceColumnIDRequired
=== RUN   TestTableValidators/ReorderColumn/ReorderSourceColumnIDInvalid
=== RUN   TestTableValidators/ReorderColumn/ReorderTargetColumnIDInvalid
=== RUN   TestTableValidators/ReorderColumn/ReorderColumnUnknown
--- PASS: TestTableValidators (0.09s)
    --- PASS: TestTableValidators/CreateTable (0.00s)
        --- PASS: TestTableValidators/CreateTable/CreateTableBaseIDRequired (0.00s)
        --- PASS: TestTableValidators/CreateTable/CreateTableBaseIDInvalid (0.00s)
        --- PASS: TestTableValidators/CreateTable/CreateTableWorkspaceRequired (0.00s)
        --- PASS: TestTableValidators/CreateTable/CreateTableWorkspaceInvalid (0.00s)
        --- PASS: TestTableValidators/CreateTable/CreateTableTitleRequired (0.00s)
        --- PASS: TestTableValidators/CreateTable/CreateTableTitleInvalid (0.00s)
        --- PASS: TestTableValidators/CreateTable/CreateTableDescriptionRequired (0.00s)
        --- PASS: TestTableValidators/CreateTable/CreateTableDescriptionInvalid (0.00s)
        --- PASS: TestTableValidators/CreateTable/CreateTableOrderIndexRequired (0.00s)
        --- PASS: TestTableValidators/CreateTable/CreateTableOrderIndexInvalid (0.00s)
        --- PASS: TestTableValidators/CreateTable/CreateTableUnknown (0.00s)
    --- PASS: TestTableValidators/AddColumn (0.00s)
        --- PASS: TestTableValidators/AddColumn/AddColumnModelIDRequired (0.00s)
        --- PASS: TestTableValidators/AddColumn/AddColumnModelIDInvalid (0.00s)
        --- PASS: TestTableValidators/AddColumn/AddColumnMetaRequired (0.00s)
        --- PASS: TestTableValidators/AddColumn/AddColumnMetaInvalid (0.00s)
        --- PASS: TestTableValidators/AddColumn/AddColumnVirtualRequired (0.00s)
        --- PASS: TestTableValidators/AddColumn/AddColumnVirtualInvalid (0.00s)
        --- PASS: TestTableValidators/AddColumn/AddColumnSystemRequired (0.00s)
        --- PASS: TestTableValidators/AddColumn/AddColumnSystemInvalid (0.00s)
        --- PASS: TestTableValidators/AddColumn/AddColumnOrderIndexInvalid (0.00s)
        --- PASS: TestTableValidators/AddColumn/AddColumnUnknown (0.00s)
    --- PASS: TestTableValidators/CreateView (0.03s)
        --- PASS: TestTableValidators/CreateView/CreateViewModelIDRequired (0.00s)
        --- PASS: TestTableValidators/CreateView/CreateViewModelIDInvalid (0.00s)
        --- PASS: TestTableValidators/CreateView/CreateViewMetaRequired (0.00s)
        --- PASS: TestTableValidators/CreateView/CreateViewMetaInvalid (0.00s)
        --- PASS: TestTableValidators/CreateView/CreateViewBaseIDRequired (0.00s)
        --- PASS: TestTableValidators/CreateView/CreateViewBaseIDInvalid (0.00s)
        --- PASS: TestTableValidators/CreateView/CreateViewTitleRequired (0.00s)
        --- PASS: TestTableValidators/CreateView/CreateViewTitleInvalid (0.00s)
        --- PASS: TestTableValidators/CreateView/CreateViewDescriptionRequired (0.00s)
        --- PASS: TestTableValidators/CreateView/CreateViewDescriptionInvalid (0.00s)
        --- PASS: TestTableValidators/CreateView/CreateViewTypeRequired (0.00s)
        --- PASS: TestTableValidators/CreateView/CreateViewTypeInvalid (0.00s)
        --- PASS: TestTableValidators/CreateView/CreateViewOrderIndexRequired (0.00s)
        --- PASS: TestTableValidators/CreateView/CreateViewOrderIndexInvalid (0.00s)
        --- PASS: TestTableValidators/CreateView/CreateViewUnknown (0.00s)
    --- PASS: TestTableValidators/CreateRow (0.00s)
        --- PASS: TestTableValidators/CreateRow/CreateRowModelIDRequired (0.00s)
        --- PASS: TestTableValidators/CreateRow/CreateRowModelIDInvalid (0.00s)
        --- PASS: TestTableValidators/CreateRow/CreateRowUnknown (0.00s)
    --- PASS: TestTableValidators/InsertRow (0.00s)
        --- PASS: TestTableValidators/InsertRow/InsertRowModelIDRequired (0.00s)
        --- PASS: TestTableValidators/InsertRow/InsertRowModelIDInvalid (0.00s)
        --- PASS: TestTableValidators/InsertRow/InsertRowColumnIdRequired (0.00s)
        --- PASS: TestTableValidators/InsertRow/InsertRowColumnIdInvalid (0.00s)
        --- PASS: TestTableValidators/InsertRow/InsertRowRowIdRequired (0.00s)
        --- PASS: TestTableValidators/InsertRow/InsertRowRowIdInvalid (0.00s)
        --- PASS: TestTableValidators/InsertRow/InsertRowValueRequired (0.00s)
        --- PASS: TestTableValidators/InsertRow/InsertRowValueInvalid (0.00s)
        --- PASS: TestTableValidators/InsertRow/InsertRowUnknown (0.00s)
    --- PASS: TestTableValidators/DeleteRow (0.00s)
        --- PASS: TestTableValidators/DeleteRow/DeleteRowModelIDRequired (0.00s)
        --- PASS: TestTableValidators/DeleteRow/DeleteRowModelIDInvalid (0.00s)
        --- PASS: TestTableValidators/DeleteRow/DeleteRowRowIdRequired (0.00s)
        --- PASS: TestTableValidators/DeleteRow/DeleteRowRowIdInvalid (0.00s)
        --- PASS: TestTableValidators/DeleteRow/DeleteRowUnknown (0.00s)
    --- PASS: TestTableValidators/BulkDeleteRows (0.00s)
        --- PASS: TestTableValidators/BulkDeleteRows/BulkDeleteModelIDRequired (0.00s)
        --- PASS: TestTableValidators/BulkDeleteRows/BulkDeleteModelIDInvalid (0.00s)
        --- PASS: TestTableValidators/BulkDeleteRows/BulkDeleteRowIdsRequired (0.00s)
        --- PASS: TestTableValidators/BulkDeleteRows/BulkDeleteRowIdsInvalid (0.00s)
        --- PASS: TestTableValidators/BulkDeleteRows/BulkDeleteRowIdsInvalidValue (0.00s)
        --- PASS: TestTableValidators/BulkDeleteRows/BulkDeleteUnknown (0.00s)
    --- PASS: TestTableValidators/UpdateRowDataLinks (0.00s)
        --- PASS: TestTableValidators/UpdateRowDataLinks/UpdateRowLinksModelIDRequired (0.00s)
        --- PASS: TestTableValidators/UpdateRowDataLinks/UpdateRowLinksModelIDInvalid (0.00s)
        --- PASS: TestTableValidators/UpdateRowDataLinks/UpdateRowLinksColumnIdRequired (0.00s)
        --- PASS: TestTableValidators/UpdateRowDataLinks/UpdateRowLinksColumnIdInvalid (0.00s)
        --- PASS: TestTableValidators/UpdateRowDataLinks/UpdateRowLinksSourceRowIdRequired (0.00s)
        --- PASS: TestTableValidators/UpdateRowDataLinks/UpdateRowLinksSourceRowIdInvalid (0.00s)
        --- PASS: TestTableValidators/UpdateRowDataLinks/UpdateRowLinksTargetRowIdInvalid (0.00s)
        --- PASS: TestTableValidators/UpdateRowDataLinks/UpdateRowLinksActionRequired (0.00s)
        --- PASS: TestTableValidators/UpdateRowDataLinks/UpdateRowLinksActionInvalid (0.00s)
        --- PASS: TestTableValidators/UpdateRowDataLinks/UpdateRowLinksUnknown (0.00s)
    --- PASS: TestTableValidators/RemoveAttachments (0.00s)
        --- PASS: TestTableValidators/RemoveAttachments/RemoveAttachmentsModelIDRequired (0.00s)
        --- PASS: TestTableValidators/RemoveAttachments/RemoveAttachmentsModelIDInvalid (0.00s)
        --- PASS: TestTableValidators/RemoveAttachments/RemoveAttachmentsColumnIdRequired (0.00s)
        --- PASS: TestTableValidators/RemoveAttachments/RemoveAttachmentsColumnIdInvalid (0.00s)
        --- PASS: TestTableValidators/RemoveAttachments/RemoveAttachmentsRowIdRequired (0.00s)
        --- PASS: TestTableValidators/RemoveAttachments/RemoveAttachmentsRowIdInvalid (0.00s)
        --- PASS: TestTableValidators/RemoveAttachments/RemoveAttachmentsRequired (0.00s)
        --- PASS: TestTableValidators/RemoveAttachments/RemoveAttachmentsInvalid (0.00s)
        --- PASS: TestTableValidators/RemoveAttachments/RemoveAttachmentsUnknown (0.00s)
    --- PASS: TestTableValidators/Pagination (0.00s)
        --- PASS: TestTableValidators/Pagination/PaginationModelIDInvalid (0.00s)
        --- PASS: TestTableValidators/Pagination/PaginationPageSizeRequired (0.00s)
        --- PASS: TestTableValidators/Pagination/PaginationPageSizeInvalid (0.00s)
        --- PASS: TestTableValidators/Pagination/PaginationPageNumberRequired (0.00s)
        --- PASS: TestTableValidators/Pagination/PaginationPageNumberInvalid (0.00s)
        --- PASS: TestTableValidators/Pagination/PaginationUnknown (0.00s)
    --- PASS: TestTableValidators/ReorderColumn (0.00s)
        --- PASS: TestTableValidators/ReorderColumn/ReorderSourceColumnIDRequired (0.00s)
        --- PASS: TestTableValidators/ReorderColumn/ReorderSourceColumnIDInvalid (0.00s)
        --- PASS: TestTableValidators/ReorderColumn/ReorderTargetColumnIDInvalid (0.00s)
        --- PASS: TestTableValidators/ReorderColumn/ReorderColumnUnknown (0.00s)
=== RUN   TestUserValidators
=== RUN   TestUserValidators/UpdateUserOldPasswordRequired
=== RUN   TestUserValidators/UpdateUserOldPasswordInvalid
=== RUN   TestUserValidators/UpdateUserNewPasswordRequired
=== RUN   TestUserValidators/UpdateUserNewPasswordInvalid
=== RUN   TestUserValidators/UpdateUserUnknown
--- PASS: TestUserValidators (0.00s)
    --- PASS: TestUserValidators/UpdateUserOldPasswordRequired (0.00s)
    --- PASS: TestUserValidators/UpdateUserOldPasswordInvalid (0.00s)
    --- PASS: TestUserValidators/UpdateUserNewPasswordRequired (0.00s)
    --- PASS: TestUserValidators/UpdateUserNewPasswordInvalid (0.00s)
    --- PASS: TestUserValidators/UpdateUserUnknown (0.00s)
=== RUN   TestWorkspaceValidators
=== RUN   TestWorkspaceValidators/Creation
=== RUN   TestWorkspaceValidators/Creation/WorkspaceCreationTitleRequired
=== RUN   TestWorkspaceValidators/Creation/WorkspaceCreationTitleInvalid
=== RUN   TestWorkspaceValidators/Creation/WorkspaceCreationDescriptionInvalid
=== RUN   TestWorkspaceValidators/Creation/WorkspaceCreationUnknown
=== RUN   TestWorkspaceValidators/Update
=== RUN   TestWorkspaceValidators/Update/WorkspaceUpdateIDRequired
=== RUN   TestWorkspaceValidators/Update/WorkspaceUpdateIDInvalid
=== RUN   TestWorkspaceValidators/Update/WorkspaceUpdateTitleInvalid
=== RUN   TestWorkspaceValidators/Update/WorkspaceUpdateDescriptionInvalid
=== RUN   TestWorkspaceValidators/Update/WorkspaceUpdateUnknown
--- PASS: TestWorkspaceValidators (0.00s)
    --- PASS: TestWorkspaceValidators/Creation (0.00s)
        --- PASS: TestWorkspaceValidators/Creation/WorkspaceCreationTitleRequired (0.00s)
        --- PASS: TestWorkspaceValidators/Creation/WorkspaceCreationTitleInvalid (0.00s)
        --- PASS: TestWorkspaceValidators/Creation/WorkspaceCreationDescriptionInvalid (0.00s)
        --- PASS: TestWorkspaceValidators/Creation/WorkspaceCreationUnknown (0.00s)
    --- PASS: TestWorkspaceValidators/Update (0.00s)
        --- PASS: TestWorkspaceValidators/Update/WorkspaceUpdateIDRequired (0.00s)
        --- PASS: TestWorkspaceValidators/Update/WorkspaceUpdateIDInvalid (0.00s)
        --- PASS: TestWorkspaceValidators/Update/WorkspaceUpdateTitleInvalid (0.00s)
        --- PASS: TestWorkspaceValidators/Update/WorkspaceUpdateDescriptionInvalid (0.00s)
        --- PASS: TestWorkspaceValidators/Update/WorkspaceUpdateUnknown (0.00s)
=== RUN   TestNewWorkspaceHandler
--- PASS: TestNewWorkspaceHandler (0.00s)
=== RUN   TestWorkspaceHandler_CreateWorkspace_InvalidJSON
--- PASS: TestWorkspaceHandler_CreateWorkspace_InvalidJSON (0.00s)
=== RUN   TestWorkspaceHandler_UpdateWorkspace_InvalidJSON
--- PASS: TestWorkspaceHandler_UpdateWorkspace_InvalidJSON (0.00s)
=== RUN   TestWorkspaceHandler_CreateWorkspace_Success
--- PASS: TestWorkspaceHandler_CreateWorkspace_Success (0.00s)
=== RUN   TestWorkspaceHandler_GetWorkspaceByID_Success
--- PASS: TestWorkspaceHandler_GetWorkspaceByID_Success (0.00s)
=== RUN   TestWorkspaceHandler_GetAllWorkspaces_Success
--- PASS: TestWorkspaceHandler_GetAllWorkspaces_Success (0.00s)
=== RUN   TestWorkspaceHandler_GetAllWorkspaces_ServiceError
--- PASS: TestWorkspaceHandler_GetAllWorkspaces_ServiceError (0.00s)
=== RUN   TestWorkspaceHandler_UpdateWorkspace_Success
--- PASS: TestWorkspaceHandler_UpdateWorkspace_Success (0.00s)
=== RUN   TestWorkspaceHandler_DeleteWorkspace_Success
--- PASS: TestWorkspaceHandler_DeleteWorkspace_Success (0.00s)
=== RUN   TestWorkspaceHandler_DeleteWorkspace_ServiceError
--- PASS: TestWorkspaceHandler_DeleteWorkspace_ServiceError (0.00s)
=== RUN   TestWorkspaceHandler_GetTablesByWorkspaceId_Success
--- PASS: TestWorkspaceHandler_GetTablesByWorkspaceId_Success (0.00s)
=== RUN   TestWorkspaceHandler_GetBasesByWorkspaceId_Success
--- PASS: TestWorkspaceHandler_GetBasesByWorkspaceId_Success (0.00s)
=== RUN   TestWorkspaceHandler_BulkAddMembers_Success
--- PASS: TestWorkspaceHandler_BulkAddMembers_Success (0.00s)
=== RUN   TestWorkspaceHandler_BulkAddMembers_InvalidJSON
--- PASS: TestWorkspaceHandler_BulkAddMembers_InvalidJSON (0.00s)
=== RUN   TestWorkspaceHandler_BulkAddBaseMembers_Success
--- PASS: TestWorkspaceHandler_BulkAddBaseMembers_Success (0.00s)
=== RUN   TestWorkspaceHandler_BulkAddBaseMembers_InvalidJSON
--- PASS: TestWorkspaceHandler_BulkAddBaseMembers_InvalidJSON (0.00s)
PASS
coverage: [no statements]
ok  	github.com/aptlogica/sereni-base/tests/handlers	13.501s	coverage: [no statements]
	github.com/aptlogica/sereni-base/tests/handlers/mocks		coverage: 0.0% of statements
=== RUN   TestBaseValidators
=== RUN   TestBaseValidators/BaseCreationTitleRequired
=== RUN   TestBaseValidators/BaseCreationTitleInvalid
=== RUN   TestBaseValidators/BaseCreationDescriptionInvalid
=== RUN   TestBaseValidators/BaseCreationUnknownField
=== RUN   TestBaseValidators/BaseUpdateIDRequired
=== RUN   TestBaseValidators/BaseUpdateIDInvalid
=== RUN   TestBaseValidators/BaseUpdateTitleRequired
=== RUN   TestBaseValidators/BaseUpdateTitleInvalid
=== RUN   TestBaseValidators/BaseUpdateDescriptionInvalid
=== RUN   TestBaseValidators/BaseUpdateUnknownField
--- PASS: TestBaseValidators (0.01s)
    --- PASS: TestBaseValidators/BaseCreationTitleRequired (0.00s)
    --- PASS: TestBaseValidators/BaseCreationTitleInvalid (0.00s)
    --- PASS: TestBaseValidators/BaseCreationDescriptionInvalid (0.00s)
    --- PASS: TestBaseValidators/BaseCreationUnknownField (0.00s)
    --- PASS: TestBaseValidators/BaseUpdateIDRequired (0.00s)
    --- PASS: TestBaseValidators/BaseUpdateIDInvalid (0.00s)
    --- PASS: TestBaseValidators/BaseUpdateTitleRequired (0.00s)
    --- PASS: TestBaseValidators/BaseUpdateTitleInvalid (0.00s)
    --- PASS: TestBaseValidators/BaseUpdateDescriptionInvalid (0.00s)
    --- PASS: TestBaseValidators/BaseUpdateUnknownField (0.00s)
=== RUN   TestAssetValidators
=== RUN   TestAssetValidators/AssetBulkIdsRequired
=== RUN   TestAssetValidators/AssetBulkIdsInvalid
=== RUN   TestAssetValidators/AssetBulkUnknown
=== RUN   TestAssetValidators/AssetUpdateTitleRequired
=== RUN   TestAssetValidators/AssetUpdateTitleInvalid
=== RUN   TestAssetValidators/AssetUpdateUnknownField
--- PASS: TestAssetValidators (0.00s)
    --- PASS: TestAssetValidators/AssetBulkIdsRequired (0.00s)
    --- PASS: TestAssetValidators/AssetBulkIdsInvalid (0.00s)
    --- PASS: TestAssetValidators/AssetBulkUnknown (0.00s)
    --- PASS: TestAssetValidators/AssetUpdateTitleRequired (0.00s)
    --- PASS: TestAssetValidators/AssetUpdateTitleInvalid (0.00s)
    --- PASS: TestAssetValidators/AssetUpdateUnknownField (0.00s)
=== RUN   TestAuthValidationErrors
=== RUN   TestAuthValidationErrors/Register
=== RUN   TestAuthValidationErrors/Register/RegisterFirstNameRequired
=== RUN   TestAuthValidationErrors/Register/RegisterFirstNameInvalid
=== RUN   TestAuthValidationErrors/Register/RegisterLastNameRequired
=== RUN   TestAuthValidationErrors/Register/RegisterEmailRequired
=== RUN   TestAuthValidationErrors/Register/RegisterEmailInvalidFormat
=== RUN   TestAuthValidationErrors/Register/RegisterEmailInvalid
=== RUN   TestAuthValidationErrors/Register/RegisterPasswordRequired
=== RUN   TestAuthValidationErrors/Register/RegisterPasswordTooShort
=== RUN   TestAuthValidationErrors/Register/RegisterPasswordInvalid
=== RUN   TestAuthValidationErrors/Register/RegisterDateOfBirthInvalid
=== RUN   TestAuthValidationErrors/Register/RegisterCountryInvalid
=== RUN   TestAuthValidationErrors/Register/RegisterTimezoneInvalid
=== RUN   TestAuthValidationErrors/Register/RegisterUnknown
=== RUN   TestAuthValidationErrors/Login
=== RUN   TestAuthValidationErrors/Login/LoginEmailRequired
=== RUN   TestAuthValidationErrors/Login/LoginEmailInvalidFormat
=== RUN   TestAuthValidationErrors/Login/LoginPasswordRequired
=== RUN   TestAuthValidationErrors/Login/LoginPasswordInvalid
=== RUN   TestAuthValidationErrors/Login/LoginUnknown
=== RUN   TestAuthValidationErrors/VerifyEmail
=== RUN   TestAuthValidationErrors/VerifyEmail/VerifyEmailTokenRequired
=== RUN   TestAuthValidationErrors/VerifyEmail/VerifyEmailOtpInvalid
=== RUN   TestAuthValidationErrors/VerifyEmail/VerifyEmailUnknown
=== RUN   TestAuthValidationErrors/VerifyResendOtp
=== RUN   TestAuthValidationErrors/VerifyResendOtp/VerifyResendTokenRequired
=== RUN   TestAuthValidationErrors/VerifyResendOtp/VerifyResendTokenInvalidFormat
=== RUN   TestAuthValidationErrors/VerifyResendOtp/VerifyResendUnknown
=== RUN   TestAuthValidationErrors/RefreshToken
=== RUN   TestAuthValidationErrors/RefreshToken/RefreshTokenRequired
=== RUN   TestAuthValidationErrors/RefreshToken/RefreshTokenInvalid
=== RUN   TestAuthValidationErrors/RefreshToken/RefreshTokenUnknown
=== RUN   TestAuthValidationErrors/ForgotPassword
=== RUN   TestAuthValidationErrors/ForgotPassword/ForgotPasswordEmailRequired
=== RUN   TestAuthValidationErrors/ForgotPassword/ForgotPasswordEmailInvalidFormat
=== RUN   TestAuthValidationErrors/ForgotPassword/ForgotPasswordUnknown
=== RUN   TestAuthValidationErrors/ResetPassword
=== RUN   TestAuthValidationErrors/ResetPassword/ResetTokenRequired
=== RUN   TestAuthValidationErrors/ResetPassword/ResetTokenInvalidFormat
=== RUN   TestAuthValidationErrors/ResetPassword/ResetNewPasswordRequired
=== RUN   TestAuthValidationErrors/ResetPassword/ResetNewPasswordInvalid
=== RUN   TestAuthValidationErrors/ResetPassword/ResetUnknown
=== RUN   TestAuthValidationErrors/ValidateToken
=== RUN   TestAuthValidationErrors/ValidateToken/ValidateTokenRequired
=== RUN   TestAuthValidationErrors/ValidateToken/ValidateTokenInvalid
=== RUN   TestAuthValidationErrors/ValidateToken/ValidateTokenUnknown
=== RUN   TestAuthValidationErrors/Logout
=== RUN   TestAuthValidationErrors/Logout/LogoutTokenRequired
=== RUN   TestAuthValidationErrors/Logout/LogoutTokenInvalidFormat
=== RUN   TestAuthValidationErrors/Logout/LogoutTokenInvalid
=== RUN   TestAuthValidationErrors/Logout/LogoutUnknown
=== RUN   TestAuthValidationErrors/UserLifecycle
=== RUN   TestAuthValidationErrors/UserLifecycle/AddUserEmailRequired
=== RUN   TestAuthValidationErrors/UserLifecycle/AddUserEmailInvalid
=== RUN   TestAuthValidationErrors/UserLifecycle/AddUserFirstNameRequired
=== RUN   TestAuthValidationErrors/UserLifecycle/AddUserLastNameInvalid
=== RUN   TestAuthValidationErrors/UserLifecycle/AddUserUnknown
=== RUN   TestAuthValidationErrors/UserLifecycle/RemoveUserIDRequired
=== RUN   TestAuthValidationErrors/UserLifecycle/RemoveUserIDInvalid
=== RUN   TestAuthValidationErrors/UserLifecycle/RemoveUserUnknown
=== RUN   TestAuthValidationErrors/Membership
=== RUN   TestAuthValidationErrors/Membership/CreateMemberWorkspaceRequired
=== RUN   TestAuthValidationErrors/Membership/CreateMemberUserInvalid
=== RUN   TestAuthValidationErrors/Membership/CreateMemberAccessLevelRequired
=== RUN   TestAuthValidationErrors/Membership/CreateMemberBasesInvalid
=== RUN   TestAuthValidationErrors/Membership/RemoveMemberWorkspaceInvalid
=== RUN   TestAuthValidationErrors/Membership/RemoveMemberUserRequired
=== RUN   TestAuthValidationErrors/Membership/AddMultipleWorkspaceRequired
=== RUN   TestAuthValidationErrors/Membership/AddMultipleUserIDsMin
=== RUN   TestAuthValidationErrors/Membership/AddMultipleAccessLevelInvalid
=== RUN   TestAuthValidationErrors/Membership/MembershipUnknown
=== RUN   TestAuthValidationErrors/UserActivation
=== RUN   TestAuthValidationErrors/UserActivation/ActivateRequired
=== RUN   TestAuthValidationErrors/UserActivation/ActivateInvalid
=== RUN   TestAuthValidationErrors/UserActivation/DeactivateRequired
=== RUN   TestAuthValidationErrors/UserActivation/DeactivateInvalid
=== RUN   TestAuthValidationErrors/UserActivation/ActivationUnknown
--- PASS: TestAuthValidationErrors (0.29s)
    --- PASS: TestAuthValidationErrors/Register (0.27s)
        --- PASS: TestAuthValidationErrors/Register/RegisterFirstNameRequired (0.00s)
        --- PASS: TestAuthValidationErrors/Register/RegisterFirstNameInvalid (0.00s)
        --- PASS: TestAuthValidationErrors/Register/RegisterLastNameRequired (0.00s)
        --- PASS: TestAuthValidationErrors/Register/RegisterEmailRequired (0.00s)
        --- PASS: TestAuthValidationErrors/Register/RegisterEmailInvalidFormat (0.00s)
        --- PASS: TestAuthValidationErrors/Register/RegisterEmailInvalid (0.00s)
        --- PASS: TestAuthValidationErrors/Register/RegisterPasswordRequired (0.00s)
        --- PASS: TestAuthValidationErrors/Register/RegisterPasswordTooShort (0.00s)
        --- PASS: TestAuthValidationErrors/Register/RegisterPasswordInvalid (0.00s)
        --- PASS: TestAuthValidationErrors/Register/RegisterDateOfBirthInvalid (0.00s)
        --- PASS: TestAuthValidationErrors/Register/RegisterCountryInvalid (0.00s)
        --- PASS: TestAuthValidationErrors/Register/RegisterTimezoneInvalid (0.00s)
        --- PASS: TestAuthValidationErrors/Register/RegisterUnknown (0.00s)
    --- PASS: TestAuthValidationErrors/Login (0.00s)
        --- PASS: TestAuthValidationErrors/Login/LoginEmailRequired (0.00s)
        --- PASS: TestAuthValidationErrors/Login/LoginEmailInvalidFormat (0.00s)
        --- PASS: TestAuthValidationErrors/Login/LoginPasswordRequired (0.00s)
        --- PASS: TestAuthValidationErrors/Login/LoginPasswordInvalid (0.00s)
        --- PASS: TestAuthValidationErrors/Login/LoginUnknown (0.00s)
    --- PASS: TestAuthValidationErrors/VerifyEmail (0.00s)
        --- PASS: TestAuthValidationErrors/VerifyEmail/VerifyEmailTokenRequired (0.00s)
        --- PASS: TestAuthValidationErrors/VerifyEmail/VerifyEmailOtpInvalid (0.00s)
        --- PASS: TestAuthValidationErrors/VerifyEmail/VerifyEmailUnknown (0.00s)
    --- PASS: TestAuthValidationErrors/VerifyResendOtp (0.00s)
        --- PASS: TestAuthValidationErrors/VerifyResendOtp/VerifyResendTokenRequired (0.00s)
        --- PASS: TestAuthValidationErrors/VerifyResendOtp/VerifyResendTokenInvalidFormat (0.00s)
        --- PASS: TestAuthValidationErrors/VerifyResendOtp/VerifyResendUnknown (0.00s)
    --- PASS: TestAuthValidationErrors/RefreshToken (0.00s)
        --- PASS: TestAuthValidationErrors/RefreshToken/RefreshTokenRequired (0.00s)
        --- PASS: TestAuthValidationErrors/RefreshToken/RefreshTokenInvalid (0.00s)
        --- PASS: TestAuthValidationErrors/RefreshToken/RefreshTokenUnknown (0.00s)
    --- PASS: TestAuthValidationErrors/ForgotPassword (0.00s)
        --- PASS: TestAuthValidationErrors/ForgotPassword/ForgotPasswordEmailRequired (0.00s)
        --- PASS: TestAuthValidationErrors/ForgotPassword/ForgotPasswordEmailInvalidFormat (0.00s)
        --- PASS: TestAuthValidationErrors/ForgotPassword/ForgotPasswordUnknown (0.00s)
    --- PASS: TestAuthValidationErrors/ResetPassword (0.00s)
        --- PASS: TestAuthValidationErrors/ResetPassword/ResetTokenRequired (0.00s)
        --- PASS: TestAuthValidationErrors/ResetPassword/ResetTokenInvalidFormat (0.00s)
        --- PASS: TestAuthValidationErrors/ResetPassword/ResetNewPasswordRequired (0.00s)
        --- PASS: TestAuthValidationErrors/ResetPassword/ResetNewPasswordInvalid (0.00s)
        --- PASS: TestAuthValidationErrors/ResetPassword/ResetUnknown (0.00s)
    --- PASS: TestAuthValidationErrors/ValidateToken (0.00s)
        --- PASS: TestAuthValidationErrors/ValidateToken/ValidateTokenRequired (0.00s)
        --- PASS: TestAuthValidationErrors/ValidateToken/ValidateTokenInvalid (0.00s)
        --- PASS: TestAuthValidationErrors/ValidateToken/ValidateTokenUnknown (0.00s)
    --- PASS: TestAuthValidationErrors/Logout (0.00s)
        --- PASS: TestAuthValidationErrors/Logout/LogoutTokenRequired (0.00s)
        --- PASS: TestAuthValidationErrors/Logout/LogoutTokenInvalidFormat (0.00s)
        --- PASS: TestAuthValidationErrors/Logout/LogoutTokenInvalid (0.00s)
        --- PASS: TestAuthValidationErrors/Logout/LogoutUnknown (0.00s)
    --- PASS: TestAuthValidationErrors/UserLifecycle (0.00s)
        --- PASS: TestAuthValidationErrors/UserLifecycle/AddUserEmailRequired (0.00s)
        --- PASS: TestAuthValidationErrors/UserLifecycle/AddUserEmailInvalid (0.00s)
        --- PASS: TestAuthValidationErrors/UserLifecycle/AddUserFirstNameRequired (0.00s)
        --- PASS: TestAuthValidationErrors/UserLifecycle/AddUserLastNameInvalid (0.00s)
        --- PASS: TestAuthValidationErrors/UserLifecycle/AddUserUnknown (0.00s)
        --- PASS: TestAuthValidationErrors/UserLifecycle/RemoveUserIDRequired (0.00s)
        --- PASS: TestAuthValidationErrors/UserLifecycle/RemoveUserIDInvalid (0.00s)
        --- PASS: TestAuthValidationErrors/UserLifecycle/RemoveUserUnknown (0.00s)
    --- PASS: TestAuthValidationErrors/Membership (0.00s)
        --- PASS: TestAuthValidationErrors/Membership/CreateMemberWorkspaceRequired (0.00s)
        --- PASS: TestAuthValidationErrors/Membership/CreateMemberUserInvalid (0.00s)
        --- PASS: TestAuthValidationErrors/Membership/CreateMemberAccessLevelRequired (0.00s)
        --- PASS: TestAuthValidationErrors/Membership/CreateMemberBasesInvalid (0.00s)
        --- PASS: TestAuthValidationErrors/Membership/RemoveMemberWorkspaceInvalid (0.00s)
        --- PASS: TestAuthValidationErrors/Membership/RemoveMemberUserRequired (0.00s)
        --- PASS: TestAuthValidationErrors/Membership/AddMultipleWorkspaceRequired (0.00s)
        --- PASS: TestAuthValidationErrors/Membership/AddMultipleUserIDsMin (0.00s)
        --- PASS: TestAuthValidationErrors/Membership/AddMultipleAccessLevelInvalid (0.00s)
        --- PASS: TestAuthValidationErrors/Membership/MembershipUnknown (0.00s)
    --- PASS: TestAuthValidationErrors/UserActivation (0.02s)
        --- PASS: TestAuthValidationErrors/UserActivation/ActivateRequired (0.00s)
        --- PASS: TestAuthValidationErrors/UserActivation/ActivateInvalid (0.00s)
        --- PASS: TestAuthValidationErrors/UserActivation/DeactivateRequired (0.00s)
        --- PASS: TestAuthValidationErrors/UserActivation/DeactivateInvalid (0.00s)
        --- PASS: TestAuthValidationErrors/UserActivation/ActivationUnknown (0.00s)
=== RUN   TestOrganizationValidators
=== RUN   TestOrganizationValidators/Creation
=== RUN   TestOrganizationValidators/Creation/OrganizationCreationNameRequired
=== RUN   TestOrganizationValidators/Creation/OrganizationCreationEmailInvalid
=== RUN   TestOrganizationValidators/Creation/OrganizationCreationUnknown
=== RUN   TestOrganizationValidators/Update
=== RUN   TestOrganizationValidators/Update/OrganizationUpdateEmailInvalid
=== RUN   TestOrganizationValidators/Update/OrganizationUpdateUnknown
--- PASS: TestOrganizationValidators (0.00s)
    --- PASS: TestOrganizationValidators/Creation (0.00s)
        --- PASS: TestOrganizationValidators/Creation/OrganizationCreationNameRequired (0.00s)
        --- PASS: TestOrganizationValidators/Creation/OrganizationCreationEmailInvalid (0.00s)
        --- PASS: TestOrganizationValidators/Creation/OrganizationCreationUnknown (0.00s)
    --- PASS: TestOrganizationValidators/Update (0.00s)
        --- PASS: TestOrganizationValidators/Update/OrganizationUpdateEmailInvalid (0.00s)
        --- PASS: TestOrganizationValidators/Update/OrganizationUpdateUnknown (0.00s)
=== RUN   TestTableValidators
=== RUN   TestTableValidators/CreateTable
=== RUN   TestTableValidators/CreateTable/CreateTableBaseIDRequired
=== RUN   TestTableValidators/CreateTable/CreateTableBaseIDInvalid
=== RUN   TestTableValidators/CreateTable/CreateTableWorkspaceRequired
=== RUN   TestTableValidators/CreateTable/CreateTableWorkspaceInvalid
=== RUN   TestTableValidators/CreateTable/CreateTableTitleRequired
=== RUN   TestTableValidators/CreateTable/CreateTableTitleInvalid
=== RUN   TestTableValidators/CreateTable/CreateTableDescriptionRequired
=== RUN   TestTableValidators/CreateTable/CreateTableDescriptionInvalid
=== RUN   TestTableValidators/CreateTable/CreateTableOrderIndexRequired
=== RUN   TestTableValidators/CreateTable/CreateTableOrderIndexInvalid
=== RUN   TestTableValidators/CreateTable/CreateTableUnknown
=== RUN   TestTableValidators/AddColumn
=== RUN   TestTableValidators/AddColumn/AddColumnModelIDRequired
=== RUN   TestTableValidators/AddColumn/AddColumnModelIDInvalid
=== RUN   TestTableValidators/AddColumn/AddColumnMetaRequired
=== RUN   TestTableValidators/AddColumn/AddColumnMetaInvalid
=== RUN   TestTableValidators/AddColumn/AddColumnVirtualRequired
=== RUN   TestTableValidators/AddColumn/AddColumnVirtualInvalid
=== RUN   TestTableValidators/AddColumn/AddColumnSystemRequired
=== RUN   TestTableValidators/AddColumn/AddColumnSystemInvalid
=== RUN   TestTableValidators/AddColumn/AddColumnOrderIndexInvalid
=== RUN   TestTableValidators/AddColumn/AddColumnUnknown
=== RUN   TestTableValidators/CreateView
=== RUN   TestTableValidators/CreateView/CreateViewModelIDRequired
=== RUN   TestTableValidators/CreateView/CreateViewModelIDInvalid
=== RUN   TestTableValidators/CreateView/CreateViewMetaRequired
=== RUN   TestTableValidators/CreateView/CreateViewMetaInvalid
=== RUN   TestTableValidators/CreateView/CreateViewBaseIDRequired
=== RUN   TestTableValidators/CreateView/CreateViewBaseIDInvalid
=== RUN   TestTableValidators/CreateView/CreateViewTitleRequired
=== RUN   TestTableValidators/CreateView/CreateViewTitleInvalid
=== RUN   TestTableValidators/CreateView/CreateViewDescriptionRequired
=== RUN   TestTableValidators/CreateView/CreateViewDescriptionInvalid
=== RUN   TestTableValidators/CreateView/CreateViewTypeRequired
=== RUN   TestTableValidators/CreateView/CreateViewTypeInvalid
=== RUN   TestTableValidators/CreateView/CreateViewOrderIndexRequired
=== RUN   TestTableValidators/CreateView/CreateViewOrderIndexInvalid
=== RUN   TestTableValidators/CreateView/CreateViewUnknown
=== RUN   TestTableValidators/CreateRow
=== RUN   TestTableValidators/CreateRow/CreateRowModelIDRequired
=== RUN   TestTableValidators/CreateRow/CreateRowModelIDInvalid
=== RUN   TestTableValidators/CreateRow/CreateRowUnknown
=== RUN   TestTableValidators/InsertRow
=== RUN   TestTableValidators/InsertRow/InsertRowModelIDRequired
=== RUN   TestTableValidators/InsertRow/InsertRowModelIDInvalid
=== RUN   TestTableValidators/InsertRow/InsertRowColumnIdRequired
=== RUN   TestTableValidators/InsertRow/InsertRowColumnIdInvalid
=== RUN   TestTableValidators/InsertRow/InsertRowRowIdRequired
=== RUN   TestTableValidators/InsertRow/InsertRowRowIdInvalid
=== RUN   TestTableValidators/InsertRow/InsertRowValueRequired
=== RUN   TestTableValidators/InsertRow/InsertRowValueInvalid
=== RUN   TestTableValidators/InsertRow/InsertRowUnknown
=== RUN   TestTableValidators/DeleteRow
=== RUN   TestTableValidators/DeleteRow/DeleteRowModelIDRequired
=== RUN   TestTableValidators/DeleteRow/DeleteRowModelIDInvalid
=== RUN   TestTableValidators/DeleteRow/DeleteRowRowIdRequired
=== RUN   TestTableValidators/DeleteRow/DeleteRowRowIdInvalid
=== RUN   TestTableValidators/DeleteRow/DeleteRowUnknown
=== RUN   TestTableValidators/BulkDeleteRows
=== RUN   TestTableValidators/BulkDeleteRows/BulkDeleteModelIDRequired
=== RUN   TestTableValidators/BulkDeleteRows/BulkDeleteModelIDInvalid
=== RUN   TestTableValidators/BulkDeleteRows/BulkDeleteRowIdsRequired
=== RUN   TestTableValidators/BulkDeleteRows/BulkDeleteRowIdsInvalid
=== RUN   TestTableValidators/BulkDeleteRows/BulkDeleteRowIdsInvalidValue
=== RUN   TestTableValidators/BulkDeleteRows/BulkDeleteUnknown
=== RUN   TestTableValidators/UpdateRowDataLinks
=== RUN   TestTableValidators/UpdateRowDataLinks/UpdateRowLinksModelIDRequired
=== RUN   TestTableValidators/UpdateRowDataLinks/UpdateRowLinksModelIDInvalid
=== RUN   TestTableValidators/UpdateRowDataLinks/UpdateRowLinksColumnIdRequired
=== RUN   TestTableValidators/UpdateRowDataLinks/UpdateRowLinksColumnIdInvalid
=== RUN   TestTableValidators/UpdateRowDataLinks/UpdateRowLinksSourceRowIdRequired
=== RUN   TestTableValidators/UpdateRowDataLinks/UpdateRowLinksSourceRowIdInvalid
=== RUN   TestTableValidators/UpdateRowDataLinks/UpdateRowLinksTargetRowIdInvalid
=== RUN   TestTableValidators/UpdateRowDataLinks/UpdateRowLinksActionRequired
=== RUN   TestTableValidators/UpdateRowDataLinks/UpdateRowLinksActionInvalid
=== RUN   TestTableValidators/UpdateRowDataLinks/UpdateRowLinksUnknown
=== RUN   TestTableValidators/RemoveAttachments
=== RUN   TestTableValidators/RemoveAttachments/RemoveAttachmentsModelIDRequired
=== RUN   TestTableValidators/RemoveAttachments/RemoveAttachmentsModelIDInvalid
=== RUN   TestTableValidators/RemoveAttachments/RemoveAttachmentsColumnIdRequired
=== RUN   TestTableValidators/RemoveAttachments/RemoveAttachmentsColumnIdInvalid
=== RUN   TestTableValidators/RemoveAttachments/RemoveAttachmentsRowIdRequired
=== RUN   TestTableValidators/RemoveAttachments/RemoveAttachmentsRowIdInvalid
=== RUN   TestTableValidators/RemoveAttachments/RemoveAttachmentsRequired
=== RUN   TestTableValidators/RemoveAttachments/RemoveAttachmentsInvalid
=== RUN   TestTableValidators/RemoveAttachments/RemoveAttachmentsUnknown
=== RUN   TestTableValidators/Pagination
=== RUN   TestTableValidators/Pagination/PaginationModelIDInvalid
=== RUN   TestTableValidators/Pagination/PaginationPageSizeRequired
=== RUN   TestTableValidators/Pagination/PaginationPageSizeInvalid
=== RUN   TestTableValidators/Pagination/PaginationPageNumberRequired
=== RUN   TestTableValidators/Pagination/PaginationPageNumberInvalid
=== RUN   TestTableValidators/Pagination/PaginationUnknown
=== RUN   TestTableValidators/ReorderColumn
=== RUN   TestTableValidators/ReorderColumn/ReorderSourceColumnIDRequired
=== RUN   TestTableValidators/ReorderColumn/ReorderSourceColumnIDInvalid
=== RUN   TestTableValidators/ReorderColumn/ReorderTargetColumnIDInvalid
=== RUN   TestTableValidators/ReorderColumn/ReorderColumnUnknown
--- PASS: TestTableValidators (0.04s)
    --- PASS: TestTableValidators/CreateTable (0.00s)
        --- PASS: TestTableValidators/CreateTable/CreateTableBaseIDRequired (0.00s)
        --- PASS: TestTableValidators/CreateTable/CreateTableBaseIDInvalid (0.00s)
        --- PASS: TestTableValidators/CreateTable/CreateTableWorkspaceRequired (0.00s)
        --- PASS: TestTableValidators/CreateTable/CreateTableWorkspaceInvalid (0.00s)
        --- PASS: TestTableValidators/CreateTable/CreateTableTitleRequired (0.00s)
        --- PASS: TestTableValidators/CreateTable/CreateTableTitleInvalid (0.00s)
        --- PASS: TestTableValidators/CreateTable/CreateTableDescriptionRequired (0.00s)
        --- PASS: TestTableValidators/CreateTable/CreateTableDescriptionInvalid (0.00s)
        --- PASS: TestTableValidators/CreateTable/CreateTableOrderIndexRequired (0.00s)
        --- PASS: TestTableValidators/CreateTable/CreateTableOrderIndexInvalid (0.00s)
        --- PASS: TestTableValidators/CreateTable/CreateTableUnknown (0.00s)
    --- PASS: TestTableValidators/AddColumn (0.00s)
        --- PASS: TestTableValidators/AddColumn/AddColumnModelIDRequired (0.00s)
        --- PASS: TestTableValidators/AddColumn/AddColumnModelIDInvalid (0.00s)
        --- PASS: TestTableValidators/AddColumn/AddColumnMetaRequired (0.00s)
        --- PASS: TestTableValidators/AddColumn/AddColumnMetaInvalid (0.00s)
        --- PASS: TestTableValidators/AddColumn/AddColumnVirtualRequired (0.00s)
        --- PASS: TestTableValidators/AddColumn/AddColumnVirtualInvalid (0.00s)
        --- PASS: TestTableValidators/AddColumn/AddColumnSystemRequired (0.00s)
        --- PASS: TestTableValidators/AddColumn/AddColumnSystemInvalid (0.00s)
        --- PASS: TestTableValidators/AddColumn/AddColumnOrderIndexInvalid (0.00s)
        --- PASS: TestTableValidators/AddColumn/AddColumnUnknown (0.00s)
    --- PASS: TestTableValidators/CreateView (0.00s)
        --- PASS: TestTableValidators/CreateView/CreateViewModelIDRequired (0.00s)
        --- PASS: TestTableValidators/CreateView/CreateViewModelIDInvalid (0.00s)
        --- PASS: TestTableValidators/CreateView/CreateViewMetaRequired (0.00s)
        --- PASS: TestTableValidators/CreateView/CreateViewMetaInvalid (0.00s)
        --- PASS: TestTableValidators/CreateView/CreateViewBaseIDRequired (0.00s)
        --- PASS: TestTableValidators/CreateView/CreateViewBaseIDInvalid (0.00s)
        --- PASS: TestTableValidators/CreateView/CreateViewTitleRequired (0.00s)
        --- PASS: TestTableValidators/CreateView/CreateViewTitleInvalid (0.00s)
        --- PASS: TestTableValidators/CreateView/CreateViewDescriptionRequired (0.00s)
        --- PASS: TestTableValidators/CreateView/CreateViewDescriptionInvalid (0.00s)
        --- PASS: TestTableValidators/CreateView/CreateViewTypeRequired (0.00s)
        --- PASS: TestTableValidators/CreateView/CreateViewTypeInvalid (0.00s)
        --- PASS: TestTableValidators/CreateView/CreateViewOrderIndexRequired (0.00s)
        --- PASS: TestTableValidators/CreateView/CreateViewOrderIndexInvalid (0.00s)
        --- PASS: TestTableValidators/CreateView/CreateViewUnknown (0.00s)
    --- PASS: TestTableValidators/CreateRow (0.00s)
        --- PASS: TestTableValidators/CreateRow/CreateRowModelIDRequired (0.00s)
        --- PASS: TestTableValidators/CreateRow/CreateRowModelIDInvalid (0.00s)
        --- PASS: TestTableValidators/CreateRow/CreateRowUnknown (0.00s)
    --- PASS: TestTableValidators/InsertRow (0.00s)
        --- PASS: TestTableValidators/InsertRow/InsertRowModelIDRequired (0.00s)
        --- PASS: TestTableValidators/InsertRow/InsertRowModelIDInvalid (0.00s)
        --- PASS: TestTableValidators/InsertRow/InsertRowColumnIdRequired (0.00s)
        --- PASS: TestTableValidators/InsertRow/InsertRowColumnIdInvalid (0.00s)
        --- PASS: TestTableValidators/InsertRow/InsertRowRowIdRequired (0.00s)
        --- PASS: TestTableValidators/InsertRow/InsertRowRowIdInvalid (0.00s)
        --- PASS: TestTableValidators/InsertRow/InsertRowValueRequired (0.00s)
        --- PASS: TestTableValidators/InsertRow/InsertRowValueInvalid (0.00s)
        --- PASS: TestTableValidators/InsertRow/InsertRowUnknown (0.00s)
    --- PASS: TestTableValidators/DeleteRow (0.01s)
        --- PASS: TestTableValidators/DeleteRow/DeleteRowModelIDRequired (0.00s)
        --- PASS: TestTableValidators/DeleteRow/DeleteRowModelIDInvalid (0.00s)
        --- PASS: TestTableValidators/DeleteRow/DeleteRowRowIdRequired (0.00s)
        --- PASS: TestTableValidators/DeleteRow/DeleteRowRowIdInvalid (0.00s)
        --- PASS: TestTableValidators/DeleteRow/DeleteRowUnknown (0.00s)
    --- PASS: TestTableValidators/BulkDeleteRows (0.00s)
        --- PASS: TestTableValidators/BulkDeleteRows/BulkDeleteModelIDRequired (0.00s)
        --- PASS: TestTableValidators/BulkDeleteRows/BulkDeleteModelIDInvalid (0.00s)
        --- PASS: TestTableValidators/BulkDeleteRows/BulkDeleteRowIdsRequired (0.00s)
        --- PASS: TestTableValidators/BulkDeleteRows/BulkDeleteRowIdsInvalid (0.00s)
        --- PASS: TestTableValidators/BulkDeleteRows/BulkDeleteRowIdsInvalidValue (0.00s)
        --- PASS: TestTableValidators/BulkDeleteRows/BulkDeleteUnknown (0.00s)
    --- PASS: TestTableValidators/UpdateRowDataLinks (0.02s)
        --- PASS: TestTableValidators/UpdateRowDataLinks/UpdateRowLinksModelIDRequired (0.00s)
        --- PASS: TestTableValidators/UpdateRowDataLinks/UpdateRowLinksModelIDInvalid (0.00s)
        --- PASS: TestTableValidators/UpdateRowDataLinks/UpdateRowLinksColumnIdRequired (0.00s)
        --- PASS: TestTableValidators/UpdateRowDataLinks/UpdateRowLinksColumnIdInvalid (0.00s)
        --- PASS: TestTableValidators/UpdateRowDataLinks/UpdateRowLinksSourceRowIdRequired (0.00s)
        --- PASS: TestTableValidators/UpdateRowDataLinks/UpdateRowLinksSourceRowIdInvalid (0.00s)
        --- PASS: TestTableValidators/UpdateRowDataLinks/UpdateRowLinksTargetRowIdInvalid (0.00s)
        --- PASS: TestTableValidators/UpdateRowDataLinks/UpdateRowLinksActionRequired (0.00s)
        --- PASS: TestTableValidators/UpdateRowDataLinks/UpdateRowLinksActionInvalid (0.00s)
        --- PASS: TestTableValidators/UpdateRowDataLinks/UpdateRowLinksUnknown (0.00s)
    --- PASS: TestTableValidators/RemoveAttachments (0.00s)
        --- PASS: TestTableValidators/RemoveAttachments/RemoveAttachmentsModelIDRequired (0.00s)
        --- PASS: TestTableValidators/RemoveAttachments/RemoveAttachmentsModelIDInvalid (0.00s)
        --- PASS: TestTableValidators/RemoveAttachments/RemoveAttachmentsColumnIdRequired (0.00s)
        --- PASS: TestTableValidators/RemoveAttachments/RemoveAttachmentsColumnIdInvalid (0.00s)
        --- PASS: TestTableValidators/RemoveAttachments/RemoveAttachmentsRowIdRequired (0.00s)
        --- PASS: TestTableValidators/RemoveAttachments/RemoveAttachmentsRowIdInvalid (0.00s)
        --- PASS: TestTableValidators/RemoveAttachments/RemoveAttachmentsRequired (0.00s)
        --- PASS: TestTableValidators/RemoveAttachments/RemoveAttachmentsInvalid (0.00s)
        --- PASS: TestTableValidators/RemoveAttachments/RemoveAttachmentsUnknown (0.00s)
    --- PASS: TestTableValidators/Pagination (0.00s)
        --- PASS: TestTableValidators/Pagination/PaginationModelIDInvalid (0.00s)
        --- PASS: TestTableValidators/Pagination/PaginationPageSizeRequired (0.00s)
        --- PASS: TestTableValidators/Pagination/PaginationPageSizeInvalid (0.00s)
        --- PASS: TestTableValidators/Pagination/PaginationPageNumberRequired (0.00s)
        --- PASS: TestTableValidators/Pagination/PaginationPageNumberInvalid (0.00s)
        --- PASS: TestTableValidators/Pagination/PaginationUnknown (0.00s)
    --- PASS: TestTableValidators/ReorderColumn (0.00s)
        --- PASS: TestTableValidators/ReorderColumn/ReorderSourceColumnIDRequired (0.00s)
        --- PASS: TestTableValidators/ReorderColumn/ReorderSourceColumnIDInvalid (0.00s)
        --- PASS: TestTableValidators/ReorderColumn/ReorderTargetColumnIDInvalid (0.00s)
        --- PASS: TestTableValidators/ReorderColumn/ReorderColumnUnknown (0.00s)
=== RUN   TestUserValidators
=== RUN   TestUserValidators/UpdateUserOldPasswordRequired
=== RUN   TestUserValidators/UpdateUserOldPasswordInvalid
=== RUN   TestUserValidators/UpdateUserNewPasswordRequired
=== RUN   TestUserValidators/UpdateUserNewPasswordInvalid
=== RUN   TestUserValidators/UpdateUserUnknown
--- PASS: TestUserValidators (0.00s)
    --- PASS: TestUserValidators/UpdateUserOldPasswordRequired (0.00s)
    --- PASS: TestUserValidators/UpdateUserOldPasswordInvalid (0.00s)
    --- PASS: TestUserValidators/UpdateUserNewPasswordRequired (0.00s)
    --- PASS: TestUserValidators/UpdateUserNewPasswordInvalid (0.00s)
    --- PASS: TestUserValidators/UpdateUserUnknown (0.00s)
=== RUN   TestWorkspaceValidators
=== RUN   TestWorkspaceValidators/Creation
=== RUN   TestWorkspaceValidators/Creation/WorkspaceCreationTitleRequired
=== RUN   TestWorkspaceValidators/Creation/WorkspaceCreationTitleInvalid
=== RUN   TestWorkspaceValidators/Creation/WorkspaceCreationDescriptionInvalid
=== RUN   TestWorkspaceValidators/Creation/WorkspaceCreationUnknown
=== RUN   TestWorkspaceValidators/Update
=== RUN   TestWorkspaceValidators/Update/WorkspaceUpdateIDRequired
=== RUN   TestWorkspaceValidators/Update/WorkspaceUpdateIDInvalid
=== RUN   TestWorkspaceValidators/Update/WorkspaceUpdateTitleInvalid
=== RUN   TestWorkspaceValidators/Update/WorkspaceUpdateDescriptionInvalid
=== RUN   TestWorkspaceValidators/Update/WorkspaceUpdateUnknown
--- PASS: TestWorkspaceValidators (0.00s)
    --- PASS: TestWorkspaceValidators/Creation (0.00s)
        --- PASS: TestWorkspaceValidators/Creation/WorkspaceCreationTitleRequired (0.00s)
        --- PASS: TestWorkspaceValidators/Creation/WorkspaceCreationTitleInvalid (0.00s)
        --- PASS: TestWorkspaceValidators/Creation/WorkspaceCreationDescriptionInvalid (0.00s)
        --- PASS: TestWorkspaceValidators/Creation/WorkspaceCreationUnknown (0.00s)
    --- PASS: TestWorkspaceValidators/Update (0.00s)
        --- PASS: TestWorkspaceValidators/Update/WorkspaceUpdateIDRequired (0.00s)
        --- PASS: TestWorkspaceValidators/Update/WorkspaceUpdateIDInvalid (0.00s)
        --- PASS: TestWorkspaceValidators/Update/WorkspaceUpdateTitleInvalid (0.00s)
        --- PASS: TestWorkspaceValidators/Update/WorkspaceUpdateDescriptionInvalid (0.00s)
        --- PASS: TestWorkspaceValidators/Update/WorkspaceUpdateUnknown (0.00s)
PASS
coverage: [no statements]
ok  	github.com/aptlogica/sereni-base/tests/handlers/validators	4.233s	coverage: [no statements]
=== RUN   TestScopeHeaderMiddleware
=== RUN   TestScopeHeaderMiddleware/sets_workspace_scope
=== RUN   TestScopeHeaderMiddleware/sets_base_scope
=== RUN   TestScopeHeaderMiddleware/sets_custom_scope
--- PASS: TestScopeHeaderMiddleware (0.00s)
    --- PASS: TestScopeHeaderMiddleware/sets_workspace_scope (0.00s)
    --- PASS: TestScopeHeaderMiddleware/sets_base_scope (0.00s)
    --- PASS: TestScopeHeaderMiddleware/sets_custom_scope (0.00s)
=== RUN   TestWorkspaceAndBaseAccessValidationMiddleware
=== RUN   TestWorkspaceAndBaseAccessValidationMiddleware/missing_user_id_in_context
=== RUN   TestWorkspaceAndBaseAccessValidationMiddleware/missing_schema_in_context
=== RUN   TestWorkspaceAndBaseAccessValidationMiddleware/missing_workspace_header
=== RUN   TestWorkspaceAndBaseAccessValidationMiddleware/workspace_member_not_found
=== RUN   TestWorkspaceAndBaseAccessValidationMiddleware/insufficient_access_level
=== RUN   TestWorkspaceAndBaseAccessValidationMiddleware/valid_access_-_owner
=== RUN   TestWorkspaceAndBaseAccessValidationMiddleware/valid_access_-_admin
--- PASS: TestWorkspaceAndBaseAccessValidationMiddleware (0.00s)
    --- PASS: TestWorkspaceAndBaseAccessValidationMiddleware/missing_user_id_in_context (0.00s)
    --- PASS: TestWorkspaceAndBaseAccessValidationMiddleware/missing_schema_in_context (0.00s)
    --- PASS: TestWorkspaceAndBaseAccessValidationMiddleware/missing_workspace_header (0.00s)
    --- PASS: TestWorkspaceAndBaseAccessValidationMiddleware/workspace_member_not_found (0.00s)
    --- PASS: TestWorkspaceAndBaseAccessValidationMiddleware/insufficient_access_level (0.00s)
    --- PASS: TestWorkspaceAndBaseAccessValidationMiddleware/valid_access_-_owner (0.00s)
    --- PASS: TestWorkspaceAndBaseAccessValidationMiddleware/valid_access_-_admin (0.00s)
=== RUN   TestCheckPermissionMiddleware
=== RUN   TestCheckPermissionMiddleware/missing_user_id
=== RUN   TestCheckPermissionMiddleware/missing_schema
=== RUN   TestCheckPermissionMiddleware/permission_check_error
=== RUN   TestCheckPermissionMiddleware/permission_denied
=== RUN   TestCheckPermissionMiddleware/permission_granted
=== RUN   TestCheckPermissionMiddleware/permission_granted_with_default_workspace_scope
--- PASS: TestCheckPermissionMiddleware (0.01s)
    --- PASS: TestCheckPermissionMiddleware/missing_user_id (0.00s)
    --- PASS: TestCheckPermissionMiddleware/missing_schema (0.00s)
    --- PASS: TestCheckPermissionMiddleware/permission_check_error (0.01s)
    --- PASS: TestCheckPermissionMiddleware/permission_denied (0.00s)
    --- PASS: TestCheckPermissionMiddleware/permission_granted (0.00s)
    --- PASS: TestCheckPermissionMiddleware/permission_granted_with_default_workspace_scope (0.00s)
=== RUN   TestCheckRoleMiddleware
=== RUN   TestCheckRoleMiddleware/user_has_required_role
=== RUN   TestCheckRoleMiddleware/user_does_not_have_required_role
=== RUN   TestCheckRoleMiddleware/error_getting_role
--- PASS: TestCheckRoleMiddleware (0.00s)
    --- PASS: TestCheckRoleMiddleware/user_has_required_role (0.00s)
    --- PASS: TestCheckRoleMiddleware/user_does_not_have_required_role (0.00s)
    --- PASS: TestCheckRoleMiddleware/error_getting_role (0.00s)
=== RUN   TestValidateAccessScopeMiddleware
=== RUN   TestValidateAccessScopeMiddleware/missing_scope_type_and_id
=== RUN   TestValidateAccessScopeMiddleware/user_has_access_to_scope
=== RUN   TestValidateAccessScopeMiddleware/user_does_not_have_access_to_scope
--- PASS: TestValidateAccessScopeMiddleware (0.00s)
    --- PASS: TestValidateAccessScopeMiddleware/missing_scope_type_and_id (0.00s)
    --- PASS: TestValidateAccessScopeMiddleware/user_has_access_to_scope (0.00s)
    --- PASS: TestValidateAccessScopeMiddleware/user_does_not_have_access_to_scope (0.00s)
=== RUN   TestRequirePermissionsMiddleware
=== RUN   TestRequirePermissionsMiddleware/all_permissions_granted
=== RUN   TestRequirePermissionsMiddleware/one_permission_denied
--- PASS: TestRequirePermissionsMiddleware (0.02s)
    --- PASS: TestRequirePermissionsMiddleware/all_permissions_granted (0.01s)
    --- PASS: TestRequirePermissionsMiddleware/one_permission_denied (0.00s)
=== RUN   TestFileSizeLimitMiddleware
=== RUN   TestFileSizeLimitMiddleware/no_files_uploaded
=== RUN   TestFileSizeLimitMiddleware/single_file_within_limit
=== RUN   TestFileSizeLimitMiddleware/multiple_files_within_limit
=== RUN   TestFileSizeLimitMiddleware/too_many_files
=== RUN   TestFileSizeLimitMiddleware/file_too_large
--- PASS: TestFileSizeLimitMiddleware (4.31s)
    --- PASS: TestFileSizeLimitMiddleware/no_files_uploaded (0.00s)
    --- PASS: TestFileSizeLimitMiddleware/single_file_within_limit (0.00s)
    --- PASS: TestFileSizeLimitMiddleware/multiple_files_within_limit (0.00s)
    --- PASS: TestFileSizeLimitMiddleware/too_many_files (0.00s)
    --- PASS: TestFileSizeLimitMiddleware/file_too_large (3.20s)
=== RUN   TestFileSizeLimitMiddleware_EdgeCases
=== RUN   TestFileSizeLimitMiddleware_EdgeCases/exactly_at_file_count_limit
=== RUN   TestFileSizeLimitMiddleware_EdgeCases/exactly_at_file_size_limit
=== RUN   TestFileSizeLimitMiddleware_EdgeCases/invalid_multipart_form
=== RUN   TestFileSizeLimitMiddleware_EdgeCases/request_body_too_large
--- PASS: TestFileSizeLimitMiddleware_EdgeCases (40.17s)
    --- PASS: TestFileSizeLimitMiddleware_EdgeCases/exactly_at_file_count_limit (0.00s)
    --- PASS: TestFileSizeLimitMiddleware_EdgeCases/exactly_at_file_size_limit (5.95s)
    --- PASS: TestFileSizeLimitMiddleware_EdgeCases/invalid_multipart_form (0.00s)
    --- PASS: TestFileSizeLimitMiddleware_EdgeCases/request_body_too_large (34.22s)
=== RUN   TestFileSizeLimitMiddleware_MultipleFilesWithOneTooLarge
--- PASS: TestFileSizeLimitMiddleware_MultipleFilesWithOneTooLarge (1.98s)
=== RUN   TestFileSizeLimitMiddleware_DifferentFileTypes
=== RUN   TestFileSizeLimitMiddleware_DifferentFileTypes/text_file
=== RUN   TestFileSizeLimitMiddleware_DifferentFileTypes/json_file
=== RUN   TestFileSizeLimitMiddleware_DifferentFileTypes/csv_file
=== RUN   TestFileSizeLimitMiddleware_DifferentFileTypes/xml_file
=== RUN   TestFileSizeLimitMiddleware_DifferentFileTypes/binary_file
--- PASS: TestFileSizeLimitMiddleware_DifferentFileTypes (0.00s)
    --- PASS: TestFileSizeLimitMiddleware_DifferentFileTypes/text_file (0.00s)
    --- PASS: TestFileSizeLimitMiddleware_DifferentFileTypes/json_file (0.00s)
    --- PASS: TestFileSizeLimitMiddleware_DifferentFileTypes/csv_file (0.00s)
    --- PASS: TestFileSizeLimitMiddleware_DifferentFileTypes/xml_file (0.00s)
    --- PASS: TestFileSizeLimitMiddleware_DifferentFileTypes/binary_file (0.00s)
=== RUN   TestFileSizeLimitMiddleware_EmptyFiles
=== RUN   TestFileSizeLimitMiddleware_EmptyFiles/single_empty_file
=== RUN   TestFileSizeLimitMiddleware_EmptyFiles/multiple_empty_files
--- PASS: TestFileSizeLimitMiddleware_EmptyFiles (0.00s)
    --- PASS: TestFileSizeLimitMiddleware_EmptyFiles/single_empty_file (0.00s)
    --- PASS: TestFileSizeLimitMiddleware_EmptyFiles/multiple_empty_files (0.00s)
=== RUN   TestFileSizeLimitMiddleware_VaryingFileSizes
=== RUN   TestFileSizeLimitMiddleware_VaryingFileSizes/1_byte
=== RUN   TestFileSizeLimitMiddleware_VaryingFileSizes/1_KB
=== RUN   TestFileSizeLimitMiddleware_VaryingFileSizes/100_KB
=== RUN   TestFileSizeLimitMiddleware_VaryingFileSizes/1_MB
=== RUN   TestFileSizeLimitMiddleware_VaryingFileSizes/5_MB
=== RUN   TestFileSizeLimitMiddleware_VaryingFileSizes/9_MB
--- PASS: TestFileSizeLimitMiddleware_VaryingFileSizes (1.19s)
    --- PASS: TestFileSizeLimitMiddleware_VaryingFileSizes/1_byte (0.00s)
    --- PASS: TestFileSizeLimitMiddleware_VaryingFileSizes/1_KB (0.00s)
    --- PASS: TestFileSizeLimitMiddleware_VaryingFileSizes/100_KB (0.01s)
    --- PASS: TestFileSizeLimitMiddleware_VaryingFileSizes/1_MB (0.08s)
    --- PASS: TestFileSizeLimitMiddleware_VaryingFileSizes/5_MB (0.37s)
    --- PASS: TestFileSizeLimitMiddleware_VaryingFileSizes/9_MB (0.74s)
=== RUN   TestFileSizeLimitMiddleware_FilenameEdgeCases
=== RUN   TestFileSizeLimitMiddleware_FilenameEdgeCases/simple.txt
=== RUN   TestFileSizeLimitMiddleware_FilenameEdgeCases/file_with_spaces.txt
=== RUN   TestFileSizeLimitMiddleware_FilenameEdgeCases/file-with-dashes.txt
=== RUN   TestFileSizeLimitMiddleware_FilenameEdgeCases/file_with_underscores.txt
=== RUN   TestFileSizeLimitMiddleware_FilenameEdgeCases/file.multiple.dots.txt
=== RUN   TestFileSizeLimitMiddleware_FilenameEdgeCases/UPPERCASE.TXT
=== RUN   TestFileSizeLimitMiddleware_FilenameEdgeCases/12345.txt
=== RUN   TestFileSizeLimitMiddleware_FilenameEdgeCases/file@special#chars$.txt
--- PASS: TestFileSizeLimitMiddleware_FilenameEdgeCases (0.00s)
    --- PASS: TestFileSizeLimitMiddleware_FilenameEdgeCases/simple.txt (0.00s)
    --- PASS: TestFileSizeLimitMiddleware_FilenameEdgeCases/file_with_spaces.txt (0.00s)
    --- PASS: TestFileSizeLimitMiddleware_FilenameEdgeCases/file-with-dashes.txt (0.00s)
    --- PASS: TestFileSizeLimitMiddleware_FilenameEdgeCases/file_with_underscores.txt (0.00s)
    --- PASS: TestFileSizeLimitMiddleware_FilenameEdgeCases/file.multiple.dots.txt (0.00s)
    --- PASS: TestFileSizeLimitMiddleware_FilenameEdgeCases/UPPERCASE.TXT (0.00s)
    --- PASS: TestFileSizeLimitMiddleware_FilenameEdgeCases/12345.txt (0.00s)
    --- PASS: TestFileSizeLimitMiddleware_FilenameEdgeCases/file@special#chars$.txt (0.00s)
=== RUN   TestFileSizeLimitMiddleware_ConcurrentUploads
--- PASS: TestFileSizeLimitMiddleware_ConcurrentUploads (0.00s)
=== RUN   TestAuthMiddleware
=== RUN   TestAuthMiddleware/missing_authorization_header
=== RUN   TestAuthMiddleware/invalid_token
=== RUN   TestAuthMiddleware/user_not_found_in_database
=== RUN   TestAuthMiddleware/user_status_is_inactive
=== RUN   TestAuthMiddleware/user_status_is_suspended
=== RUN   TestAuthMiddleware/valid_token_with_active_user_-_single_role
=== RUN   TestAuthMiddleware/valid_token_with_active_user_-_multiple_roles
--- PASS: TestAuthMiddleware (0.01s)
    --- PASS: TestAuthMiddleware/missing_authorization_header (0.00s)
    --- PASS: TestAuthMiddleware/invalid_token (0.00s)
    --- PASS: TestAuthMiddleware/user_not_found_in_database (0.01s)
    --- PASS: TestAuthMiddleware/user_status_is_inactive (0.00s)
    --- PASS: TestAuthMiddleware/user_status_is_suspended (0.00s)
    --- PASS: TestAuthMiddleware/valid_token_with_active_user_-_single_role (0.00s)
    --- PASS: TestAuthMiddleware/valid_token_with_active_user_-_multiple_roles (0.00s)
=== RUN   TestAuthMiddleware_Abort
--- PASS: TestAuthMiddleware_Abort (0.00s)
=== RUN   TestAuthMiddleware_WithChainedMiddleware
--- PASS: TestAuthMiddleware_WithChainedMiddleware (0.00s)
=== RUN   TestAuthMiddleware_EdgeCases
=== RUN   TestAuthMiddleware_EdgeCases/empty_bearer_token
=== RUN   TestAuthMiddleware_EdgeCases/malformed_header_no_bearer
=== RUN   TestAuthMiddleware_EdgeCases/token_with_special_characters_but_valid_user
=== RUN   TestAuthMiddleware_EdgeCases/token_with_whitespace_-_invalid
--- PASS: TestAuthMiddleware_EdgeCases (0.00s)
    --- PASS: TestAuthMiddleware_EdgeCases/empty_bearer_token (0.00s)
    --- PASS: TestAuthMiddleware_EdgeCases/malformed_header_no_bearer (0.00s)
    --- PASS: TestAuthMiddleware_EdgeCases/token_with_special_characters_but_valid_user (0.00s)
    --- PASS: TestAuthMiddleware_EdgeCases/token_with_whitespace_-_invalid (0.00s)
=== RUN   TestAuthMiddleware_DifferentHTTPMethods
=== RUN   TestAuthMiddleware_DifferentHTTPMethods/GET
=== RUN   TestAuthMiddleware_DifferentHTTPMethods/POST
=== RUN   TestAuthMiddleware_DifferentHTTPMethods/PUT
=== RUN   TestAuthMiddleware_DifferentHTTPMethods/DELETE
=== RUN   TestAuthMiddleware_DifferentHTTPMethods/PATCH
--- PASS: TestAuthMiddleware_DifferentHTTPMethods (0.00s)
    --- PASS: TestAuthMiddleware_DifferentHTTPMethods/GET (0.00s)
    --- PASS: TestAuthMiddleware_DifferentHTTPMethods/POST (0.00s)
    --- PASS: TestAuthMiddleware_DifferentHTTPMethods/PUT (0.00s)
    --- PASS: TestAuthMiddleware_DifferentHTTPMethods/DELETE (0.00s)
    --- PASS: TestAuthMiddleware_DifferentHTTPMethods/PATCH (0.00s)
=== RUN   TestAuthMiddleware_MultipleRoles
=== RUN   TestAuthMiddleware_MultipleRoles/roles_admin
=== RUN   TestAuthMiddleware_MultipleRoles/roles_admin,editor
=== RUN   TestAuthMiddleware_MultipleRoles/roles_admin,editor,viewer
=== RUN   TestAuthMiddleware_MultipleRoles/roles_viewer,contributor,moderator,admin
--- PASS: TestAuthMiddleware_MultipleRoles (0.00s)
    --- PASS: TestAuthMiddleware_MultipleRoles/roles_admin (0.00s)
    --- PASS: TestAuthMiddleware_MultipleRoles/roles_admin,editor (0.00s)
    --- PASS: TestAuthMiddleware_MultipleRoles/roles_admin,editor,viewer (0.00s)
    --- PASS: TestAuthMiddleware_MultipleRoles/roles_viewer,contributor,moderator,admin (0.00s)
=== RUN   TestAuthMiddleware_ConcurrentRequests
--- PASS: TestAuthMiddleware_ConcurrentRequests (0.00s)
=== RUN   TestAuthMiddleware_ContextValues
--- PASS: TestAuthMiddleware_ContextValues (0.00s)
=== RUN   TestAuthMiddleware_SuccessfulAuthentication
--- PASS: TestAuthMiddleware_SuccessfulAuthentication (0.00s)
=== RUN   TestAuthMiddleware_UserStatusValidation
=== RUN   TestAuthMiddleware_UserStatusValidation/active_status
=== RUN   TestAuthMiddleware_UserStatusValidation/inactive_status
=== RUN   TestAuthMiddleware_UserStatusValidation/suspended_status
=== RUN   TestAuthMiddleware_UserStatusValidation/deactivated_status
=== RUN   TestAuthMiddleware_UserStatusValidation/pending_status
=== RUN   TestAuthMiddleware_UserStatusValidation/archived_status
--- PASS: TestAuthMiddleware_UserStatusValidation (0.00s)
    --- PASS: TestAuthMiddleware_UserStatusValidation/active_status (0.00s)
    --- PASS: TestAuthMiddleware_UserStatusValidation/inactive_status (0.00s)
    --- PASS: TestAuthMiddleware_UserStatusValidation/suspended_status (0.00s)
    --- PASS: TestAuthMiddleware_UserStatusValidation/deactivated_status (0.00s)
    --- PASS: TestAuthMiddleware_UserStatusValidation/pending_status (0.00s)
    --- PASS: TestAuthMiddleware_UserStatusValidation/archived_status (0.00s)
=== RUN   TestAuthMiddleware_DatabaseCheckFailure
=== RUN   TestAuthMiddleware_DatabaseCheckFailure/user_not_found
=== RUN   TestAuthMiddleware_DatabaseCheckFailure/database_connection_error
=== RUN   TestAuthMiddleware_DatabaseCheckFailure/query_timeout
--- PASS: TestAuthMiddleware_DatabaseCheckFailure (0.00s)
    --- PASS: TestAuthMiddleware_DatabaseCheckFailure/user_not_found (0.00s)
    --- PASS: TestAuthMiddleware_DatabaseCheckFailure/database_connection_error (0.00s)
    --- PASS: TestAuthMiddleware_DatabaseCheckFailure/query_timeout (0.00s)
=== RUN   TestAuthMiddleware_UsersWithDifferentRolesAndStatuses
=== RUN   TestAuthMiddleware_UsersWithDifferentRolesAndStatuses/admin_with_active_status
=== RUN   TestAuthMiddleware_UsersWithDifferentRolesAndStatuses/admin_with_inactive_status
=== RUN   TestAuthMiddleware_UsersWithDifferentRolesAndStatuses/editor_with_active_status
=== RUN   TestAuthMiddleware_UsersWithDifferentRolesAndStatuses/editor_with_suspended_status
=== RUN   TestAuthMiddleware_UsersWithDifferentRolesAndStatuses/viewer_with_active_status
=== RUN   TestAuthMiddleware_UsersWithDifferentRolesAndStatuses/viewer_with_pending_status
--- PASS: TestAuthMiddleware_UsersWithDifferentRolesAndStatuses (0.01s)
    --- PASS: TestAuthMiddleware_UsersWithDifferentRolesAndStatuses/admin_with_active_status (0.00s)
    --- PASS: TestAuthMiddleware_UsersWithDifferentRolesAndStatuses/admin_with_inactive_status (0.00s)
    --- PASS: TestAuthMiddleware_UsersWithDifferentRolesAndStatuses/editor_with_active_status (0.00s)
    --- PASS: TestAuthMiddleware_UsersWithDifferentRolesAndStatuses/editor_with_suspended_status (0.00s)
    --- PASS: TestAuthMiddleware_UsersWithDifferentRolesAndStatuses/viewer_with_active_status (0.00s)
    --- PASS: TestAuthMiddleware_UsersWithDifferentRolesAndStatuses/viewer_with_pending_status (0.00s)
=== RUN   TestExtractUserAndSchemaFromContext
=== RUN   TestExtractUserAndSchemaFromContext/both_user_id_and_schema_present
=== RUN   TestExtractUserAndSchemaFromContext/missing_user_id
=== RUN   TestExtractUserAndSchemaFromContext/missing_schema
=== RUN   TestExtractUserAndSchemaFromContext/both_missing
=== RUN   TestExtractUserAndSchemaFromContext/empty_string_values
--- PASS: TestExtractUserAndSchemaFromContext (0.00s)
    --- PASS: TestExtractUserAndSchemaFromContext/both_user_id_and_schema_present (0.00s)
    --- PASS: TestExtractUserAndSchemaFromContext/missing_user_id (0.00s)
    --- PASS: TestExtractUserAndSchemaFromContext/missing_schema (0.00s)
    --- PASS: TestExtractUserAndSchemaFromContext/both_missing (0.00s)
    --- PASS: TestExtractUserAndSchemaFromContext/empty_string_values (0.00s)
=== RUN   TestExtractScopeFromHeaders
=== RUN   TestExtractScopeFromHeaders/both_headers_present
=== RUN   TestExtractScopeFromHeaders/scope_type_base
=== RUN   TestExtractScopeFromHeaders/missing_scope_type_-_defaults_to_workspace
=== RUN   TestExtractScopeFromHeaders/missing_scope_id
=== RUN   TestExtractScopeFromHeaders/both_headers_missing
=== RUN   TestExtractScopeFromHeaders/empty_string_values
=== RUN   TestExtractScopeFromHeaders/custom_scope_type
--- PASS: TestExtractScopeFromHeaders (0.00s)
    --- PASS: TestExtractScopeFromHeaders/both_headers_present (0.00s)
    --- PASS: TestExtractScopeFromHeaders/scope_type_base (0.00s)
    --- PASS: TestExtractScopeFromHeaders/missing_scope_type_-_defaults_to_workspace (0.00s)
    --- PASS: TestExtractScopeFromHeaders/missing_scope_id (0.00s)
    --- PASS: TestExtractScopeFromHeaders/both_headers_missing (0.00s)
    --- PASS: TestExtractScopeFromHeaders/empty_string_values (0.00s)
    --- PASS: TestExtractScopeFromHeaders/custom_scope_type (0.00s)
=== RUN   TestSendUnauthorizedError
--- PASS: TestSendUnauthorizedError (0.00s)
=== RUN   TestCommonMiddleware_Integration
=== RUN   TestCommonMiddleware_Integration/extract_user_and_schema_in_middleware_chain
=== RUN   TestCommonMiddleware_Integration/extract_scope_headers_in_middleware_chain
--- PASS: TestCommonMiddleware_Integration (0.01s)
    --- PASS: TestCommonMiddleware_Integration/extract_user_and_schema_in_middleware_chain (0.00s)
    --- PASS: TestCommonMiddleware_Integration/extract_scope_headers_in_middleware_chain (0.00s)
=== RUN   TestCommonMiddleware_TypeAssertion
=== RUN   TestCommonMiddleware_TypeAssertion/string_value
=== RUN   TestCommonMiddleware_TypeAssertion/empty_string
--- PASS: TestCommonMiddleware_TypeAssertion (0.00s)
    --- PASS: TestCommonMiddleware_TypeAssertion/string_value (0.00s)
    --- PASS: TestCommonMiddleware_TypeAssertion/empty_string (0.00s)
=== RUN   TestExtractUserAndSchemaFromContext_VariousTypes
=== RUN   TestExtractUserAndSchemaFromContext_VariousTypes/string_values
=== RUN   TestExtractUserAndSchemaFromContext_VariousTypes/numeric_string
=== RUN   TestExtractUserAndSchemaFromContext_VariousTypes/empty_strings
=== RUN   TestExtractUserAndSchemaFromContext_VariousTypes/long_strings
--- PASS: TestExtractUserAndSchemaFromContext_VariousTypes (0.00s)
    --- PASS: TestExtractUserAndSchemaFromContext_VariousTypes/string_values (0.00s)
    --- PASS: TestExtractUserAndSchemaFromContext_VariousTypes/numeric_string (0.00s)
    --- PASS: TestExtractUserAndSchemaFromContext_VariousTypes/empty_strings (0.00s)
    --- PASS: TestExtractUserAndSchemaFromContext_VariousTypes/long_strings (0.00s)
=== RUN   TestExtractScopeFromHeaders_AllScopeTypes
=== RUN   TestExtractScopeFromHeaders_AllScopeTypes/scope_system
=== RUN   TestExtractScopeFromHeaders_AllScopeTypes/scope_workspace
=== RUN   TestExtractScopeFromHeaders_AllScopeTypes/scope_base
=== RUN   TestExtractScopeFromHeaders_AllScopeTypes/scope_custom_scope
=== RUN   TestExtractScopeFromHeaders_AllScopeTypes/scope_
--- PASS: TestExtractScopeFromHeaders_AllScopeTypes (0.00s)
    --- PASS: TestExtractScopeFromHeaders_AllScopeTypes/scope_system (0.00s)
    --- PASS: TestExtractScopeFromHeaders_AllScopeTypes/scope_workspace (0.00s)
    --- PASS: TestExtractScopeFromHeaders_AllScopeTypes/scope_base (0.00s)
    --- PASS: TestExtractScopeFromHeaders_AllScopeTypes/scope_custom_scope (0.00s)
    --- PASS: TestExtractScopeFromHeaders_AllScopeTypes/scope_ (0.00s)
=== RUN   TestExtractScopeFromHeaders_WithScopeIDs
=== RUN   TestExtractScopeFromHeaders_WithScopeIDs/id_ws_123456
=== RUN   TestExtractScopeFromHeaders_WithScopeIDs/id_base_789
=== RUN   TestExtractScopeFromHeaders_WithScopeIDs/id_org_abc
=== RUN   TestExtractScopeFromHeaders_WithScopeIDs/id_
=== RUN   TestExtractScopeFromHeaders_WithScopeIDs/id_id-with-dashes
=== RUN   TestExtractScopeFromHeaders_WithScopeIDs/id_id_with_underscores
--- PASS: TestExtractScopeFromHeaders_WithScopeIDs (0.00s)
    --- PASS: TestExtractScopeFromHeaders_WithScopeIDs/id_ws_123456 (0.00s)
    --- PASS: TestExtractScopeFromHeaders_WithScopeIDs/id_base_789 (0.00s)
    --- PASS: TestExtractScopeFromHeaders_WithScopeIDs/id_org_abc (0.00s)
    --- PASS: TestExtractScopeFromHeaders_WithScopeIDs/id_ (0.00s)
    --- PASS: TestExtractScopeFromHeaders_WithScopeIDs/id_id-with-dashes (0.00s)
    --- PASS: TestExtractScopeFromHeaders_WithScopeIDs/id_id_with_underscores (0.00s)
=== RUN   TestContextValues_ConcurrentAccess
=== RUN   TestContextValues_ConcurrentAccess/concurrent_0
=== RUN   TestContextValues_ConcurrentAccess/concurrent_1
=== RUN   TestContextValues_ConcurrentAccess/concurrent_2
=== RUN   TestContextValues_ConcurrentAccess/concurrent_3
=== RUN   TestContextValues_ConcurrentAccess/concurrent_4
=== RUN   TestContextValues_ConcurrentAccess/concurrent_5
=== RUN   TestContextValues_ConcurrentAccess/concurrent_6
=== RUN   TestContextValues_ConcurrentAccess/concurrent_7
=== RUN   TestContextValues_ConcurrentAccess/concurrent_8
=== RUN   TestContextValues_ConcurrentAccess/concurrent_9
--- PASS: TestContextValues_ConcurrentAccess (0.00s)
    --- PASS: TestContextValues_ConcurrentAccess/concurrent_0 (0.00s)
    --- PASS: TestContextValues_ConcurrentAccess/concurrent_1 (0.00s)
    --- PASS: TestContextValues_ConcurrentAccess/concurrent_2 (0.00s)
    --- PASS: TestContextValues_ConcurrentAccess/concurrent_3 (0.00s)
    --- PASS: TestContextValues_ConcurrentAccess/concurrent_4 (0.00s)
    --- PASS: TestContextValues_ConcurrentAccess/concurrent_5 (0.00s)
    --- PASS: TestContextValues_ConcurrentAccess/concurrent_6 (0.00s)
    --- PASS: TestContextValues_ConcurrentAccess/concurrent_7 (0.00s)
    --- PASS: TestContextValues_ConcurrentAccess/concurrent_8 (0.00s)
    --- PASS: TestContextValues_ConcurrentAccess/concurrent_9 (0.00s)
=== RUN   TestCORS_Wildcard
--- PASS: TestCORS_Wildcard (0.00s)
=== RUN   TestCORS_SpecificOrigin
=== RUN   TestCORS_SpecificOrigin/matching_single_origin
=== RUN   TestCORS_SpecificOrigin/non-matching_origin
=== RUN   TestCORS_SpecificOrigin/matching_one_of_multiple_origins
=== RUN   TestCORS_SpecificOrigin/not_matching_any_of_multiple_origins
=== RUN   TestCORS_SpecificOrigin/matching_with_spaces_in_config
--- PASS: TestCORS_SpecificOrigin (0.00s)
    --- PASS: TestCORS_SpecificOrigin/matching_single_origin (0.00s)
    --- PASS: TestCORS_SpecificOrigin/non-matching_origin (0.00s)
    --- PASS: TestCORS_SpecificOrigin/matching_one_of_multiple_origins (0.00s)
    --- PASS: TestCORS_SpecificOrigin/not_matching_any_of_multiple_origins (0.00s)
    --- PASS: TestCORS_SpecificOrigin/matching_with_spaces_in_config (0.00s)
=== RUN   TestCORS_PreflightRequest
=== RUN   TestCORS_PreflightRequest/preflight_with_wildcard
=== RUN   TestCORS_PreflightRequest/preflight_with_allowed_origin
=== RUN   TestCORS_PreflightRequest/preflight_with_disallowed_origin
--- PASS: TestCORS_PreflightRequest (0.00s)
    --- PASS: TestCORS_PreflightRequest/preflight_with_wildcard (0.00s)
    --- PASS: TestCORS_PreflightRequest/preflight_with_allowed_origin (0.00s)
    --- PASS: TestCORS_PreflightRequest/preflight_with_disallowed_origin (0.00s)
=== RUN   TestCORS_Credentials
=== RUN   TestCORS_Credentials/credentials_allowed
=== RUN   TestCORS_Credentials/credentials_not_allowed
--- PASS: TestCORS_Credentials (0.00s)
    --- PASS: TestCORS_Credentials/credentials_allowed (0.00s)
    --- PASS: TestCORS_Credentials/credentials_not_allowed (0.00s)
=== RUN   TestCORS_NoOriginHeader
--- PASS: TestCORS_NoOriginHeader (0.00s)
=== RUN   TestCORS_DifferentMethods
=== RUN   TestCORS_DifferentMethods/GET
=== RUN   TestCORS_DifferentMethods/POST
=== RUN   TestCORS_DifferentMethods/PUT
=== RUN   TestCORS_DifferentMethods/DELETE
=== RUN   TestCORS_DifferentMethods/PATCH
--- PASS: TestCORS_DifferentMethods (0.00s)
    --- PASS: TestCORS_DifferentMethods/GET (0.00s)
    --- PASS: TestCORS_DifferentMethods/POST (0.00s)
    --- PASS: TestCORS_DifferentMethods/PUT (0.00s)
    --- PASS: TestCORS_DifferentMethods/DELETE (0.00s)
    --- PASS: TestCORS_DifferentMethods/PATCH (0.00s)
=== RUN   TestCORS_CustomHeaders
=== RUN   TestCORS_CustomHeaders/single_header
=== RUN   TestCORS_CustomHeaders/multiple_headers
=== RUN   TestCORS_CustomHeaders/many_headers
--- PASS: TestCORS_CustomHeaders (0.00s)
    --- PASS: TestCORS_CustomHeaders/single_header (0.00s)
    --- PASS: TestCORS_CustomHeaders/multiple_headers (0.00s)
    --- PASS: TestCORS_CustomHeaders/many_headers (0.00s)
=== RUN   TestCORS_CustomMethods
=== RUN   TestCORS_CustomMethods/GET_only
=== RUN   TestCORS_CustomMethods/GET_and_POST
=== RUN   TestCORS_CustomMethods/all_standard_methods
--- PASS: TestCORS_CustomMethods (0.00s)
    --- PASS: TestCORS_CustomMethods/GET_only (0.00s)
    --- PASS: TestCORS_CustomMethods/GET_and_POST (0.00s)
    --- PASS: TestCORS_CustomMethods/all_standard_methods (0.00s)
=== RUN   TestCORS_Integration
--- PASS: TestCORS_Integration (0.00s)
=== RUN   TestRequestLogger_AllMethods
=== RUN   TestRequestLogger_AllMethods/method_GET
[2026/03/20 - 14:44:07] 192.0.2.1 GET 200 0s "/test" HTTP/1.1 "" 
=== RUN   TestRequestLogger_AllMethods/method_POST
[2026/03/20 - 14:44:07] 192.0.2.1 POST 200 0s "/test" HTTP/1.1 "" 
=== RUN   TestRequestLogger_AllMethods/method_PUT
[2026/03/20 - 14:44:07] 192.0.2.1 PUT 200 0s "/test" HTTP/1.1 "" 
=== RUN   TestRequestLogger_AllMethods/method_PATCH
[2026/03/20 - 14:44:07] 192.0.2.1 PATCH 200 0s "/test" HTTP/1.1 "" 
=== RUN   TestRequestLogger_AllMethods/method_DELETE
[2026/03/20 - 14:44:07] 192.0.2.1 DELETE 200 0s "/test" HTTP/1.1 "" 
=== RUN   TestRequestLogger_AllMethods/method_HEAD
[2026/03/20 - 14:44:07] 192.0.2.1 HEAD 200 0s "/test" HTTP/1.1 "" 
=== RUN   TestRequestLogger_AllMethods/method_OPTIONS
[2026/03/20 - 14:44:07] 192.0.2.1 OPTIONS 200 0s "/test" HTTP/1.1 "" 
--- PASS: TestRequestLogger_AllMethods (0.01s)
    --- PASS: TestRequestLogger_AllMethods/method_GET (0.01s)
    --- PASS: TestRequestLogger_AllMethods/method_POST (0.00s)
    --- PASS: TestRequestLogger_AllMethods/method_PUT (0.00s)
    --- PASS: TestRequestLogger_AllMethods/method_PATCH (0.00s)
    --- PASS: TestRequestLogger_AllMethods/method_DELETE (0.00s)
    --- PASS: TestRequestLogger_AllMethods/method_HEAD (0.00s)
    --- PASS: TestRequestLogger_AllMethods/method_OPTIONS (0.00s)
=== RUN   TestRequestLogger_WithHeaders
[2026/03/20 - 14:44:07] 192.168.1.1 GET 200 0s "/test" HTTP/1.1 "test-agent/1.0" 
--- PASS: TestRequestLogger_WithHeaders (0.00s)
=== RUN   TestDatabaseQueryLogger_LongQueries
=== RUN   TestDatabaseQueryLogger_LongQueries/query_0
=== RUN   TestDatabaseQueryLogger_LongQueries/query_1
=== RUN   TestDatabaseQueryLogger_LongQueries/query_2
--- PASS: TestDatabaseQueryLogger_LongQueries (0.00s)
    --- PASS: TestDatabaseQueryLogger_LongQueries/query_0 (0.00s)
    --- PASS: TestDatabaseQueryLogger_LongQueries/query_1 (0.00s)
    --- PASS: TestDatabaseQueryLogger_LongQueries/query_2 (0.00s)
=== RUN   TestDatabaseQueryLogger_NoQuery
--- PASS: TestDatabaseQueryLogger_NoQuery (0.00s)
=== RUN   TestDatabaseQueryLogger_EmptyQuery
--- PASS: TestDatabaseQueryLogger_EmptyQuery (0.00s)
=== RUN   TestDatabaseQueryLogger_SpecialCharacters
=== RUN   TestDatabaseQueryLogger_SpecialCharacters/special_char_query_0
=== RUN   TestDatabaseQueryLogger_SpecialCharacters/special_char_query_1
=== RUN   TestDatabaseQueryLogger_SpecialCharacters/special_char_query_2
=== RUN   TestDatabaseQueryLogger_SpecialCharacters/special_char_query_3
--- PASS: TestDatabaseQueryLogger_SpecialCharacters (0.00s)
    --- PASS: TestDatabaseQueryLogger_SpecialCharacters/special_char_query_0 (0.00s)
    --- PASS: TestDatabaseQueryLogger_SpecialCharacters/special_char_query_1 (0.00s)
    --- PASS: TestDatabaseQueryLogger_SpecialCharacters/special_char_query_2 (0.00s)
    --- PASS: TestDatabaseQueryLogger_SpecialCharacters/special_char_query_3 (0.00s)
=== RUN   TestNewMiddlewareUtil
--- PASS: TestNewMiddlewareUtil (0.00s)
=== RUN   TestMiddlewareUtil_ExtractUserAndSchemaFromContext
=== RUN   TestMiddlewareUtil_ExtractUserAndSchemaFromContext/both_present
=== RUN   TestMiddlewareUtil_ExtractUserAndSchemaFromContext/missing_user_id
=== RUN   TestMiddlewareUtil_ExtractUserAndSchemaFromContext/missing_schema
=== RUN   TestMiddlewareUtil_ExtractUserAndSchemaFromContext/both_missing
--- PASS: TestMiddlewareUtil_ExtractUserAndSchemaFromContext (0.00s)
    --- PASS: TestMiddlewareUtil_ExtractUserAndSchemaFromContext/both_present (0.00s)
    --- PASS: TestMiddlewareUtil_ExtractUserAndSchemaFromContext/missing_user_id (0.00s)
    --- PASS: TestMiddlewareUtil_ExtractUserAndSchemaFromContext/missing_schema (0.00s)
    --- PASS: TestMiddlewareUtil_ExtractUserAndSchemaFromContext/both_missing (0.00s)
=== RUN   TestMiddlewareUtil_ExtractScopeFromHeaders
=== RUN   TestMiddlewareUtil_ExtractScopeFromHeaders/both_headers_present
=== RUN   TestMiddlewareUtil_ExtractScopeFromHeaders/missing_scope_type
=== RUN   TestMiddlewareUtil_ExtractScopeFromHeaders/missing_scope_id
=== RUN   TestMiddlewareUtil_ExtractScopeFromHeaders/both_missing
--- PASS: TestMiddlewareUtil_ExtractScopeFromHeaders (0.00s)
    --- PASS: TestMiddlewareUtil_ExtractScopeFromHeaders/both_headers_present (0.00s)
    --- PASS: TestMiddlewareUtil_ExtractScopeFromHeaders/missing_scope_type (0.00s)
    --- PASS: TestMiddlewareUtil_ExtractScopeFromHeaders/missing_scope_id (0.00s)
    --- PASS: TestMiddlewareUtil_ExtractScopeFromHeaders/both_missing (0.00s)
=== RUN   TestMiddlewareUtil_SendUnauthorizedError
--- PASS: TestMiddlewareUtil_SendUnauthorizedError (0.00s)
=== RUN   TestMiddlewareUtil_ValidateBaseAccess
=== RUN   TestMiddlewareUtil_ValidateBaseAccess/workspace_scope_-_no_base_check
=== RUN   TestMiddlewareUtil_ValidateBaseAccess/base_scope_-_missing_base_header
=== RUN   TestMiddlewareUtil_ValidateBaseAccess/base_scope_-_wildcard_access
=== RUN   TestMiddlewareUtil_ValidateBaseAccess/base_scope_-_allowed_base
=== RUN   TestMiddlewareUtil_ValidateBaseAccess/base_scope_-_not_allowed_base
=== RUN   TestMiddlewareUtil_ValidateBaseAccess/base_scope_-_with_spaces_in_basesIds
--- PASS: TestMiddlewareUtil_ValidateBaseAccess (0.00s)
    --- PASS: TestMiddlewareUtil_ValidateBaseAccess/workspace_scope_-_no_base_check (0.00s)
    --- PASS: TestMiddlewareUtil_ValidateBaseAccess/base_scope_-_missing_base_header (0.00s)
    --- PASS: TestMiddlewareUtil_ValidateBaseAccess/base_scope_-_wildcard_access (0.00s)
    --- PASS: TestMiddlewareUtil_ValidateBaseAccess/base_scope_-_allowed_base (0.00s)
    --- PASS: TestMiddlewareUtil_ValidateBaseAccess/base_scope_-_not_allowed_base (0.00s)
    --- PASS: TestMiddlewareUtil_ValidateBaseAccess/base_scope_-_with_spaces_in_basesIds (0.00s)
=== RUN   TestMiddlewareUtil_CheckAccessLevel
=== RUN   TestMiddlewareUtil_CheckAccessLevel/access_allowed_-_owner
=== RUN   TestMiddlewareUtil_CheckAccessLevel/access_allowed_-_admin
=== RUN   TestMiddlewareUtil_CheckAccessLevel/access_denied_-_viewer
=== RUN   TestMiddlewareUtil_CheckAccessLevel/access_allowed_-_single_level
=== RUN   TestMiddlewareUtil_CheckAccessLevel/access_denied_-_empty_allowed_list
--- PASS: TestMiddlewareUtil_CheckAccessLevel (0.00s)
    --- PASS: TestMiddlewareUtil_CheckAccessLevel/access_allowed_-_owner (0.00s)
    --- PASS: TestMiddlewareUtil_CheckAccessLevel/access_allowed_-_admin (0.00s)
    --- PASS: TestMiddlewareUtil_CheckAccessLevel/access_denied_-_viewer (0.00s)
    --- PASS: TestMiddlewareUtil_CheckAccessLevel/access_allowed_-_single_level (0.00s)
    --- PASS: TestMiddlewareUtil_CheckAccessLevel/access_denied_-_empty_allowed_list (0.00s)
=== RUN   TestMiddlewareUtil_CheckUserPermission
=== RUN   TestMiddlewareUtil_CheckUserPermission/permission_granted
=== RUN   TestMiddlewareUtil_CheckUserPermission/permission_denied
=== RUN   TestMiddlewareUtil_CheckUserPermission/permission_check_error
--- PASS: TestMiddlewareUtil_CheckUserPermission (0.00s)
    --- PASS: TestMiddlewareUtil_CheckUserPermission/permission_granted (0.00s)
    --- PASS: TestMiddlewareUtil_CheckUserPermission/permission_denied (0.00s)
    --- PASS: TestMiddlewareUtil_CheckUserPermission/permission_check_error (0.00s)
=== RUN   TestMiddlewareUtil_CheckUserRole
=== RUN   TestMiddlewareUtil_CheckUserRole/user_has_required_role
=== RUN   TestMiddlewareUtil_CheckUserRole/user_does_not_have_required_role
=== RUN   TestMiddlewareUtil_CheckUserRole/error_getting_role
--- PASS: TestMiddlewareUtil_CheckUserRole (0.00s)
    --- PASS: TestMiddlewareUtil_CheckUserRole/user_has_required_role (0.00s)
    --- PASS: TestMiddlewareUtil_CheckUserRole/user_does_not_have_required_role (0.00s)
    --- PASS: TestMiddlewareUtil_CheckUserRole/error_getting_role (0.00s)
=== RUN   TestMiddlewareUtil_Integration
--- PASS: TestMiddlewareUtil_Integration (0.00s)
=== RUN   TestValidateTableName
=== RUN   TestValidateTableName/valid_table_name
=== RUN   TestValidateTableName/valid_with_underscore
=== RUN   TestValidateTableName/valid_with_number
=== RUN   TestValidateTableName/invalid_-_starts_with_number
=== RUN   TestValidateTableName/invalid_-_special_char
--- PASS: TestValidateTableName (0.00s)
    --- PASS: TestValidateTableName/valid_table_name (0.00s)
    --- PASS: TestValidateTableName/valid_with_underscore (0.00s)
    --- PASS: TestValidateTableName/valid_with_number (0.00s)
    --- PASS: TestValidateTableName/invalid_-_starts_with_number (0.00s)
    --- PASS: TestValidateTableName/invalid_-_special_char (0.00s)
=== RUN   TestValidateColumnName
=== RUN   TestValidateColumnName/valid_column_name
=== RUN   TestValidateColumnName/valid_with_underscore
=== RUN   TestValidateColumnName/valid_with_number
=== RUN   TestValidateColumnName/invalid_-_starts_with_number
=== RUN   TestValidateColumnName/invalid_-_dash
--- PASS: TestValidateColumnName (0.02s)
    --- PASS: TestValidateColumnName/valid_column_name (0.00s)
    --- PASS: TestValidateColumnName/valid_with_underscore (0.00s)
    --- PASS: TestValidateColumnName/valid_with_number (0.00s)
    --- PASS: TestValidateColumnName/invalid_-_starts_with_number (0.00s)
    --- PASS: TestValidateColumnName/invalid_-_dash (0.00s)
=== RUN   TestRequestSizeLimit
=== RUN   TestRequestSizeLimit/within_limit
=== RUN   TestRequestSizeLimit/at_limit
=== RUN   TestRequestSizeLimit/small_request
--- PASS: TestRequestSizeLimit (0.00s)
    --- PASS: TestRequestSizeLimit/within_limit (0.00s)
    --- PASS: TestRequestSizeLimit/at_limit (0.00s)
    --- PASS: TestRequestSizeLimit/small_request (0.00s)
=== RUN   TestRateLimiter
=== RUN   TestRateLimiter/allows_requests_within_limit
=== RUN   TestRateLimiter/blocks_requests_over_limit
--- PASS: TestRateLimiter (0.00s)
    --- PASS: TestRateLimiter/allows_requests_within_limit (0.00s)
    --- PASS: TestRateLimiter/blocks_requests_over_limit (0.00s)
=== RUN   TestRequestLogger
[2026/03/20 - 14:44:07] 192.0.2.1 GET 200 0s "/api/test" HTTP/1.1 "" 
--- PASS: TestRequestLogger (0.00s)
=== RUN   TestDatabaseQueryLogger
--- PASS: TestDatabaseQueryLogger (0.00s)
=== RUN   TestValidationMiddlewareChaining
--- PASS: TestValidationMiddlewareChaining (0.00s)
=== RUN   TestValidateTableNameReservedWords
=== RUN   TestValidateTableNameReservedWords/reserved_select
=== RUN   TestValidateTableNameReservedWords/reserved_from
=== RUN   TestValidateTableNameReservedWords/reserved_where
=== RUN   TestValidateTableNameReservedWords/reserved_table
--- PASS: TestValidateTableNameReservedWords (0.00s)
    --- PASS: TestValidateTableNameReservedWords/reserved_select (0.00s)
    --- PASS: TestValidateTableNameReservedWords/reserved_from (0.00s)
    --- PASS: TestValidateTableNameReservedWords/reserved_where (0.00s)
    --- PASS: TestValidateTableNameReservedWords/reserved_table (0.00s)
=== RUN   TestRateLimiterDifferentClients
--- PASS: TestRateLimiterDifferentClients (0.00s)
=== RUN   TestValidateTableName_EdgeCases
=== RUN   TestValidateTableName_EdgeCases/empty_string
=== RUN   TestValidateTableName_EdgeCases/very_long_name
=== RUN   TestValidateTableName_EdgeCases/underscore_prefix
=== RUN   TestValidateTableName_EdgeCases/double_underscore
=== RUN   TestValidateTableName_EdgeCases/all_caps
=== RUN   TestValidateTableName_EdgeCases/mixed_case
--- PASS: TestValidateTableName_EdgeCases (0.00s)
    --- PASS: TestValidateTableName_EdgeCases/empty_string (0.00s)
    --- PASS: TestValidateTableName_EdgeCases/very_long_name (0.00s)
    --- PASS: TestValidateTableName_EdgeCases/underscore_prefix (0.00s)
    --- PASS: TestValidateTableName_EdgeCases/double_underscore (0.00s)
    --- PASS: TestValidateTableName_EdgeCases/all_caps (0.00s)
    --- PASS: TestValidateTableName_EdgeCases/mixed_case (0.00s)
=== RUN   TestValidateColumnName_EdgeCases
=== RUN   TestValidateColumnName_EdgeCases/empty_string
=== RUN   TestValidateColumnName_EdgeCases/very_long_name
=== RUN   TestValidateColumnName_EdgeCases/underscore_only
=== RUN   TestValidateColumnName_EdgeCases/double_underscore
=== RUN   TestValidateColumnName_EdgeCases/all_caps
=== RUN   TestValidateColumnName_EdgeCases/mixed_case
--- PASS: TestValidateColumnName_EdgeCases (0.00s)
    --- PASS: TestValidateColumnName_EdgeCases/empty_string (0.00s)
    --- PASS: TestValidateColumnName_EdgeCases/very_long_name (0.00s)
    --- PASS: TestValidateColumnName_EdgeCases/underscore_only (0.00s)
    --- PASS: TestValidateColumnName_EdgeCases/double_underscore (0.00s)
    --- PASS: TestValidateColumnName_EdgeCases/all_caps (0.00s)
    --- PASS: TestValidateColumnName_EdgeCases/mixed_case (0.00s)
=== RUN   TestRequestSizeLimit_EdgeCases
=== RUN   TestRequestSizeLimit_EdgeCases/empty_body
=== RUN   TestRequestSizeLimit_EdgeCases/exactly_at_limit
=== RUN   TestRequestSizeLimit_EdgeCases/one_byte_over
=== RUN   TestRequestSizeLimit_EdgeCases/very_large_limit
=== RUN   TestRequestSizeLimit_EdgeCases/zero_limit
--- PASS: TestRequestSizeLimit_EdgeCases (0.03s)
    --- PASS: TestRequestSizeLimit_EdgeCases/empty_body (0.00s)
    --- PASS: TestRequestSizeLimit_EdgeCases/exactly_at_limit (0.00s)
    --- PASS: TestRequestSizeLimit_EdgeCases/one_byte_over (0.00s)
    --- PASS: TestRequestSizeLimit_EdgeCases/very_large_limit (0.00s)
    --- PASS: TestRequestSizeLimit_EdgeCases/zero_limit (0.00s)
=== RUN   TestRateLimiter_EdgeCases
=== RUN   TestRateLimiter_EdgeCases/very_high_rate_limit
=== RUN   TestRateLimiter_EdgeCases/concurrent_requests_from_same_client
--- PASS: TestRateLimiter_EdgeCases (0.00s)
    --- PASS: TestRateLimiter_EdgeCases/very_high_rate_limit (0.00s)
    --- PASS: TestRateLimiter_EdgeCases/concurrent_requests_from_same_client (0.00s)
=== RUN   TestValidationMiddleware_AllHTTPMethods
=== RUN   TestValidationMiddleware_AllHTTPMethods/GET
=== RUN   TestValidationMiddleware_AllHTTPMethods/POST
=== RUN   TestValidationMiddleware_AllHTTPMethods/PUT
=== RUN   TestValidationMiddleware_AllHTTPMethods/DELETE
=== RUN   TestValidationMiddleware_AllHTTPMethods/PATCH
--- PASS: TestValidationMiddleware_AllHTTPMethods (0.00s)
    --- PASS: TestValidationMiddleware_AllHTTPMethods/GET (0.00s)
    --- PASS: TestValidationMiddleware_AllHTTPMethods/POST (0.00s)
    --- PASS: TestValidationMiddleware_AllHTTPMethods/PUT (0.00s)
    --- PASS: TestValidationMiddleware_AllHTTPMethods/DELETE (0.00s)
    --- PASS: TestValidationMiddleware_AllHTTPMethods/PATCH (0.00s)
=== RUN   TestRequestLogger_DifferentPaths
=== RUN   TestRequestLogger_DifferentPaths//api/users
[2026/03/20 - 14:44:07] 192.0.2.1 GET 200 0s "/api/users" HTTP/1.1 "" 
=== RUN   TestRequestLogger_DifferentPaths//api/posts/123
[2026/03/20 - 14:44:07] 192.0.2.1 GET 200 0s "/api/posts/123" HTTP/1.1 "" 
=== RUN   TestRequestLogger_DifferentPaths//health
[2026/03/20 - 14:44:07] 192.0.2.1 GET 200 0s "/health" HTTP/1.1 "" 
=== RUN   TestRequestLogger_DifferentPaths//api/workspaces/ws1/bases/b1
[2026/03/20 - 14:44:07] 192.0.2.1 GET 200 0s "/api/workspaces/ws1/bases/b1" HTTP/1.1 "" 
--- PASS: TestRequestLogger_DifferentPaths (0.00s)
    --- PASS: TestRequestLogger_DifferentPaths//api/users (0.00s)
    --- PASS: TestRequestLogger_DifferentPaths//api/posts/123 (0.00s)
    --- PASS: TestRequestLogger_DifferentPaths//health (0.00s)
    --- PASS: TestRequestLogger_DifferentPaths//api/workspaces/ws1/bases/b1 (0.00s)
=== RUN   TestDatabaseQueryLogger_WithQueries
=== RUN   TestDatabaseQueryLogger_WithQueries/SELECT
=== RUN   TestDatabaseQueryLogger_WithQueries/INSERT
=== RUN   TestDatabaseQueryLogger_WithQueries/UPDATE
=== RUN   TestDatabaseQueryLogger_WithQueries/DELETE
--- PASS: TestDatabaseQueryLogger_WithQueries (0.00s)
    --- PASS: TestDatabaseQueryLogger_WithQueries/SELECT (0.00s)
    --- PASS: TestDatabaseQueryLogger_WithQueries/INSERT (0.00s)
    --- PASS: TestDatabaseQueryLogger_WithQueries/UPDATE (0.00s)
    --- PASS: TestDatabaseQueryLogger_WithQueries/DELETE (0.00s)
=== RUN   TestMiddlewareChaining_Complex
[2026/03/20 - 14:44:07] 127.0.0.1 POST 200 0s "/api/table/users/column/email" HTTP/1.1 "" 
--- PASS: TestMiddlewareChaining_Complex (0.00s)
=== RUN   TestValidateTableName_WithNumbers
=== RUN   TestValidateTableName_WithNumbers/table1
=== RUN   TestValidateTableName_WithNumbers/table123
=== RUN   TestValidateTableName_WithNumbers/user_accounts_2023
=== RUN   TestValidateTableName_WithNumbers/data_v2
--- PASS: TestValidateTableName_WithNumbers (0.00s)
    --- PASS: TestValidateTableName_WithNumbers/table1 (0.00s)
    --- PASS: TestValidateTableName_WithNumbers/table123 (0.00s)
    --- PASS: TestValidateTableName_WithNumbers/user_accounts_2023 (0.00s)
    --- PASS: TestValidateTableName_WithNumbers/data_v2 (0.00s)
=== RUN   TestRequestLogger_WithUserAgent
=== RUN   TestRequestLogger_WithUserAgent/Mozilla/5.0
[2026/03/20 - 14:44:07] 192.0.2.1 GET 200 0s "/test" HTTP/1.1 "Mozilla/5.0" 
=== RUN   TestRequestLogger_WithUserAgent/curl/7.64.1
[2026/03/20 - 14:44:07] 192.0.2.1 GET 200 0s "/test" HTTP/1.1 "curl/7.64.1" 
=== RUN   TestRequestLogger_WithUserAgent/PostmanRuntime/7.26.8
[2026/03/20 - 14:44:07] 192.0.2.1 GET 200 0s "/test" HTTP/1.1 "PostmanRuntime/7.26.8" 
--- PASS: TestRequestLogger_WithUserAgent (0.00s)
    --- PASS: TestRequestLogger_WithUserAgent/Mozilla/5.0 (0.00s)
    --- PASS: TestRequestLogger_WithUserAgent/curl/7.64.1 (0.00s)
    --- PASS: TestRequestLogger_WithUserAgent/PostmanRuntime/7.26.8 (0.00s)
PASS
coverage: [no statements]
ok  	github.com/aptlogica/sereni-base/tests/middleware	54.577s	coverage: [no statements]
=== RUN   TestAccessMember_TableName
--- PASS: TestAccessMember_TableName (0.00s)
=== RUN   TestAccessMember_SystemLevel
--- PASS: TestAccessMember_SystemLevel (0.00s)
=== RUN   TestAccessMember_WorkspaceLevel
--- PASS: TestAccessMember_WorkspaceLevel (0.00s)
=== RUN   TestAccessMember_BaseLevel
--- PASS: TestAccessMember_BaseLevel (0.00s)
=== RUN   TestAccessMember_WithoutAssignedBy
--- PASS: TestAccessMember_WithoutAssignedBy (0.00s)
=== RUN   TestAccessMember_TableSchema
--- PASS: TestAccessMember_TableSchema (0.00s)
=== RUN   TestAccessRole_TableName
--- PASS: TestAccessRole_TableName (0.00s)
=== RUN   TestAccessRole_SystemLevel
--- PASS: TestAccessRole_SystemLevel (0.00s)
=== RUN   TestAccessRole_WorkspaceLevel
--- PASS: TestAccessRole_WorkspaceLevel (0.00s)
=== RUN   TestAccessRole_BaseLevel
--- PASS: TestAccessRole_BaseLevel (0.00s)
=== RUN   TestAccessRole_Priority
--- PASS: TestAccessRole_Priority (0.00s)
=== RUN   TestAccessRole_TableSchema
--- PASS: TestAccessRole_TableSchema (0.00s)
=== RUN   TestAction_TableName
--- PASS: TestAction_TableName (0.00s)
=== RUN   TestAction_Fields
--- PASS: TestAction_Fields (0.00s)
=== RUN   TestAction_CommonActions
=== RUN   TestAction_CommonActions/read
=== RUN   TestAction_CommonActions/create
=== RUN   TestAction_CommonActions/update
=== RUN   TestAction_CommonActions/delete
=== RUN   TestAction_CommonActions/share
=== RUN   TestAction_CommonActions/invite
--- PASS: TestAction_CommonActions (0.00s)
    --- PASS: TestAction_CommonActions/read (0.00s)
    --- PASS: TestAction_CommonActions/create (0.00s)
    --- PASS: TestAction_CommonActions/update (0.00s)
    --- PASS: TestAction_CommonActions/delete (0.00s)
    --- PASS: TestAction_CommonActions/share (0.00s)
    --- PASS: TestAction_CommonActions/invite (0.00s)
=== RUN   TestAction_WithoutDescription
--- PASS: TestAction_WithoutDescription (0.00s)
=== RUN   TestAction_TableSchema
--- PASS: TestAction_TableSchema (0.00s)
=== RUN   TestAPIToken_TableName
--- PASS: TestAPIToken_TableName (0.00s)
=== RUN   TestAPIToken_Fields
--- PASS: TestAPIToken_Fields (0.00s)
=== RUN   TestAPIToken_WithPermissions
--- PASS: TestAPIToken_WithPermissions (0.00s)
=== RUN   TestAPIToken_WithRateLimit
--- PASS: TestAPIToken_WithRateLimit (0.00s)
=== RUN   TestAPIToken_UsageTracking
--- PASS: TestAPIToken_UsageTracking (0.00s)
=== RUN   TestAPIToken_RevokedStatus
--- PASS: TestAPIToken_RevokedStatus (0.00s)
=== RUN   TestAPIToken_BaseScoped
--- PASS: TestAPIToken_BaseScoped (0.00s)
=== RUN   TestAPIToken_TableSchema
--- PASS: TestAPIToken_TableSchema (0.00s)
=== RUN   TestBase_TableName
--- PASS: TestBase_TableName (0.00s)
=== RUN   TestBase_Fields
--- PASS: TestBase_Fields (0.00s)
=== RUN   TestBase_WithConfig
--- PASS: TestBase_WithConfig (0.00s)
=== RUN   TestBase_ResourceTracking
--- PASS: TestBase_ResourceTracking (0.00s)
=== RUN   TestBase_TableSchema
--- PASS: TestBase_TableSchema (0.00s)
=== RUN   TestFeatureFlag_TableName
--- PASS: TestFeatureFlag_TableName (0.00s)
=== RUN   TestFeatureFlag_Fields
--- PASS: TestFeatureFlag_Fields (0.00s)
=== RUN   TestFeatureFlag_CommonFlags
=== RUN   TestFeatureFlag_CommonFlags/api_v2
=== RUN   TestFeatureFlag_CommonFlags/dark_mode
=== RUN   TestFeatureFlag_CommonFlags/advanced_search
=== RUN   TestFeatureFlag_CommonFlags/beta_features
=== RUN   TestFeatureFlag_CommonFlags/new_dashboard
=== RUN   TestFeatureFlag_CommonFlags/export_feature
--- PASS: TestFeatureFlag_CommonFlags (0.00s)
    --- PASS: TestFeatureFlag_CommonFlags/api_v2 (0.00s)
    --- PASS: TestFeatureFlag_CommonFlags/dark_mode (0.00s)
    --- PASS: TestFeatureFlag_CommonFlags/advanced_search (0.00s)
    --- PASS: TestFeatureFlag_CommonFlags/beta_features (0.00s)
    --- PASS: TestFeatureFlag_CommonFlags/new_dashboard (0.00s)
    --- PASS: TestFeatureFlag_CommonFlags/export_feature (0.00s)
=== RUN   TestFeatureFlag_DisabledByDefault
--- PASS: TestFeatureFlag_DisabledByDefault (0.00s)
=== RUN   TestFeatureFlag_EnabledByDefault
--- PASS: TestFeatureFlag_EnabledByDefault (0.00s)
=== RUN   TestFeatureFlag_WithoutDescription
--- PASS: TestFeatureFlag_WithoutDescription (0.00s)
=== RUN   TestFeatureFlag_TableSchema
--- PASS: TestFeatureFlag_TableSchema (0.00s)
=== RUN   TestGlobalAuditLog_TableName
--- PASS: TestGlobalAuditLog_TableName (0.00s)
=== RUN   TestGlobalAuditLog_Fields
--- PASS: TestGlobalAuditLog_Fields (0.00s)
=== RUN   TestGlobalAuditLog_EventTypes
=== RUN   TestGlobalAuditLog_EventTypes/user_login
=== RUN   TestGlobalAuditLog_EventTypes/user_logout
=== RUN   TestGlobalAuditLog_EventTypes/workspace_created
=== RUN   TestGlobalAuditLog_EventTypes/workspace_deleted
=== RUN   TestGlobalAuditLog_EventTypes/base_created
=== RUN   TestGlobalAuditLog_EventTypes/record_updated
=== RUN   TestGlobalAuditLog_EventTypes/member_invited
=== RUN   TestGlobalAuditLog_EventTypes/permission_changed
--- PASS: TestGlobalAuditLog_EventTypes (0.00s)
    --- PASS: TestGlobalAuditLog_EventTypes/user_login (0.00s)
    --- PASS: TestGlobalAuditLog_EventTypes/user_logout (0.00s)
    --- PASS: TestGlobalAuditLog_EventTypes/workspace_created (0.00s)
    --- PASS: TestGlobalAuditLog_EventTypes/workspace_deleted (0.00s)
    --- PASS: TestGlobalAuditLog_EventTypes/base_created (0.00s)
    --- PASS: TestGlobalAuditLog_EventTypes/record_updated (0.00s)
    --- PASS: TestGlobalAuditLog_EventTypes/member_invited (0.00s)
    --- PASS: TestGlobalAuditLog_EventTypes/permission_changed (0.00s)
=== RUN   TestGlobalAuditLog_WithResourceTracking
--- PASS: TestGlobalAuditLog_WithResourceTracking (0.00s)
=== RUN   TestGlobalAuditLog_WithoutResourceTracking
--- PASS: TestGlobalAuditLog_WithoutResourceTracking (0.00s)
=== RUN   TestGlobalAuditLog_WithEventData
--- PASS: TestGlobalAuditLog_WithEventData (0.00s)
=== RUN   TestGlobalAuditLog_TableSchema
--- PASS: TestGlobalAuditLog_TableSchema (0.00s)
=== RUN   TestHook_TableName
--- PASS: TestHook_TableName (0.00s)
=== RUN   TestHook_Fields
--- PASS: TestHook_Fields (0.00s)
=== RUN   TestHook_HookEvents
=== RUN   TestHook_HookEvents/after_create
=== RUN   TestHook_HookEvents/after_update
=== RUN   TestHook_HookEvents/after_delete
=== RUN   TestHook_HookEvents/before_create
=== RUN   TestHook_HookEvents/before_update
=== RUN   TestHook_HookEvents/before_delete
--- PASS: TestHook_HookEvents (0.00s)
    --- PASS: TestHook_HookEvents/after_create (0.00s)
    --- PASS: TestHook_HookEvents/after_update (0.00s)
    --- PASS: TestHook_HookEvents/after_delete (0.00s)
    --- PASS: TestHook_HookEvents/before_create (0.00s)
    --- PASS: TestHook_HookEvents/before_update (0.00s)
    --- PASS: TestHook_HookEvents/before_delete (0.00s)
=== RUN   TestHook_InactiveHook
--- PASS: TestHook_InactiveHook (0.00s)
=== RUN   TestHook_WithRetrySettings
--- PASS: TestHook_WithRetrySettings (0.00s)
=== RUN   TestHook_SyncHook
--- PASS: TestHook_SyncHook (0.00s)
=== RUN   TestHook_TableSchema
--- PASS: TestHook_TableSchema (0.00s)
=== RUN   TestModel_TableName
--- PASS: TestModel_TableName (0.00s)
=== RUN   TestModel_Fields
--- PASS: TestModel_Fields (0.00s)
=== RUN   TestModel_ManyToMany
--- PASS: TestModel_ManyToMany (0.00s)
=== RUN   TestModel_WithMeta
--- PASS: TestModel_WithMeta (0.00s)
=== RUN   TestModel_ResourceTracking
--- PASS: TestModel_ResourceTracking (0.00s)
=== RUN   TestModel_WithOrderIndex
--- PASS: TestModel_WithOrderIndex (0.00s)
=== RUN   TestModel_DeletedModel
--- PASS: TestModel_DeletedModel (0.00s)
=== RUN   TestModel_TableSchema
--- PASS: TestModel_TableSchema (0.00s)
=== RUN   TestPermission_TableName
--- PASS: TestPermission_TableName (0.00s)
=== RUN   TestPermission_Fields
--- PASS: TestPermission_Fields (0.00s)
=== RUN   TestPermission_ResourceActionCombination
--- PASS: TestPermission_ResourceActionCombination (0.00s)
=== RUN   TestPermission_TableSchema
--- PASS: TestPermission_TableSchema (0.00s)
=== RUN   TestRelation_TableName
--- PASS: TestRelation_TableName (0.00s)
=== RUN   TestRelation_OneToMany
--- PASS: TestRelation_OneToMany (0.00s)
=== RUN   TestRelation_ManyToMany
--- PASS: TestRelation_ManyToMany (0.00s)
=== RUN   TestRelation_WithLookupColumns
--- PASS: TestRelation_WithLookupColumns (0.00s)
=== RUN   TestRelation_DeleteRules
=== RUN   TestRelation_DeleteRules/cascade
=== RUN   TestRelation_DeleteRules/set_null
=== RUN   TestRelation_DeleteRules/no_action
=== RUN   TestRelation_DeleteRules/restrict
--- PASS: TestRelation_DeleteRules (0.00s)
    --- PASS: TestRelation_DeleteRules/cascade (0.00s)
    --- PASS: TestRelation_DeleteRules/set_null (0.00s)
    --- PASS: TestRelation_DeleteRules/no_action (0.00s)
    --- PASS: TestRelation_DeleteRules/restrict (0.00s)
=== RUN   TestRelation_TableSchema
--- PASS: TestRelation_TableSchema (0.00s)
=== RUN   TestResource_TableName
--- PASS: TestResource_TableName (0.00s)
=== RUN   TestResource_Fields
--- PASS: TestResource_Fields (0.00s)
=== RUN   TestResource_CommonResources
=== RUN   TestResource_CommonResources/workspace
=== RUN   TestResource_CommonResources/base
=== RUN   TestResource_CommonResources/records
=== RUN   TestResource_CommonResources/members
=== RUN   TestResource_CommonResources/settings
=== RUN   TestResource_CommonResources/api_tokens
--- PASS: TestResource_CommonResources (0.00s)
    --- PASS: TestResource_CommonResources/workspace (0.00s)
    --- PASS: TestResource_CommonResources/base (0.00s)
    --- PASS: TestResource_CommonResources/records (0.00s)
    --- PASS: TestResource_CommonResources/members (0.00s)
    --- PASS: TestResource_CommonResources/settings (0.00s)
    --- PASS: TestResource_CommonResources/api_tokens (0.00s)
=== RUN   TestResource_WithoutDescription
--- PASS: TestResource_WithoutDescription (0.00s)
=== RUN   TestResource_TableSchema
--- PASS: TestResource_TableSchema (0.00s)
=== RUN   TestRolePermission_TableName
--- PASS: TestRolePermission_TableName (0.00s)
=== RUN   TestRolePermission_Fields
--- PASS: TestRolePermission_Fields (0.00s)
=== RUN   TestRolePermission_AdminRole
--- PASS: TestRolePermission_AdminRole (0.00s)
=== RUN   TestRolePermission_ViewerRole
--- PASS: TestRolePermission_ViewerRole (0.00s)
=== RUN   TestRolePermission_TableSchema
--- PASS: TestRolePermission_TableSchema (0.00s)
=== RUN   TestRole_TableName
--- PASS: TestRole_TableName (0.00s)
=== RUN   TestRole_Fields
--- PASS: TestRole_Fields (0.00s)
=== RUN   TestRole_DefaultRole
--- PASS: TestRole_DefaultRole (0.00s)
=== RUN   TestRole_WithoutDescription
--- PASS: TestRole_WithoutDescription (0.00s)
=== RUN   TestRole_CommonRoles
=== RUN   TestRole_CommonRoles/admin
=== RUN   TestRole_CommonRoles/member
=== RUN   TestRole_CommonRoles/viewer
=== RUN   TestRole_CommonRoles/editor
--- PASS: TestRole_CommonRoles (0.00s)
    --- PASS: TestRole_CommonRoles/admin (0.00s)
    --- PASS: TestRole_CommonRoles/member (0.00s)
    --- PASS: TestRole_CommonRoles/viewer (0.00s)
    --- PASS: TestRole_CommonRoles/editor (0.00s)
=== RUN   TestRole_TableSchema
--- PASS: TestRole_TableSchema (0.00s)
=== RUN   TestUserModel_TableName
--- PASS: TestUserModel_TableName (0.00s)
=== RUN   TestUserModel_Fields
--- PASS: TestUserModel_Fields (0.00s)
=== RUN   TestBaseModel_TableName
--- PASS: TestBaseModel_TableName (0.00s)
=== RUN   TestWorkspaceModel_TableName
--- PASS: TestWorkspaceModel_TableName (0.00s)
=== RUN   TestOrganizationModel_TableName
--- PASS: TestOrganizationModel_TableName (0.00s)
=== RUN   TestAssetsModel_TableName
--- PASS: TestAssetsModel_TableName (0.00s)
=== RUN   TestAssetsModel_Map
--- PASS: TestAssetsModel_Map (0.00s)
=== RUN   TestWorkspaceMemberModel_TableName
--- PASS: TestWorkspaceMemberModel_TableName (0.00s)
=== RUN   TestAccessRoleModel_TableName
--- PASS: TestAccessRoleModel_TableName (0.00s)
=== RUN   TestAccessMemberModel_TableName
--- PASS: TestAccessMemberModel_TableName (0.00s)
=== RUN   TestPermissionModel_TableName
--- PASS: TestPermissionModel_TableName (0.00s)
=== RUN   TestResourceModel_TableName
--- PASS: TestResourceModel_TableName (0.00s)
=== RUN   TestActionModel_TableName
--- PASS: TestActionModel_TableName (0.00s)
=== RUN   TestRolePermissionModel_TableName
--- PASS: TestRolePermissionModel_TableName (0.00s)
=== RUN   TestUserResetTokenModel_TableName
--- PASS: TestUserResetTokenModel_TableName (0.00s)
=== RUN   TestAPITokenModel_TableName
--- PASS: TestAPITokenModel_TableName (0.00s)
=== RUN   TestUsageMetric_TableName
--- PASS: TestUsageMetric_TableName (0.00s)
=== RUN   TestUsageMetric_Fields
--- PASS: TestUsageMetric_Fields (0.00s)
=== RUN   TestUsageMetric_MetricTypes
=== RUN   TestUsageMetric_MetricTypes/api_requests
=== RUN   TestUsageMetric_MetricTypes/storage_bytes
=== RUN   TestUsageMetric_MetricTypes/active_users
=== RUN   TestUsageMetric_MetricTypes/records_created
=== RUN   TestUsageMetric_MetricTypes/records_updated
=== RUN   TestUsageMetric_MetricTypes/records_deleted
=== RUN   TestUsageMetric_MetricTypes/webhook_calls
=== RUN   TestUsageMetric_MetricTypes/export_operations
--- PASS: TestUsageMetric_MetricTypes (0.00s)
    --- PASS: TestUsageMetric_MetricTypes/api_requests (0.00s)
    --- PASS: TestUsageMetric_MetricTypes/storage_bytes (0.00s)
    --- PASS: TestUsageMetric_MetricTypes/active_users (0.00s)
    --- PASS: TestUsageMetric_MetricTypes/records_created (0.00s)
    --- PASS: TestUsageMetric_MetricTypes/records_updated (0.00s)
    --- PASS: TestUsageMetric_MetricTypes/records_deleted (0.00s)
    --- PASS: TestUsageMetric_MetricTypes/webhook_calls (0.00s)
    --- PASS: TestUsageMetric_MetricTypes/export_operations (0.00s)
=== RUN   TestUsageMetric_DailyMetric
--- PASS: TestUsageMetric_DailyMetric (0.00s)
=== RUN   TestUsageMetric_MonthlyMetric
--- PASS: TestUsageMetric_MonthlyMetric (0.00s)
=== RUN   TestUsageMetric_WithoutPeriod
--- PASS: TestUsageMetric_WithoutPeriod (0.00s)
=== RUN   TestUsageMetric_ZeroValue
--- PASS: TestUsageMetric_ZeroValue (0.00s)
=== RUN   TestUsageMetric_LargeValue
--- PASS: TestUsageMetric_LargeValue (0.00s)
=== RUN   TestUsageMetric_TableSchema
--- PASS: TestUsageMetric_TableSchema (0.00s)
=== RUN   TestUserResetToken_TableName
--- PASS: TestUserResetToken_TableName (0.00s)
=== RUN   TestUserResetToken_Fields
--- PASS: TestUserResetToken_Fields (0.00s)
=== RUN   TestUserResetToken_MultipleTokensPerUser
--- PASS: TestUserResetToken_MultipleTokensPerUser (0.00s)
=== RUN   TestUserResetToken_UniqueTokens
--- PASS: TestUserResetToken_UniqueTokens (0.00s)
=== RUN   TestUserResetToken_TableSchema
--- PASS: TestUserResetToken_TableSchema (0.00s)
=== RUN   TestBaseTableName
=== RUN   TestBaseTableName/with_prefix
=== RUN   TestBaseTableName/empty_prefix
=== RUN   TestBaseTableName/special_prefix
--- PASS: TestBaseTableName (0.00s)
    --- PASS: TestBaseTableName/with_prefix (0.00s)
    --- PASS: TestBaseTableName/empty_prefix (0.00s)
    --- PASS: TestBaseTableName/special_prefix (0.00s)
=== RUN   TestBaseTableSchema
=== RUN   TestBaseTableSchema/with_tenant_prefix
=== RUN   TestBaseTableSchema/with_default_prefix
--- PASS: TestBaseTableSchema (0.00s)
    --- PASS: TestBaseTableSchema/with_tenant_prefix (0.00s)
    --- PASS: TestBaseTableSchema/with_default_prefix (0.00s)
=== RUN   TestStrPtrNilHandling
--- PASS: TestStrPtrNilHandling (0.00s)
=== RUN   TestCreateIntegerColumn
--- PASS: TestCreateIntegerColumn (0.00s)
=== RUN   TestCreateBooleanColumn
--- PASS: TestCreateBooleanColumn (0.00s)
=== RUN   TestCreateTimestampColumn
=== RUN   TestCreateTimestampColumn/not_null_with_current_timestamp
=== RUN   TestCreateTimestampColumn/nullable_with_null_default
=== RUN   TestCreateTimestampColumn/nullable_without_default
--- PASS: TestCreateTimestampColumn (0.00s)
    --- PASS: TestCreateTimestampColumn/not_null_with_current_timestamp (0.00s)
    --- PASS: TestCreateTimestampColumn/nullable_with_null_default (0.00s)
    --- PASS: TestCreateTimestampColumn/nullable_without_default (0.00s)
=== RUN   TestCreateUUIDIDColumn
--- PASS: TestCreateUUIDIDColumn (0.00s)
=== RUN   TestCreateVarcharIDColumn
--- PASS: TestCreateVarcharIDColumn (0.00s)
=== RUN   TestUserTableName
=== RUN   TestUserTableName/with_prefix
=== RUN   TestUserTableName/empty_prefix
=== RUN   TestUserTableName/special_prefix
--- PASS: TestUserTableName (0.00s)
    --- PASS: TestUserTableName/with_prefix (0.00s)
    --- PASS: TestUserTableName/empty_prefix (0.00s)
    --- PASS: TestUserTableName/special_prefix (0.00s)
=== RUN   TestUserTableSchema
=== RUN   TestUserTableSchema/with_tenant_prefix
=== RUN   TestUserTableSchema/with_default_prefix
--- PASS: TestUserTableSchema (0.00s)
    --- PASS: TestUserTableSchema/with_tenant_prefix (0.00s)
    --- PASS: TestUserTableSchema/with_default_prefix (0.00s)
=== RUN   TestOrganizationTableName
=== RUN   TestOrganizationTableName/with_prefix
=== RUN   TestOrganizationTableName/empty_prefix
=== RUN   TestOrganizationTableName/special_prefix
--- PASS: TestOrganizationTableName (0.00s)
    --- PASS: TestOrganizationTableName/with_prefix (0.00s)
    --- PASS: TestOrganizationTableName/empty_prefix (0.00s)
    --- PASS: TestOrganizationTableName/special_prefix (0.00s)
=== RUN   TestOrganizationTableSchema
=== RUN   TestOrganizationTableSchema/with_tenant_prefix
=== RUN   TestOrganizationTableSchema/with_default_prefix
--- PASS: TestOrganizationTableSchema (0.00s)
    --- PASS: TestOrganizationTableSchema/with_tenant_prefix (0.00s)
    --- PASS: TestOrganizationTableSchema/with_default_prefix (0.00s)
=== RUN   TestAssetsTableName
=== RUN   TestAssetsTableName/with_prefix
=== RUN   TestAssetsTableName/empty_prefix
=== RUN   TestAssetsTableName/special_prefix
--- PASS: TestAssetsTableName (0.00s)
    --- PASS: TestAssetsTableName/with_prefix (0.00s)
    --- PASS: TestAssetsTableName/empty_prefix (0.00s)
    --- PASS: TestAssetsTableName/special_prefix (0.00s)
=== RUN   TestAssetsTableSchema
=== RUN   TestAssetsTableSchema/with_tenant_prefix
=== RUN   TestAssetsTableSchema/with_default_prefix
--- PASS: TestAssetsTableSchema (0.00s)
    --- PASS: TestAssetsTableSchema/with_tenant_prefix (0.00s)
    --- PASS: TestAssetsTableSchema/with_default_prefix (0.00s)
=== RUN   TestColumnTableName
=== RUN   TestColumnTableName/with_prefix
=== RUN   TestColumnTableName/empty_prefix
=== RUN   TestColumnTableName/special_prefix
--- PASS: TestColumnTableName (0.00s)
    --- PASS: TestColumnTableName/with_prefix (0.00s)
    --- PASS: TestColumnTableName/empty_prefix (0.00s)
    --- PASS: TestColumnTableName/special_prefix (0.00s)
=== RUN   TestColumnTableSchema
=== RUN   TestColumnTableSchema/with_tenant_prefix
=== RUN   TestColumnTableSchema/with_default_prefix
--- PASS: TestColumnTableSchema (0.00s)
    --- PASS: TestColumnTableSchema/with_tenant_prefix (0.00s)
    --- PASS: TestColumnTableSchema/with_default_prefix (0.00s)
=== RUN   TestViewColumn_TableName
--- PASS: TestViewColumn_TableName (0.00s)
=== RUN   TestViewColumn_Fields
--- PASS: TestViewColumn_Fields (0.00s)
=== RUN   TestViewColumn_HiddenColumn
--- PASS: TestViewColumn_HiddenColumn (0.00s)
=== RUN   TestViewColumn_WithOrderIndex
--- PASS: TestViewColumn_WithOrderIndex (0.00s)
=== RUN   TestViewColumn_WithCustomWidth
=== RUN   TestViewColumn_WithCustomWidth/small
=== RUN   TestViewColumn_WithCustomWidth/medium
=== RUN   TestViewColumn_WithCustomWidth/large
=== RUN   TestViewColumn_WithCustomWidth/percentage
=== RUN   TestViewColumn_WithCustomWidth/auto
--- PASS: TestViewColumn_WithCustomWidth (0.00s)
    --- PASS: TestViewColumn_WithCustomWidth/small (0.00s)
    --- PASS: TestViewColumn_WithCustomWidth/medium (0.00s)
    --- PASS: TestViewColumn_WithCustomWidth/large (0.00s)
    --- PASS: TestViewColumn_WithCustomWidth/percentage (0.00s)
    --- PASS: TestViewColumn_WithCustomWidth/auto (0.00s)
=== RUN   TestViewColumn_WithoutOptionalFields
--- PASS: TestViewColumn_WithoutOptionalFields (0.00s)
=== RUN   TestViewColumn_TableSchema
--- PASS: TestViewColumn_TableSchema (0.00s)
=== RUN   TestView_TableName
--- PASS: TestView_TableName (0.00s)
=== RUN   TestView_Fields
--- PASS: TestView_Fields (0.00s)
=== RUN   TestView_WithMeta
--- PASS: TestView_WithMeta (0.00s)
=== RUN   TestView_WithLockAndPassword
--- PASS: TestView_WithLockAndPassword (0.00s)
=== RUN   TestView_PublicWithUUID
--- PASS: TestView_PublicWithUUID (0.00s)
=== RUN   TestView_WithOrderIndex
--- PASS: TestView_WithOrderIndex (0.00s)
=== RUN   TestView_TableSchema
--- PASS: TestView_TableSchema (0.00s)
=== RUN   TestWorkspaceMember_TableName
--- PASS: TestWorkspaceMember_TableName (0.00s)
=== RUN   TestWorkspaceMember_Fields
--- PASS: TestWorkspaceMember_Fields (0.00s)
=== RUN   TestWorkspaceMember_AccessLevels
=== RUN   TestWorkspaceMember_AccessLevels/owner
=== RUN   TestWorkspaceMember_AccessLevels/editor
=== RUN   TestWorkspaceMember_AccessLevels/viewer
=== RUN   TestWorkspaceMember_AccessLevels/maintainer
--- PASS: TestWorkspaceMember_AccessLevels (0.00s)
    --- PASS: TestWorkspaceMember_AccessLevels/owner (0.00s)
    --- PASS: TestWorkspaceMember_AccessLevels/editor (0.00s)
    --- PASS: TestWorkspaceMember_AccessLevels/viewer (0.00s)
    --- PASS: TestWorkspaceMember_AccessLevels/maintainer (0.00s)
=== RUN   TestWorkspaceMember_WithMultipleBases
--- PASS: TestWorkspaceMember_WithMultipleBases (0.00s)
=== RUN   TestWorkspaceMember_WithNoBases
--- PASS: TestWorkspaceMember_WithNoBases (0.00s)
=== RUN   TestWorkspaceMember_TableSchema
--- PASS: TestWorkspaceMember_TableSchema (0.00s)
=== RUN   TestWorkspace_TableName
--- PASS: TestWorkspace_TableName (0.00s)
=== RUN   TestWorkspace_Fields
--- PASS: TestWorkspace_Fields (0.00s)
=== RUN   TestWorkspace_WithMeta
--- PASS: TestWorkspace_WithMeta (0.00s)
=== RUN   TestWorkspace_WithNilDescription
--- PASS: TestWorkspace_WithNilDescription (0.00s)
=== RUN   TestWorkspace_TableSchema
--- PASS: TestWorkspace_TableSchema (0.00s)
PASS
coverage: [no statements]
ok  	github.com/aptlogica/sereni-base/tests/models	4.652s	coverage: [no statements]
=== RUN   TestNewHTTPAntivirusClient
=== RUN   TestNewHTTPAntivirusClient/create_client_with_valid_config
=== RUN   TestNewHTTPAntivirusClient/create_client_with_empty_base_URL
=== RUN   TestNewHTTPAntivirusClient/create_client_with_zero_timeout_uses_default
=== RUN   TestNewHTTPAntivirusClient/create_client_with_negative_timeout_uses_default
=== RUN   TestNewHTTPAntivirusClient/create_client_with_custom_timeout
--- PASS: TestNewHTTPAntivirusClient (0.00s)
    --- PASS: TestNewHTTPAntivirusClient/create_client_with_valid_config (0.00s)
    --- PASS: TestNewHTTPAntivirusClient/create_client_with_empty_base_URL (0.00s)
    --- PASS: TestNewHTTPAntivirusClient/create_client_with_zero_timeout_uses_default (0.00s)
    --- PASS: TestNewHTTPAntivirusClient/create_client_with_negative_timeout_uses_default (0.00s)
    --- PASS: TestNewHTTPAntivirusClient/create_client_with_custom_timeout (0.00s)
=== RUN   TestHTTPAntivirusClientPing
=== RUN   TestHTTPAntivirusClientPing/successful_ping
=== RUN   TestHTTPAntivirusClientPing/ping_with_service_unavailable
=== RUN   TestHTTPAntivirusClientPing/ping_with_network_error
=== RUN   TestHTTPAntivirusClientPing/ping_with_context_cancellation
--- PASS: TestHTTPAntivirusClientPing (1.06s)
    --- PASS: TestHTTPAntivirusClientPing/successful_ping (0.02s)
    --- PASS: TestHTTPAntivirusClientPing/ping_with_service_unavailable (0.01s)
    --- PASS: TestHTTPAntivirusClientPing/ping_with_network_error (1.03s)
    --- PASS: TestHTTPAntivirusClientPing/ping_with_context_cancellation (0.00s)
=== RUN   TestHTTPAntivirusClientScanReader
=== RUN   TestHTTPAntivirusClientScanReader/scan_clean_file
=== RUN   TestHTTPAntivirusClientScanReader/scan_infected_file
=== RUN   TestHTTPAntivirusClientScanReader/scan_with_large_file
=== RUN   TestHTTPAntivirusClientScanReader/scan_with_empty_file
=== RUN   TestHTTPAntivirusClientScanReader/500_internal_server_error
=== RUN   TestHTTPAntivirusClientScanReader/scan_with_network_error
=== RUN   TestHTTPAntivirusClientScanReader/scan_with_invalid_JSON_response
=== RUN   TestHTTPAntivirusClientScanReader/scan_with_context_cancellation
=== RUN   TestHTTPAntivirusClientScanReader/scan_with_special_characters_in_filename
=== RUN   TestHTTPAntivirusClientScanReader/scan_with_unicode_filename
=== RUN   TestHTTPAntivirusClientScanReader/scan_multiple_threats
=== RUN   TestHTTPAntivirusClientScanReader/scan_with_timeout
--- PASS: TestHTTPAntivirusClientScanReader (3.49s)
    --- PASS: TestHTTPAntivirusClientScanReader/scan_clean_file (0.01s)
    --- PASS: TestHTTPAntivirusClientScanReader/scan_infected_file (0.01s)
    --- PASS: TestHTTPAntivirusClientScanReader/scan_with_large_file (0.01s)
    --- PASS: TestHTTPAntivirusClientScanReader/scan_with_empty_file (0.39s)
    --- PASS: TestHTTPAntivirusClientScanReader/500_internal_server_error (0.02s)
    --- PASS: TestHTTPAntivirusClientScanReader/scan_with_network_error (1.01s)
    --- PASS: TestHTTPAntivirusClientScanReader/scan_with_invalid_JSON_response (0.01s)
    --- PASS: TestHTTPAntivirusClientScanReader/scan_with_context_cancellation (0.00s)
    --- PASS: TestHTTPAntivirusClientScanReader/scan_with_special_characters_in_filename (0.00s)
    --- PASS: TestHTTPAntivirusClientScanReader/scan_with_unicode_filename (0.01s)
    --- PASS: TestHTTPAntivirusClientScanReader/scan_multiple_threats (0.02s)
    --- PASS: TestHTTPAntivirusClientScanReader/scan_with_timeout (2.01s)
=== RUN   TestHTTPAntivirusClientErrorResponses
=== RUN   TestHTTPAntivirusClientErrorResponses/400_bad_request
=== RUN   TestHTTPAntivirusClientErrorResponses/413_payload_too_large
=== RUN   TestHTTPAntivirusClientErrorResponses/503_service_unavailable
--- PASS: TestHTTPAntivirusClientErrorResponses (0.69s)
    --- PASS: TestHTTPAntivirusClientErrorResponses/400_bad_request (0.01s)
    --- PASS: TestHTTPAntivirusClientErrorResponses/413_payload_too_large (0.59s)
    --- PASS: TestHTTPAntivirusClientErrorResponses/503_service_unavailable (0.07s)
=== RUN   TestHTTPAntivirusClientConcurrentScans
==================
WARNING: DATA RACE
Read at 0x00c000388168 by goroutine 171:
  github.com/aptlogica/sereni-base/tests/providers/antivirus_test.TestHTTPAntivirusClientConcurrentScans.func1()
      D:/gauravgaikwad/github/sereni-base/tests/providers/antivirus/http_client_test.go:646 +0x64
  net/http.HandlerFunc.ServeHTTP()
      C:/Program Files/Go/src/net/http/server.go:2294 +0x47
  net/http.serverHandler.ServeHTTP()
      C:/Program Files/Go/src/net/http/server.go:3301 +0x2a1
  net/http.(*conn).serve()
      C:/Program Files/Go/src/net/http/server.go:2102 +0x1304
  net/http.(*Server).Serve.gowrap3()
      C:/Program Files/Go/src/net/http/server.go:3454 +0x4f

Previous write at 0x00c000388168 by goroutine 168:
  github.com/aptlogica/sereni-base/tests/providers/antivirus_test.TestHTTPAntivirusClientConcurrentScans.func1()
      D:/gauravgaikwad/github/sereni-base/tests/providers/antivirus/http_client_test.go:646 +0x79
  net/http.HandlerFunc.ServeHTTP()
      C:/Program Files/Go/src/net/http/server.go:2294 +0x47
  net/http.serverHandler.ServeHTTP()
      C:/Program Files/Go/src/net/http/server.go:3301 +0x2a1
  net/http.(*conn).serve()
      C:/Program Files/Go/src/net/http/server.go:2102 +0x1304
  net/http.(*Server).Serve.gowrap3()
      C:/Program Files/Go/src/net/http/server.go:3454 +0x4f

Goroutine 171 (running) created at:
  net/http.(*Server).Serve()
      C:/Program Files/Go/src/net/http/server.go:3454 +0x8c9
  net/http/httptest.(*Server).goServe.func1()
      C:/Program Files/Go/src/net/http/httptest/server.go:311 +0xb3

Goroutine 168 (running) created at:
  net/http.(*Server).Serve()
      C:/Program Files/Go/src/net/http/server.go:3454 +0x8c9
  net/http/httptest.(*Server).goServe.func1()
      C:/Program Files/Go/src/net/http/httptest/server.go:311 +0xb3
==================
    testing.go:1490: race detected during execution of test
--- FAIL: TestHTTPAntivirusClientConcurrentScans (0.39s)
FAIL
coverage: [no statements]
FAIL	github.com/aptlogica/sereni-base/tests/providers/antivirus	8.475s
=== RUN   TestNewAuthProvider
--- PASS: TestNewAuthProvider (0.00s)
=== RUN   TestAuthProvider_Login_Refresh_Validate
    auth_provider_test.go:48: Skipping test: JWT service not available at http://localhost:8081
--- SKIP: TestAuthProvider_Login_Refresh_Validate (0.17s)
PASS
coverage: [no statements]
ok  	github.com/aptlogica/sereni-base/tests/providers/auth	4.330s	coverage: [no statements]
=== RUN   TestEmailTemplateServiceGetResetPasswordEmailTemplate
=== PAUSE TestEmailTemplateServiceGetResetPasswordEmailTemplate
=== RUN   TestEmailTemplateServiceGetRegistrationEmailTemplate
=== PAUSE TestEmailTemplateServiceGetRegistrationEmailTemplate
=== RUN   TestEmailTemplateServiceGetVerificationEmailTemplate
=== PAUSE TestEmailTemplateServiceGetVerificationEmailTemplate
=== RUN   TestEmailTemplateServiceGetInviteUserEmailTemplate
=== PAUSE TestEmailTemplateServiceGetInviteUserEmailTemplate
=== RUN   TestEmailTemplateServiceGetWelcomeEmailTemplate
=== PAUSE TestEmailTemplateServiceGetWelcomeEmailTemplate
=== RUN   TestEmailTemplateServiceGetPasswordChangedEmailTemplate
=== PAUSE TestEmailTemplateServiceGetPasswordChangedEmailTemplate
=== RUN   TestEmailTemplateServiceGetAccountDeletedEmailTemplate
=== PAUSE TestEmailTemplateServiceGetAccountDeletedEmailTemplate
=== RUN   TestEmailTemplateServiceGetAccountSuspendedEmailTemplate
=== PAUSE TestEmailTemplateServiceGetAccountSuspendedEmailTemplate
=== RUN   TestEmailTemplateServiceAllTemplatesHaveHTMLStructure
=== PAUSE TestEmailTemplateServiceAllTemplatesHaveHTMLStructure
=== RUN   TestNewService
=== PAUSE TestNewService
=== RUN   TestEmailServiceSendEmail
=== PAUSE TestEmailServiceSendEmail
=== RUN   TestEmailServiceQueueManagement
=== PAUSE TestEmailServiceQueueManagement
=== RUN   TestEmailServiceWorkerLifecycle
=== PAUSE TestEmailServiceWorkerLifecycle
=== RUN   TestEmailServiceMultipleWorkers
=== PAUSE TestEmailServiceMultipleWorkers
=== RUN   TestEmailTemplateServiceSpecialCharacters
=== PAUSE TestEmailTemplateServiceSpecialCharacters
=== RUN   TestEmailServiceContextCancellation
=== PAUSE TestEmailServiceContextCancellation
=== CONT  TestEmailTemplateServiceGetVerificationEmailTemplate
--- PASS: TestEmailTemplateServiceGetVerificationEmailTemplate (0.00s)
=== CONT  TestEmailServiceContextCancellation
=== CONT  TestEmailTemplateServiceSpecialCharacters
=== RUN   TestEmailTemplateServiceSpecialCharacters/OTP_with_special_format
=== CONT  TestEmailServiceMultipleWorkers
=== CONT  TestEmailServiceQueueManagement
=== RUN   TestEmailServiceQueueManagement/queue_multiple_emails
=== CONT  TestEmailServiceWorkerLifecycle
=== CONT  TestNewService
--- PASS: TestNewService (0.00s)
=== CONT  TestEmailTemplateServiceAllTemplatesHaveHTMLStructure
=== RUN   TestEmailTemplateServiceAllTemplatesHaveHTMLStructure/PasswordResetBody
=== CONT  TestEmailServiceSendEmail
=== RUN   TestEmailServiceSendEmail/successful_email_send
=== CONT  TestEmailTemplateServiceGetAccountDeletedEmailTemplate
--- PASS: TestEmailTemplateServiceGetAccountDeletedEmailTemplate (0.00s)
=== CONT  TestEmailTemplateServiceGetAccountSuspendedEmailTemplate
--- PASS: TestEmailTemplateServiceGetAccountSuspendedEmailTemplate (0.00s)
=== CONT  TestEmailTemplateServiceGetWelcomeEmailTemplate
--- PASS: TestEmailTemplateServiceGetWelcomeEmailTemplate (0.00s)
=== CONT  TestEmailTemplateServiceGetPasswordChangedEmailTemplate
--- PASS: TestEmailTemplateServiceGetPasswordChangedEmailTemplate (0.00s)
=== CONT  TestEmailTemplateServiceGetInviteUserEmailTemplate
--- PASS: TestEmailTemplateServiceGetInviteUserEmailTemplate (0.00s)
=== CONT  TestEmailTemplateServiceGetRegistrationEmailTemplate
--- PASS: TestEmailTemplateServiceGetRegistrationEmailTemplate (0.00s)
=== CONT  TestEmailTemplateServiceGetResetPasswordEmailTemplate
--- PASS: TestEmailTemplateServiceGetResetPasswordEmailTemplate (0.00s)
=== RUN   TestEmailTemplateServiceSpecialCharacters/Names_with_special_characters
=== RUN   TestEmailTemplateServiceSpecialCharacters/Workspace_names_with_quotes
2026/03/20 14:43:29 Worker 3: email sent to test@example.com
2026/03/20 14:43:29 Worker 3: email sent to test@example.com
2026/03/20 14:43:29 Worker 3: email sent to test@example.com
2026/03/20 14:43:29 Worker 3: email sent to test@example.com
2026/03/20 14:43:29 Worker 3: email sent to test@example.com
2026/03/20 14:43:29 Worker 3: email sent to test@example.com
2026/03/20 14:43:29 Worker 3: email sent to test@example.com
2026/03/20 14:43:29 Worker 3: email sent to test@example.com
=== RUN   TestEmailTemplateServiceAllTemplatesHaveHTMLStructure/EmailVerificationOTPBody
--- PASS: TestEmailTemplateServiceSpecialCharacters (0.05s)
    --- PASS: TestEmailTemplateServiceSpecialCharacters/OTP_with_special_format (0.00s)
    --- PASS: TestEmailTemplateServiceSpecialCharacters/Names_with_special_characters (0.00s)
    --- PASS: TestEmailTemplateServiceSpecialCharacters/Workspace_names_with_quotes (0.00s)
2026/03/20 14:43:29 Worker 1: email sent to test@example.com
=== RUN   TestEmailTemplateServiceAllTemplatesHaveHTMLStructure/PlatformInvitationBody
=== RUN   TestEmailTemplateServiceAllTemplatesHaveHTMLStructure/AddedToWorkspaceBody
=== RUN   TestEmailTemplateServiceAllTemplatesHaveHTMLStructure/RemovedFromWorkspaceBody
=== RUN   TestEmailTemplateServiceAllTemplatesHaveHTMLStructure/InvitedToWorkspaceBody
=== RUN   TestEmailTemplateServiceAllTemplatesHaveHTMLStructure/WorkspaceAccessUpdatedBody
--- PASS: TestEmailTemplateServiceAllTemplatesHaveHTMLStructure (0.05s)
    --- PASS: TestEmailTemplateServiceAllTemplatesHaveHTMLStructure/PasswordResetBody (0.00s)
    --- PASS: TestEmailTemplateServiceAllTemplatesHaveHTMLStructure/EmailVerificationOTPBody (0.00s)
    --- PASS: TestEmailTemplateServiceAllTemplatesHaveHTMLStructure/PlatformInvitationBody (0.00s)
    --- PASS: TestEmailTemplateServiceAllTemplatesHaveHTMLStructure/AddedToWorkspaceBody (0.00s)
    --- PASS: TestEmailTemplateServiceAllTemplatesHaveHTMLStructure/RemovedFromWorkspaceBody (0.00s)
    --- PASS: TestEmailTemplateServiceAllTemplatesHaveHTMLStructure/InvitedToWorkspaceBody (0.00s)
    --- PASS: TestEmailTemplateServiceAllTemplatesHaveHTMLStructure/WorkspaceAccessUpdatedBody (0.00s)
2026/03/20 14:43:29 Worker 1: email sent to test@example.com
2026/03/20 14:43:29 Worker 2: email sent to test@example.com
2026/03/20 14:43:29 Worker 2: email sent to test@example.com
2026/03/20 14:43:29 Worker 2: email sent to test@example.com
2026/03/20 14:43:29 Worker 2: email sent to test@example.com
2026/03/20 14:43:29 Worker 1: email sent to test@example.com
2026/03/20 14:43:29 Worker 2: email sent to test@example.com
==================
WARNING: DATA RACE
Read at 0x00c00008ccd8 by goroutine 33:
  github.com/aptlogica/sereni-base/tests/providers/email_test.TestEmailServiceQueueManagement.func1()
      D:/gauravgaikwad/github/sereni-base/tests/providers/email/email_test.go:356 +0x511
  testing.tRunner()
      C:/Program Files/Go/src/testing/testing.go:1792 +0x1dc
  testing.(*T).Run.gowrap1()
      C:/Program Files/Go/src/testing/testing.go:1851 +0x44

Previous write at 0x00c00008ccd8 by goroutine 84:
  github.com/aptlogica/sereni-base/tests/providers/email_test.TestEmailServiceQueueManagement.func1.1()
      D:/gauravgaikwad/github/sereni-base/tests/providers/email/email_test.go:329 +0x46
  net/http.HandlerFunc.ServeHTTP()
      C:/Program Files/Go/src/net/http/server.go:2294 +0x47
  net/http.serverHandler.ServeHTTP()
      C:/Program Files/Go/src/net/http/server.go:3301 +0x2a1
  net/http.(*conn).serve()
      C:/Program Files/Go/src/net/http/server.go:2102 +0x1304
  net/http.(*Server).Serve.gowrap3()
      C:/Program Files/Go/src/net/http/server.go:3454 +0x4f

Goroutine 33 (running) created at:
  testing.(*T).Run()
      C:/Program Files/Go/src/testing/testing.go:1851 +0x8f8
  github.com/aptlogica/sereni-base/tests/providers/email_test.TestEmailServiceQueueManagement()
      D:/gauravgaikwad/github/sereni-base/tests/providers/email/email_test.go:326 +0x44
  testing.tRunner()
      C:/Program Files/Go/src/testing/testing.go:1792 +0x1dc
  testing.(*T).Run.gowrap1()
      C:/Program Files/Go/src/testing/testing.go:1851 +0x44

Goroutine 84 (running) created at:
  net/http.(*Server).Serve()
      C:/Program Files/Go/src/net/http/server.go:3454 +0x8c9
  net/http/httptest.(*Server).goServe.func1()
      C:/Program Files/Go/src/net/http/httptest/server.go:311 +0xb3
==================
=== NAME  TestEmailServiceQueueManagement/queue_multiple_emails
    email_test.go:356: 
        	Error Trace:	D:/gauravgaikwad/github/sereni-base/tests/providers/email/email_test.go:356
        	Error:      	Not equal: 
        	            	expected: 5
        	            	actual  : 4
        	Test:       	TestEmailServiceQueueManagement/queue_multiple_emails
=== NAME  TestEmailServiceSendEmail/successful_email_send
    testing.go:1490: race detected during execution of test
=== RUN   TestEmailServiceSendEmail/email_send_with_non-200_response
=== NAME  TestEmailServiceContextCancellation
    testing.go:1490: race detected during execution of test
--- FAIL: TestEmailServiceContextCancellation (0.43s)
2026/03/20 14:43:29 Worker 1: email sent to test@example.com
=== NAME  TestEmailServiceQueueManagement/queue_multiple_emails
    testing.go:1490: race detected during execution of test
=== RUN   TestEmailServiceQueueManagement/queue_full_handling
2026/03/20 14:43:29 Email queue full, dropping email to test@example.com
2026/03/20 14:43:29 Email queue full, dropping email to test@example.com
2026/03/20 14:43:29 Email queue full, dropping email to test@example.com
--- FAIL: TestEmailServiceQueueManagement (0.42s)
    --- FAIL: TestEmailServiceQueueManagement/queue_multiple_emails (0.41s)
    --- PASS: TestEmailServiceQueueManagement/queue_full_handling (0.00s)
=== NAME  TestEmailServiceMultipleWorkers
    testing.go:1490: race detected during execution of test
--- FAIL: TestEmailServiceMultipleWorkers (0.42s)
Worker 1: failed to send email to test@example.com: email service returned non-success status: 500
2026/03/20 14:43:29 Worker 1: failed to send email to test@example.com: email service returned non-success status: 500
=== RUN   TestEmailServiceSendEmail/email_send_with_network_error
Worker 2: failed to send email to test@example.com: failed to send email request: Post "http://localhost:8080/send": dial tcp [::1]:8080: connectex: No connection could be made because the target machine actively refused it.
2026/03/20 14:43:29 Worker 2: failed to send email to test@example.com: failed to send email request: Post "http://localhost:8080/send": dial tcp [::1]:8080: connectex: No connection could be made because the target machine actively refused it.
Worker 2: failed to send email to test@example.com: failed to send email request: Post "http://localhost:8080/send": dial tcp [::1]:8080: connectex: No connection could be made because the target machine actively refused it.
2026/03/20 14:43:29 Worker 2: failed to send email to test@example.com: failed to send email request: Post "http://localhost:8080/send": dial tcp [::1]:8080: connectex: No connection could be made because the target machine actively refused it.
=== NAME  TestEmailServiceWorkerLifecycle
    testing.go:1490: race detected during execution of test
--- FAIL: TestEmailServiceWorkerLifecycle (0.55s)
Worker 1: failed to send email to test@example.com: failed to send email request: Post "http://invalid-host-that-does-not-exist:9999/send": dial tcp: lookup invalid-host-that-does-not-exist: no such host
2026/03/20 14:43:30 Worker 1: failed to send email to test@example.com: failed to send email request: Post "http://invalid-host-that-does-not-exist:9999/send": dial tcp: lookup invalid-host-that-does-not-exist: no such host
--- FAIL: TestEmailServiceSendEmail (1.80s)
    --- FAIL: TestEmailServiceSendEmail/successful_email_send (0.24s)
    --- PASS: TestEmailServiceSendEmail/email_send_with_non-200_response (0.24s)
    --- PASS: TestEmailServiceSendEmail/email_send_with_network_error (1.30s)
FAIL
coverage: [no statements]
FAIL	github.com/aptlogica/sereni-base/tests/providers/email	5.232s
=== RUN   TestInit
=== RUN   TestInit/init_with_dev_environment
=== RUN   TestInit/init_with_production_environment
=== RUN   TestInit/init_with_staging_environment
=== RUN   TestInit/init_with_debug_level
=== RUN   TestInit/init_with_trace_level
=== RUN   TestInit/init_with_warn_level
=== RUN   TestInit/init_with_error_level
=== RUN   TestInit/init_with_invalid_level_defaults_to_info
=== RUN   TestInit/init_with_uppercase_level
=== RUN   TestInit/init_with_nested_log_directories
=== RUN   TestInit/init_called_multiple_times_uses_sync.Once
--- PASS: TestInit (0.03s)
    --- PASS: TestInit/init_with_dev_environment (0.00s)
    --- PASS: TestInit/init_with_production_environment (0.01s)
    --- PASS: TestInit/init_with_staging_environment (0.01s)
    --- PASS: TestInit/init_with_debug_level (0.00s)
    --- PASS: TestInit/init_with_trace_level (0.00s)
    --- PASS: TestInit/init_with_warn_level (0.00s)
    --- PASS: TestInit/init_with_error_level (0.00s)
    --- PASS: TestInit/init_with_invalid_level_defaults_to_info (0.00s)
    --- PASS: TestInit/init_with_uppercase_level (0.00s)
    --- PASS: TestInit/init_with_nested_log_directories (0.00s)
    --- PASS: TestInit/init_called_multiple_times_uses_sync.Once (0.00s)
=== RUN   TestGet
=== RUN   TestGet/get_logger_returns_non-nil
=== RUN   TestGet/get_logger_multiple_times_returns_same_instance
=== RUN   TestGet/logger_can_log_messages
[90m2026-03-20T14:43:29+05:30[0m [32mINF[0m [1mlogger_test.go:277[0m[36m >[0m [1mtest message[0m [36mgit_revision=[0m [36mgo_version=[0mgo1.24.4
[90m2026-03-20T14:43:29+05:30[0m [33mWRN[0m [1mlogger_test.go:279[0m[36m >[0m [1mwarning message[0m [36mgit_revision=[0m [36mgo_version=[0mgo1.24.4
--- PASS: TestGet (0.01s)
    --- PASS: TestGet/get_logger_returns_non-nil (0.00s)
    --- PASS: TestGet/get_logger_multiple_times_returns_same_instance (0.00s)
    --- PASS: TestGet/logger_can_log_messages (0.01s)
=== RUN   TestLoggerConfiguration
=== RUN   TestLoggerConfiguration/logger_with_git_revision_and_go_version
=== RUN   TestLoggerConfiguration/logger_with_all_log_config_options
=== RUN   TestLoggerConfiguration/logger_without_compression
--- PASS: TestLoggerConfiguration (0.02s)
    --- PASS: TestLoggerConfiguration/logger_with_git_revision_and_go_version (0.00s)
    --- PASS: TestLoggerConfiguration/logger_with_all_log_config_options (0.02s)
    --- PASS: TestLoggerConfiguration/logger_without_compression (0.01s)
=== RUN   TestLogLevels
=== RUN   TestLogLevels/init_with_trace_level
=== RUN   TestLogLevels/init_with_debug_level
=== RUN   TestLogLevels/init_with_info_level
=== RUN   TestLogLevels/init_with_warn_level
=== RUN   TestLogLevels/init_with_error_level
=== RUN   TestLogLevels/init_with_fatal_level
=== RUN   TestLogLevels/init_with_panic_level
--- PASS: TestLogLevels (0.01s)
    --- PASS: TestLogLevels/init_with_trace_level (0.00s)
    --- PASS: TestLogLevels/init_with_debug_level (0.00s)
    --- PASS: TestLogLevels/init_with_info_level (0.00s)
    --- PASS: TestLogLevels/init_with_warn_level (0.00s)
    --- PASS: TestLogLevels/init_with_error_level (0.00s)
    --- PASS: TestLogLevels/init_with_fatal_level (0.00s)
    --- PASS: TestLogLevels/init_with_panic_level (0.00s)
=== RUN   TestLoggerThreadSafety
=== RUN   TestLoggerThreadSafety/concurrent_logging
[90m2026-03-20T14:43:29+05:30[0m [32mINF[0m [1mlogger_test.go:404[0m[36m >[0m [1mconcurrent log[0m [36mgit_revision=[0m [36mgo_version=[0mgo1.24.4 [36mindex=[0m0
[90m2026-03-20T14:43:29+05:30[0m [33mWRN[0m [1mlogger_test.go:406[0m[36m >[0m [1mwarning log[0m [36mgit_revision=[0m [36mgo_version=[0mgo1.24.4 [36mindex=[0m0
[90m2026-03-20T14:43:29+05:30[0m [32mINF[0m [1mlogger_test.go:404[0m[36m >[0m [1mconcurrent log[0m [36mgit_revision=[0m [36mgo_version=[0mgo1.24.4 [36mindex=[0m49
[90m2026-03-20T14:43:29+05:30[0m [32mINF[0m [1mlogger_test.go:404[0m[36m >[0m [1mconcurrent log[0m [36mgit_revision=[0m [36mgo_version=[0mgo1.24.4 [36mindex=[0m24
[90m2026-03-20T14:43:29+05:30[0m [33mWRN[0m [1mlogger_test.go:406[0m[36m >[0m [1mwarning log[0m [36mgit_revision=[0m [36mgo_version=[0mgo1.24.4 [36mindex=[0m49
[90m2026-03-20T14:43:29+05:30[0m [33mWRN[0m [1mlogger_test.go:406[0m[36m >[0m [1mwarning log[0m [36mgit_revision=[0m [36mgo_version=[0mgo1.24.4 [36mindex=[0m24
[90m2026-03-20T14:43:29+05:30[0m [32mINF[0m [1mlogger_test.go:404[0m[36m >[0m [1mconcurrent log[0m [36mgit_revision=[0m [36mgo_version=[0mgo1.24.4 [36mindex=[0m26
[90m2026-03-20T14:43:29+05:30[0m [32mINF[0m [1mlogger_test.go:404[0m[36m >[0m [1mconcurrent log[0m [36mgit_revision=[0m [36mgo_version=[0mgo1.24.4 [36mindex=[0m1
[90m2026-03-20T14:43:29+05:30[0m [33mWRN[0m [1mlogger_test.go:406[0m[36m >[0m [1mwarning log[0m [36mgit_revision=[0m [36mgo_version=[0mgo1.24.4 [36mindex=[0m26
[90m2026-03-20T14:43:29+05:30[0m [33mWRN[0m [1mlogger_test.go:406[0m[36m >[0m [1mwarning log[0m [36mgit_revision=[0m [36mgo_version=[0mgo1.24.4 [36mindex=[0m1
[90m2026-03-20T14:43:29+05:30[0m [32mINF[0m [1mlogger_test.go:404[0m[36m >[0m [1mconcurrent log[0m [36mgit_revision=[0m [36mgo_version=[0mgo1.24.4 [36mindex=[0m25
[90m2026-03-20T14:43:29+05:30[0m [32mINF[0m [1mlogger_test.go:404[0m[36m >[0m [1mconcurrent log[0m [36mgit_revision=[0m [36mgo_version=[0mgo1.24.4 [36mindex=[0m13
[90m2026-03-20T14:43:29+05:30[0m [33mWRN[0m [1mlogger_test.go:406[0m[36m >[0m [1mwarning log[0m [36mgit_revision=[0m [36mgo_version=[0mgo1.24.4 [36mindex=[0m25
[90m2026-03-20T14:43:29+05:30[0m [33mWRN[0m [1mlogger_test.go:406[0m[36m >[0m [1mwarning log[0m [36mgit_revision=[0m [36mgo_version=[0mgo1.24.4 [36mindex=[0m13
[90m2026-03-20T14:43:29+05:30[0m [32mINF[0m [1mlogger_test.go:404[0m[36m >[0m [1mconcurrent log[0m [36mgit_revision=[0m [36mgo_version=[0mgo1.24.4 [36mindex=[0m28
[90m2026-03-20T14:43:29+05:30[0m [32mINF[0m [1mlogger_test.go:404[0m[36m >[0m [1mconcurrent log[0m [36mgit_revision=[0m [36mgo_version=[0mgo1.24.4 [36mindex=[0m12
[90m2026-03-20T14:43:29+05:30[0m [32mINF[0m [1mlogger_test.go:404[0m[36m >[0m [1mconcurrent log[0m [36mgit_revision=[0m [36mgo_version=[0mgo1.24.4 [36mindex=[0m14
[90m2026-03-20T14:43:29+05:30[0m [33mWRN[0m [1mlogger_test.go:406[0m[36m >[0m [1mwarning log[0m [36mgit_revision=[0m [36mgo_version=[0mgo1.24.4 [36mindex=[0m28
[90m2026-03-20T14:43:29+05:30[0m [33mWRN[0m [1mlogger_test.go:406[0m[36m >[0m [1mwarning log[0m [36mgit_revision=[0m [36mgo_version=[0mgo1.24.4 [36mindex=[0m12
[90m2026-03-20T14:43:29+05:30[0m [33mWRN[0m [1mlogger_test.go:406[0m[36m >[0m [1mwarning log[0m [36mgit_revision=[0m [36mgo_version=[0mgo1.24.4 [36mindex=[0m14
[90m2026-03-20T14:43:29+05:30[0m [32mINF[0m [1mlogger_test.go:404[0m[36m >[0m [1mconcurrent log[0m [36mgit_revision=[0m [36mgo_version=[0mgo1.24.4 [36mindex=[0m29
[90m2026-03-20T14:43:29+05:30[0m [32mINF[0m [1mlogger_test.go:404[0m[36m >[0m [1mconcurrent log[0m [36mgit_revision=[0m [36mgo_version=[0mgo1.24.4 [36mindex=[0m2
[90m2026-03-20T14:43:29+05:30[0m [32mINF[0m [1mlogger_test.go:404[0m[36m >[0m [1mconcurrent log[0m [36mgit_revision=[0m [36mgo_version=[0mgo1.24.4 [36mindex=[0m16
[90m2026-03-20T14:43:29+05:30[0m [33mWRN[0m [1mlogger_test.go:406[0m[36m >[0m [1mwarning log[0m [36mgit_revision=[0m [36mgo_version=[0mgo1.24.4 [36mindex=[0m2
[90m2026-03-20T14:43:29+05:30[0m [33mWRN[0m [1mlogger_test.go:406[0m[36m >[0m [1mwarning log[0m [36mgit_revision=[0m [36mgo_version=[0mgo1.24.4 [36mindex=[0m16
[90m2026-03-20T14:43:29+05:30[0m [33mWRN[0m [1mlogger_test.go:406[0m[36m >[0m [1mwarning log[0m [36mgit_revision=[0m [36mgo_version=[0mgo1.24.4 [36mindex=[0m29
[90m2026-03-20T14:43:29+05:30[0m [32mINF[0m [1mlogger_test.go:404[0m[36m >[0m [1mconcurrent log[0m [36mgit_revision=[0m [36mgo_version=[0mgo1.24.4 [36mindex=[0m30
[90m2026-03-20T14:43:29+05:30[0m [32mINF[0m [1mlogger_test.go:404[0m[36m >[0m [1mconcurrent log[0m [36mgit_revision=[0m [36mgo_version=[0mgo1.24.4 [36mindex=[0m20
[90m2026-03-20T14:43:29+05:30[0m [33mWRN[0m [1mlogger_test.go:406[0m[36m >[0m [1mwarning log[0m [36mgit_revision=[0m [36mgo_version=[0mgo1.24.4 [36mindex=[0m20
[90m2026-03-20T14:43:29+05:30[0m [33mWRN[0m [1mlogger_test.go:406[0m[36m >[0m [1mwarning log[0m [36mgit_revision=[0m [36mgo_version=[0mgo1.24.4 [36mindex=[0m30
[90m2026-03-20T14:43:29+05:30[0m [32mINF[0m [1mlogger_test.go:404[0m[36m >[0m [1mconcurrent log[0m [36mgit_revision=[0m [36mgo_version=[0mgo1.24.4 [36mindex=[0m31
[90m2026-03-20T14:43:29+05:30[0m [33mWRN[0m [1mlogger_test.go:406[0m[36m >[0m [1mwarning log[0m [36mgit_revision=[0m [36mgo_version=[0mgo1.24.4 [36mindex=[0m31
[90m2026-03-20T14:43:29+05:30[0m [32mINF[0m [1mlogger_test.go:404[0m[36m >[0m [1mconcurrent log[0m [36mgit_revision=[0m [36mgo_version=[0mgo1.24.4 [36mindex=[0m18
[90m2026-03-20T14:43:29+05:30[0m [33mWRN[0m [1mlogger_test.go:406[0m[36m >[0m [1mwarning log[0m [36mgit_revision=[0m [36mgo_version=[0mgo1.24.4 [36mindex=[0m18
[90m2026-03-20T14:43:29+05:30[0m [32mINF[0m [1mlogger_test.go:404[0m[36m >[0m [1mconcurrent log[0m [36mgit_revision=[0m [36mgo_version=[0mgo1.24.4 [36mindex=[0m6
[90m2026-03-20T14:43:29+05:30[0m [33mWRN[0m [1mlogger_test.go:406[0m[36m >[0m [1mwarning log[0m [36mgit_revision=[0m [36mgo_version=[0mgo1.24.4 [36mindex=[0m6
[90m2026-03-20T14:43:29+05:30[0m [32mINF[0m [1mlogger_test.go:404[0m[36m >[0m [1mconcurrent log[0m [36mgit_revision=[0m [36mgo_version=[0mgo1.24.4 [36mindex=[0m7
[90m2026-03-20T14:43:29+05:30[0m [33mWRN[0m [1mlogger_test.go:406[0m[36m >[0m [1mwarning log[0m [36mgit_revision=[0m [36mgo_version=[0mgo1.24.4 [36mindex=[0m7
[90m2026-03-20T14:43:29+05:30[0m [32mINF[0m [1mlogger_test.go:404[0m[36m >[0m [1mconcurrent log[0m [36mgit_revision=[0m [36mgo_version=[0mgo1.24.4 [36mindex=[0m36
[90m2026-03-20T14:43:29+05:30[0m [33mWRN[0m [1mlogger_test.go:406[0m[36m >[0m [1mwarning log[0m [36mgit_revision=[0m [36mgo_version=[0mgo1.24.4 [36mindex=[0m36
[90m2026-03-20T14:43:29+05:30[0m [32mINF[0m [1mlogger_test.go:404[0m[36m >[0m [1mconcurrent log[0m [36mgit_revision=[0m [36mgo_version=[0mgo1.24.4 [36mindex=[0m37
[90m2026-03-20T14:43:29+05:30[0m [33mWRN[0m [1mlogger_test.go:406[0m[36m >[0m [1mwarning log[0m [36mgit_revision=[0m [36mgo_version=[0mgo1.24.4 [36mindex=[0m37
[90m2026-03-20T14:43:29+05:30[0m [32mINF[0m [1mlogger_test.go:404[0m[36m >[0m [1mconcurrent log[0m [36mgit_revision=[0m [36mgo_version=[0mgo1.24.4 [36mindex=[0m21
[90m2026-03-20T14:43:29+05:30[0m [33mWRN[0m [1mlogger_test.go:406[0m[36m >[0m [1mwarning log[0m [36mgit_revision=[0m [36mgo_version=[0mgo1.24.4 [36mindex=[0m21
[90m2026-03-20T14:43:29+05:30[0m [32mINF[0m [1mlogger_test.go:404[0m[36m >[0m [1mconcurrent log[0m [36mgit_revision=[0m [36mgo_version=[0mgo1.24.4 [36mindex=[0m23
[90m2026-03-20T14:43:29+05:30[0m [32mINF[0m [1mlogger_test.go:404[0m[36m >[0m [1mconcurrent log[0m [36mgit_revision=[0m [36mgo_version=[0mgo1.24.4 [36mindex=[0m17
[90m2026-03-20T14:43:29+05:30[0m [32mINF[0m [1mlogger_test.go:404[0m[36m >[0m [1mconcurrent log[0m [36mgit_revision=[0m [36mgo_version=[0mgo1.24.4 [36mindex=[0m39
[90m2026-03-20T14:43:29+05:30[0m [33mWRN[0m [1mlogger_test.go:406[0m[36m >[0m [1mwarning log[0m [36mgit_revision=[0m [36mgo_version=[0mgo1.24.4 [36mindex=[0m39
[90m2026-03-20T14:43:29+05:30[0m [33mWRN[0m [1mlogger_test.go:406[0m[36m >[0m [1mwarning log[0m [36mgit_revision=[0m [36mgo_version=[0mgo1.24.4 [36mindex=[0m23
[90m2026-03-20T14:43:29+05:30[0m [32mINF[0m [1mlogger_test.go:404[0m[36m >[0m [1mconcurrent log[0m [36mgit_revision=[0m [36mgo_version=[0mgo1.24.4 [36mindex=[0m27
[90m2026-03-20T14:43:29+05:30[0m [33mWRN[0m [1mlogger_test.go:406[0m[36m >[0m [1mwarning log[0m [36mgit_revision=[0m [36mgo_version=[0mgo1.24.4 [36mindex=[0m27
[90m2026-03-20T14:43:29+05:30[0m [32mINF[0m [1mlogger_test.go:404[0m[36m >[0m [1mconcurrent log[0m [36mgit_revision=[0m [36mgo_version=[0mgo1.24.4 [36mindex=[0m5
[90m2026-03-20T14:43:29+05:30[0m [33mWRN[0m [1mlogger_test.go:406[0m[36m >[0m [1mwarning log[0m [36mgit_revision=[0m [36mgo_version=[0mgo1.24.4 [36mindex=[0m5
[90m2026-03-20T14:43:29+05:30[0m [32mINF[0m [1mlogger_test.go:404[0m[36m >[0m [1mconcurrent log[0m [36mgit_revision=[0m [36mgo_version=[0mgo1.24.4 [36mindex=[0m15
[90m2026-03-20T14:43:29+05:30[0m [33mWRN[0m [1mlogger_test.go:406[0m[36m >[0m [1mwarning log[0m [36mgit_revision=[0m [36mgo_version=[0mgo1.24.4 [36mindex=[0m15
[90m2026-03-20T14:43:29+05:30[0m [32mINF[0m [1mlogger_test.go:404[0m[36m >[0m [1mconcurrent log[0m [36mgit_revision=[0m [36mgo_version=[0mgo1.24.4 [36mindex=[0m45
[90m2026-03-20T14:43:29+05:30[0m [32mINF[0m [1mlogger_test.go:404[0m[36m >[0m [1mconcurrent log[0m [36mgit_revision=[0m [36mgo_version=[0mgo1.24.4 [36mindex=[0m44
[90m2026-03-20T14:43:29+05:30[0m [32mINF[0m [1mlogger_test.go:404[0m[36m >[0m [1mconcurrent log[0m [36mgit_revision=[0m [36mgo_version=[0mgo1.24.4 [36mindex=[0m19
[90m2026-03-20T14:43:29+05:30[0m [33mWRN[0m [1mlogger_test.go:406[0m[36m >[0m [1mwarning log[0m [36mgit_revision=[0m [36mgo_version=[0mgo1.24.4 [36mindex=[0m45
[90m2026-03-20T14:43:29+05:30[0m [32mINF[0m [1mlogger_test.go:404[0m[36m >[0m [1mconcurrent log[0m [36mgit_revision=[0m [36mgo_version=[0mgo1.24.4 [36mindex=[0m3
[90m2026-03-20T14:43:29+05:30[0m [32mINF[0m [1mlogger_test.go:404[0m[36m >[0m [1mconcurrent log[0m [36mgit_revision=[0m [36mgo_version=[0mgo1.24.4 [36mindex=[0m4
[90m2026-03-20T14:43:29+05:30[0m [32mINF[0m [1mlogger_test.go:404[0m[36m >[0m [1mconcurrent log[0m [36mgit_revision=[0m [36mgo_version=[0mgo1.24.4 [36mindex=[0m46
[90m2026-03-20T14:43:29+05:30[0m [33mWRN[0m [1mlogger_test.go:406[0m[36m >[0m [1mwarning log[0m [36mgit_revision=[0m [36mgo_version=[0mgo1.24.4 [36mindex=[0m44
[90m2026-03-20T14:43:29+05:30[0m [32mINF[0m [1mlogger_test.go:404[0m[36m >[0m [1mconcurrent log[0m [36mgit_revision=[0m [36mgo_version=[0mgo1.24.4 [36mindex=[0m8
[90m2026-03-20T14:43:29+05:30[0m [32mINF[0m [1mlogger_test.go:404[0m[36m >[0m [1mconcurrent log[0m [36mgit_revision=[0m [36mgo_version=[0mgo1.24.4 [36mindex=[0m33
[90m2026-03-20T14:43:29+05:30[0m [32mINF[0m [1mlogger_test.go:404[0m[36m >[0m [1mconcurrent log[0m [36mgit_revision=[0m [36mgo_version=[0mgo1.24.4 [36mindex=[0m41
[90m2026-03-20T14:43:29+05:30[0m [33mWRN[0m [1mlogger_test.go:406[0m[36m >[0m [1mwarning log[0m [36mgit_revision=[0m [36mgo_version=[0mgo1.24.4 [36mindex=[0m41
[90m2026-03-20T14:43:29+05:30[0m [32mINF[0m [1mlogger_test.go:404[0m[36m >[0m [1mconcurrent log[0m [36mgit_revision=[0m [36mgo_version=[0mgo1.24.4 [36mindex=[0m42
[90m2026-03-20T14:43:29+05:30[0m [33mWRN[0m [1mlogger_test.go:406[0m[36m >[0m [1mwarning log[0m [36mgit_revision=[0m [36mgo_version=[0mgo1.24.4 [36mindex=[0m42
[90m2026-03-20T14:43:29+05:30[0m [32mINF[0m [1mlogger_test.go:404[0m[36m >[0m [1mconcurrent log[0m [36mgit_revision=[0m [36mgo_version=[0mgo1.24.4 [36mindex=[0m35
[90m2026-03-20T14:43:29+05:30[0m [33mWRN[0m [1mlogger_test.go:406[0m[36m >[0m [1mwarning log[0m [36mgit_revision=[0m [36mgo_version=[0mgo1.24.4 [36mindex=[0m35
[90m2026-03-20T14:43:29+05:30[0m [33mWRN[0m [1mlogger_test.go:406[0m[36m >[0m [1mwarning log[0m [36mgit_revision=[0m [36mgo_version=[0mgo1.24.4 [36mindex=[0m19
[90m2026-03-20T14:43:29+05:30[0m [33mWRN[0m [1mlogger_test.go:406[0m[36m >[0m [1mwarning log[0m [36mgit_revision=[0m [36mgo_version=[0mgo1.24.4 [36mindex=[0m3
[90m2026-03-20T14:43:29+05:30[0m [32mINF[0m [1mlogger_test.go:404[0m[36m >[0m [1mconcurrent log[0m [36mgit_revision=[0m [36mgo_version=[0mgo1.24.4 [36mindex=[0m9
[90m2026-03-20T14:43:29+05:30[0m [33mWRN[0m [1mlogger_test.go:406[0m[36m >[0m [1mwarning log[0m [36mgit_revision=[0m [36mgo_version=[0mgo1.24.4 [36mindex=[0m33
[90m2026-03-20T14:43:29+05:30[0m [32mINF[0m [1mlogger_test.go:404[0m[36m >[0m [1mconcurrent log[0m [36mgit_revision=[0m [36mgo_version=[0mgo1.24.4 [36mindex=[0m22
[90m2026-03-20T14:43:29+05:30[0m [32mINF[0m [1mlogger_test.go:404[0m[36m >[0m [1mconcurrent log[0m [36mgit_revision=[0m [36mgo_version=[0mgo1.24.4 [36mindex=[0m32
[90m2026-03-20T14:43:29+05:30[0m [32mINF[0m [1mlogger_test.go:404[0m[36m >[0m [1mconcurrent log[0m [36mgit_revision=[0m [36mgo_version=[0mgo1.24.4 [36mindex=[0m40
[90m2026-03-20T14:43:29+05:30[0m [33mWRN[0m [1mlogger_test.go:406[0m[36m >[0m [1mwarning log[0m [36mgit_revision=[0m [36mgo_version=[0mgo1.24.4 [36mindex=[0m40
[90m2026-03-20T14:43:29+05:30[0m [32mINF[0m [1mlogger_test.go:404[0m[36m >[0m [1mconcurrent log[0m [36mgit_revision=[0m [36mgo_version=[0mgo1.24.4 [36mindex=[0m43
[90m2026-03-20T14:43:29+05:30[0m [33mWRN[0m [1mlogger_test.go:406[0m[36m >[0m [1mwarning log[0m [36mgit_revision=[0m [36mgo_version=[0mgo1.24.4 [36mindex=[0m43
[90m2026-03-20T14:43:29+05:30[0m [33mWRN[0m [1mlogger_test.go:406[0m[36m >[0m [1mwarning log[0m [36mgit_revision=[0m [36mgo_version=[0mgo1.24.4 [36mindex=[0m32
[90m2026-03-20T14:43:29+05:30[0m [32mINF[0m [1mlogger_test.go:404[0m[36m >[0m [1mconcurrent log[0m [36mgit_revision=[0m [36mgo_version=[0mgo1.24.4 [36mindex=[0m34
[90m2026-03-20T14:43:29+05:30[0m [33mWRN[0m [1mlogger_test.go:406[0m[36m >[0m [1mwarning log[0m [36mgit_revision=[0m [36mgo_version=[0mgo1.24.4 [36mindex=[0m34
[90m2026-03-20T14:43:29+05:30[0m [32mINF[0m [1mlogger_test.go:404[0m[36m >[0m [1mconcurrent log[0m [36mgit_revision=[0m [36mgo_version=[0mgo1.24.4 [36mindex=[0m47
[90m2026-03-20T14:43:29+05:30[0m [33mWRN[0m [1mlogger_test.go:406[0m[36m >[0m [1mwarning log[0m [36mgit_revision=[0m [36mgo_version=[0mgo1.24.4 [36mindex=[0m47
[90m2026-03-20T14:43:29+05:30[0m [32mINF[0m [1mlogger_test.go:404[0m[36m >[0m [1mconcurrent log[0m [36mgit_revision=[0m [36mgo_version=[0mgo1.24.4 [36mindex=[0m48
[90m2026-03-20T14:43:29+05:30[0m [33mWRN[0m [1mlogger_test.go:406[0m[36m >[0m [1mwarning log[0m [36mgit_revision=[0m [36mgo_version=[0mgo1.24.4 [36mindex=[0m48
[90m2026-03-20T14:43:29+05:30[0m [32mINF[0m [1mlogger_test.go:404[0m[36m >[0m [1mconcurrent log[0m [36mgit_revision=[0m [36mgo_version=[0mgo1.24.4 [36mindex=[0m11
[90m2026-03-20T14:43:29+05:30[0m [33mWRN[0m [1mlogger_test.go:406[0m[36m >[0m [1mwarning log[0m [36mgit_revision=[0m [36mgo_version=[0mgo1.24.4 [36mindex=[0m11
[90m2026-03-20T14:43:29+05:30[0m [33mWRN[0m [1mlogger_test.go:406[0m[36m >[0m [1mwarning log[0m [36mgit_revision=[0m [36mgo_version=[0mgo1.24.4 [36mindex=[0m8
[90m2026-03-20T14:43:29+05:30[0m [33mWRN[0m [1mlogger_test.go:406[0m[36m >[0m [1mwarning log[0m [36mgit_revision=[0m [36mgo_version=[0mgo1.24.4 [36mindex=[0m22
[90m2026-03-20T14:43:29+05:30[0m [33mWRN[0m [1mlogger_test.go:406[0m[36m >[0m [1mwarning log[0m [36mgit_revision=[0m [36mgo_version=[0mgo1.24.4 [36mindex=[0m46
[90m2026-03-20T14:43:29+05:30[0m [32mINF[0m [1mlogger_test.go:404[0m[36m >[0m [1mconcurrent log[0m [36mgit_revision=[0m [36mgo_version=[0mgo1.24.4 [36mindex=[0m38
[90m2026-03-20T14:43:29+05:30[0m [33mWRN[0m [1mlogger_test.go:406[0m[36m >[0m [1mwarning log[0m [36mgit_revision=[0m [36mgo_version=[0mgo1.24.4 [36mindex=[0m17
[90m2026-03-20T14:43:29+05:30[0m [33mWRN[0m [1mlogger_test.go:406[0m[36m >[0m [1mwarning log[0m [36mgit_revision=[0m [36mgo_version=[0mgo1.24.4 [36mindex=[0m9
[90m2026-03-20T14:43:29+05:30[0m [33mWRN[0m [1mlogger_test.go:406[0m[36m >[0m [1mwarning log[0m [36mgit_revision=[0m [36mgo_version=[0mgo1.24.4 [36mindex=[0m4
[90m2026-03-20T14:43:29+05:30[0m [32mINF[0m [1mlogger_test.go:404[0m[36m >[0m [1mconcurrent log[0m [36mgit_revision=[0m [36mgo_version=[0mgo1.24.4 [36mindex=[0m10
[90m2026-03-20T14:43:30+05:30[0m [33mWRN[0m [1mlogger_test.go:406[0m[36m >[0m [1mwarning log[0m [36mgit_revision=[0m [36mgo_version=[0mgo1.24.4 [36mindex=[0m10
[90m2026-03-20T14:43:29+05:30[0m [33mWRN[0m [1mlogger_test.go:406[0m[36m >[0m [1mwarning log[0m [36mgit_revision=[0m [36mgo_version=[0mgo1.24.4 [36mindex=[0m38
=== RUN   TestLoggerThreadSafety/concurrent_Get_calls
--- PASS: TestLoggerThreadSafety (0.23s)
    --- PASS: TestLoggerThreadSafety/concurrent_logging (0.23s)
    --- PASS: TestLoggerThreadSafety/concurrent_Get_calls (0.00s)
=== RUN   TestLoggerEdgeCases
=== RUN   TestLoggerEdgeCases/init_with_empty_log_file_path
=== RUN   TestLoggerEdgeCases/init_with_zero_max_size
=== RUN   TestLoggerEdgeCases/init_with_negative_max_backups
--- PASS: TestLoggerEdgeCases (0.01s)
    --- PASS: TestLoggerEdgeCases/init_with_empty_log_file_path (0.00s)
    --- PASS: TestLoggerEdgeCases/init_with_zero_max_size (0.01s)
    --- PASS: TestLoggerEdgeCases/init_with_negative_max_backups (0.00s)
=== RUN   TestFilteredWriter
=== RUN   TestFilteredWriter/filtered_writer_basic_functionality
--- PASS: TestFilteredWriter (0.00s)
    --- PASS: TestFilteredWriter/filtered_writer_basic_functionality (0.00s)
PASS
coverage: [no statements]
ok  	github.com/aptlogica/sereni-base/tests/providers/logger	4.415s	coverage: [no statements]
=== RUN   TestNewService
--- PASS: TestNewService (0.00s)
=== RUN   TestOTPService_Generate
=== RUN   TestOTPService_Generate/generates_OTP_for_identifier
=== RUN   TestOTPService_Generate/generates_different_OTPs_for_different_identifiers
=== RUN   TestOTPService_Generate/generates_new_OTP_when_called_again_for_same_identifier
--- PASS: TestOTPService_Generate (0.01s)
    --- PASS: TestOTPService_Generate/generates_OTP_for_identifier (0.00s)
    --- PASS: TestOTPService_Generate/generates_different_OTPs_for_different_identifiers (0.00s)
    --- PASS: TestOTPService_Generate/generates_new_OTP_when_called_again_for_same_identifier (0.01s)
=== RUN   TestOTPService_Verify
=== RUN   TestOTPService_Verify/verifies_correct_OTP
=== RUN   TestOTPService_Verify/fails_for_incorrect_OTP
=== RUN   TestOTPService_Verify/fails_for_non-existent_identifier
=== RUN   TestOTPService_Verify/fails_for_empty_OTP
--- PASS: TestOTPService_Verify (0.00s)
    --- PASS: TestOTPService_Verify/verifies_correct_OTP (0.00s)
    --- PASS: TestOTPService_Verify/fails_for_incorrect_OTP (0.00s)
    --- PASS: TestOTPService_Verify/fails_for_non-existent_identifier (0.00s)
    --- PASS: TestOTPService_Verify/fails_for_empty_OTP (0.00s)
=== RUN   TestOTPService_Expiry
=== RUN   TestOTPService_Expiry/OTP_expires_after_timeout
--- PASS: TestOTPService_Expiry (0.15s)
    --- PASS: TestOTPService_Expiry/OTP_expires_after_timeout (0.15s)
=== RUN   TestOTPService_StartStopCleanup
=== RUN   TestOTPService_StartStopCleanup/starts_and_stops_cleanup_goroutine
=== RUN   TestOTPService_StartStopCleanup/can_restart_cleanup_after_stopping
--- PASS: TestOTPService_StartStopCleanup (0.20s)
    --- PASS: TestOTPService_StartStopCleanup/starts_and_stops_cleanup_goroutine (0.05s)
    --- PASS: TestOTPService_StartStopCleanup/can_restart_cleanup_after_stopping (0.15s)
=== RUN   TestOTPService_Cleanup
=== RUN   TestOTPService_Cleanup/cleans_up_expired_OTPs
--- PASS: TestOTPService_Cleanup (0.20s)
    --- PASS: TestOTPService_Cleanup/cleans_up_expired_OTPs (0.20s)
=== RUN   TestOTPService_Concurrency
=== RUN   TestOTPService_Concurrency/handles_concurrent_generate_calls
=== RUN   TestOTPService_Concurrency/handles_concurrent_verify_calls
--- PASS: TestOTPService_Concurrency (0.00s)
    --- PASS: TestOTPService_Concurrency/handles_concurrent_generate_calls (0.00s)
    --- PASS: TestOTPService_Concurrency/handles_concurrent_verify_calls (0.00s)
PASS
coverage: [no statements]
ok  	github.com/aptlogica/sereni-base/tests/providers/otp	4.141s	coverage: [no statements]
=== RUN   TestNewHTTPStorageClient
=== RUN   TestNewHTTPStorageClient/create_client_with_valid_config
=== RUN   TestNewHTTPStorageClient/create_client_with_empty_base_URL
=== RUN   TestNewHTTPStorageClient/create_client_with_zero_timeout_uses_default
=== RUN   TestNewHTTPStorageClient/create_client_with_negative_timeout_uses_default
--- PASS: TestNewHTTPStorageClient (0.00s)
    --- PASS: TestNewHTTPStorageClient/create_client_with_valid_config (0.00s)
    --- PASS: TestNewHTTPStorageClient/create_client_with_empty_base_URL (0.00s)
    --- PASS: TestNewHTTPStorageClient/create_client_with_zero_timeout_uses_default (0.00s)
    --- PASS: TestNewHTTPStorageClient/create_client_with_negative_timeout_uses_default (0.00s)
=== RUN   TestHTTPStorageClient_Upload
=== RUN   TestHTTPStorageClient_Upload/successful_upload
=== RUN   TestHTTPStorageClient_Upload/upload_with_empty_object_name
=== RUN   TestHTTPStorageClient_Upload/upload_with_server_error
=== RUN   TestHTTPStorageClient_Upload/upload_with_network_error
=== RUN   TestHTTPStorageClient_Upload/upload_with_invalid_JSON_response
=== RUN   TestHTTPStorageClient_Upload/upload_large_file
=== RUN   TestHTTPStorageClient_Upload/upload_with_context_cancellation
--- PASS: TestHTTPStorageClient_Upload (1.10s)
    --- PASS: TestHTTPStorageClient_Upload/successful_upload (0.02s)
    --- PASS: TestHTTPStorageClient_Upload/upload_with_empty_object_name (0.03s)
    --- PASS: TestHTTPStorageClient_Upload/upload_with_server_error (0.02s)
    --- PASS: TestHTTPStorageClient_Upload/upload_with_network_error (1.01s)
    --- PASS: TestHTTPStorageClient_Upload/upload_with_invalid_JSON_response (0.01s)
    --- PASS: TestHTTPStorageClient_Upload/upload_large_file (0.01s)
    --- PASS: TestHTTPStorageClient_Upload/upload_with_context_cancellation (0.00s)
=== RUN   TestHTTPStorageClient_Download
=== RUN   TestHTTPStorageClient_Download/successful_download
=== RUN   TestHTTPStorageClient_Download/download_with_special_characters_in_path
=== RUN   TestHTTPStorageClient_Download/download_non-existent_file
=== RUN   TestHTTPStorageClient_Download/download_with_server_error
=== RUN   TestHTTPStorageClient_Download/download_with_network_error
=== RUN   TestHTTPStorageClient_Download/download_with_context_cancellation
--- PASS: TestHTTPStorageClient_Download (1.05s)
    --- PASS: TestHTTPStorageClient_Download/successful_download (0.02s)
    --- PASS: TestHTTPStorageClient_Download/download_with_special_characters_in_path (0.01s)
    --- PASS: TestHTTPStorageClient_Download/download_non-existent_file (0.01s)
    --- PASS: TestHTTPStorageClient_Download/download_with_server_error (0.01s)
    --- PASS: TestHTTPStorageClient_Download/download_with_network_error (1.01s)
    --- PASS: TestHTTPStorageClient_Download/download_with_context_cancellation (0.00s)
=== RUN   TestHTTPStorageClient_Delete
=== RUN   TestHTTPStorageClient_Delete/successful_delete
=== RUN   TestHTTPStorageClient_Delete/delete_with_special_characters
=== RUN   TestHTTPStorageClient_Delete/delete_non-existent_file
=== RUN   TestHTTPStorageClient_Delete/delete_with_server_error
=== RUN   TestHTTPStorageClient_Delete/delete_with_network_error
=== RUN   TestHTTPStorageClient_Delete/delete_with_context_cancellation
--- PASS: TestHTTPStorageClient_Delete (1.09s)
    --- PASS: TestHTTPStorageClient_Delete/successful_delete (0.05s)
    --- PASS: TestHTTPStorageClient_Delete/delete_with_special_characters (0.01s)
    --- PASS: TestHTTPStorageClient_Delete/delete_non-existent_file (0.01s)
    --- PASS: TestHTTPStorageClient_Delete/delete_with_server_error (0.01s)
    --- PASS: TestHTTPStorageClient_Delete/delete_with_network_error (1.01s)
    --- PASS: TestHTTPStorageClient_Delete/delete_with_context_cancellation (0.00s)
=== RUN   TestHTTPStorageClient_Exists
=== RUN   TestHTTPStorageClient_Exists/file_exists
=== RUN   TestHTTPStorageClient_Exists/file_does_not_exist
=== RUN   TestHTTPStorageClient_Exists/exists_check_with_server_error
=== RUN   TestHTTPStorageClient_Exists/exists_check_with_network_error
=== RUN   TestHTTPStorageClient_Exists/exists_check_with_context_cancellation
--- PASS: TestHTTPStorageClient_Exists (1.04s)
    --- PASS: TestHTTPStorageClient_Exists/file_exists (0.01s)
    --- PASS: TestHTTPStorageClient_Exists/file_does_not_exist (0.01s)
    --- PASS: TestHTTPStorageClient_Exists/exists_check_with_server_error (0.01s)
    --- PASS: TestHTTPStorageClient_Exists/exists_check_with_network_error (1.02s)
    --- PASS: TestHTTPStorageClient_Exists/exists_check_with_context_cancellation (0.00s)
=== RUN   TestHTTPStorageClient_EdgeCases
=== RUN   TestHTTPStorageClient_EdgeCases/empty_object_name
=== RUN   TestHTTPStorageClient_EdgeCases/very_long_object_name
=== RUN   TestHTTPStorageClient_EdgeCases/unicode_in_object_name
--- PASS: TestHTTPStorageClient_EdgeCases (0.03s)
    --- PASS: TestHTTPStorageClient_EdgeCases/empty_object_name (0.02s)
    --- PASS: TestHTTPStorageClient_EdgeCases/very_long_object_name (0.01s)
    --- PASS: TestHTTPStorageClient_EdgeCases/unicode_in_object_name (0.01s)
PASS
coverage: [no statements]
ok  	github.com/aptlogica/sereni-base/tests/providers/storage	8.468s	coverage: [no statements]
=== RUN   TestRouterConstants
--- PASS: TestRouterConstants (0.00s)
=== RUN   TestSetup
--- PASS: TestSetup (0.03s)
=== RUN   TestHealthEndpoint
[GIN] 2026/03/20 - 14:44:02 | 200 |            0s |                 | GET      "/api/v1/health"
--- PASS: TestHealthEndpoint (0.02s)
=== RUN   TestAuthRoutesSetup
--- PASS: TestAuthRoutesSetup (0.00s)
=== RUN   TestUserRoutesSetup
--- PASS: TestUserRoutesSetup (0.00s)
=== RUN   TestOrganizationRoutesSetup
--- PASS: TestOrganizationRoutesSetup (0.00s)
=== RUN   TestWorkspaceRoutesSetup
--- PASS: TestWorkspaceRoutesSetup (0.00s)
=== RUN   TestBaseRoutesSetup
--- PASS: TestBaseRoutesSetup (0.00s)
=== RUN   TestTableRoutesSetup
--- PASS: TestTableRoutesSetup (0.00s)
=== RUN   TestColumnRoutesSetup
--- PASS: TestColumnRoutesSetup (0.00s)
=== RUN   TestRowRoutesSetup
--- PASS: TestRowRoutesSetup (0.00s)
=== RUN   TestViewRoutesSetup
--- PASS: TestViewRoutesSetup (0.00s)
=== RUN   TestAssetRoutesSetup
--- PASS: TestAssetRoutesSetup (0.00s)
=== RUN   TestMiddlewaresStructure
--- PASS: TestMiddlewaresStructure (0.00s)
=== RUN   TestHandlersStructure
--- PASS: TestHandlersStructure (0.00s)
=== RUN   TestSetupWithAllMiddlewares
[GIN] 2026/03/20 - 14:44:02 | 200 |            0s |                 | GET      "/api/v1/health"
--- PASS: TestSetupWithAllMiddlewares (0.01s)
=== RUN   TestStaticAssetsRoute
--- PASS: TestStaticAssetsRoute (0.01s)
=== RUN   TestAPIv1GroupExists
--- PASS: TestAPIv1GroupExists (0.00s)
=== RUN   TestPrivateRoutesGroup
--- PASS: TestPrivateRoutesGroup (0.00s)
=== RUN   TestRouteHTTPMethods
--- PASS: TestRouteHTTPMethods (0.00s)
=== RUN   TestMaxMultipartMemory
--- PASS: TestMaxMultipartMemory (0.00s)
=== RUN   TestRouterRecoveryMiddleware
--- PASS: TestRouterRecoveryMiddleware (0.01s)
=== RUN   TestMiddlewaresFunctionsReturnHandlers
--- PASS: TestMiddlewaresFunctionsReturnHandlers (0.00s)
=== RUN   TestSetupAuthRoutesIndependently
--- PASS: TestSetupAuthRoutesIndependently (0.00s)
=== RUN   TestSetupUserRoutesWithDifferentHTTPMethods
--- PASS: TestSetupUserRoutesWithDifferentHTTPMethods (0.00s)
=== RUN   TestSetupWorkspaceRoutesWithNestedPaths
--- PASS: TestSetupWorkspaceRoutesWithNestedPaths (0.00s)
=== RUN   TestSetupBaseRoutesWithImageEndpoints
--- PASS: TestSetupBaseRoutesWithImageEndpoints (0.14s)
=== RUN   TestSetupTableRoutesWithAllOperations
--- PASS: TestSetupTableRoutesWithAllOperations (0.00s)
=== RUN   TestSetupColumnRoutesWithReorder
--- PASS: TestSetupColumnRoutesWithReorder (0.00s)
=== RUN   TestSetupRowRoutesWithAttachments
--- PASS: TestSetupRowRoutesWithAttachments (0.00s)
=== RUN   TestSetupRowRoutesWithDataOperations
--- PASS: TestSetupRowRoutesWithDataOperations (0.00s)
=== RUN   TestSetupViewRoutesCRUD
--- PASS: TestSetupViewRoutesCRUD (0.00s)
=== RUN   TestSetupAssetRoutesWithUploads
--- PASS: TestSetupAssetRoutesWithUploads (0.00s)
=== RUN   TestSetupAssetRoutesWithBulkOperations
--- PASS: TestSetupAssetRoutesWithBulkOperations (0.00s)
=== RUN   TestSetupAssetRoutesWithUpdateDelete
--- PASS: TestSetupAssetRoutesWithUpdateDelete (0.00s)
=== RUN   TestRouterConstantUsage
--- PASS: TestRouterConstantUsage (0.00s)
=== RUN   TestMiddlewaresAppliedToRowAttachments
--- PASS: TestMiddlewaresAppliedToRowAttachments (0.00s)
=== RUN   TestMiddlewaresAppliedToAssetUpload
--- PASS: TestMiddlewaresAppliedToAssetUpload (0.00s)
PASS
coverage: [no statements]
ok  	github.com/aptlogica/sereni-base/tests/router	8.786s	coverage: [no statements]
=== RUN   TestContainsHelper
=== PAUSE TestContainsHelper
=== RUN   TestCreateMasterSchema
=== RUN   TestCreateMasterSchema/successful_full_master_schema_creation
Master schema 'public' created successfully.
Table "public".organizations created successfully.
Table "public".users created successfully.
Table "public".usage_metrics created successfully.
Table "public".global_audit_logs created successfully.
Table "public".user_reset_tokens created successfully.
Table "public".resources created successfully.
Table "public".actions created successfully.
Table "public".access_roles created successfully.
Table "public".permissions created successfully.
Table "public".role_permissions created successfully.
Table "public".access_members created successfully.
Table "public".assets created successfully.
Table "public".workspaces created successfully.
Table "public".bases created successfully.
Table "public".workspace_members created successfully.
Table "public".models created successfully.
Table "public".columns created successfully.
Table "public".views created successfully.
Table "public".relations created successfully.
=== RUN   TestCreateMasterSchema/master_schema_creation_with_schema_error
Error creating master schema: schema creation failed
Table "public".organizations created successfully.
Table "public".users created successfully.
Table "public".usage_metrics created successfully.
Table "public".global_audit_logs created successfully.
Table "public".user_reset_tokens created successfully.
Table "public".resources created successfully.
Table "public".actions created successfully.
Table "public".access_roles created successfully.
Table "public".permissions created successfully.
Table "public".role_permissions created successfully.
Table "public".access_members created successfully.
Table "public".assets created successfully.
Table "public".workspaces created successfully.
Table "public".bases created successfully.
Table "public".workspace_members created successfully.
Table "public".models created successfully.
Table "public".columns created successfully.
Table "public".views created successfully.
Table "public".relations created successfully.
=== RUN   TestCreateMasterSchema/master_schema_creation_with_already_exists_errors
Error creating master schema: schema already exists
=== RUN   TestCreateMasterSchema/master_schema_creation_with_table_creation_errors
Master schema 'public' created successfully.
Error creating table "public".organizations: database connection failed
Error creating table "public".users: database connection failed
Error creating table "public".usage_metrics: database connection failed
Error creating table "public".global_audit_logs: database connection failed
Error creating table "public".user_reset_tokens: database connection failed
Error creating table "public".resources: database connection failed
Error creating table "public".actions: database connection failed
Error creating table "public".access_roles: database connection failed
Error creating table "public".permissions: database connection failed
Error creating table "public".role_permissions: database connection failed
Error creating table "public".access_members: database connection failed
Error creating table "public".assets: database connection failed
Error creating table "public".workspaces: database connection failed
Error creating table "public".bases: database connection failed
Error creating table "public".workspace_members: database connection failed
Error creating table "public".models: database connection failed
Error creating table "public".columns: database connection failed
Error creating table "public".views: database connection failed
Error creating table "public".relations: database connection failed
=== RUN   TestCreateMasterSchema/master_schema_creation_with_function_creation_errors
Master schema 'public' created successfully.
Table "public".organizations created successfully.
Table "public".users created successfully.
Table "public".usage_metrics created successfully.
Table "public".global_audit_logs created successfully.
Table "public".user_reset_tokens created successfully.
Table "public".resources created successfully.
Table "public".actions created successfully.
Table "public".access_roles created successfully.
Table "public".permissions created successfully.
Table "public".role_permissions created successfully.
Table "public".access_members created successfully.
Table "public".assets created successfully.
Table "public".workspaces created successfully.
Table "public".bases created successfully.
Table "public".workspace_members created successfully.
Table "public".models created successfully.
Table "public".columns created successfully.
Table "public".views created successfully.
Table "public".relations created successfully.
error creating function 'dynamic_array_join_assets_jsonb': syntax error in function
error creating function 'convert_column_type': syntax error in function
error creating function 'get_table_data_with_relation': syntax error in function
error creating function 'reorder_columns_after_delete': syntax error in function
error creating function 'get_workspace_base_users': syntax error in function
error creating function 'get_users_with_role': syntax error in function
error creating function 'get_active_users_for_assign': syntax error in function
error creating function 'get_workspace_members_with_role': syntax error in function
error creating function 'get_base_members_with_role': syntax error in function
error creating function 'get_user_role_by_id': syntax error in function
=== RUN   TestCreateMasterSchema/master_schema_creation_with_mixed_errors
Error creating master schema: permission denied
Error creating table "public".organizations: table creation failed
Table "public".users created successfully.
Table "public".usage_metrics created successfully.
Table "public".global_audit_logs created successfully.
Table "public".user_reset_tokens created successfully.
Table "public".resources created successfully.
Table "public".actions created successfully.
Table "public".access_roles created successfully.
Table "public".permissions created successfully.
Table "public".role_permissions created successfully.
Table "public".access_members created successfully.
Table "public".assets created successfully.
Table "public".workspaces created successfully.
Table "public".bases created successfully.
Table "public".workspace_members created successfully.
Table "public".models created successfully.
Table "public".columns created successfully.
Table "public".views created successfully.
Table "public".relations created successfully.
=== RUN   TestCreateMasterSchema/master_schema_creation_verifies_table_count
Master schema 'public' created successfully.
Table "public".organizations created successfully.
Table "public".users created successfully.
Table "public".usage_metrics created successfully.
Table "public".global_audit_logs created successfully.
Table "public".user_reset_tokens created successfully.
Table "public".resources created successfully.
Table "public".actions created successfully.
Table "public".access_roles created successfully.
Table "public".permissions created successfully.
Table "public".role_permissions created successfully.
Table "public".access_members created successfully.
Table "public".assets created successfully.
Table "public".workspaces created successfully.
Table "public".bases created successfully.
Table "public".workspace_members created successfully.
Table "public".models created successfully.
Table "public".columns created successfully.
Table "public".views created successfully.
Table "public".relations created successfully.
--- PASS: TestCreateMasterSchema (2.05s)
    --- PASS: TestCreateMasterSchema/successful_full_master_schema_creation (0.02s)
    --- PASS: TestCreateMasterSchema/master_schema_creation_with_schema_error (0.01s)
    --- PASS: TestCreateMasterSchema/master_schema_creation_with_already_exists_errors (0.01s)
    --- PASS: TestCreateMasterSchema/master_schema_creation_with_table_creation_errors (0.11s)
    --- PASS: TestCreateMasterSchema/master_schema_creation_with_function_creation_errors (1.02s)
    --- PASS: TestCreateMasterSchema/master_schema_creation_with_mixed_errors (0.02s)
    --- PASS: TestCreateMasterSchema/master_schema_creation_verifies_table_count (0.01s)
=== RUN   TestCreateMasterSchemaEdgeCases
=== RUN   TestCreateMasterSchemaEdgeCases/nil_error_from_CreateSchema
Master schema 'public' created successfully.
Table "public".organizations created successfully.
Table "public".users created successfully.
Table "public".usage_metrics created successfully.
Table "public".global_audit_logs created successfully.
Table "public".user_reset_tokens created successfully.
Table "public".resources created successfully.
Table "public".actions created successfully.
Table "public".access_roles created successfully.
Table "public".permissions created successfully.
Table "public".role_permissions created successfully.
Table "public".access_members created successfully.
Table "public".assets created successfully.
Table "public".workspaces created successfully.
Table "public".bases created successfully.
Table "public".workspace_members created successfully.
Table "public".models created successfully.
Table "public".columns created successfully.
Table "public".views created successfully.
Table "public".relations created successfully.
=== RUN   TestCreateMasterSchemaEdgeCases/empty_error_message_handling
Error creating master schema: 
Error creating table "public".organizations: 
Error creating table "public".users: 
Error creating table "public".usage_metrics: 
Error creating table "public".global_audit_logs: 
Error creating table "public".user_reset_tokens: 
Error creating table "public".resources: 
Error creating table "public".actions: 
Error creating table "public".access_roles: 
Error creating table "public".permissions: 
Error creating table "public".role_permissions: 
Error creating table "public".access_members: 
Error creating table "public".assets: 
Error creating table "public".workspaces: 
Error creating table "public".bases: 
Error creating table "public".workspace_members: 
Error creating table "public".models: 
Error creating table "public".columns: 
Error creating table "public".views: 
Error creating table "public".relations: 
error creating function 'dynamic_array_join_assets_jsonb': 
error creating function 'convert_column_type': 
error creating function 'get_table_data_with_relation': 
error creating function 'reorder_columns_after_delete': 
error creating function 'get_workspace_base_users': 
error creating function 'get_users_with_role': 
error creating function 'get_active_users_for_assign': 
error creating function 'get_workspace_members_with_role': 
error creating function 'get_base_members_with_role': 
error creating function 'get_user_role_by_id': 
=== RUN   TestCreateMasterSchemaEdgeCases/special_characters_in_error_message
Error creating master schema: error with 'special' chars & <symbols>
=== RUN   TestCreateMasterSchemaEdgeCases/unicode_in_error_message
Error creating master schema: ΘöÖΦ»»: Φí¿σ╖▓σ¡ÿσ£¿
Table "public".organizations created successfully.
Table "public".users created successfully.
Table "public".usage_metrics created successfully.
Table "public".global_audit_logs created successfully.
Table "public".user_reset_tokens created successfully.
Table "public".resources created successfully.
Table "public".actions created successfully.
Table "public".access_roles created successfully.
Table "public".permissions created successfully.
Table "public".role_permissions created successfully.
Table "public".access_members created successfully.
Table "public".assets created successfully.
Table "public".workspaces created successfully.
Table "public".bases created successfully.
Table "public".workspace_members created successfully.
Table "public".models created successfully.
Table "public".columns created successfully.
Table "public".views created successfully.
Table "public".relations created successfully.
=== RUN   TestCreateMasterSchemaEdgeCases/very_long_error_message
Error creating master schema: error error error error error error error error error error error error error error error error error error error error error error error error error error error error error error error error error error error error error error error error error error error error error error error error error error error error error error error error error error error error error error error error error error error error error error error error error error error error error error error error error error error error error error error error error error error error error error error error error error error error error error error error error error error error error error error error error error error error error error error error error error error error error error error error error error error error error error error error error error error error error error error error error error error error error error error error error error error error error error error error error error error error error error error error error error error error error error error error error error error error error error error error error error error error error error error error error error error error error error error error error error error error error error error error error error error error error error error error error error error error error error error error error error error error error error error error error error error error error error error error error error error error error error error error error error error error error error error error error error error error error error error error error error error error error error error error error error error error error error error error error error error error error error error error error error error error error error error error error error error error error error error error error error error error error error error error error error error error error error error error error error error error error error error error error error error error error error error error error error error error error error error error error error error error error error error error error error error error error error error error error error error error error error error error error error error error error error error error error error error error error error error error error error error error error error error error error error error error error error error error error error error error error error error error error error error error error error error error error error error error error error error error error error error error error error error error error error error error error error error error error error error error error error error error error error error error error error error error error error error error error error error error error error error error error error error error error error error error error error error error error error error error error error error error error error error error error error error error error error error error error error error error error error error error error error error error error error error error error error error error error error error error error error error error error error error error error error error error error error error error error error error error error error error error error error error error error error error error error error error error error error error error error error error error error error error error error error error error error error error error error error error error error error error error error error error error error error error error error error error error error error error error error error error error error error error error error error error error error error error error error error error error error error error error error error error error error error error error error error error error error error error error error error error error error error error error error error error error error error error error error error error error error error error error error error error error error error error error error error error error error error error error error error error error error error error error error error error error error error error error error error error error error error error error error error error error error error error error error error error error error error error error error error error error error error error error error error error error error error error error error error error error error error error error error error error error error error error error error error error error error error error error error error error error error error error error error error error error error error error error error error error error error error error error error error error error error error error error error error error error error error error error error error error error error error error error error error error error error error error error error error error error error error error error error error error error error error error error error error error error error error error error error error error error error error error error error error error error error error error error error error error error error error error error error error error error error error error error error error error error error error error error error error error error error error error error error error error error error error error error error error error error error error error error error error error error error error error error error error error error error error error error error error error error error error error error error error error error error error error error error error error error error error error error error error error error error error error error error error error error error error error error error error error error error error error error error error error error error error error error error error error error error error error error error error error error error error error error error error error error 
Table "public".organizations created successfully.
Table "public".users created successfully.
Table "public".usage_metrics created successfully.
Table "public".global_audit_logs created successfully.
Table "public".user_reset_tokens created successfully.
Table "public".resources created successfully.
Table "public".actions created successfully.
Table "public".access_roles created successfully.
Table "public".permissions created successfully.
Table "public".role_permissions created successfully.
Table "public".access_members created successfully.
Table "public".assets created successfully.
Table "public".workspaces created successfully.
Table "public".bases created successfully.
Table "public".workspace_members created successfully.
Table "public".models created successfully.
Table "public".columns created successfully.
Table "public".views created successfully.
Table "public".relations created successfully.
--- PASS: TestCreateMasterSchemaEdgeCases (0.74s)
    --- PASS: TestCreateMasterSchemaEdgeCases/nil_error_from_CreateSchema (0.02s)
    --- PASS: TestCreateMasterSchemaEdgeCases/empty_error_message_handling (0.08s)
    --- PASS: TestCreateMasterSchemaEdgeCases/special_characters_in_error_message (0.59s)
    --- PASS: TestCreateMasterSchemaEdgeCases/unicode_in_error_message (0.01s)
    --- PASS: TestCreateMasterSchemaEdgeCases/very_long_error_message (0.04s)
=== RUN   TestCreateMasterSchemaContextHandling
=== RUN   TestCreateMasterSchemaContextHandling/context_is_passed_to_CreateSchema
Master schema 'public' created successfully.
Table "public".organizations created successfully.
Table "public".users created successfully.
Table "public".usage_metrics created successfully.
Table "public".global_audit_logs created successfully.
Table "public".user_reset_tokens created successfully.
Table "public".resources created successfully.
Table "public".actions created successfully.
Table "public".access_roles created successfully.
Table "public".permissions created successfully.
Table "public".role_permissions created successfully.
Table "public".access_members created successfully.
Table "public".assets created successfully.
Table "public".workspaces created successfully.
Table "public".bases created successfully.
Table "public".workspace_members created successfully.
Table "public".models created successfully.
Table "public".columns created successfully.
Table "public".views created successfully.
Table "public".relations created successfully.
=== RUN   TestCreateMasterSchemaContextHandling/context_is_passed_to_CreateFunction
Master schema 'public' created successfully.
Table "public".organizations created successfully.
Table "public".users created successfully.
Table "public".usage_metrics created successfully.
Table "public".global_audit_logs created successfully.
Table "public".user_reset_tokens created successfully.
Table "public".resources created successfully.
Table "public".actions created successfully.
Table "public".access_roles created successfully.
Table "public".permissions created successfully.
Table "public".role_permissions created successfully.
Table "public".access_members created successfully.
Table "public".assets created successfully.
Table "public".workspaces created successfully.
Table "public".bases created successfully.
Table "public".workspace_members created successfully.
Table "public".models created successfully.
Table "public".columns created successfully.
Table "public".views created successfully.
Table "public".relations created successfully.
--- PASS: TestCreateMasterSchemaContextHandling (0.06s)
    --- PASS: TestCreateMasterSchemaContextHandling/context_is_passed_to_CreateSchema (0.03s)
    --- PASS: TestCreateMasterSchemaContextHandling/context_is_passed_to_CreateFunction (0.03s)
=== RUN   TestCreateMasterSchemaSchemaName
=== RUN   TestCreateMasterSchemaSchemaName/schema_name_is_passed_correctly
Master schema 'public' created successfully.
Table "public".organizations created successfully.
Table "public".users created successfully.
Table "public".usage_metrics created successfully.
Table "public".global_audit_logs created successfully.
Table "public".user_reset_tokens created successfully.
Table "public".resources created successfully.
Table "public".actions created successfully.
Table "public".access_roles created successfully.
Table "public".permissions created successfully.
Table "public".role_permissions created successfully.
Table "public".access_members created successfully.
Table "public".assets created successfully.
Table "public".workspaces created successfully.
Table "public".bases created successfully.
Table "public".workspace_members created successfully.
Table "public".models created successfully.
Table "public".columns created successfully.
Table "public".views created successfully.
Table "public".relations created successfully.
--- PASS: TestCreateMasterSchemaSchemaName (0.02s)
    --- PASS: TestCreateMasterSchemaSchemaName/schema_name_is_passed_correctly (0.02s)
=== RUN   TestCreateMasterSchemaTableRequests
=== RUN   TestCreateMasterSchemaTableRequests/table_requests_have_names
Master schema 'public' created successfully.
Table "public".organizations created successfully.
Table "public".users created successfully.
Table "public".usage_metrics created successfully.
Table "public".global_audit_logs created successfully.
Table "public".user_reset_tokens created successfully.
Table "public".resources created successfully.
Table "public".actions created successfully.
Table "public".access_roles created successfully.
Table "public".permissions created successfully.
Table "public".role_permissions created successfully.
Table "public".access_members created successfully.
Table "public".assets created successfully.
Table "public".workspaces created successfully.
Table "public".bases created successfully.
Table "public".workspace_members created successfully.
Table "public".models created successfully.
Table "public".columns created successfully.
Table "public".views created successfully.
Table "public".relations created successfully.
--- PASS: TestCreateMasterSchemaTableRequests (0.01s)
    --- PASS: TestCreateMasterSchemaTableRequests/table_requests_have_names (0.01s)
=== RUN   TestCreateDefaultRBAC
=== PAUSE TestCreateDefaultRBAC
=== RUN   TestCreateDefaultRBACSignature
=== RUN   TestCreateDefaultRBACSignature/accepts_DatabaseService_and_returns_error
--- PASS: TestCreateDefaultRBACSignature (0.00s)
    --- PASS: TestCreateDefaultRBACSignature/accepts_DatabaseService_and_returns_error (0.00s)
=== RUN   TestCreateDefaultRBACWithMockedServices
=== RUN   TestCreateDefaultRBACWithMockedServices/panics_with_nil_TableService
Initializing RBAC System...
Creating resources...
=== RUN   TestCreateDefaultRBACWithMockedServices/handles_empty_GetTableData_response
Initializing RBAC System...
Creating resources...
Error creating resource workspace: failed to map to struct
Error creating resource base: failed to map to struct
Error creating resource table: failed to map to struct
Error creating resource records: failed to map to struct
Error creating resource members: failed to map to struct
Error creating resource views: failed to map to struct
Error creating resource settings: failed to map to struct
Error creating resource api_tokens: failed to map to struct
Error creating resource webhooks: failed to map to struct
Error creating resource automations: failed to map to struct

Creating actions...
Error creating action read: failed to map to struct
Error creating action create: failed to map to struct
Error creating action update: failed to map to struct
Error creating action delete: failed to map to struct
Error creating action share: failed to map to struct
Error creating action invite: failed to map to struct
Error creating action export: failed to map to struct
Error creating action import: failed to map to struct
Error creating action execute: failed to map to struct
Error creating action manage: failed to map to struct

Creating roles...
Error creating role owner: invalid UUID length: 7
Error creating role co-owner: invalid UUID length: 7
Error creating role maintainer: invalid UUID length: 7
Error creating role workspace-read: invalid UUID length: 7
Error creating role base-member: invalid UUID length: 7
Error creating role base-read: invalid UUID length: 7
Error creating role user: invalid UUID length: 7

Creating permissions...

Assigning permissions to roles...

Γ£ô RBAC System initialization completed successfully!
--- PASS: TestCreateDefaultRBACWithMockedServices (0.12s)
    --- PASS: TestCreateDefaultRBACWithMockedServices/panics_with_nil_TableService (0.00s)
    --- PASS: TestCreateDefaultRBACWithMockedServices/handles_empty_GetTableData_response (0.12s)
=== RUN   TestCreateDefaultRBACErrorPath
=== RUN   TestCreateDefaultRBACErrorPath/tracks_InitializeRBACSystem_completion
Initializing RBAC System...
Creating resources...
Error creating resource workspace: failed to map to struct
Error creating resource base: failed to map to struct
Error creating resource table: failed to map to struct
Error creating resource records: failed to map to struct
Error creating resource members: failed to map to struct
Error creating resource views: failed to map to struct
Error creating resource settings: failed to map to struct
Error creating resource api_tokens: failed to map to struct
Error creating resource webhooks: failed to map to struct
Error creating resource automations: failed to map to struct

Creating actions...
Error creating action read: failed to map to struct
Error creating action create: failed to map to struct
Error creating action update: failed to map to struct
Error creating action delete: failed to map to struct
Error creating action share: failed to map to struct
Error creating action invite: failed to map to struct
Error creating action export: failed to map to struct
Error creating action import: failed to map to struct
Error creating action execute: failed to map to struct
Error creating action manage: failed to map to struct

Creating roles...
Error creating role owner: invalid UUID length: 4
Error creating role co-owner: invalid UUID length: 4
Error creating role maintainer: invalid UUID length: 4
Error creating role workspace-read: invalid UUID length: 4
Error creating role base-member: invalid UUID length: 4
Error creating role base-read: invalid UUID length: 4
Error creating role user: invalid UUID length: 4

Creating permissions...

Assigning permissions to roles...

Γ£ô RBAC System initialization completed successfully!
=== RUN   TestCreateDefaultRBACErrorPath/handles_all_error_scenarios_without_panic
=== RUN   TestCreateDefaultRBACErrorPath/handles_all_error_scenarios_without_panic/GetTableData_returns_error
Initializing RBAC System...
Creating resources...
Error creating resource workspace: assert.AnError general error for testing
Error creating resource base: assert.AnError general error for testing
Error creating resource table: assert.AnError general error for testing
Error creating resource records: assert.AnError general error for testing
Error creating resource members: assert.AnError general error for testing
Error creating resource views: assert.AnError general error for testing
Error creating resource settings: assert.AnError general error for testing
Error creating resource api_tokens: assert.AnError general error for testing
Error creating resource webhooks: assert.AnError general error for testing
Error creating resource automations: assert.AnError general error for testing

Creating actions...
Error creating action read: assert.AnError general error for testing
Error creating action create: assert.AnError general error for testing
Error creating action update: assert.AnError general error for testing
Error creating action delete: assert.AnError general error for testing
Error creating action share: assert.AnError general error for testing
Error creating action invite: assert.AnError general error for testing
Error creating action export: assert.AnError general error for testing
Error creating action import: assert.AnError general error for testing
Error creating action execute: assert.AnError general error for testing
Error creating action manage: assert.AnError general error for testing

Creating roles...
Error creating role owner: assert.AnError general error for testing
Error creating role co-owner: assert.AnError general error for testing
Error creating role maintainer: assert.AnError general error for testing
Error creating role workspace-read: assert.AnError general error for testing
Error creating role base-member: assert.AnError general error for testing
Error creating role base-read: assert.AnError general error for testing
Error creating role user: assert.AnError general error for testing

Creating permissions...

Assigning permissions to roles...

Γ£ô RBAC System initialization completed successfully!
=== RUN   TestCreateDefaultRBACErrorPath/handles_all_error_scenarios_without_panic/CreateRecord_returns_error
Initializing RBAC System...
Creating resources...
Error creating resource workspace: assert.AnError general error for testing
Error creating resource base: assert.AnError general error for testing
Error creating resource table: assert.AnError general error for testing
Error creating resource records: assert.AnError general error for testing
Error creating resource members: assert.AnError general error for testing
Error creating resource views: assert.AnError general error for testing
Error creating resource settings: assert.AnError general error for testing
Error creating resource api_tokens: assert.AnError general error for testing
Error creating resource webhooks: assert.AnError general error for testing
Error creating resource automations: assert.AnError general error for testing

Creating actions...
Error creating action read: assert.AnError general error for testing
Error creating action create: assert.AnError general error for testing
Error creating action update: assert.AnError general error for testing
Error creating action delete: assert.AnError general error for testing
Error creating action share: assert.AnError general error for testing
Error creating action invite: assert.AnError general error for testing
Error creating action export: assert.AnError general error for testing
Error creating action import: assert.AnError general error for testing
Error creating action execute: assert.AnError general error for testing
Error creating action manage: assert.AnError general error for testing

Creating roles...
Error creating role owner: assert.AnError general error for testing
Error creating role co-owner: assert.AnError general error for testing
Error creating role maintainer: assert.AnError general error for testing
Error creating role workspace-read: assert.AnError general error for testing
Error creating role base-member: assert.AnError general error for testing
Error creating role base-read: assert.AnError general error for testing
Error creating role user: assert.AnError general error for testing

Creating permissions...

Assigning permissions to roles...

Γ£ô RBAC System initialization completed successfully!
=== RUN   TestCreateDefaultRBACErrorPath/handles_all_error_scenarios_without_panic/mixed_results
Initializing RBAC System...
Creating resources...
Error creating resource workspace: failed to map to struct
Error creating resource base: failed to map to struct
Error creating resource table: failed to map to struct
Error creating resource records: failed to map to struct
Error creating resource members: failed to map to struct
Error creating resource views: failed to map to struct
Error creating resource settings: failed to map to struct
Error creating resource api_tokens: failed to map to struct
Error creating resource webhooks: failed to map to struct
Error creating resource automations: failed to map to struct

Creating actions...
Error creating action read: failed to map to struct
Error creating action create: failed to map to struct
Error creating action update: failed to map to struct
Error creating action delete: failed to map to struct
Error creating action share: failed to map to struct
Error creating action invite: failed to map to struct
Error creating action export: failed to map to struct
Error creating action import: failed to map to struct
Error creating action execute: failed to map to struct
Error creating action manage: failed to map to struct

Creating roles...
Error creating role owner: invalid UUID length: 3
Error creating role co-owner: invalid UUID length: 3
Error creating role maintainer: invalid UUID length: 3
Error creating role workspace-read: invalid UUID length: 3
Error creating role base-member: invalid UUID length: 3
Error creating role base-read: invalid UUID length: 3
Error creating role user: invalid UUID length: 3

Creating permissions...

Assigning permissions to roles...

Γ£ô RBAC System initialization completed successfully!
--- PASS: TestCreateDefaultRBACErrorPath (0.38s)
    --- PASS: TestCreateDefaultRBACErrorPath/tracks_InitializeRBACSystem_completion (0.01s)
    --- PASS: TestCreateDefaultRBACErrorPath/handles_all_error_scenarios_without_panic (0.12s)
        --- PASS: TestCreateDefaultRBACErrorPath/handles_all_error_scenarios_without_panic/GetTableData_returns_error (0.01s)
        --- PASS: TestCreateDefaultRBACErrorPath/handles_all_error_scenarios_without_panic/CreateRecord_returns_error (0.05s)
        --- PASS: TestCreateDefaultRBACErrorPath/handles_all_error_scenarios_without_panic/mixed_results (0.01s)
=== RUN   TestMaybeSkipOwnerRegistration
=== PAUSE TestMaybeSkipOwnerRegistration
=== RUN   TestValidateOwnerConfig
=== PAUSE TestValidateOwnerConfig
=== RUN   TestPrepareOwnerRegisterRequest
=== PAUSE TestPrepareOwnerRegisterRequest
=== RUN   TestCreateDefaultOrganization
=== RUN   TestCreateDefaultOrganization/returns_nil_even_on_failure
ERROR: Failed to create organization: assert.AnError general error for testing
=== RUN   TestCreateDefaultOrganization/creates_organization_with_correct_name
DEBUG: Organization created successfully with ID: 4a514cce-187e-494b-8b91-33fcd480161c

Γ£ô Organization created successfully!
  Organization ID: 4a514cce-187e-494b-8b91-33fcd480161c
  Name: John's Organization
  Email: owner@example.com
--- PASS: TestCreateDefaultOrganization (0.01s)
    --- PASS: TestCreateDefaultOrganization/returns_nil_even_on_failure (0.01s)
    --- PASS: TestCreateDefaultOrganization/creates_organization_with_correct_name (0.00s)
=== RUN   TestRegisterOwnerSignature
=== RUN   TestRegisterOwnerSignature/RegisterOwner_function_exists_with_correct_signature
--- PASS: TestRegisterOwnerSignature (0.00s)
    --- PASS: TestRegisterOwnerSignature/RegisterOwner_function_exists_with_correct_signature (0.00s)
=== RUN   TestMaybeSkipOwnerRegistrationEdgeCases
=== RUN   TestMaybeSkipOwnerRegistrationEdgeCases/nil_config_handling
--- PASS: TestMaybeSkipOwnerRegistrationEdgeCases (0.00s)
    --- PASS: TestMaybeSkipOwnerRegistrationEdgeCases/nil_config_handling (0.00s)
=== RUN   TestValidateOwnerConfigEdgeCases
=== RUN   TestValidateOwnerConfigEdgeCases/empty_strings_should_fail
=== RUN   TestValidateOwnerConfigEdgeCases/whitespace-only_password_should_fail
--- PASS: TestValidateOwnerConfigEdgeCases (0.00s)
    --- PASS: TestValidateOwnerConfigEdgeCases/empty_strings_should_fail (0.00s)
    --- PASS: TestValidateOwnerConfigEdgeCases/whitespace-only_password_should_fail (0.00s)
=== RUN   TestRegisterOwner
=== RUN   TestRegisterOwner/skips_registration_when_email_is_empty
=== RUN   TestRegisterOwner/returns_error_when_password_is_missing
=== RUN   TestRegisterOwner/returns_error_when_first_name_is_missing
=== RUN   TestRegisterOwner/returns_error_when_last_name_is_missing
--- PASS: TestRegisterOwner (0.00s)
    --- PASS: TestRegisterOwner/skips_registration_when_email_is_empty (0.00s)
    --- PASS: TestRegisterOwner/returns_error_when_password_is_missing (0.00s)
    --- PASS: TestRegisterOwner/returns_error_when_first_name_is_missing (0.00s)
    --- PASS: TestRegisterOwner/returns_error_when_last_name_is_missing (0.00s)
=== RUN   TestRegisterOwnerFunctionSignature
=== RUN   TestRegisterOwnerFunctionSignature/function_has_correct_signature
--- PASS: TestRegisterOwnerFunctionSignature (0.00s)
    --- PASS: TestRegisterOwnerFunctionSignature/function_has_correct_signature (0.00s)
=== RUN   TestRegisterOwnerValidation
=== RUN   TestRegisterOwnerValidation/empty_email_skips
=== RUN   TestRegisterOwnerValidation/missing_password_returns_error
=== RUN   TestRegisterOwnerValidation/missing_first_name_returns_error
=== RUN   TestRegisterOwnerValidation/missing_last_name_returns_error
--- PASS: TestRegisterOwnerValidation (0.00s)
    --- PASS: TestRegisterOwnerValidation/empty_email_skips (0.00s)
    --- PASS: TestRegisterOwnerValidation/missing_password_returns_error (0.00s)
    --- PASS: TestRegisterOwnerValidation/missing_first_name_returns_error (0.00s)
    --- PASS: TestRegisterOwnerValidation/missing_last_name_returns_error (0.00s)
=== RUN   TestCreateDefaultOrganizationExtended
=== RUN   TestCreateDefaultOrganizationExtended/handles_nil_database_service_gracefully
ERROR: Failed to create organization: assert.AnError general error for testing
=== RUN   TestCreateDefaultOrganizationExtended/creates_organization_with_empty_email
DEBUG: Organization created successfully with ID: ce1f3ba4-7548-4f2f-a0ad-7bcb004c7d27

Γ£ô Organization created successfully!
  Organization ID: ce1f3ba4-7548-4f2f-a0ad-7bcb004c7d27
  Name: John's Organization
  Email: 
=== RUN   TestCreateDefaultOrganizationExtended/handles_various_first_name_values
DEBUG: Organization created successfully with ID: e88526e8-ea81-4747-a23d-d0ec3dd53662

Γ£ô Organization created successfully!
  Organization ID: e88526e8-ea81-4747-a23d-d0ec3dd53662
  Name: 's Organization
  Email: test@test.com
DEBUG: Organization created successfully with ID: 7f7f5599-eaf0-4532-8792-ca984aee710d

Γ£ô Organization created successfully!
  Organization ID: 7f7f5599-eaf0-4532-8792-ca984aee710d
  Name: A's Organization
  Email: test@test.com
DEBUG: Organization created successfully with ID: 1ddc912c-d9cf-4916-a1da-d6b11a76adaf

Γ£ô Organization created successfully!
  Organization ID: 1ddc912c-d9cf-4916-a1da-d6b11a76adaf
  Name: John's Organization
  Email: test@test.com
DEBUG: Organization created successfully with ID: b365af4c-ae56-4c3d-bb80-ba833d3f65df

Γ£ô Organization created successfully!
  Organization ID: b365af4c-ae56-4c3d-bb80-ba833d3f65df
  Name: John-Paul's Organization
  Email: test@test.com
DEBUG: Organization created successfully with ID: b9cb8504-c358-488c-940a-e3ec4ff43247

Γ£ô Organization created successfully!
  Organization ID: b9cb8504-c358-488c-940a-e3ec4ff43247
  Name: Jos├⌐'s Organization
  Email: test@test.com
DEBUG: Organization created successfully with ID: 8d54d150-b936-44c2-a839-fe2d07bc58b9

Γ£ô Organization created successfully!
  Organization ID: 8d54d150-b936-44c2-a839-fe2d07bc58b9
  Name: µùÑµ£¼Φ¬₧'s Organization
  Email: test@test.com
--- PASS: TestCreateDefaultOrganizationExtended (0.00s)
    --- PASS: TestCreateDefaultOrganizationExtended/handles_nil_database_service_gracefully (0.00s)
    --- PASS: TestCreateDefaultOrganizationExtended/creates_organization_with_empty_email (0.00s)
    --- PASS: TestCreateDefaultOrganizationExtended/handles_various_first_name_values (0.00s)
=== RUN   TestRegisterOwnerIntegration
=== RUN   TestRegisterOwnerIntegration/panics_with_valid_config_but_nil_database_table_service
--- PASS: TestRegisterOwnerIntegration (0.12s)
    --- PASS: TestRegisterOwnerIntegration/panics_with_valid_config_but_nil_database_table_service (0.12s)
=== RUN   TestRegisterOwnerWithAllValidationErrors
=== RUN   TestRegisterOwnerWithAllValidationErrors/empty_email_skips_without_error
=== RUN   TestRegisterOwnerWithAllValidationErrors/whitespace_email_skips_without_error
=== RUN   TestRegisterOwnerWithAllValidationErrors/missing_password
=== RUN   TestRegisterOwnerWithAllValidationErrors/missing_first_name
=== RUN   TestRegisterOwnerWithAllValidationErrors/missing_last_name
=== RUN   TestRegisterOwnerWithAllValidationErrors/all_required_fields_missing
--- PASS: TestRegisterOwnerWithAllValidationErrors (0.00s)
    --- PASS: TestRegisterOwnerWithAllValidationErrors/empty_email_skips_without_error (0.00s)
    --- PASS: TestRegisterOwnerWithAllValidationErrors/whitespace_email_skips_without_error (0.00s)
    --- PASS: TestRegisterOwnerWithAllValidationErrors/missing_password (0.00s)
    --- PASS: TestRegisterOwnerWithAllValidationErrors/missing_first_name (0.00s)
    --- PASS: TestRegisterOwnerWithAllValidationErrors/missing_last_name (0.00s)
    --- PASS: TestRegisterOwnerWithAllValidationErrors/all_required_fields_missing (0.00s)
=== CONT  TestCreateDefaultRBAC
=== RUN   TestCreateDefaultRBAC/completes_even_when_GetTableData_fails
=== CONT  TestValidateOwnerConfig
=== RUN   TestValidateOwnerConfig/valid_config
=== CONT  TestPrepareOwnerRegisterRequest
=== RUN   TestPrepareOwnerRegisterRequest/basic_registration_request
=== CONT  TestMaybeSkipOwnerRegistration
=== RUN   TestMaybeSkipOwnerRegistration/skip_when_email_empty
=== CONT  TestContainsHelper
=== RUN   TestContainsHelper/exact_match
=== RUN   TestContainsHelper/case_insensitive_upper_in_str
Initializing RBAC System...
Creating resources...
Error creating resource workspace: assert.AnError general error for testing
Error creating resource base: assert.AnError general error for testing
Error creating resource table: assert.AnError general error for testing
Error creating resource records: assert.AnError general error for testing
Error creating resource members: assert.AnError general error for testing
Error creating resource views: assert.AnError general error for testing
Error creating resource settings: assert.AnError general error for testing
Error creating resource api_tokens: assert.AnError general error for testing
Error creating resource webhooks: assert.AnError general error for testing
Error creating resource automations: assert.AnError general error for testing

Creating actions...
Error creating action read: assert.AnError general error for testing
Error creating action create: assert.AnError general error for testing
Error creating action update: assert.AnError general error for testing
Error creating action delete: assert.AnError general error for testing
Error creating action share: assert.AnError general error for testing
Error creating action invite: assert.AnError general error for testing
Error creating action export: assert.AnError general error for testing
Error creating action import: assert.AnError general error for testing
Error creating action execute: assert.AnError general error for testing
Error creating action manage: assert.AnError general error for testing

Creating roles...
Error creating role owner: assert.AnError general error for testing
Error creating role co-owner: assert.AnError general error for testing
Error creating role maintainer: assert.AnError general error for testing
Error creating role workspace-read: assert.AnError general error for testing
Error creating role base-member: assert.AnError general error for testing
Error creating role base-read: assert.AnError general error for testing
Error creating role user: assert.AnError general error for testing

Creating permissions...

Assigning permissions to roles...

Γ£ô RBAC System initialization completed successfully!
=== RUN   TestPrepareOwnerRegisterRequest/registration_request_with_COUNTRY_env_var
=== RUN   TestContainsHelper/case_insensitive_upper_in_substr
=== RUN   TestPrepareOwnerRegisterRequest/registration_request_without_COUNTRY_env_var_defaults_to_US
=== RUN   TestContainsHelper/partial_match
=== RUN   TestPrepareOwnerRegisterRequest/registration_request_has_timezone_set
=== RUN   TestContainsHelper/partial_match_at_start
=== RUN   TestPrepareOwnerRegisterRequest/registration_request_has_owner_role
=== RUN   TestContainsHelper/no_match
=== RUN   TestPrepareOwnerRegisterRequest/registration_request_with_special_characters
=== RUN   TestContainsHelper/empty_substr
=== RUN   TestPrepareOwnerRegisterRequest/each_call_generates_unique_ID
=== RUN   TestMaybeSkipOwnerRegistration/don't_skip_when_email_present
--- PASS: TestPrepareOwnerRegisterRequest (0.02s)
    --- PASS: TestPrepareOwnerRegisterRequest/basic_registration_request (0.00s)
    --- PASS: TestPrepareOwnerRegisterRequest/registration_request_with_COUNTRY_env_var (0.00s)
    --- PASS: TestPrepareOwnerRegisterRequest/registration_request_without_COUNTRY_env_var_defaults_to_US (0.00s)
    --- PASS: TestPrepareOwnerRegisterRequest/registration_request_has_timezone_set (0.00s)
    --- PASS: TestPrepareOwnerRegisterRequest/registration_request_has_owner_role (0.00s)
    --- PASS: TestPrepareOwnerRegisterRequest/registration_request_with_special_characters (0.00s)
    --- PASS: TestPrepareOwnerRegisterRequest/each_call_generates_unique_ID (0.00s)
=== RUN   TestContainsHelper/empty_str
=== RUN   TestMaybeSkipOwnerRegistration/skip_with_whitespace-only_email
=== RUN   TestContainsHelper/both_empty
=== RUN   TestCreateDefaultRBAC/function_exists_and_is_callable
=== RUN   TestMaybeSkipOwnerRegistration/don't_skip_with_valid_email_format
Initializing RBAC System...
Creating resources...
--- PASS: TestMaybeSkipOwnerRegistration (0.02s)
    --- PASS: TestMaybeSkipOwnerRegistration/skip_when_email_empty (0.00s)
    --- PASS: TestMaybeSkipOwnerRegistration/don't_skip_when_email_present (0.00s)
    --- PASS: TestMaybeSkipOwnerRegistration/skip_with_whitespace-only_email (0.00s)
    --- PASS: TestMaybeSkipOwnerRegistration/don't_skip_with_valid_email_format (0.00s)
=== RUN   TestValidateOwnerConfig/missing_password
=== RUN   TestValidateOwnerConfig/missing_first_name
Γ£ô Created resource: workspace
=== RUN   TestValidateOwnerConfig/missing_last_name
=== RUN   TestValidateOwnerConfig/all_fields_empty_except_email
=== RUN   TestValidateOwnerConfig/valid_config_with_long_values
Γ£ô Created resource: base
=== RUN   TestValidateOwnerConfig/valid_config_with_unicode_names
--- PASS: TestValidateOwnerConfig (0.02s)
    --- PASS: TestValidateOwnerConfig/valid_config (0.00s)
    --- PASS: TestValidateOwnerConfig/missing_password (0.00s)
    --- PASS: TestValidateOwnerConfig/missing_first_name (0.00s)
    --- PASS: TestValidateOwnerConfig/missing_last_name (0.00s)
    --- PASS: TestValidateOwnerConfig/all_fields_empty_except_email (0.00s)
    --- PASS: TestValidateOwnerConfig/valid_config_with_long_values (0.00s)
    --- PASS: TestValidateOwnerConfig/valid_config_with_unicode_names (0.00s)
Γ£ô Created resource: table
=== RUN   TestContainsHelper/mixed_case_match
=== RUN   TestContainsHelper/already_exists_error_message
=== RUN   TestContainsHelper/already_exists_uppercase
--- PASS: TestContainsHelper (0.03s)
    --- PASS: TestContainsHelper/exact_match (0.00s)
    --- PASS: TestContainsHelper/case_insensitive_upper_in_str (0.00s)
    --- PASS: TestContainsHelper/case_insensitive_upper_in_substr (0.00s)
    --- PASS: TestContainsHelper/partial_match (0.00s)
    --- PASS: TestContainsHelper/partial_match_at_start (0.00s)
    --- PASS: TestContainsHelper/no_match (0.00s)
    --- PASS: TestContainsHelper/empty_substr (0.00s)
    --- PASS: TestContainsHelper/empty_str (0.00s)
    --- PASS: TestContainsHelper/both_empty (0.00s)
    --- PASS: TestContainsHelper/mixed_case_match (0.00s)
    --- PASS: TestContainsHelper/already_exists_error_message (0.00s)
    --- PASS: TestContainsHelper/already_exists_uppercase (0.00s)
Γ£ô Created resource: records
Γ£ô Created resource: members
Γ£ô Created resource: views
Γ£ô Created resource: settings
Γ£ô Created resource: api_tokens
Γ£ô Created resource: webhooks
Γ£ô Created resource: automations

Creating actions...
Γ£ô Created action: read
Γ£ô Created action: create
Γ£ô Created action: update
Γ£ô Created action: delete
Γ£ô Created action: share
Γ£ô Created action: invite
Γ£ô Created action: export
Γ£ô Created action: import
Γ£ô Created action: execute
Γ£ô Created action: manage

Creating roles...
Γ£ô Created role: owner (scope: system, priority: 100)
Γ£ô Created role: co-owner (scope: system, priority: 90)
Γ£ô Created role: maintainer (scope: workspace, priority: 80)
Γ£ô Created role: workspace-read (scope: workspace, priority: 70)
Γ£ô Created role: base-member (scope: base, priority: 60)
Γ£ô Created role: base-read (scope: base, priority: 50)
Γ£ô Created role: user (scope: system, priority: 10)

Creating permissions...
Γ£ô Created permission: workspace.read
Γ£ô Created permission: workspace.create
Γ£ô Created permission: workspace.update
Γ£ô Created permission: workspace.delete
Γ£ô Created permission: workspace.share
Γ£ô Created permission: workspace.invite
Γ£ô Created permission: base.read
Γ£ô Created permission: base.create
Γ£ô Created permission: base.update
Γ£ô Created permission: base.delete
Γ£ô Created permission: records.read
Γ£ô Created permission: records.create
Γ£ô Created permission: records.update
Γ£ô Created permission: records.delete
Γ£ô Created permission: records.export
Γ£ô Created permission: members.read
Γ£ô Created permission: members.invite
Γ£ô Created permission: members.manage
Γ£ô Created permission: views.read
Γ£ô Created permission: views.create
Γ£ô Created permission: views.update
Γ£ô Created permission: views.delete
Γ£ô Created permission: settings.read
Γ£ô Created permission: settings.update
Γ£ô Created permission: api_tokens.read
Γ£ô Created permission: api_tokens.create
Γ£ô Created permission: api_tokens.delete
Γ£ô Created permission: api_tokens.manage
Γ£ô Created permission: webhooks.read
Γ£ô Created permission: webhooks.create
Γ£ô Created permission: webhooks.update
Γ£ô Created permission: webhooks.delete

Assigning permissions to roles...
Γ£ô Assigned permission workspace.read to owner
Γ£ô Assigned permission workspace.create to owner
Γ£ô Assigned permission workspace.update to owner
Γ£ô Assigned permission workspace.delete to owner
Γ£ô Assigned permission workspace.share to owner
Γ£ô Assigned permission workspace.invite to owner
Γ£ô Assigned permission base.read to owner
Γ£ô Assigned permission base.create to owner
Γ£ô Assigned permission base.update to owner
Γ£ô Assigned permission base.delete to owner
Γ£ô Assigned permission records.read to owner
Γ£ô Assigned permission records.create to owner
Γ£ô Assigned permission records.update to owner
Γ£ô Assigned permission records.delete to owner
Γ£ô Assigned permission records.export to owner
Γ£ô Assigned permission members.read to owner
Γ£ô Assigned permission members.invite to owner
Γ£ô Assigned permission members.manage to owner
Γ£ô Assigned permission views.read to owner
Γ£ô Assigned permission views.create to owner
Γ£ô Assigned permission views.update to owner
Γ£ô Assigned permission views.delete to owner
Γ£ô Assigned permission settings.read to owner
Γ£ô Assigned permission settings.update to owner
Γ£ô Assigned permission api_tokens.read to owner
Γ£ô Assigned permission api_tokens.create to owner
Γ£ô Assigned permission api_tokens.delete to owner
Γ£ô Assigned permission api_tokens.manage to owner
Γ£ô Assigned permission webhooks.read to owner
Γ£ô Assigned permission webhooks.create to owner
Γ£ô Assigned permission webhooks.update to owner
Γ£ô Assigned permission webhooks.delete to owner
Γ£ô Assigned permission base.read to member
Γ£ô Assigned permission records.read to member
Γ£ô Assigned permission records.create to member
Γ£ô Assigned permission records.update to member
Γ£ô Assigned permission records.delete to member
Γ£ô Assigned permission records.export to member
Γ£ô Assigned permission views.read to member
Γ£ô Assigned permission views.create to member
Γ£ô Assigned permission views.update to member
Γ£ô Assigned permission views.delete to member

Γ£ô RBAC System initialization completed successfully!
=== RUN   TestCreateDefaultRBAC/successful_execution_with_all_mocks
Initializing RBAC System...
Creating resources...
Error creating resource workspace: failed to map to struct
Error creating resource base: failed to map to struct
Error creating resource table: failed to map to struct
Error creating resource records: failed to map to struct
Error creating resource members: failed to map to struct
Error creating resource views: failed to map to struct
Error creating resource settings: failed to map to struct
Error creating resource api_tokens: failed to map to struct
Error creating resource webhooks: failed to map to struct
Error creating resource automations: failed to map to struct

Creating actions...
Error creating action read: failed to map to struct
Error creating action create: failed to map to struct
Error creating action update: failed to map to struct
Error creating action delete: failed to map to struct
Error creating action share: failed to map to struct
Error creating action invite: failed to map to struct
Error creating action export: failed to map to struct
Error creating action import: failed to map to struct
Error creating action execute: failed to map to struct
Error creating action manage: failed to map to struct

Creating roles...
Error creating role owner: invalid UUID length: 6
Error creating role co-owner: invalid UUID length: 6
Error creating role maintainer: invalid UUID length: 6
Error creating role workspace-read: invalid UUID length: 6
Error creating role base-member: invalid UUID length: 6
Error creating role base-read: invalid UUID length: 6
Error creating role user: invalid UUID length: 6

Creating permissions...

Assigning permissions to roles...

Γ£ô RBAC System initialization completed successfully!
=== RUN   TestCreateDefaultRBAC/handles_mixed_success_and_failure
Initializing RBAC System...
Creating resources...
Error creating resource workspace: failed to map to struct
Error creating resource base: failed to map to struct
Error creating resource table: failed to map to struct
Error creating resource records: failed to map to struct
Error creating resource members: failed to map to struct
Error creating resource views: failed to map to struct
Error creating resource settings: failed to map to struct
Error creating resource api_tokens: failed to map to struct
Error creating resource webhooks: failed to map to struct
Error creating resource automations: failed to map to struct

Creating actions...
Error creating action read: failed to map to struct
Error creating action create: failed to map to struct
Error creating action update: failed to map to struct
Error creating action delete: failed to map to struct
Error creating action share: failed to map to struct
Error creating action invite: failed to map to struct
Error creating action export: failed to map to struct
Error creating action import: failed to map to struct
Error creating action execute: failed to map to struct
Error creating action manage: failed to map to struct

Creating roles...
Error creating role owner: invalid UUID length: 7
Error creating role co-owner: invalid UUID length: 7
Error creating role maintainer: invalid UUID length: 7
Error creating role workspace-read: invalid UUID length: 7
Error creating role base-member: invalid UUID length: 7
Error creating role base-read: invalid UUID length: 7
Error creating role user: invalid UUID length: 7

Creating permissions...

Assigning permissions to roles...

Γ£ô RBAC System initialization completed successfully!
--- PASS: TestCreateDefaultRBAC (0.12s)
    --- PASS: TestCreateDefaultRBAC/completes_even_when_GetTableData_fails (0.02s)
    --- PASS: TestCreateDefaultRBAC/function_exists_and_is_callable (0.05s)
    --- PASS: TestCreateDefaultRBAC/successful_execution_with_all_mocks (0.03s)
    --- PASS: TestCreateDefaultRBAC/handles_mixed_success_and_failure (0.01s)
PASS
coverage: [no statements]
ok  	github.com/aptlogica/sereni-base/tests/scripts	7.754s	coverage: [no statements]
=== RUN   TestServicesInitialization
=== RUN   TestServicesInitialization/service_initialization_placeholder
    services_test.go:13: Services require full application context - see integration tests
--- PASS: TestServicesInitialization (0.00s)
    --- SKIP: TestServicesInitialization/service_initialization_placeholder (0.00s)
=== RUN   TestServiceInterfaces
=== RUN   TestServiceInterfaces/service_interface_contracts
    services_test.go:20: Service interfaces tested through integration tests
--- PASS: TestServiceInterfaces (0.00s)
    --- SKIP: TestServiceInterfaces/service_interface_contracts (0.00s)
=== RUN   TestServiceErrorHandling
=== RUN   TestServiceErrorHandling/error_handling
    services_test.go:27: Error handling tested through unit and integration tests
--- PASS: TestServiceErrorHandling (0.00s)
    --- SKIP: TestServiceErrorHandling/error_handling (0.00s)
PASS
coverage: [no statements]
ok  	github.com/aptlogica/sereni-base/tests/services	1.585s	coverage: [no statements]
=== RUN   TestNewAssetManagementService
--- PASS: TestNewAssetManagementService (0.00s)
=== RUN   TestUpload_Success_SingleFile
--- PASS: TestUpload_Success_SingleFile (0.95s)
=== RUN   TestUpload_Success_MultipleFiles
--- PASS: TestUpload_Success_MultipleFiles (1.19s)
=== RUN   TestUpload_AntivirusDetectsThreat
Antivirus:  is infected or unreadable: 
--- PASS: TestUpload_AntivirusDetectsThreat (0.11s)
=== RUN   TestUpload_NoAntivirusProvider
--- PASS: TestUpload_NoAntivirusProvider (0.05s)
=== RUN   TestUpload_StorageUploadFails
--- PASS: TestUpload_StorageUploadFails (1.15s)
=== RUN   TestUpload_BulkInsertionFails
--- PASS: TestUpload_BulkInsertionFails (0.08s)
=== RUN   TestUpload_NonImageFile_NoThumbnail
--- PASS: TestUpload_NonImageFile_NoThumbnail (0.00s)
=== RUN   TestUploadImage_Success
--- PASS: TestUploadImage_Success (0.80s)
=== RUN   TestUploadImage_NoFiles
--- PASS: TestUploadImage_NoFiles (0.00s)
=== RUN   TestUploadImage_MultipleFiles
--- PASS: TestUploadImage_MultipleFiles (0.10s)
=== RUN   TestUploadImage_NonImageFile
--- PASS: TestUploadImage_NonImageFile (0.00s)
=== RUN   TestUploadImage_AntivirusDetectsThreat
Antivirus:  is infected or unreadable: 
--- PASS: TestUploadImage_AntivirusDetectsThreat (0.06s)
=== RUN   TestUploadImage_StorageUploadFails
--- PASS: TestUploadImage_StorageUploadFails (0.04s)
=== RUN   TestUploadImage_InsertionFails
--- PASS: TestUploadImage_InsertionFails (0.43s)
=== RUN   TestAssetManagement_GetBulkAssets
--- PASS: TestAssetManagement_GetBulkAssets (0.00s)
=== RUN   TestAssetManagement_GetBulkAssets_Error
--- PASS: TestAssetManagement_GetBulkAssets_Error (0.00s)
=== RUN   TestAssetManagement_UpdateAsset
--- PASS: TestAssetManagement_UpdateAsset (0.00s)
=== RUN   TestAssetManagement_UpdateAsset_Error
--- PASS: TestAssetManagement_UpdateAsset_Error (0.00s)
=== RUN   TestAssetManagement_DeleteAsset_Success
--- PASS: TestAssetManagement_DeleteAsset_Success (0.00s)
=== RUN   TestAssetManagement_DeleteAsset_GetAssetFails
--- PASS: TestAssetManagement_DeleteAsset_GetAssetFails (0.00s)
=== RUN   TestAssetManagement_DeleteAsset_ThumbnailSameAsMain
--- PASS: TestAssetManagement_DeleteAsset_ThumbnailSameAsMain (0.00s)
=== RUN   TestAssetManagement_DeleteAsset_ThumbnailDeleteFails_ContinuesAnyway
Warning: failed to delete thumbnail at test_schema/thumb_test.png: thumbnail not found
--- PASS: TestAssetManagement_DeleteAsset_ThumbnailDeleteFails_ContinuesAnyway (0.00s)
=== RUN   TestAssetManagement_DeleteAsset_MainFileNotFound_ContinuesAnyway
Warning: asset file not found at test_schema/test.png, continuing with deletion
--- PASS: TestAssetManagement_DeleteAsset_MainFileNotFound_ContinuesAnyway (0.00s)
=== RUN   TestAssetManagement_DeleteAsset_MainFileDeleteFails
--- PASS: TestAssetManagement_DeleteAsset_MainFileDeleteFails (0.00s)
=== RUN   TestAssetManagement_DeleteAsset_DatabaseDeleteFails
--- PASS: TestAssetManagement_DeleteAsset_DatabaseDeleteFails (0.00s)
=== RUN   TestAssetManagement_GetAssetByURL
--- PASS: TestAssetManagement_GetAssetByURL (0.00s)
=== RUN   TestAssetManagement_GetAssetByURL_Error
--- PASS: TestAssetManagement_GetAssetByURL_Error (0.00s)
=== RUN   TestNewAssetsService
--- PASS: TestNewAssetsService (0.00s)
=== RUN   TestAssetInsertion_Success
--- PASS: TestAssetInsertion_Success (0.00s)
=== RUN   TestAssetInsertion_DatabaseError
--- PASS: TestAssetInsertion_DatabaseError (0.00s)
=== RUN   TestAssetInsertion_MapStructError
--- PASS: TestAssetInsertion_MapStructError (0.00s)
=== RUN   TestGetBulkAssets_Success
--- PASS: TestGetBulkAssets_Success (0.00s)
=== RUN   TestGetBulkAssets_EmptyIDs
--- PASS: TestGetBulkAssets_EmptyIDs (0.00s)
=== RUN   TestGetBulkAssets_DatabaseError
--- PASS: TestGetBulkAssets_DatabaseError (0.00s)
=== RUN   TestAssetBulkInsertion_Success
--- PASS: TestAssetBulkInsertion_Success (0.00s)
=== RUN   TestAssetBulkInsertion_DatabaseError
--- PASS: TestAssetBulkInsertion_DatabaseError (0.00s)
=== RUN   TestAssetUpdate_Success
--- PASS: TestAssetUpdate_Success (0.00s)
=== RUN   TestAssetUpdate_EmptyPayload
--- PASS: TestAssetUpdate_EmptyPayload (0.00s)
=== RUN   TestAssetUpdate_DatabaseError
--- PASS: TestAssetUpdate_DatabaseError (0.00s)
=== RUN   TestGetAssetByID_Success
--- PASS: TestGetAssetByID_Success (0.00s)
=== RUN   TestGetAssetByID_NotFound
--- PASS: TestGetAssetByID_NotFound (0.00s)
=== RUN   TestGetAssetByID_DatabaseError
--- PASS: TestGetAssetByID_DatabaseError (0.00s)
=== RUN   TestDeleteAsset_Success
--- PASS: TestDeleteAsset_Success (0.00s)
=== RUN   TestDeleteAsset_DatabaseError
--- PASS: TestDeleteAsset_DatabaseError (0.00s)
=== RUN   TestGetAssetByURL_Success
--- PASS: TestGetAssetByURL_Success (0.00s)
=== RUN   TestGetAssetByURL_NotFound
--- PASS: TestGetAssetByURL_NotFound (0.00s)
=== RUN   TestGetAssetByURL_DatabaseError
--- PASS: TestGetAssetByURL_DatabaseError (0.00s)
PASS
coverage: [no statements]
ok  	github.com/aptlogica/sereni-base/tests/services/asset	7.582s	coverage: [no statements]
=== RUN   TestNewAuthManagementService
=== PAUSE TestNewAuthManagementService
=== RUN   TestAuthManagement_RegisterOwner_Success
=== PAUSE TestAuthManagement_RegisterOwner_Success
=== RUN   TestAuthManagement_RegisterOwner_UserExists
--- PASS: TestAuthManagement_RegisterOwner_UserExists (0.76s)
=== RUN   TestAuthManagement_Login_EmailNotVerified
--- PASS: TestAuthManagement_Login_EmailNotVerified (0.21s)
=== RUN   TestAuthManagement_Login_Verified
--- PASS: TestAuthManagement_Login_Verified (0.30s)
=== RUN   TestAuthManagement_Login_WithJWTServiceSync
--- PASS: TestAuthManagement_Login_WithJWTServiceSync (0.33s)
=== RUN   TestAuthManagement_Login_InvalidPassword
--- PASS: TestAuthManagement_Login_InvalidPassword (0.32s)
=== RUN   TestAuthManagement_VerifyEmail_InvalidOTP
--- PASS: TestAuthManagement_VerifyEmail_InvalidOTP (0.00s)
=== RUN   TestAuthManagement_VerifyEmail_Success
--- PASS: TestAuthManagement_VerifyEmail_Success (0.00s)
=== RUN   TestAuthManagement_ResendOTP
--- PASS: TestAuthManagement_ResendOTP (0.00s)
=== RUN   TestAuthManagement_ResendOTP_AlreadyVerified
--- PASS: TestAuthManagement_ResendOTP_AlreadyVerified (0.00s)
=== RUN   TestAuthManagement_RefreshToken_ValidateToken
--- PASS: TestAuthManagement_RefreshToken_ValidateToken (0.00s)
=== RUN   TestAuthManagement_ForgotPassword_Success
--- PASS: TestAuthManagement_ForgotPassword_Success (0.00s)
=== RUN   TestAuthManagement_ForgotPassword_Invalid
--- PASS: TestAuthManagement_ForgotPassword_Invalid (0.00s)
=== RUN   TestAuthManagement_ResetPassword
--- PASS: TestAuthManagement_ResetPassword (0.26s)
=== RUN   TestAuthManagement_ResetPassword_InvalidToken
--- PASS: TestAuthManagement_ResetPassword_InvalidToken (0.00s)
=== RUN   TestAuthManagement_ResetPassword_IssuedAtMismatch
--- PASS: TestAuthManagement_ResetPassword_IssuedAtMismatch (0.00s)
=== RUN   TestAuthManagement_AddUser_CoOwnerAndMember
--- PASS: TestAuthManagement_AddUser_CoOwnerAndMember (0.00s)
=== RUN   TestAuthManagement_AddUser_MembershipFlow
--- PASS: TestAuthManagement_AddUser_MembershipFlow (0.00s)
=== RUN   TestAuthManagement_EditUser_FullFlow
--- PASS: TestAuthManagement_EditUser_FullFlow (0.00s)
=== RUN   TestAuthManagement_RemoveUser_Activate_Deactivate
--- PASS: TestAuthManagement_RemoveUser_Activate_Deactivate (0.00s)
=== RUN   TestAuthManagement_DeactivateOwnerBlocked
--- PASS: TestAuthManagement_DeactivateOwnerBlocked (0.00s)
=== RUN   TestAuthManagement_RemoveUserFromWorkspace_Fallback
--- PASS: TestAuthManagement_RemoveUserFromWorkspace_Fallback (0.00s)
=== RUN   TestAuthManagement_RemoveUserFromWorkspace_Success
--- PASS: TestAuthManagement_RemoveUserFromWorkspace_Success (0.00s)
=== RUN   TestAuthManagement_RemoveUserFromWorkspace_TypeMismatch
--- PASS: TestAuthManagement_RemoveUserFromWorkspace_TypeMismatch (0.00s)
=== RUN   TestAuthManagement_RemoveUserFromBase_Flows
--- PASS: TestAuthManagement_RemoveUserFromBase_Flows (0.00s)
=== RUN   TestAuthManagement_RemoveUserFromBase_Empty
--- PASS: TestAuthManagement_RemoveUserFromBase_Empty (0.00s)
=== RUN   TestAuthManagement_GetMembersAndDeleteUserCompletely
--- PASS: TestAuthManagement_GetMembersAndDeleteUserCompletely (0.00s)
=== RUN   TestAuthManagement_GetUsersAndAssign
--- PASS: TestAuthManagement_GetUsersAndAssign (0.00s)
=== RUN   TestAuthManagement_FunctionQueriesAndRemoveAccess
--- PASS: TestAuthManagement_FunctionQueriesAndRemoveAccess (0.00s)
=== RUN   TestAuthManagement_BulkAddsAndUpdatePassword
--- PASS: TestAuthManagement_BulkAddsAndUpdatePassword (0.00s)
=== RUN   TestAuthManagement_Misc
--- PASS: TestAuthManagement_Misc (0.00s)
=== RUN   TestAuthManagement_RemoveUserFromBase_TypeMismatch
--- PASS: TestAuthManagement_RemoveUserFromBase_TypeMismatch (0.00s)
=== RUN   TestAuthManagement_WorkspaceMemberNotFound
--- PASS: TestAuthManagement_WorkspaceMemberNotFound (0.00s)
=== RUN   TestAuthManagement_RemoveAccessMember_Error
--- PASS: TestAuthManagement_RemoveAccessMember_Error (0.00s)
=== RUN   TestAuthManagement_GetWorkspaceBaseMembersWithRole_Error
--- PASS: TestAuthManagement_GetWorkspaceBaseMembersWithRole_Error (0.00s)
=== RUN   TestAuthManagement_RemoveUserCompletely_NotPending
--- PASS: TestAuthManagement_RemoveUserCompletely_NotPending (0.01s)
=== RUN   TestAuthManagement_RemoveUserFromWorkspace_EmptyRecords
--- PASS: TestAuthManagement_RemoveUserFromWorkspace_EmptyRecords (0.00s)
=== RUN   TestAuthManagement_RemoveUserFromBase_TableError
--- PASS: TestAuthManagement_RemoveUserFromBase_TableError (0.00s)
=== RUN   TestAuthManagement_ResetPassword_InvalidJWT
--- PASS: TestAuthManagement_ResetPassword_InvalidJWT (0.00s)
=== RUN   TestAuthManagement_UpdateUserPassword_Error
--- PASS: TestAuthManagement_UpdateUserPassword_Error (0.31s)
=== RUN   TestAuthManagement_Login_UserNotActive
--- PASS: TestAuthManagement_Login_UserNotActive (0.00s)
=== RUN   TestAuthManagement_RemoveUserFromWorkspace_DeleteError
--- PASS: TestAuthManagement_RemoveUserFromWorkspace_DeleteError (0.00s)
=== RUN   TestAuthManagement_AssignUserToWorkspace_Error
--- PASS: TestAuthManagement_AssignUserToWorkspace_Error (0.00s)
=== RUN   TestAuthManagement_GetUsersErrors
--- PASS: TestAuthManagement_GetUsersErrors (0.00s)
=== RUN   TestAuthManagement_RemoveUserFromBase_UserNotFound
--- PASS: TestAuthManagement_RemoveUserFromBase_UserNotFound (0.00s)
=== RUN   TestAuthManagement_RefreshTokenRequest
--- PASS: TestAuthManagement_RefreshTokenRequest (0.00s)
=== RUN   TestAuthManagement_ValidateToken_Error
--- PASS: TestAuthManagement_ValidateToken_Error (0.00s)
=== RUN   TestAuthManagement_GetUsersWithRole_EmptyRecord
--- PASS: TestAuthManagement_GetUsersWithRole_EmptyRecord (0.00s)
=== RUN   TestAuthManagement_GetBaseMembersWithRole_EmptyRecord
--- PASS: TestAuthManagement_GetBaseMembersWithRole_EmptyRecord (0.00s)
=== RUN   TestAuthManagement_RemoveUserFromBase_DeleteError
--- PASS: TestAuthManagement_RemoveUserFromBase_DeleteError (0.00s)
=== RUN   TestAuthManagement_RemoveUserFromWorkspace_UserNotFound
--- PASS: TestAuthManagement_RemoveUserFromWorkspace_UserNotFound (0.00s)
=== RUN   TestAuthManagement_RemoveUserFromWorkspace_WorkspaceNotFound
--- PASS: TestAuthManagement_RemoveUserFromWorkspace_WorkspaceNotFound (0.00s)
=== RUN   TestAuthManagement_RemoveUserCompletely_DeleteError
--- PASS: TestAuthManagement_RemoveUserCompletely_DeleteError (0.00s)
=== RUN   TestAuthManagement_RemoveUserCompletely_MappingError
--- PASS: TestAuthManagement_RemoveUserCompletely_MappingError (0.00s)
=== RUN   TestAuthManagement_UpdateUserPassword_InvalidTokenBranch
--- PASS: TestAuthManagement_UpdateUserPassword_InvalidTokenBranch (0.00s)
=== RUN   TestAuthManagement_GetUsersWithRole_AndGetActiveUsersForAssign_Error
--- PASS: TestAuthManagement_GetUsersWithRole_AndGetActiveUsersForAssign_Error (0.00s)
=== RUN   TestAuthManagement_CheckIfUserIsOwner_ErrorIgnored
--- PASS: TestAuthManagement_CheckIfUserIsOwner_ErrorIgnored (0.00s)
=== RUN   TestAuthManagement_RemoveUserFromBase_BaseTitleFallback
--- PASS: TestAuthManagement_RemoveUserFromBase_BaseTitleFallback (0.00s)
=== RUN   TestAuthManagement_InitializeOwner_ErrorOnUpdate
--- PASS: TestAuthManagement_InitializeOwner_ErrorOnUpdate (0.12s)
=== RUN   TestAuthManagement_RefreshToken_Empty
--- PASS: TestAuthManagement_RefreshToken_Empty (0.00s)
=== RUN   TestAuthManagement_SendOtpViaEmail_CalledThroughResend
--- PASS: TestAuthManagement_SendOtpViaEmail_CalledThroughResend (0.00s)
=== RUN   TestAuthManagement_Login_UserNotFound
--- PASS: TestAuthManagement_Login_UserNotFound (0.00s)
=== RUN   TestAuthManagement_Login_ErrorFromUserLookup
--- PASS: TestAuthManagement_Login_ErrorFromUserLookup (0.00s)
=== RUN   TestAuthManagement_VerifyEmail_TokenErrors
--- PASS: TestAuthManagement_VerifyEmail_TokenErrors (0.00s)
=== RUN   TestAuthManagement_ResendOTP_TokenErrors
--- PASS: TestAuthManagement_ResendOTP_TokenErrors (0.00s)
=== RUN   TestAuthManagement_GetWorkspaceMembersWithRole_LogError
--- PASS: TestAuthManagement_GetWorkspaceMembersWithRole_LogError (0.00s)
=== RUN   TestAuthManagement_GetBaseMembersWithRole_LogError
--- PASS: TestAuthManagement_GetBaseMembersWithRole_LogError (0.00s)
=== RUN   TestAuthManagement_RemoveUserFromWorkspace_UsesUuidID
--- PASS: TestAuthManagement_RemoveUserFromWorkspace_UsesUuidID (0.00s)
=== RUN   TestAuthManagement_RemoveUserFromBase_UsesUuidID
--- PASS: TestAuthManagement_RemoveUserFromBase_UsesUuidID (0.00s)
=== RUN   TestAuthManagement_GetActiveUsersForAssign_Error
--- PASS: TestAuthManagement_GetActiveUsersForAssign_Error (0.00s)
=== RUN   TestAuthManagement_VerifyToken_UsesValidateToken
--- PASS: TestAuthManagement_VerifyToken_UsesValidateToken (0.00s)
=== RUN   TestAuthManagement_RemoveUserFromBase_EmailTemplateFallback
--- PASS: TestAuthManagement_RemoveUserFromBase_EmailTemplateFallback (0.00s)
=== RUN   TestAuthManagement_RemoveUserFromWorkspace_EmailTemplateFallback
--- PASS: TestAuthManagement_RemoveUserFromWorkspace_EmailTemplateFallback (0.00s)
=== RUN   TestAuthManagement_VerifyEmail_UserLookupError
--- PASS: TestAuthManagement_VerifyEmail_UserLookupError (0.00s)
=== RUN   TestAuthManagement_ResendOTP_UserLookupError
--- PASS: TestAuthManagement_ResendOTP_UserLookupError (0.00s)
=== RUN   TestAuthManagement_ForgotPassword_UserNotFound
--- PASS: TestAuthManagement_ForgotPassword_UserNotFound (0.00s)
=== RUN   TestAuthManagement_ForgotPassword_PendingAndUnverified
--- PASS: TestAuthManagement_ForgotPassword_PendingAndUnverified (0.00s)
=== RUN   TestAuthManagement_GetUsersAndActiveUsers_ForAssign_Success
--- PASS: TestAuthManagement_GetUsersAndActiveUsers_ForAssign_Success (0.00s)
=== RUN   TestAuthManagement_GetWorkspaceMembersWithRole_EmptyMap
--- PASS: TestAuthManagement_GetWorkspaceMembersWithRole_EmptyMap (0.00s)
=== RUN   TestAuthManagement_GetBaseMembersWithRole_EmptyMap
--- PASS: TestAuthManagement_GetBaseMembersWithRole_EmptyMap (0.00s)
=== RUN   TestAuthManagement_DeleteUserCompletely_ErrorOnUserLookup
--- PASS: TestAuthManagement_DeleteUserCompletely_ErrorOnUserLookup (0.00s)
=== RUN   TestAuthManagement_GetBaseMembers_Error
--- PASS: TestAuthManagement_GetBaseMembers_Error (0.00s)
=== RUN   TestAuthManagement_GetWorkspaceMembers_Error
--- PASS: TestAuthManagement_GetWorkspaceMembers_Error (0.00s)
=== RUN   TestAuthManagement_GetBaseMembers_BulkUsersError
--- PASS: TestAuthManagement_GetBaseMembers_BulkUsersError (0.00s)
=== RUN   TestAuthManagement_GetWorkspaceMembers_BulkUsersError
--- PASS: TestAuthManagement_GetWorkspaceMembers_BulkUsersError (0.00s)
=== RUN   TestAuthManagement_GetBaseMembers_MapError
--- PASS: TestAuthManagement_GetBaseMembers_MapError (0.00s)
=== RUN   TestAuthManagement_GetWorkspaceMembers_MapError
--- PASS: TestAuthManagement_GetWorkspaceMembers_MapError (0.00s)
=== RUN   TestAuthManagement_GetWorkspaceMembersWithRole_RecordWarn
--- PASS: TestAuthManagement_GetWorkspaceMembersWithRole_RecordWarn (0.00s)
=== RUN   TestAuthManagement_GetBaseMembersWithRole_RecordWarn
--- PASS: TestAuthManagement_GetBaseMembersWithRole_RecordWarn (0.00s)
=== RUN   TestAuthManagement_AddUser_EmailAlreadyExists
--- PASS: TestAuthManagement_AddUser_EmailAlreadyExists (0.00s)
=== RUN   TestAuthManagement_AddUser_EmailLookupError
--- PASS: TestAuthManagement_AddUser_EmailLookupError (0.00s)
=== RUN   TestAuthManagement_AddUser_CreateUserError
--- PASS: TestAuthManagement_AddUser_CreateUserError (0.00s)
=== RUN   TestAuthManagement_AddUser_HandleProfilePictureError
--- PASS: TestAuthManagement_AddUser_HandleProfilePictureError (0.00s)
=== RUN   TestAuthManagement_AddUser_GenerateInvitationError
--- PASS: TestAuthManagement_AddUser_GenerateInvitationError (0.00s)
=== RUN   TestAuthManagement_AddUser_MembershipError
--- PASS: TestAuthManagement_AddUser_MembershipError (0.00s)
=== RUN   TestAuthManagement_AddUser_CoOwnerRoleError
--- PASS: TestAuthManagement_AddUser_CoOwnerRoleError (0.00s)
=== RUN   TestAuthManagement_EditUser_NotFound
--- PASS: TestAuthManagement_EditUser_NotFound (0.00s)
=== RUN   TestAuthManagement_EditUser_UpdateNamesError
--- PASS: TestAuthManagement_EditUser_UpdateNamesError (0.00s)
=== RUN   TestAuthManagement_EditUser_UpdateAvatarError
--- PASS: TestAuthManagement_EditUser_UpdateAvatarError (0.00s)
=== RUN   TestAuthManagement_EditUser_CoOwnerPromote
--- PASS: TestAuthManagement_EditUser_CoOwnerPromote (0.00s)
=== RUN   TestAuthManagement_EditUser_CoOwnerPromote_WithMemberships
--- PASS: TestAuthManagement_EditUser_CoOwnerPromote_WithMemberships (0.00s)
=== RUN   TestAuthManagement_EditUser_CoOwnerPromote_Error
--- PASS: TestAuthManagement_EditUser_CoOwnerPromote_Error (0.00s)
=== RUN   TestAuthManagement_EditUser_CoOwnerDemote
--- PASS: TestAuthManagement_EditUser_CoOwnerDemote (0.00s)
=== RUN   TestAuthManagement_EditUser_CoOwnerDemote_NoMemberships
--- PASS: TestAuthManagement_EditUser_CoOwnerDemote_NoMemberships (0.00s)
=== RUN   TestAuthManagement_EditUser_IsCoOwner_Nil_UpdateMemberships
--- PASS: TestAuthManagement_EditUser_IsCoOwner_Nil_UpdateMemberships (0.00s)
=== RUN   TestAuthManagement_EditUser_UpdateMembershipsError
--- PASS: TestAuthManagement_EditUser_UpdateMembershipsError (0.00s)
=== RUN   TestAuthManagement_EditUser_BuildUpdatedUserResponseError
--- PASS: TestAuthManagement_EditUser_BuildUpdatedUserResponseError (0.00s)
=== RUN   TestAuthManagement_BulkAddMembers_ErrorMessages
--- PASS: TestAuthManagement_BulkAddMembers_ErrorMessages (0.00s)
=== RUN   TestAuthManagement_BulkAddBaseMembers_ErrorMessages
--- PASS: TestAuthManagement_BulkAddBaseMembers_ErrorMessages (0.00s)
=== RUN   TestAuthManagement_ResetPassword_UpdateUserPasswordError
--- PASS: TestAuthManagement_ResetPassword_UpdateUserPasswordError (0.11s)
=== RUN   TestAuthManagement_GetUsersWithRole_FunctionName
--- PASS: TestAuthManagement_GetUsersWithRole_FunctionName (0.00s)
=== RUN   TestAuthManagement_GetBaseMembersWithRole_FunctionName
--- PASS: TestAuthManagement_GetBaseMembersWithRole_FunctionName (0.00s)
=== RUN   TestAuthManagement_GetUsers_ActiveUsersWithRole_Error
--- PASS: TestAuthManagement_GetUsers_ActiveUsersWithRole_Error (0.00s)
=== RUN   TestAuthManagement_RemoveUserFromWorkspace_UnexpectedIDType
--- PASS: TestAuthManagement_RemoveUserFromWorkspace_UnexpectedIDType (0.00s)
=== RUN   TestAuthManagement_RemoveUserFromBase_UnexpectedIDType
--- PASS: TestAuthManagement_RemoveUserFromBase_UnexpectedIDType (0.00s)
=== RUN   TestAuthManagement_ValidateToken_Success
--- PASS: TestAuthManagement_ValidateToken_Success (0.00s)
=== RUN   TestAuthManagement_RefreshToken_Error
--- PASS: TestAuthManagement_RefreshToken_Error (0.00s)
=== RUN   TestAuthManagement_RemoveUserFromWorkspace_EmailTemplateSet
--- PASS: TestAuthManagement_RemoveUserFromWorkspace_EmailTemplateSet (0.00s)
=== RUN   TestAuthManagement_RemoveUserFromBase_EmailTemplateSet
--- PASS: TestAuthManagement_RemoveUserFromBase_EmailTemplateSet (0.00s)
=== RUN   TestAuthManagement_ParseRoleData_StringValue
--- PASS: TestAuthManagement_ParseRoleData_StringValue (0.00s)
=== RUN   TestAuthManagement_ParseRoleData_MapValue
--- PASS: TestAuthManagement_ParseRoleData_MapValue (0.00s)
=== RUN   TestAuthManagement_IsOwnerRole_MatchesOwner
--- PASS: TestAuthManagement_IsOwnerRole_MatchesOwner (0.00s)
=== RUN   TestAuthManagement_IsOwnerRole_DoesNotMatchOwner
--- PASS: TestAuthManagement_IsOwnerRole_DoesNotMatchOwner (0.00s)
=== RUN   TestAuthManagement_ParseRoleData_InvalidJSON
--- PASS: TestAuthManagement_ParseRoleData_InvalidJSON (0.00s)
=== RUN   TestAuthManagement_IsOwnerRole_EmptyRoleName
--- PASS: TestAuthManagement_IsOwnerRole_EmptyRoleName (0.00s)
=== RUN   TestUMNewUserManagementService
--- PASS: TestUMNewUserManagementService (0.00s)
=== RUN   TestUMGetUserProfileByIDSuccess
--- PASS: TestUMGetUserProfileByIDSuccess (0.00s)
=== RUN   TestUMGetUserProfileByIDUserNotFound
--- PASS: TestUMGetUserProfileByIDUserNotFound (0.00s)
=== RUN   TestUMUpdateUserProfileSuccess
--- PASS: TestUMUpdateUserProfileSuccess (0.01s)
=== RUN   TestUMUpdateUserProfileEmptyFields
--- PASS: TestUMUpdateUserProfileEmptyFields (0.00s)
=== RUN   TestUMAddAvatarInvalidExtension
--- PASS: TestUMAddAvatarInvalidExtension (0.00s)
=== RUN   TestUMAddAvatarSuccess
--- PASS: TestUMAddAvatarSuccess (0.00s)
=== RUN   TestUMAddAvatarDeletesExisting
--- PASS: TestUMAddAvatarDeletesExisting (0.00s)
=== RUN   TestUMGetWorkspacesOwner
--- PASS: TestUMGetWorkspacesOwner (0.00s)
=== RUN   TestUMGetWorkspacesNonOwner
--- PASS: TestUMGetWorkspacesNonOwner (0.00s)
=== RUN   TestUMGetWorkspacesNoAccessMembers
--- PASS: TestUMGetWorkspacesNoAccessMembers (0.00s)
=== RUN   TestUMGetUserAccessDetailsOwnerBases
--- PASS: TestUMGetUserAccessDetailsOwnerBases (0.00s)
=== RUN   TestUMGetUserAccessDetailsWorkspaceMemberNotFound
--- PASS: TestUMGetUserAccessDetailsWorkspaceMemberNotFound (0.00s)
=== RUN   TestUMGetUserAccessDetailsFilterNoMatch
--- PASS: TestUMGetUserAccessDetailsFilterNoMatch (0.00s)
=== RUN   TestUMGetUserRolesAndAccessBuildsMap
--- PASS: TestUMGetUserRolesAndAccessBuildsMap (0.00s)
=== RUN   TestUMGetUserRolesAndAccessScopeFilterNoMatch
--- PASS: TestUMGetUserRolesAndAccessScopeFilterNoMatch (0.00s)
=== RUN   TestUMGetUserRolesAndAccessBaseOnlyCreatesWorkspace
--- PASS: TestUMGetUserRolesAndAccessBaseOnlyCreatesWorkspace (0.00s)
=== RUN   TestUMGetUserRolesAndAccessInvalidRoleID
--- PASS: TestUMGetUserRolesAndAccessInvalidRoleID (0.00s)
=== RUN   TestUMUpdatePasswordSuccess
--- PASS: TestUMUpdatePasswordSuccess (5.14s)
=== RUN   TestUMUpdatePasswordSamePassword
--- PASS: TestUMUpdatePasswordSamePassword (0.00s)
=== RUN   TestUMUpdatePasswordInvalidOldPassword
--- PASS: TestUMUpdatePasswordInvalidOldPassword (4.57s)
=== RUN   TestUMRemoveAvatarSuccess
--- PASS: TestUMRemoveAvatarSuccess (0.00s)
=== RUN   TestUMRemoveAvatarNoExistingAvatar
--- PASS: TestUMRemoveAvatarNoExistingAvatar (0.00s)
=== RUN   TestUMGetUserByEmailSuccess
--- PASS: TestUMGetUserByEmailSuccess (0.00s)
=== RUN   TestUMCreateUserSuccess
--- PASS: TestUMCreateUserSuccess (0.00s)
=== RUN   TestUMUpdateUserSuccess
--- PASS: TestUMUpdateUserSuccess (0.00s)
=== RUN   TestUMGetUserByIDSuccess
--- PASS: TestUMGetUserByIDSuccess (0.00s)
=== RUN   TestUMGetAllUsersSuccess
--- PASS: TestUMGetAllUsersSuccess (0.00s)
=== RUN   TestUMGetBulkUsersSuccess
--- PASS: TestUMGetBulkUsersSuccess (0.00s)
=== RUN   TestUMDeleteUserCompletelySuccess
--- PASS: TestUMDeleteUserCompletelySuccess (0.00s)
=== RUN   TestUMGetUsersWithRoleSuccess
--- PASS: TestUMGetUsersWithRoleSuccess (0.00s)
=== RUN   TestUMGetUsersWithRoleDatabaseError
--- PASS: TestUMGetUsersWithRoleDatabaseError (0.00s)
=== RUN   TestUMGetActiveUsersForAssignSuccess
--- PASS: TestUMGetActiveUsersForAssignSuccess (0.00s)
=== RUN   TestUMGetActiveUsersForAssignEmpty
--- PASS: TestUMGetActiveUsersForAssignEmpty (0.00s)
=== RUN   TestUMAddAvatarNilFileHeader
--- PASS: TestUMAddAvatarNilFileHeader (0.00s)
=== RUN   TestUMAddAvatarUploadError
--- PASS: TestUMAddAvatarUploadError (0.00s)
=== RUN   TestUMAddAvatarEmptyAssetList
--- PASS: TestUMAddAvatarEmptyAssetList (0.00s)
=== RUN   TestUMDeleteAvatarGetAssetError
--- PASS: TestUMDeleteAvatarGetAssetError (0.00s)
=== RUN   TestUMGetWorkspacesGetBulkError
--- PASS: TestUMGetWorkspacesGetBulkError (0.00s)
=== RUN   TestUMGetWorkspacesOwnerGetAllError
--- PASS: TestUMGetWorkspacesOwnerGetAllError (0.00s)
=== RUN   TestUMGetUserAccessDetailsGetWorkspacesError
--- PASS: TestUMGetUserAccessDetailsGetWorkspacesError (0.00s)
=== RUN   TestUMGetUserAccessDetailsGetBasesError
--- PASS: TestUMGetUserAccessDetailsGetBasesError (0.00s)
=== RUN   TestUMGetUserRolesAndAccessGetWorkspaceError
--- PASS: TestUMGetUserRolesAndAccessGetWorkspaceError (0.00s)
=== RUN   TestUMUpdatePasswordHashError
--- PASS: TestUMUpdatePasswordHashError (9.02s)
=== RUN   TestNewUserResetTokenService
--- PASS: TestNewUserResetTokenService (0.00s)
=== RUN   TestCreateUserResetToken_Success_NoExisting
--- PASS: TestCreateUserResetToken_Success_NoExisting (0.00s)
=== RUN   TestCreateUserResetToken_Success_WithExisting
--- PASS: TestCreateUserResetToken_Success_WithExisting (0.00s)
=== RUN   TestCreateUserResetToken_GetExisting_DatabaseError
--- PASS: TestCreateUserResetToken_GetExisting_DatabaseError (0.00s)
=== RUN   TestCreateUserResetToken_DeleteExisting_MissingID
--- PASS: TestCreateUserResetToken_DeleteExisting_MissingID (0.00s)
=== RUN   TestCreateUserResetToken_DeleteExisting_DatabaseError
--- PASS: TestCreateUserResetToken_DeleteExisting_DatabaseError (0.00s)
=== RUN   TestCreateUserResetToken_CreateRecord_DatabaseError
--- PASS: TestCreateUserResetToken_CreateRecord_DatabaseError (0.00s)
=== RUN   TestCreateUserResetToken_MapStructError
--- PASS: TestCreateUserResetToken_MapStructError (0.00s)
=== RUN   TestGetUserResetToken_Success
--- PASS: TestGetUserResetToken_Success (0.00s)
=== RUN   TestGetUserResetToken_NotFound
--- PASS: TestGetUserResetToken_NotFound (0.00s)
=== RUN   TestGetUserResetToken_DatabaseError
--- PASS: TestGetUserResetToken_DatabaseError (0.00s)
=== RUN   TestGetUserResetToken_MapStructError
--- PASS: TestGetUserResetToken_MapStructError (0.00s)
=== RUN   TestDeleteTokensByUserId_Success_WithRecords
--- PASS: TestDeleteTokensByUserId_Success_WithRecords (0.00s)
=== RUN   TestDeleteTokensByUserId_Success_NoRecords
--- PASS: TestDeleteTokensByUserId_Success_NoRecords (0.00s)
=== RUN   TestDeleteTokensByUserId_GetRecords_DatabaseError
--- PASS: TestDeleteTokensByUserId_GetRecords_DatabaseError (0.01s)
=== RUN   TestDeleteTokensByUserId_MissingID
--- PASS: TestDeleteTokensByUserId_MissingID (0.00s)
=== RUN   TestDeleteTokensByUserId_DeleteRecord_DatabaseError
--- PASS: TestDeleteTokensByUserId_DeleteRecord_DatabaseError (0.00s)
=== RUN   TestNewUserService
--- PASS: TestNewUserService (0.00s)
=== RUN   TestCreateUser_Success
--- PASS: TestCreateUser_Success (0.00s)
=== RUN   TestCreateUser_DatabaseError
--- PASS: TestCreateUser_DatabaseError (0.00s)
=== RUN   TestCreateUser_MapStructError
--- PASS: TestCreateUser_MapStructError (0.00s)
=== RUN   TestGetUserByEmail_Success
Retrieved user by email test@example.com: {ID:03e2a284-ae7a-4de2-b4ac-a457edf9b3c6 Email:test@example.com Password:hashedpassword FirstName:John LastName:Doe DisplayName:John Doe Avatar: ActivityData:map[] AuthProvider: ExternalID:00000000-0000-0000-0000-000000000000 MFAEnabled:false MFASecret: EmailVerified:true Phone: PhoneVerified:false Status:active LastLoginAt:<nil> LastActiveAt:<nil> Timezone: Locale: FailedLoginAttempts:0 LockedUntil:<nil> PasswordChangedAt:<nil> Roles: DateOfBirth: Country: CreatedAt:2026-03-20 14:44:24.2625839 +0530 IST UpdatedAt:2026-03-20 14:44:24.2625839 +0530 IST DeletedAt:<nil> IsDeleted:false}
--- PASS: TestGetUserByEmail_Success (0.00s)
=== RUN   TestGetUserByEmail_NotFound
--- PASS: TestGetUserByEmail_NotFound (0.00s)
=== RUN   TestGetUserByEmail_DatabaseError
--- PASS: TestGetUserByEmail_DatabaseError (0.00s)
=== RUN   TestGetUserByID_Success
--- PASS: TestGetUserByID_Success (0.00s)
=== RUN   TestGetUserByID_NotFound
--- PASS: TestGetUserByID_NotFound (0.00s)
=== RUN   TestGetUserByID_DatabaseError
--- PASS: TestGetUserByID_DatabaseError (0.00s)
=== RUN   TestUpdateUser_Success
--- PASS: TestUpdateUser_Success (0.00s)
=== RUN   TestUpdateUser_DatabaseError
--- PASS: TestUpdateUser_DatabaseError (0.00s)
=== RUN   TestUpdateUser_MapStructError
--- PASS: TestUpdateUser_MapStructError (0.00s)
=== RUN   TestGetAllUsers_Success
--- PASS: TestGetAllUsers_Success (0.00s)
=== RUN   TestGetAllUsers_Empty
--- PASS: TestGetAllUsers_Empty (0.00s)
=== RUN   TestGetAllUsers_DatabaseError
--- PASS: TestGetAllUsers_DatabaseError (0.00s)
=== RUN   TestGetBulkUsers_Success
--- PASS: TestGetBulkUsers_Success (0.00s)
=== RUN   TestGetBulkUsers_EmptyIDs
--- PASS: TestGetBulkUsers_EmptyIDs (0.00s)
=== RUN   TestGetBulkUsers_Empty
--- PASS: TestGetBulkUsers_Empty (0.00s)
=== RUN   TestGetBulkUsers_DatabaseError
--- PASS: TestGetBulkUsers_DatabaseError (0.00s)
=== RUN   TestDeleteUser_Success
--- PASS: TestDeleteUser_Success (0.00s)
=== RUN   TestDeleteUser_DatabaseError
--- PASS: TestDeleteUser_DatabaseError (0.00s)
=== RUN   TestCreateUser_WithCustomID
--- PASS: TestCreateUser_WithCustomID (0.00s)
=== RUN   TestGetUserByEmail_MapStructError
--- PASS: TestGetUserByEmail_MapStructError (0.00s)
=== RUN   TestGetUserByID_MapStructError
--- PASS: TestGetUserByID_MapStructError (0.00s)
=== RUN   TestUpdateUser_WithDateOfBirth
--- PASS: TestUpdateUser_WithDateOfBirth (0.00s)
=== RUN   TestUpdateUser_InvalidDateOfBirth
--- PASS: TestUpdateUser_InvalidDateOfBirth (0.00s)
=== RUN   TestGetAllUsers_MapStructError
--- PASS: TestGetAllUsers_MapStructError (0.00s)
=== RUN   TestGetBulkUsers_MapStructError
--- PASS: TestGetBulkUsers_MapStructError (0.00s)
=== CONT  TestAuthManagement_RegisterOwner_Success
=== CONT  TestNewAuthManagementService
--- PASS: TestNewAuthManagementService (0.00s)
--- PASS: TestAuthManagement_RegisterOwner_Success (0.20s)
PASS
coverage: [no statements]
ok  	github.com/aptlogica/sereni-base/tests/services/auth	27.987s	coverage: [no statements]
=== RUN   TestNewBaseManagementService
--- PASS: TestNewBaseManagementService (0.00s)
=== RUN   TestBaseManagementService_CreateBase
=== RUN   TestBaseManagementService_CreateBase/success_with_default_table
=== RUN   TestBaseManagementService_CreateBase/base_insertion_error
=== RUN   TestBaseManagementService_CreateBase/table_creation_error
=== RUN   TestBaseManagementService_CreateBase/invalid_workspace_id
--- PASS: TestBaseManagementService_CreateBase (0.01s)
    --- PASS: TestBaseManagementService_CreateBase/success_with_default_table (0.01s)
    --- PASS: TestBaseManagementService_CreateBase/base_insertion_error (0.00s)
    --- PASS: TestBaseManagementService_CreateBase/table_creation_error (0.00s)
    --- PASS: TestBaseManagementService_CreateBase/invalid_workspace_id (0.00s)
=== RUN   TestBaseManagementService_CreateBaseWithoutTable
=== RUN   TestBaseManagementService_CreateBaseWithoutTable/success_without_default_table
=== RUN   TestBaseManagementService_CreateBaseWithoutTable/base_insertion_error
=== RUN   TestBaseManagementService_CreateBaseWithoutTable/invalid_workspace_id
--- PASS: TestBaseManagementService_CreateBaseWithoutTable (0.00s)
    --- PASS: TestBaseManagementService_CreateBaseWithoutTable/success_without_default_table (0.00s)
    --- PASS: TestBaseManagementService_CreateBaseWithoutTable/base_insertion_error (0.00s)
    --- PASS: TestBaseManagementService_CreateBaseWithoutTable/invalid_workspace_id (0.00s)
=== RUN   TestCreateBaseWithImage
=== RUN   TestCreateBaseWithImage/no_file
=== RUN   TestCreateBaseWithImage/invalid_extension
=== RUN   TestCreateBaseWithImage/upload_error
=== RUN   TestCreateBaseWithImage/update_error
=== RUN   TestCreateBaseWithImage/success
--- PASS: TestCreateBaseWithImage (0.01s)
    --- PASS: TestCreateBaseWithImage/no_file (0.00s)
    --- PASS: TestCreateBaseWithImage/invalid_extension (0.00s)
    --- PASS: TestCreateBaseWithImage/upload_error (0.00s)
    --- PASS: TestCreateBaseWithImage/update_error (0.00s)
    --- PASS: TestCreateBaseWithImage/success (0.01s)
=== RUN   TestGetBaseByID_Proxy
--- PASS: TestGetBaseByID_Proxy (0.00s)
=== RUN   TestGetAllBasesWithAccess
=== RUN   TestGetAllBasesWithAccess/wildcard
=== RUN   TestGetAllBasesWithAccess/explicit_ids
--- PASS: TestGetAllBasesWithAccess (0.00s)
    --- PASS: TestGetAllBasesWithAccess/wildcard (0.00s)
    --- PASS: TestGetAllBasesWithAccess/explicit_ids (0.00s)
=== RUN   TestUpdateBase_ProxyAndDefaultUser
--- PASS: TestUpdateBase_ProxyAndDefaultUser (0.11s)
=== RUN   TestDeleteBase_Proxy
--- PASS: TestDeleteBase_Proxy (0.00s)
=== RUN   TestGetTablesByBaseId
=== RUN   TestGetTablesByBaseId/model_service_error
=== RUN   TestGetTablesByBaseId/success
--- PASS: TestGetTablesByBaseId (0.01s)
    --- PASS: TestGetTablesByBaseId/model_service_error (0.00s)
    --- PASS: TestGetTablesByBaseId/success (0.00s)
=== RUN   TestGetBasesByWorkspace_Proxy
--- PASS: TestGetBasesByWorkspace_Proxy (0.00s)
=== RUN   TestAddBaseImage
=== RUN   TestAddBaseImage/delete_error
=== RUN   TestAddBaseImage/delete_existing_image_error
=== RUN   TestAddBaseImage/nil_file
=== RUN   TestAddBaseImage/invalid_extension
=== RUN   TestAddBaseImage/upload_error
=== RUN   TestAddBaseImage/get_asset_error_ignored
=== RUN   TestAddBaseImage/update_error
=== RUN   TestAddBaseImage/success
--- PASS: TestAddBaseImage (0.01s)
    --- PASS: TestAddBaseImage/delete_error (0.00s)
    --- PASS: TestAddBaseImage/delete_existing_image_error (0.00s)
    --- PASS: TestAddBaseImage/nil_file (0.00s)
    --- PASS: TestAddBaseImage/invalid_extension (0.00s)
    --- PASS: TestAddBaseImage/upload_error (0.00s)
    --- PASS: TestAddBaseImage/get_asset_error_ignored (0.00s)
    --- PASS: TestAddBaseImage/update_error (0.00s)
    --- PASS: TestAddBaseImage/success (0.00s)
=== RUN   TestRemoveBaseImage
=== RUN   TestRemoveBaseImage/delete_error
=== RUN   TestRemoveBaseImage/delete_existing_image_success
=== RUN   TestRemoveBaseImage/update_error
=== RUN   TestRemoveBaseImage/success
--- PASS: TestRemoveBaseImage (0.00s)
    --- PASS: TestRemoveBaseImage/delete_error (0.00s)
    --- PASS: TestRemoveBaseImage/delete_existing_image_success (0.00s)
    --- PASS: TestRemoveBaseImage/update_error (0.00s)
    --- PASS: TestRemoveBaseImage/success (0.00s)
=== RUN   TestRemoveUserFromBase
=== RUN   TestRemoveUserFromBase/get_data_error
=== RUN   TestRemoveUserFromBase/no_records
=== RUN   TestRemoveUserFromBase/success
=== RUN   TestRemoveUserFromBase/delete_error
--- PASS: TestRemoveUserFromBase (0.00s)
    --- PASS: TestRemoveUserFromBase/get_data_error (0.00s)
    --- PASS: TestRemoveUserFromBase/no_records (0.00s)
    --- PASS: TestRemoveUserFromBase/success (0.00s)
    --- PASS: TestRemoveUserFromBase/delete_error (0.00s)
=== RUN   TestNewBaseService
--- PASS: TestNewBaseService (0.00s)
=== RUN   TestBaseInsertion_DefaultsAndSuccess
--- PASS: TestBaseInsertion_DefaultsAndSuccess (0.00s)
=== RUN   TestBaseInsertion_CreateRecordError
--- PASS: TestBaseInsertion_CreateRecordError (0.00s)
=== RUN   TestBaseInsertion_MapToStructError
--- PASS: TestBaseInsertion_MapToStructError (0.00s)
=== RUN   TestCreateBase
=== RUN   TestCreateBase/error
=== RUN   TestCreateBase/success
--- PASS: TestCreateBase (0.00s)
    --- PASS: TestCreateBase/error (0.00s)
    --- PASS: TestCreateBase/success (0.00s)
=== RUN   TestGetBaseByID
=== RUN   TestGetBaseByID/empty_id
=== RUN   TestGetBaseByID/fetch_error
=== RUN   TestGetBaseByID/not_found
=== RUN   TestGetBaseByID/success
--- PASS: TestGetBaseByID (0.00s)
    --- PASS: TestGetBaseByID/empty_id (0.00s)
    --- PASS: TestGetBaseByID/fetch_error (0.00s)
    --- PASS: TestGetBaseByID/not_found (0.00s)
    --- PASS: TestGetBaseByID/success (0.00s)
=== RUN   TestGetAllBases
--- PASS: TestGetAllBases (0.00s)
=== RUN   TestFetchBases_MapToStructError
--- PASS: TestFetchBases_MapToStructError (0.00s)
=== RUN   TestUpdateBase
=== RUN   TestUpdateBase/get_base_error
=== RUN   TestUpdateBase/update_record_error
=== RUN   TestUpdateBase/update_record_empty
=== RUN   TestUpdateBase/success
--- PASS: TestUpdateBase (0.00s)
    --- PASS: TestUpdateBase/get_base_error (0.00s)
    --- PASS: TestUpdateBase/update_record_error (0.00s)
    --- PASS: TestUpdateBase/update_record_empty (0.00s)
    --- PASS: TestUpdateBase/success (0.00s)
=== RUN   TestDeleteBase
=== RUN   TestDeleteBase/get_base_error
=== RUN   TestDeleteBase/delete_error
=== RUN   TestDeleteBase/success
--- PASS: TestDeleteBase (0.00s)
    --- PASS: TestDeleteBase/get_base_error (0.00s)
    --- PASS: TestDeleteBase/delete_error (0.00s)
    --- PASS: TestDeleteBase/success (0.00s)
=== RUN   TestGetBasesByWorkspace
=== RUN   TestGetBasesByWorkspace/error
=== RUN   TestGetBasesByWorkspace/success
--- PASS: TestGetBasesByWorkspace (0.00s)
    --- PASS: TestGetBasesByWorkspace/error (0.00s)
    --- PASS: TestGetBasesByWorkspace/success (0.00s)
=== RUN   TestGetBulkbases
=== RUN   TestGetBulkbases/empty_ids
=== RUN   TestGetBulkbases/error
=== RUN   TestGetBulkbases/empty_rows
=== RUN   TestGetBulkbases/map_to_struct_error
=== RUN   TestGetBulkbases/success
--- PASS: TestGetBulkbases (0.00s)
    --- PASS: TestGetBulkbases/empty_ids (0.00s)
    --- PASS: TestGetBulkbases/error (0.00s)
    --- PASS: TestGetBulkbases/empty_rows (0.00s)
    --- PASS: TestGetBulkbases/map_to_struct_error (0.00s)
    --- PASS: TestGetBulkbases/success (0.00s)
PASS
coverage: [no statements]
ok  	github.com/aptlogica/sereni-base/tests/services/base	4.390s	coverage: [no statements]
=== RUN   TestGetSingleRecord
=== RUN   TestGetSingleRecord/Success_-_Single_record_fetched_and_mapped
=== RUN   TestGetSingleRecord/Error_-_Service_returns_error
=== RUN   TestGetSingleRecord/Error_-_MapToStruct_fails
--- PASS: TestGetSingleRecord (0.00s)
    --- PASS: TestGetSingleRecord/Success_-_Single_record_fetched_and_mapped (0.00s)
    --- PASS: TestGetSingleRecord/Error_-_Service_returns_error (0.00s)
    --- PASS: TestGetSingleRecord/Error_-_MapToStruct_fails (0.00s)
=== RUN   TestGetSingleRecordWithRepo
=== RUN   TestGetSingleRecordWithRepo/Success_-_Single_record_fetched_from_repo
=== RUN   TestGetSingleRecordWithRepo/Error_-_Database_error
=== RUN   TestGetSingleRecordWithRepo/Error_-_No_records_found
=== RUN   TestGetSingleRecordWithRepo/Error_-_MapToStruct_fails
--- PASS: TestGetSingleRecordWithRepo (0.00s)
    --- PASS: TestGetSingleRecordWithRepo/Success_-_Single_record_fetched_from_repo (0.00s)
    --- PASS: TestGetSingleRecordWithRepo/Error_-_Database_error (0.00s)
    --- PASS: TestGetSingleRecordWithRepo/Error_-_No_records_found (0.00s)
    --- PASS: TestGetSingleRecordWithRepo/Error_-_MapToStruct_fails (0.00s)
=== RUN   TestListRecords
=== RUN   TestListRecords/Success_-_Multiple_records_fetched_and_mapped
=== RUN   TestListRecords/Success_-_Empty_list
=== RUN   TestListRecords/Error_-_Service_returns_error
=== RUN   TestListRecords/Error_-_MapToStruct_fails_for_one_record
--- PASS: TestListRecords (0.01s)
    --- PASS: TestListRecords/Success_-_Multiple_records_fetched_and_mapped (0.00s)
    --- PASS: TestListRecords/Success_-_Empty_list (0.00s)
    --- PASS: TestListRecords/Error_-_Service_returns_error (0.00s)
    --- PASS: TestListRecords/Error_-_MapToStruct_fails_for_one_record (0.00s)
=== RUN   TestListRecordsWithRepo
=== RUN   TestListRecordsWithRepo/Success_-_Multiple_records_from_repo
=== RUN   TestListRecordsWithRepo/Success_-_Empty_result
=== RUN   TestListRecordsWithRepo/Error_-_Database_error
=== RUN   TestListRecordsWithRepo/Error_-_MapToStruct_fails
--- PASS: TestListRecordsWithRepo (0.01s)
    --- PASS: TestListRecordsWithRepo/Success_-_Multiple_records_from_repo (0.00s)
    --- PASS: TestListRecordsWithRepo/Success_-_Empty_result (0.01s)
    --- PASS: TestListRecordsWithRepo/Error_-_Database_error (0.00s)
    --- PASS: TestListRecordsWithRepo/Error_-_MapToStruct_fails (0.00s)
=== RUN   TestCountRecords
=== RUN   TestCountRecords/Success_-_Count_returned
=== RUN   TestCountRecords/Error_-_Service_returns_error
--- PASS: TestCountRecords (0.00s)
    --- PASS: TestCountRecords/Success_-_Count_returned (0.00s)
    --- PASS: TestCountRecords/Error_-_Service_returns_error (0.00s)
=== RUN   TestCountRecordsWithRepo
=== RUN   TestCountRecordsWithRepo/Success_-_Count_from_repo
=== RUN   TestCountRecordsWithRepo/Success_-_Empty_count_result_returns_0
=== RUN   TestCountRecordsWithRepo/Success_-_Count_result_without_total_field_returns_0
=== RUN   TestCountRecordsWithRepo/Error_-_Database_error
--- PASS: TestCountRecordsWithRepo (0.00s)
    --- PASS: TestCountRecordsWithRepo/Success_-_Count_from_repo (0.00s)
    --- PASS: TestCountRecordsWithRepo/Success_-_Empty_count_result_returns_0 (0.00s)
    --- PASS: TestCountRecordsWithRepo/Success_-_Count_result_without_total_field_returns_0 (0.00s)
    --- PASS: TestCountRecordsWithRepo/Error_-_Database_error (0.00s)
=== RUN   TestCreateSingleFilterQuery
=== RUN   TestCreateSingleFilterQuery/Create_single_filter_query
=== RUN   TestCreateSingleFilterQuery/Create_filter_query_with_different_operator
--- PASS: TestCreateSingleFilterQuery (0.00s)
    --- PASS: TestCreateSingleFilterQuery/Create_single_filter_query (0.00s)
    --- PASS: TestCreateSingleFilterQuery/Create_filter_query_with_different_operator (0.00s)
=== RUN   TestAddFilter
=== RUN   TestAddFilter/Add_filter_when_value_is_not_empty
=== RUN   TestAddFilter/Do_not_add_filter_when_value_is_empty
=== RUN   TestAddFilter/Add_multiple_filters
--- PASS: TestAddFilter (0.00s)
    --- PASS: TestAddFilter/Add_filter_when_value_is_not_empty (0.00s)
    --- PASS: TestAddFilter/Do_not_add_filter_when_value_is_empty (0.00s)
    --- PASS: TestAddFilter/Add_multiple_filters (0.00s)
=== RUN   TestCreateMultiFilterQuery
=== RUN   TestCreateMultiFilterQuery/Create_multi_filter_query_with_limit_and_offset
=== RUN   TestCreateMultiFilterQuery/Create_multi_filter_query_without_limit_and_offset
=== RUN   TestCreateMultiFilterQuery/Create_query_with_empty_filters
--- PASS: TestCreateMultiFilterQuery (0.00s)
    --- PASS: TestCreateMultiFilterQuery/Create_multi_filter_query_with_limit_and_offset (0.00s)
    --- PASS: TestCreateMultiFilterQuery/Create_multi_filter_query_without_limit_and_offset (0.00s)
    --- PASS: TestCreateMultiFilterQuery/Create_query_with_empty_filters (0.00s)
=== RUN   TestMapToStructList
=== RUN   TestMapToStructList/Success_-_Map_list_to_struct_list
=== RUN   TestMapToStructList/Success_-_Empty_list
=== RUN   TestMapToStructList/Error_-_MapToStruct_fails
--- PASS: TestMapToStructList (0.00s)
    --- PASS: TestMapToStructList/Success_-_Map_list_to_struct_list (0.00s)
    --- PASS: TestMapToStructList/Success_-_Empty_list (0.00s)
    --- PASS: TestMapToStructList/Error_-_MapToStruct_fails (0.00s)
=== RUN   TestNewGenericBaseService
=== RUN   TestNewGenericBaseService/Create_new_generic_base_service
--- PASS: TestNewGenericBaseService (0.00s)
    --- PASS: TestNewGenericBaseService/Create_new_generic_base_service (0.00s)
=== RUN   TestGenericBaseService_CreateRecord
=== RUN   TestGenericBaseService_CreateRecord/Success_-_Create_record
=== RUN   TestGenericBaseService_CreateRecord/Error_-_Create_record_fails
--- PASS: TestGenericBaseService_CreateRecord (0.00s)
    --- PASS: TestGenericBaseService_CreateRecord/Success_-_Create_record (0.00s)
    --- PASS: TestGenericBaseService_CreateRecord/Error_-_Create_record_fails (0.00s)
=== RUN   TestGenericBaseService_GetSingleRecord
=== RUN   TestGenericBaseService_GetSingleRecord/Success_-_Get_single_record
=== RUN   TestGenericBaseService_GetSingleRecord/Error_-_Database_error
=== RUN   TestGenericBaseService_GetSingleRecord/Error_-_Record_not_found
=== RUN   TestGenericBaseService_GetSingleRecord/Success_-_With_nil_context
--- PASS: TestGenericBaseService_GetSingleRecord (0.00s)
    --- PASS: TestGenericBaseService_GetSingleRecord/Success_-_Get_single_record (0.00s)
    --- PASS: TestGenericBaseService_GetSingleRecord/Error_-_Database_error (0.00s)
    --- PASS: TestGenericBaseService_GetSingleRecord/Error_-_Record_not_found (0.00s)
    --- PASS: TestGenericBaseService_GetSingleRecord/Success_-_With_nil_context (0.00s)
=== RUN   TestGenericBaseService_GetMultipleRecords
=== RUN   TestGenericBaseService_GetMultipleRecords/Success_-_Get_multiple_records
=== RUN   TestGenericBaseService_GetMultipleRecords/Success_-_Empty_result
=== RUN   TestGenericBaseService_GetMultipleRecords/Error_-_Database_error
--- PASS: TestGenericBaseService_GetMultipleRecords (0.00s)
    --- PASS: TestGenericBaseService_GetMultipleRecords/Success_-_Get_multiple_records (0.00s)
    --- PASS: TestGenericBaseService_GetMultipleRecords/Success_-_Empty_result (0.00s)
    --- PASS: TestGenericBaseService_GetMultipleRecords/Error_-_Database_error (0.00s)
=== RUN   TestGenericBaseService_UpdateRecord
=== RUN   TestGenericBaseService_UpdateRecord/Success_-_Update_record
=== RUN   TestGenericBaseService_UpdateRecord/Error_-_Update_fails
--- PASS: TestGenericBaseService_UpdateRecord (0.00s)
    --- PASS: TestGenericBaseService_UpdateRecord/Success_-_Update_record (0.00s)
    --- PASS: TestGenericBaseService_UpdateRecord/Error_-_Update_fails (0.00s)
=== RUN   TestGenericBaseService_DeleteRecord
=== RUN   TestGenericBaseService_DeleteRecord/Success_-_Delete_record
=== RUN   TestGenericBaseService_DeleteRecord/Success_-_Delete_record_with_filter
=== RUN   TestGenericBaseService_DeleteRecord/Error_-_Delete_fails
--- PASS: TestGenericBaseService_DeleteRecord (0.00s)
    --- PASS: TestGenericBaseService_DeleteRecord/Success_-_Delete_record (0.00s)
    --- PASS: TestGenericBaseService_DeleteRecord/Success_-_Delete_record_with_filter (0.00s)
    --- PASS: TestGenericBaseService_DeleteRecord/Error_-_Delete_fails (0.00s)
=== RUN   TestGenericBaseService_CountRecords
=== RUN   TestGenericBaseService_CountRecords/Success_-_Count_records
=== RUN   TestGenericBaseService_CountRecords/Success_-_Empty_result_returns_0
=== RUN   TestGenericBaseService_CountRecords/Success_-_No_total_field_returns_0
=== RUN   TestGenericBaseService_CountRecords/Error_-_Database_error
--- PASS: TestGenericBaseService_CountRecords (0.00s)
    --- PASS: TestGenericBaseService_CountRecords/Success_-_Count_records (0.00s)
    --- PASS: TestGenericBaseService_CountRecords/Success_-_Empty_result_returns_0 (0.00s)
    --- PASS: TestGenericBaseService_CountRecords/Success_-_No_total_field_returns_0 (0.00s)
    --- PASS: TestGenericBaseService_CountRecords/Error_-_Database_error (0.00s)
=== RUN   TestGenericBaseService_CountRecordsWithFilter
=== RUN   TestGenericBaseService_CountRecordsWithFilter/Success_-_Count_records_with_filter
=== RUN   TestGenericBaseService_CountRecordsWithFilter/Success_-_Empty_result_with_filter_returns_0
=== RUN   TestGenericBaseService_CountRecordsWithFilter/Success_-_No_total_field_with_filter_returns_0
=== RUN   TestGenericBaseService_CountRecordsWithFilter/Error_-_Database_error_with_filter
--- PASS: TestGenericBaseService_CountRecordsWithFilter (0.00s)
    --- PASS: TestGenericBaseService_CountRecordsWithFilter/Success_-_Count_records_with_filter (0.00s)
    --- PASS: TestGenericBaseService_CountRecordsWithFilter/Success_-_Empty_result_with_filter_returns_0 (0.00s)
    --- PASS: TestGenericBaseService_CountRecordsWithFilter/Success_-_No_total_field_with_filter_returns_0 (0.00s)
    --- PASS: TestGenericBaseService_CountRecordsWithFilter/Error_-_Database_error_with_filter (0.00s)
=== RUN   TestGenericBaseService_MapToStruct
=== RUN   TestGenericBaseService_MapToStruct/Success_-_Map_to_struct
=== RUN   TestGenericBaseService_MapToStruct/Error_-_MapToStruct_fails
--- PASS: TestGenericBaseService_MapToStruct (0.00s)
    --- PASS: TestGenericBaseService_MapToStruct/Success_-_Map_to_struct (0.00s)
    --- PASS: TestGenericBaseService_MapToStruct/Error_-_MapToStruct_fails (0.00s)
=== RUN   TestGenericBaseService_MapToStructList
=== RUN   TestGenericBaseService_MapToStructList/Success_-_Map_to_struct_list
=== RUN   TestGenericBaseService_MapToStructList/Success_-_Empty_list
=== RUN   TestGenericBaseService_MapToStructList/Error_-_MapToStruct_fails_in_list
--- PASS: TestGenericBaseService_MapToStructList (0.00s)
    --- PASS: TestGenericBaseService_MapToStructList/Success_-_Map_to_struct_list (0.00s)
    --- PASS: TestGenericBaseService_MapToStructList/Success_-_Empty_list (0.00s)
    --- PASS: TestGenericBaseService_MapToStructList/Error_-_MapToStruct_fails_in_list (0.00s)
=== RUN   TestGenericBaseService_GetRepository
=== RUN   TestGenericBaseService_GetRepository/Get_repository
--- PASS: TestGenericBaseService_GetRepository (0.00s)
    --- PASS: TestGenericBaseService_GetRepository/Get_repository (0.00s)
PASS
coverage: [no statements]
ok  	github.com/aptlogica/sereni-base/tests/services/common	4.264s	coverage: [no statements]
=== RUN   TestNewActionService
--- PASS: TestNewActionService (0.00s)
=== RUN   TestCreateAction
=== RUN   TestCreateAction/sets_id_and_succeeds
=== RUN   TestCreateAction/create_record_error
=== RUN   TestCreateAction/map_to_struct_error
--- PASS: TestCreateAction (0.03s)
    --- PASS: TestCreateAction/sets_id_and_succeeds (0.03s)
    --- PASS: TestCreateAction/create_record_error (0.00s)
    --- PASS: TestCreateAction/map_to_struct_error (0.00s)
=== RUN   TestGetActionByID
=== RUN   TestGetActionByID/db_error
=== RUN   TestGetActionByID/not_found
=== RUN   TestGetActionByID/map_error
=== RUN   TestGetActionByID/success
--- PASS: TestGetActionByID (0.01s)
    --- PASS: TestGetActionByID/db_error (0.01s)
    --- PASS: TestGetActionByID/not_found (0.00s)
    --- PASS: TestGetActionByID/map_error (0.00s)
    --- PASS: TestGetActionByID/success (0.00s)
=== RUN   TestGetActionByCode
--- PASS: TestGetActionByCode (0.00s)
=== RUN   TestListActions
=== RUN   TestListActions/list_error
=== RUN   TestListActions/count_error
=== RUN   TestListActions/map_error
=== RUN   TestListActions/success
--- PASS: TestListActions (0.00s)
    --- PASS: TestListActions/list_error (0.00s)
    --- PASS: TestListActions/count_error (0.00s)
    --- PASS: TestListActions/map_error (0.00s)
    --- PASS: TestListActions/success (0.00s)
=== RUN   TestUpdateAction
=== RUN   TestUpdateAction/update_error
=== RUN   TestUpdateAction/map_error
=== RUN   TestUpdateAction/success
--- PASS: TestUpdateAction (0.00s)
    --- PASS: TestUpdateAction/update_error (0.00s)
    --- PASS: TestUpdateAction/map_error (0.00s)
    --- PASS: TestUpdateAction/success (0.00s)
=== RUN   TestDeleteAction
=== RUN   TestDeleteAction/delete_error
=== RUN   TestDeleteAction/success
--- PASS: TestDeleteAction (0.00s)
    --- PASS: TestDeleteAction/delete_error (0.00s)
    --- PASS: TestDeleteAction/success (0.00s)
=== RUN   TestGetOrCreateAction
=== RUN   TestGetOrCreateAction/existing
=== RUN   TestGetOrCreateAction/create_when_not_found
--- PASS: TestGetOrCreateAction (0.00s)
    --- PASS: TestGetOrCreateAction/existing (0.00s)
    --- PASS: TestGetOrCreateAction/create_when_not_found (0.00s)
=== RUN   TestNewOrganizationService
--- PASS: TestNewOrganizationService (0.00s)
=== RUN   TestCreateOrganization
=== RUN   TestCreateOrganization/invalid_settings
ERROR: Failed to marshal settings: json: unsupported type: func()
=== RUN   TestCreateOrganization/invalid_meta
ERROR: Failed to marshal meta: json: unsupported type: func()
=== RUN   TestCreateOrganization/create_error
ERROR: Failed to create organization: db error
=== RUN   TestCreateOrganization/success
DEBUG: Organization created successfully with ID: 2d13efe5-e061-424a-842d-bd112f9b6807
--- PASS: TestCreateOrganization (0.00s)
    --- PASS: TestCreateOrganization/invalid_settings (0.00s)
    --- PASS: TestCreateOrganization/invalid_meta (0.00s)
    --- PASS: TestCreateOrganization/create_error (0.00s)
    --- PASS: TestCreateOrganization/success (0.00s)
=== RUN   TestGetOrganizationByID
=== RUN   TestGetOrganizationByID/empty_id
=== RUN   TestGetOrganizationByID/db_error
ERROR: Failed to get organization by ID id: db error
=== RUN   TestGetOrganizationByID/not_found
DEBUG: Organization not found with ID: id
=== RUN   TestGetOrganizationByID/map_error
ERROR: Failed to map organization data: json: unsupported type: chan int
=== RUN   TestGetOrganizationByID/success
--- PASS: TestGetOrganizationByID (0.01s)
    --- PASS: TestGetOrganizationByID/empty_id (0.00s)
    --- PASS: TestGetOrganizationByID/db_error (0.01s)
    --- PASS: TestGetOrganizationByID/not_found (0.00s)
    --- PASS: TestGetOrganizationByID/map_error (0.00s)
    --- PASS: TestGetOrganizationByID/success (0.00s)
=== RUN   TestGetOrganization
=== RUN   TestGetOrganization/db_error
ERROR: Failed to get organization: db error
=== RUN   TestGetOrganization/not_found
DEBUG: No organization found
=== RUN   TestGetOrganization/map_error
ERROR: Failed to map organization data: json: unsupported type: chan int
=== RUN   TestGetOrganization/success
--- PASS: TestGetOrganization (0.00s)
    --- PASS: TestGetOrganization/db_error (0.00s)
    --- PASS: TestGetOrganization/not_found (0.00s)
    --- PASS: TestGetOrganization/map_error (0.00s)
    --- PASS: TestGetOrganization/success (0.00s)
=== RUN   TestUpdateOrganization
=== RUN   TestUpdateOrganization/get_org_error
ERROR: Failed to get organization by ID id: db error
=== RUN   TestUpdateOrganization/invalid_settings
ERROR: Failed to marshal settings: json: unsupported type: func()
=== RUN   TestUpdateOrganization/invalid_meta
ERROR: Failed to marshal meta: json: unsupported type: func()
=== RUN   TestUpdateOrganization/update_error
ERROR: Failed to update organization id: db error
=== RUN   TestUpdateOrganization/success
DEBUG: Organization updated successfully with ID: id
--- PASS: TestUpdateOrganization (0.02s)
    --- PASS: TestUpdateOrganization/get_org_error (0.00s)
    --- PASS: TestUpdateOrganization/invalid_settings (0.00s)
    --- PASS: TestUpdateOrganization/invalid_meta (0.02s)
    --- PASS: TestUpdateOrganization/update_error (0.00s)
    --- PASS: TestUpdateOrganization/success (0.00s)
=== RUN   TestDeleteOrganization
=== RUN   TestDeleteOrganization/delete_error
ERROR: Failed to delete organization id: delete fail
=== RUN   TestDeleteOrganization/success
DEBUG: Organization deleted successfully with ID: id
--- PASS: TestDeleteOrganization (0.00s)
    --- PASS: TestDeleteOrganization/delete_error (0.00s)
    --- PASS: TestDeleteOrganization/success (0.00s)
=== RUN   TestGetOrganizationByEmail
=== RUN   TestGetOrganizationByEmail/db_error
ERROR: Failed to get organization by email org@example.com: db error
=== RUN   TestGetOrganizationByEmail/not_found
DEBUG: Organization not found with email: org@example.com
=== RUN   TestGetOrganizationByEmail/map_error
ERROR: Failed to map organization data: json: unsupported type: chan int
=== RUN   TestGetOrganizationByEmail/success
--- PASS: TestGetOrganizationByEmail (0.01s)
    --- PASS: TestGetOrganizationByEmail/db_error (0.00s)
    --- PASS: TestGetOrganizationByEmail/not_found (0.00s)
    --- PASS: TestGetOrganizationByEmail/map_error (0.00s)
    --- PASS: TestGetOrganizationByEmail/success (0.00s)
=== RUN   TestNewRelationshipService
--- PASS: TestNewRelationshipService (0.00s)
=== RUN   TestCreateRelation
=== RUN   TestCreateRelation/create_error
=== RUN   TestCreateRelation/map_error
=== RUN   TestCreateRelation/success
--- PASS: TestCreateRelation (0.00s)
    --- PASS: TestCreateRelation/create_error (0.00s)
    --- PASS: TestCreateRelation/map_error (0.00s)
    --- PASS: TestCreateRelation/success (0.00s)
=== RUN   TestGetRelationByID
=== RUN   TestGetRelationByID/db_error
=== RUN   TestGetRelationByID/empty_data
=== RUN   TestGetRelationByID/map_error
=== RUN   TestGetRelationByID/success
--- PASS: TestGetRelationByID (0.00s)
    --- PASS: TestGetRelationByID/db_error (0.00s)
    --- PASS: TestGetRelationByID/empty_data (0.00s)
    --- PASS: TestGetRelationByID/map_error (0.00s)
    --- PASS: TestGetRelationByID/success (0.00s)
=== RUN   TestDeleteRelation
=== RUN   TestDeleteRelation/delete_error
=== RUN   TestDeleteRelation/success
--- PASS: TestDeleteRelation (0.00s)
    --- PASS: TestDeleteRelation/delete_error (0.00s)
    --- PASS: TestDeleteRelation/success (0.00s)
=== RUN   TestUpdateRelation
=== RUN   TestUpdateRelation/update_error
=== RUN   TestUpdateRelation/map_error
=== RUN   TestUpdateRelation/success
--- PASS: TestUpdateRelation (0.00s)
    --- PASS: TestUpdateRelation/update_error (0.00s)
    --- PASS: TestUpdateRelation/map_error (0.00s)
    --- PASS: TestUpdateRelation/success (0.00s)
=== RUN   TestNewResourceService
--- PASS: TestNewResourceService (0.00s)
=== RUN   TestCreateResource
=== RUN   TestCreateResource/sets_id_and_succeeds
=== RUN   TestCreateResource/create_record_error
=== RUN   TestCreateResource/map_to_struct_error
--- PASS: TestCreateResource (0.00s)
    --- PASS: TestCreateResource/sets_id_and_succeeds (0.00s)
    --- PASS: TestCreateResource/create_record_error (0.00s)
    --- PASS: TestCreateResource/map_to_struct_error (0.00s)
=== RUN   TestGetResourceByID
=== RUN   TestGetResourceByID/db_error
=== RUN   TestGetResourceByID/not_found
=== RUN   TestGetResourceByID/map_error
=== RUN   TestGetResourceByID/success
--- PASS: TestGetResourceByID (0.01s)
    --- PASS: TestGetResourceByID/db_error (0.00s)
    --- PASS: TestGetResourceByID/not_found (0.00s)
    --- PASS: TestGetResourceByID/map_error (0.00s)
    --- PASS: TestGetResourceByID/success (0.00s)
=== RUN   TestGetResourceByCode
--- PASS: TestGetResourceByCode (0.00s)
=== RUN   TestListResources
=== RUN   TestListResources/list_error
=== RUN   TestListResources/count_error
=== RUN   TestListResources/map_error
=== RUN   TestListResources/success
--- PASS: TestListResources (0.00s)
    --- PASS: TestListResources/list_error (0.00s)
    --- PASS: TestListResources/count_error (0.00s)
    --- PASS: TestListResources/map_error (0.00s)
    --- PASS: TestListResources/success (0.00s)
=== RUN   TestUpdateResource
=== RUN   TestUpdateResource/update_error
=== RUN   TestUpdateResource/map_error
=== RUN   TestUpdateResource/success
--- PASS: TestUpdateResource (0.00s)
    --- PASS: TestUpdateResource/update_error (0.00s)
    --- PASS: TestUpdateResource/map_error (0.00s)
    --- PASS: TestUpdateResource/success (0.00s)
=== RUN   TestDeleteResource
=== RUN   TestDeleteResource/delete_error
=== RUN   TestDeleteResource/success
--- PASS: TestDeleteResource (0.00s)
    --- PASS: TestDeleteResource/delete_error (0.00s)
    --- PASS: TestDeleteResource/success (0.00s)
=== RUN   TestGetOrCreateResource
=== RUN   TestGetOrCreateResource/existing
=== RUN   TestGetOrCreateResource/create_when_not_found
--- PASS: TestGetOrCreateResource (0.00s)
    --- PASS: TestGetOrCreateResource/existing (0.00s)
    --- PASS: TestGetOrCreateResource/create_when_not_found (0.00s)
=== RUN   TestNewViewService
--- PASS: TestNewViewService (0.00s)
=== RUN   TestCreateView
=== RUN   TestCreateView/create_error
=== RUN   TestCreateView/map_error
=== RUN   TestCreateView/success
--- PASS: TestCreateView (0.00s)
    --- PASS: TestCreateView/create_error (0.00s)
    --- PASS: TestCreateView/map_error (0.00s)
    --- PASS: TestCreateView/success (0.00s)
=== RUN   TestGetViewByID
=== RUN   TestGetViewByID/db_error
=== RUN   TestGetViewByID/not_found
=== RUN   TestGetViewByID/map_error
=== RUN   TestGetViewByID/success
--- PASS: TestGetViewByID (0.00s)
    --- PASS: TestGetViewByID/db_error (0.00s)
    --- PASS: TestGetViewByID/not_found (0.00s)
    --- PASS: TestGetViewByID/map_error (0.00s)
    --- PASS: TestGetViewByID/success (0.00s)
=== RUN   TestGetAllViews
=== RUN   TestGetAllViews/map_error
=== RUN   TestGetAllViews/success
--- PASS: TestGetAllViews (0.00s)
    --- PASS: TestGetAllViews/map_error (0.00s)
    --- PASS: TestGetAllViews/success (0.00s)
=== RUN   TestUpdateView
=== RUN   TestUpdateView/get_view_error
=== RUN   TestUpdateView/update_record_error
=== RUN   TestUpdateView/empty_update_result
=== RUN   TestUpdateView/success
--- PASS: TestUpdateView (0.00s)
    --- PASS: TestUpdateView/get_view_error (0.00s)
    --- PASS: TestUpdateView/update_record_error (0.00s)
    --- PASS: TestUpdateView/empty_update_result (0.00s)
    --- PASS: TestUpdateView/success (0.00s)
=== RUN   TestDeleteView
=== RUN   TestDeleteView/get_view_error
=== RUN   TestDeleteView/delete_error
=== RUN   TestDeleteView/success
--- PASS: TestDeleteView (0.00s)
    --- PASS: TestDeleteView/get_view_error (0.00s)
    --- PASS: TestDeleteView/delete_error (0.00s)
    --- PASS: TestDeleteView/success (0.00s)
=== RUN   TestGetViewsByModelID
=== RUN   TestGetViewsByModelID/error
=== RUN   TestGetViewsByModelID/success
--- PASS: TestGetViewsByModelID (0.00s)
    --- PASS: TestGetViewsByModelID/error (0.00s)
    --- PASS: TestGetViewsByModelID/success (0.00s)
PASS
coverage: [no statements]
ok  	github.com/aptlogica/sereni-base/tests/services/core	5.479s	coverage: [no statements]
=== RUN   TestAccessMember_AssignRoleToUser_MapError
--- PASS: TestAccessMember_AssignRoleToUser_MapError (0.00s)
=== RUN   TestAccessMember_RemoveRoleFromUser_MapError
--- PASS: TestAccessMember_RemoveRoleFromUser_MapError (0.00s)
=== RUN   TestAccessMember_GetUserAccessByScope_GetDataError
--- PASS: TestAccessMember_GetUserAccessByScope_GetDataError (0.00s)
=== RUN   TestAccessMember_GetUserPermissions_EmptyAndCheckFalse
--- PASS: TestAccessMember_GetUserPermissions_EmptyAndCheckFalse (0.00s)
=== RUN   TestAccessMember_GetUserPermissions_ErrorPropagation
--- PASS: TestAccessMember_GetUserPermissions_ErrorPropagation (0.00s)
=== RUN   TestAccessMember_GetUserHighestRole_NoAccessAndRoleNotFound
--- PASS: TestAccessMember_GetUserHighestRole_NoAccessAndRoleNotFound (0.00s)
=== RUN   TestAccessMember_GetUserHighestRole_InvalidRoleID
--- PASS: TestAccessMember_GetUserHighestRole_InvalidRoleID (0.00s)
=== RUN   TestAccessMember_BulkRemoveRoleFromUsers_AllFailed
--- PASS: TestAccessMember_BulkRemoveRoleFromUsers_AllFailed (0.00s)
=== RUN   TestAccessMember_BulkAssignAndRemove_SkipEmptyUser
--- PASS: TestAccessMember_BulkAssignAndRemove_SkipEmptyUser (0.00s)
=== RUN   TestAccessMember_GetUserPermissionsAndCheck
--- PASS: TestAccessMember_GetUserPermissionsAndCheck (0.00s)
=== RUN   TestAccessMember_GetUserHighestRole
--- PASS: TestAccessMember_GetUserHighestRole (0.00s)
=== RUN   TestAccessMember_GetUserHighestRole_Errors
--- PASS: TestAccessMember_GetUserHighestRole_Errors (0.00s)
=== RUN   TestAccessMember_BulkAssignAndRemove
--- PASS: TestAccessMember_BulkAssignAndRemove (0.00s)
=== RUN   TestAccessMember_UpdateRoleForUser
--- PASS: TestAccessMember_UpdateRoleForUser (0.00s)
=== RUN   TestAccessMember_GetUserAccessMembers_MapError
--- PASS: TestAccessMember_GetUserAccessMembers_MapError (0.00s)
=== RUN   TestNewAccessMemberService
--- PASS: TestNewAccessMemberService (0.00s)
=== RUN   TestAccessMember_AssignRoleToUser
--- PASS: TestAccessMember_AssignRoleToUser (0.11s)
=== RUN   TestAccessMember_AssignRoleToUser_WithNilID
--- PASS: TestAccessMember_AssignRoleToUser_WithNilID (0.00s)
=== RUN   TestAccessMember_AssignRoleToUser_DatabaseError
--- PASS: TestAccessMember_AssignRoleToUser_DatabaseError (0.00s)
=== RUN   TestAccessMember_RemoveRoleFromUser
--- PASS: TestAccessMember_RemoveRoleFromUser (0.00s)
=== RUN   TestRemoveRoleFromUser_EmptyUserID
--- PASS: TestRemoveRoleFromUser_EmptyUserID (0.00s)
=== RUN   TestRemoveRoleFromUser_EmptyScopeType
--- PASS: TestRemoveRoleFromUser_EmptyScopeType (0.00s)
=== RUN   TestRemoveRoleFromUser_NotFound
--- PASS: TestRemoveRoleFromUser_NotFound (0.00s)
=== RUN   TestRemoveRoleFromUser_GetDataError
--- PASS: TestRemoveRoleFromUser_GetDataError (0.00s)
=== RUN   TestRemoveRoleFromUser_DeleteError
--- PASS: TestRemoveRoleFromUser_DeleteError (0.00s)
=== RUN   TestRemoveAccessMemberByID
--- PASS: TestRemoveAccessMemberByID (0.00s)
=== RUN   TestRemoveAccessMemberByID_EmptyID
--- PASS: TestRemoveAccessMemberByID_EmptyID (0.00s)
=== RUN   TestRemoveAccessMemberByID_DeleteError
--- PASS: TestRemoveAccessMemberByID_DeleteError (0.00s)
=== RUN   TestGetUserAccessMembers
--- PASS: TestGetUserAccessMembers (0.00s)
=== RUN   TestGetUserAccessMembers_DatabaseError
--- PASS: TestGetUserAccessMembers_DatabaseError (0.00s)
=== RUN   TestGetUserAccessByScope
--- PASS: TestGetUserAccessByScope (0.00s)
=== RUN   TestGetUserAccessByScope_EmptyUserID
--- PASS: TestGetUserAccessByScope_EmptyUserID (0.00s)
=== RUN   TestGetUserAccessByScope_EmptyScopeType
--- PASS: TestGetUserAccessByScope_EmptyScopeType (0.00s)
=== RUN   TestGetUserAccessByScope_WithoutScopeID
--- PASS: TestGetUserAccessByScope_WithoutScopeID (0.00s)
=== RUN   TestGetScopeMembers
--- PASS: TestGetScopeMembers (0.00s)
=== RUN   TestGetScopeMembers_DatabaseError
--- PASS: TestGetScopeMembers_DatabaseError (0.00s)
=== RUN   TestAccessMember_CheckUserPermission
--- PASS: TestAccessMember_CheckUserPermission (0.00s)
=== RUN   TestAccessMember_BulkAssignRoleToUsers
--- PASS: TestAccessMember_BulkAssignRoleToUsers (0.00s)
=== RUN   TestBulkAssignRoleToUsers_EmptyList
--- PASS: TestBulkAssignRoleToUsers_EmptyList (0.00s)
=== RUN   TestBulkAssignRoleToUsers_AllFailed
--- PASS: TestBulkAssignRoleToUsers_AllFailed (0.00s)
=== RUN   TestBulkRemoveRoleFromUsers
--- PASS: TestBulkRemoveRoleFromUsers (0.00s)
=== RUN   TestBulkRemoveRoleFromUsers_EmptyList
--- PASS: TestBulkRemoveRoleFromUsers_EmptyList (0.00s)
=== RUN   TestBulkRemoveRoleFromUsers_EmptyScopeType
--- PASS: TestBulkRemoveRoleFromUsers_EmptyScopeType (0.00s)
=== RUN   TestUpdateRoleForUser
--- PASS: TestUpdateRoleForUser (0.00s)
=== RUN   TestUpdateRoleForUser_EmptyUserID
--- PASS: TestUpdateRoleForUser_EmptyUserID (0.00s)
=== RUN   TestUpdateRoleForUser_EmptyScopeType
--- PASS: TestUpdateRoleForUser_EmptyScopeType (0.00s)
=== RUN   TestUpdateRoleForUser_NotFound
--- PASS: TestUpdateRoleForUser_NotFound (0.00s)
=== RUN   TestUpdateRoleForUser_GetDataError
--- PASS: TestUpdateRoleForUser_GetDataError (0.00s)
=== RUN   TestUpdateRoleForUser_UpdateError
--- PASS: TestUpdateRoleForUser_UpdateError (0.00s)
=== RUN   TestNewAccessRoleService
--- PASS: TestNewAccessRoleService (0.00s)
=== RUN   TestCreateAccessRole
--- PASS: TestCreateAccessRole (0.00s)
=== RUN   TestCreateAccessRole_WithNilID
--- PASS: TestCreateAccessRole_WithNilID (0.00s)
=== RUN   TestCreateAccessRole_DatabaseError
--- PASS: TestCreateAccessRole_DatabaseError (0.00s)
=== RUN   TestCreateAccessRole_MapStructError
--- PASS: TestCreateAccessRole_MapStructError (0.00s)
=== RUN   TestGetAccessRoleByID
--- PASS: TestGetAccessRoleByID (0.00s)
=== RUN   TestGetAccessRoleByID_NotFound
--- PASS: TestGetAccessRoleByID_NotFound (0.00s)
=== RUN   TestGetAccessRoleByID_DatabaseError
--- PASS: TestGetAccessRoleByID_DatabaseError (0.00s)
=== RUN   TestGetAccessRoleByName
--- PASS: TestGetAccessRoleByName (0.00s)
=== RUN   TestGetAccessRoleByName_NotFound
--- PASS: TestGetAccessRoleByName_NotFound (0.00s)
=== RUN   TestGetAccessRolesByScope
--- PASS: TestGetAccessRolesByScope (0.00s)
=== RUN   TestGetAccessRolesByScope_DatabaseError
--- PASS: TestGetAccessRolesByScope_DatabaseError (0.00s)
=== RUN   TestGetAccessRolesByScope_MapStructError
--- PASS: TestGetAccessRolesByScope_MapStructError (0.00s)
=== RUN   TestListAccessRoles
--- PASS: TestListAccessRoles (0.00s)
=== RUN   TestListAccessRoles_DatabaseError
--- PASS: TestListAccessRoles_DatabaseError (0.00s)
=== RUN   TestListAccessRoles_CountError
--- PASS: TestListAccessRoles_CountError (0.00s)
=== RUN   TestListAccessRoles_MapStructError
--- PASS: TestListAccessRoles_MapStructError (0.00s)
=== RUN   TestUpdateAccessRole
--- PASS: TestUpdateAccessRole (0.00s)
=== RUN   TestUpdateAccessRole_DatabaseError
--- PASS: TestUpdateAccessRole_DatabaseError (0.00s)
=== RUN   TestUpdateAccessRole_MapStructError
--- PASS: TestUpdateAccessRole_MapStructError (0.00s)
=== RUN   TestDeleteAccessRole
--- PASS: TestDeleteAccessRole (0.00s)
=== RUN   TestDeleteAccessRole_DatabaseError
--- PASS: TestDeleteAccessRole_DatabaseError (0.00s)
=== RUN   TestNewPermissionService
--- PASS: TestNewPermissionService (0.00s)
=== RUN   TestPerm_CreatePermission
--- PASS: TestPerm_CreatePermission (0.00s)
=== RUN   TestPerm_CreatePermission_WithNilID
--- PASS: TestPerm_CreatePermission_WithNilID (0.00s)
=== RUN   TestPerm_CreatePermission_DatabaseError
--- PASS: TestPerm_CreatePermission_DatabaseError (0.00s)
=== RUN   TestPerm_CreatePermission_MapStructError
--- PASS: TestPerm_CreatePermission_MapStructError (0.00s)
=== RUN   TestGetPermissionByID
--- PASS: TestGetPermissionByID (0.00s)
=== RUN   TestGetPermissionByID_NotFound
--- PASS: TestGetPermissionByID_NotFound (0.00s)
=== RUN   TestGetPermissionByID_DatabaseError
--- PASS: TestGetPermissionByID_DatabaseError (0.00s)
=== RUN   TestGetPermissionByResourceAndAction
--- PASS: TestGetPermissionByResourceAndAction (0.00s)
=== RUN   TestGetPermissionByResourceAndAction_NotFound
--- PASS: TestGetPermissionByResourceAndAction_NotFound (0.00s)
=== RUN   TestGetPermissionByResourceAndAction_DatabaseError
--- PASS: TestGetPermissionByResourceAndAction_DatabaseError (0.00s)
=== RUN   TestListPermissions
--- PASS: TestListPermissions (0.00s)
=== RUN   TestListPermissions_DatabaseError
--- PASS: TestListPermissions_DatabaseError (0.00s)
=== RUN   TestListPermissions_CountError
--- PASS: TestListPermissions_CountError (0.00s)
=== RUN   TestDeletePermission
--- PASS: TestDeletePermission (0.00s)
=== RUN   TestDeletePermission_DatabaseError
--- PASS: TestDeletePermission_DatabaseError (0.00s)
=== RUN   TestGetOrCreatePermission_ExistingPermission
--- PASS: TestGetOrCreatePermission_ExistingPermission (0.00s)
=== RUN   TestGetOrCreatePermission_CreateNew
--- PASS: TestGetOrCreatePermission_CreateNew (0.00s)
=== RUN   TestGetOrCreatePermission_CreateError
--- PASS: TestGetOrCreatePermission_CreateError (0.00s)
=== RUN   TestGetPermissionsByResource
--- PASS: TestGetPermissionsByResource (0.00s)
=== RUN   TestGetPermissionsByResource_DatabaseError
--- PASS: TestGetPermissionsByResource_DatabaseError (0.00s)
=== RUN   TestRBACManagement_UpdateRoleForUser
--- PASS: TestRBACManagement_UpdateRoleForUser (0.00s)
=== RUN   TestProcessUserMemberships_Workspace_UpdateExisting
DEBUG: SCOPE-UPDATE - Found 1 base records and 1 workspace records for user user in workspace ws
DEBUG: SCOPE-UPDATE - Deleting 1 base-level record(s) before converting to workspace-level
DEBUG: SCOPE-UPDATE - Base Record 0 Details:
  - ID: 77af9bfc-67d6-4a7b-9e78-c810dce02089
  - ScopeID: <nil>
  - WorkspaceID: 0xc0003d84d0
  - RoleID: cb0632cf-21fd-490d-bd43-d108b5659d92
  - ScopeType: base
DEBUG: SCOPE-UPDATE - Attempting to remove base record by ID: 77af9bfc-67d6-4a7b-9e78-c810dce02089
DEBUG: SCOPE-UPDATE - Successfully removed base record 77af9bfc-67d6-4a7b-9e78-c810dce02089
DEBUG: SCOPE-UPDATE - Proceeding with workspace assignment.
DEBUG: SCOPE-UPDATE - Role changed from 864a08c5-eca8-48f5-ba15-ab5d1e628b6c to c28d5d4f-5167-41af-aabc-1e63c71634b1. Updating.
DEBUG: SCOPE-UPDATE - Role updated successfully
--- PASS: TestProcessUserMemberships_Workspace_UpdateExisting (0.00s)
=== RUN   TestProcessUserMemberships_Workspace_AlreadyHasRole
DEBUG: SCOPE-UPDATE - User already has role 'maintainer' in workspace ws. Skipping.
--- PASS: TestProcessUserMemberships_Workspace_AlreadyHasRole (0.00s)
=== RUN   TestProcessUserMemberships_Workspace_CreateAccess
DEBUG: SCOPE-UPDATE - No existing records. Creating new workspace-level access for user user
DEBUG: SCOPE-UPDATE - Workspace-level record created successfully
--- PASS: TestProcessUserMemberships_Workspace_CreateAccess (0.00s)
=== RUN   TestProcessUserMemberships_Workspace_BaseToWorkspaceConversion
DEBUG: SCOPE-UPDATE - Found 1 base records and 0 workspace records for user user in workspace ws
DEBUG: SCOPE-UPDATE - Deleting 1 base-level record(s) before converting to workspace-level
DEBUG: SCOPE-UPDATE - Base Record 0 Details:
  - ID: 25381199-ec86-41e4-a687-ce05027cbcb0
  - ScopeID: <nil>
  - WorkspaceID: 0xc0003d93e0
  - RoleID: 308ab8b6-8c2f-4da3-9af8-e98457272849
  - ScopeType: base
DEBUG: SCOPE-UPDATE - Attempting to remove base record by ID: 25381199-ec86-41e4-a687-ce05027cbcb0
DEBUG: SCOPE-UPDATE - Successfully removed base record 25381199-ec86-41e4-a687-ce05027cbcb0
DEBUG: SCOPE-UPDATE - Proceeding with workspace assignment.
DEBUG: SCOPE-UPDATE - Creating new workspace-level record after deleting base records
DEBUG: SCOPE-UPDATE - Workspace-level record created successfully
--- PASS: TestProcessUserMemberships_Workspace_BaseToWorkspaceConversion (0.00s)
=== RUN   TestProcessUserMemberships_Workspace_CreateAccessError
DEBUG: SCOPE-UPDATE - No existing records. Creating new workspace-level access for user user
--- PASS: TestProcessUserMemberships_Workspace_CreateAccessError (0.00s)
=== RUN   TestProcessUserMemberships_Base_AssignAndUpdate
--- PASS: TestProcessUserMemberships_Base_AssignAndUpdate (0.00s)
=== RUN   TestProcessUserMemberships_Base_UpdateExistingAndSkip
DEBUG: Comparing roles - Existing: 8b85b7eb-9883-4f62-9d21-29bde70d6ac1, New: 3d47d42a-18a2-41d8-bb80-e047cee16c0b
DEBUG: Role has changed for user user in base base. Updating from 8b85b7eb-9883-4f62-9d21-29bde70d6ac1 to 3d47d42a-18a2-41d8-bb80-e047cee16c0b
DEBUG: Role updated successfully for user user in base base
DEBUG: Comparing roles - Existing: 3d47d42a-18a2-41d8-bb80-e047cee16c0b, New: 3d47d42a-18a2-41d8-bb80-e047cee16c0b
DEBUG: Same role 'base-member' already exists for user user in base base. Skipping.
--- PASS: TestProcessUserMemberships_Base_UpdateExistingAndSkip (0.00s)
=== RUN   TestProcessUserMemberships_Base_ConvertWorkspaceRemovalError
DEBUG: CASE 3 - Found workspace-level access for user user. Will convert to base-level.
DEBUG: CASE 3 - Removing workspace-level access from workspace ws (Record ID: 118c7277-cf37-4816-b393-4aab7c6bc52f)
DEBUG: CASE 3 - Failed to remove workspace-level access: remove failed
--- PASS: TestProcessUserMemberships_Base_ConvertWorkspaceRemovalError (0.00s)
=== RUN   TestProcessUserMemberships_Base_SkipAndErrorCases
--- PASS: TestProcessUserMemberships_Base_SkipAndErrorCases (0.00s)
=== RUN   TestProcessUserMemberships_Base_BaseAndRoleLookupErrors
--- PASS: TestProcessUserMemberships_Base_BaseAndRoleLookupErrors (0.00s)
=== RUN   TestProcessUserMemberships_Base_AssignAndUpdateErrors
DEBUG: Comparing roles - Existing: cbc4d7be-49ac-4b9b-9004-83ca163cade3, New: 30a0c352-cca6-455e-b207-d3af8fb2f669
DEBUG: Role has changed for user user in base base. Updating from cbc4d7be-49ac-4b9b-9004-83ca163cade3 to 30a0c352-cca6-455e-b207-d3af8fb2f669
DEBUG: Update failed with error: update failed
--- PASS: TestProcessUserMemberships_Base_AssignAndUpdateErrors (0.01s)
=== RUN   TestProcessUserMemberships_Workspace_SkipAndRoleError
--- PASS: TestProcessUserMemberships_Workspace_SkipAndRoleError (0.00s)
=== RUN   TestProcessUserMemberships_Workspace_DeleteBaseRecordError
DEBUG: SCOPE-UPDATE - Found 1 base records and 0 workspace records for user user in workspace ws
DEBUG: SCOPE-UPDATE - Deleting 1 base-level record(s) before converting to workspace-level
DEBUG: SCOPE-UPDATE - Base Record 0 Details:
  - ID: 54568e95-24ce-4559-bb5b-6f3d7823a390
  - ScopeID: <nil>
  - WorkspaceID: 0xc000094900
  - RoleID: 96682591-848e-42c9-84af-daa60882762a
  - ScopeType: base
DEBUG: SCOPE-UPDATE - Attempting to remove base record by ID: 54568e95-24ce-4559-bb5b-6f3d7823a390
DEBUG: SCOPE-UPDATE - Failed to remove base record 54568e95-24ce-4559-bb5b-6f3d7823a390: remove failed (error type: *errors.errorString)
DEBUG: SCOPE-UPDATE - WARNING: Failed to remove 1 base-level record(s), but continuing with workspace assignment
  - Error 0: remove failed
DEBUG: SCOPE-UPDATE - Proceeding with workspace assignment.
DEBUG: SCOPE-UPDATE - Creating new workspace-level record after deleting base records
DEBUG: SCOPE-UPDATE - Workspace-level record created successfully
--- PASS: TestProcessUserMemberships_Workspace_DeleteBaseRecordError (0.00s)
=== RUN   TestRBACManagement_Counts_Branches
--- PASS: TestRBACManagement_Counts_Branches (0.00s)
=== RUN   TestRBACManagement_CountRolePermissions_Error
--- PASS: TestRBACManagement_CountRolePermissions_Error (0.00s)
=== RUN   TestRBACManagement_GetUnusedRoles
--- PASS: TestRBACManagement_GetUnusedRoles (0.00s)
=== RUN   TestRBACManagement_ValidateRoleConfiguration_Success
--- PASS: TestRBACManagement_ValidateRoleConfiguration_Success (0.00s)
=== RUN   TestRBACManagement_AuditUserAccess_Scopes
--- PASS: TestRBACManagement_AuditUserAccess_Scopes (0.00s)
=== RUN   TestRBACManagement_GetAllUserAccessInWorkspace_Error
--- PASS: TestRBACManagement_GetAllUserAccessInWorkspace_Error (0.06s)
=== RUN   TestRBACManagement_AccessMemberDelegates_Success
--- PASS: TestRBACManagement_AccessMemberDelegates_Success (0.00s)
=== RUN   TestRBACManagement_AccessMemberDelegates_Errors
--- PASS: TestRBACManagement_AccessMemberDelegates_Errors (0.00s)
=== RUN   TestRBACManagement_RoleAndPermissionUsage_ErrorBranches
--- PASS: TestRBACManagement_RoleAndPermissionUsage_ErrorBranches (0.00s)
=== RUN   TestRBACManagement_AnalyticsAndMatrix_ErrorBranches
--- PASS: TestRBACManagement_AnalyticsAndMatrix_ErrorBranches (0.00s)
=== RUN   TestRBACManagement_GetUnusedRoles_Error
--- PASS: TestRBACManagement_GetUnusedRoles_Error (0.00s)
=== RUN   TestRBACManagement_GetRBACSystemStatus_ErrorCounts
--- PASS: TestRBACManagement_GetRBACSystemStatus_ErrorCounts (0.00s)
=== RUN   TestRBACManagement_InitializeRBACSystem_AssignPermissionError
Initializing RBAC System...
Creating resources...
Γ£ô Created resource: workspace
Γ£ô Created resource: base
Γ£ô Created resource: table
Γ£ô Created resource: records
Γ£ô Created resource: members
Γ£ô Created resource: views
Γ£ô Created resource: settings
Γ£ô Created resource: api_tokens
Γ£ô Created resource: webhooks
Γ£ô Created resource: automations

Creating actions...
Γ£ô Created action: read
Γ£ô Created action: create
Γ£ô Created action: update
Γ£ô Created action: delete
Γ£ô Created action: share
Γ£ô Created action: invite
Γ£ô Created action: export
Γ£ô Created action: import
Γ£ô Created action: execute
Γ£ô Created action: manage

Creating roles...
Γ£ô Created role: owner (scope: system, priority: 100)
Γ£ô Created role: co-owner (scope: system, priority: 90)
Γ£ô Created role: maintainer (scope: workspace, priority: 80)
Γ£ô Created role: workspace-read (scope: workspace, priority: 70)
Γ£ô Created role: base-member (scope: base, priority: 60)
Γ£ô Created role: base-read (scope: base, priority: 50)
Γ£ô Created role: user (scope: system, priority: 10)

Creating permissions...
Γ£ô Created permission: workspace.read
Γ£ô Created permission: workspace.create
Γ£ô Created permission: workspace.update
Γ£ô Created permission: workspace.delete
Γ£ô Created permission: workspace.share
Γ£ô Created permission: workspace.invite
Γ£ô Created permission: base.read
Γ£ô Created permission: base.create
Γ£ô Created permission: base.update
Γ£ô Created permission: base.delete
Γ£ô Created permission: records.read
Γ£ô Created permission: records.create
Γ£ô Created permission: records.update
Γ£ô Created permission: records.delete
Γ£ô Created permission: records.export
Γ£ô Created permission: members.read
Γ£ô Created permission: members.invite
Γ£ô Created permission: members.manage
Γ£ô Created permission: views.read
Γ£ô Created permission: views.create
Γ£ô Created permission: views.update
Γ£ô Created permission: views.delete
Γ£ô Created permission: settings.read
Γ£ô Created permission: settings.update
Γ£ô Created permission: api_tokens.read
Γ£ô Created permission: api_tokens.create
Γ£ô Created permission: api_tokens.delete
Γ£ô Created permission: api_tokens.manage
Γ£ô Created permission: webhooks.read
Γ£ô Created permission: webhooks.create
Γ£ô Created permission: webhooks.update
Γ£ô Created permission: webhooks.delete

Assigning permissions to roles...
Error assigning permission workspace.read to owner: assign error
Error assigning permission workspace.create to owner: assign error
Error assigning permission workspace.update to owner: assign error
Error assigning permission workspace.delete to owner: assign error
Error assigning permission workspace.share to owner: assign error
Error assigning permission workspace.invite to owner: assign error
Error assigning permission base.read to owner: assign error
Error assigning permission base.create to owner: assign error
Error assigning permission base.update to owner: assign error
Error assigning permission base.delete to owner: assign error
Error assigning permission records.read to owner: assign error
Error assigning permission records.create to owner: assign error
Error assigning permission records.update to owner: assign error
Error assigning permission records.delete to owner: assign error
Error assigning permission records.export to owner: assign error
Error assigning permission members.read to owner: assign error
Error assigning permission members.invite to owner: assign error
Error assigning permission members.manage to owner: assign error
Error assigning permission views.read to owner: assign error
Error assigning permission views.create to owner: assign error
Error assigning permission views.update to owner: assign error
Error assigning permission views.delete to owner: assign error
Error assigning permission settings.read to owner: assign error
Error assigning permission settings.update to owner: assign error
Error assigning permission api_tokens.read to owner: assign error
Error assigning permission api_tokens.create to owner: assign error
Error assigning permission api_tokens.delete to owner: assign error
Error assigning permission api_tokens.manage to owner: assign error
Error assigning permission webhooks.read to owner: assign error
Error assigning permission webhooks.create to owner: assign error
Error assigning permission webhooks.update to owner: assign error
Error assigning permission webhooks.delete to owner: assign error
Error assigning permission base.read to member: assign error
Error assigning permission records.read to member: assign error
Error assigning permission records.create to member: assign error
Error assigning permission records.update to member: assign error
Error assigning permission records.delete to member: assign error
Error assigning permission records.export to member: assign error
Error assigning permission views.read to member: assign error
Error assigning permission views.create to member: assign error
Error assigning permission views.update to member: assign error
Error assigning permission views.delete to member: assign error

Γ£ô RBAC System initialization completed successfully!
--- PASS: TestRBACManagement_InitializeRBACSystem_AssignPermissionError (0.02s)
=== RUN   TestRBACManagement_InitializeRBACSystem_RoleCreationError
Initializing RBAC System...
Creating resources...
Γ£ô Created resource: workspace
Γ£ô Created resource: base
Γ£ô Created resource: table
Γ£ô Created resource: records
Γ£ô Created resource: members
Γ£ô Created resource: views
Γ£ô Created resource: settings
Γ£ô Created resource: api_tokens
Γ£ô Created resource: webhooks
Γ£ô Created resource: automations

Creating actions...
Γ£ô Created action: read
Γ£ô Created action: create
Γ£ô Created action: update
Γ£ô Created action: delete
Γ£ô Created action: share
Γ£ô Created action: invite
Γ£ô Created action: export
Γ£ô Created action: import
Γ£ô Created action: execute
Γ£ô Created action: manage

Creating roles...
Error creating role owner: role create error
Error creating role co-owner: role create error
Error creating role maintainer: role create error
Error creating role workspace-read: role create error
Error creating role base-member: role create error
Error creating role base-read: role create error
Error creating role user: role create error

Creating permissions...
Error creating permission workspace.read: perm create error
Error creating permission workspace.create: perm create error
Error creating permission workspace.update: perm create error
Error creating permission workspace.delete: perm create error
Error creating permission workspace.share: perm create error
Error creating permission workspace.invite: perm create error
Error creating permission base.read: perm create error
Error creating permission base.create: perm create error
Error creating permission base.update: perm create error
Error creating permission base.delete: perm create error
Error creating permission records.read: perm create error
Error creating permission records.create: perm create error
Error creating permission records.update: perm create error
Error creating permission records.delete: perm create error
Error creating permission records.export: perm create error
Error creating permission members.read: perm create error
Error creating permission members.invite: perm create error
Error creating permission members.manage: perm create error
Error creating permission views.read: perm create error
Error creating permission views.create: perm create error
Error creating permission views.update: perm create error
Error creating permission views.delete: perm create error
Error creating permission settings.read: perm create error
Error creating permission settings.update: perm create error
Error creating permission api_tokens.read: perm create error
Error creating permission api_tokens.create: perm create error
Error creating permission api_tokens.delete: perm create error
Error creating permission api_tokens.manage: perm create error
Error creating permission webhooks.read: perm create error
Error creating permission webhooks.create: perm create error
Error creating permission webhooks.update: perm create error
Error creating permission webhooks.delete: perm create error

Assigning permissions to roles...

Γ£ô RBAC System initialization completed successfully!
--- PASS: TestRBACManagement_InitializeRBACSystem_RoleCreationError (0.02s)
=== RUN   TestInitializeRBACSystem_SuccessAndPartialErrors
Initializing RBAC System...
Creating resources...
Γ£ô Created resource: workspace
Γ£ô Created resource: base
Γ£ô Created resource: table
Γ£ô Created resource: records
Γ£ô Created resource: members
Γ£ô Created resource: views
Error creating resource settings: fail
Γ£ô Created resource: api_tokens
Γ£ô Created resource: webhooks
Γ£ô Created resource: automations

Creating actions...
Γ£ô Created action: read
Γ£ô Created action: create
Γ£ô Created action: update
Γ£ô Created action: delete
Γ£ô Created action: share
Γ£ô Created action: invite
Error creating action export: fail
Γ£ô Created action: import
Γ£ô Created action: execute
Γ£ô Created action: manage

Creating roles...
Γ£ô Created role: owner (scope: system, priority: 100)
Γ£ô Created role: co-owner (scope: system, priority: 90)
Γ£ô Created role: maintainer (scope: workspace, priority: 80)
Γ£ô Created role: workspace-read (scope: workspace, priority: 70)
Γ£ô Created role: base-member (scope: base, priority: 60)
Γ£ô Created role: base-read (scope: base, priority: 50)
Γ£ô Created role: user (scope: system, priority: 10)

Creating permissions...
Γ£ô Created permission: workspace.read
Γ£ô Created permission: workspace.create
Γ£ô Created permission: workspace.update
Γ£ô Created permission: workspace.delete
Γ£ô Created permission: workspace.share
Γ£ô Created permission: workspace.invite
Γ£ô Created permission: base.read
Γ£ô Created permission: base.create
Γ£ô Created permission: base.update
Γ£ô Created permission: base.delete
Γ£ô Created permission: records.read
Γ£ô Created permission: records.create
Γ£ô Created permission: records.update
Γ£ô Created permission: records.delete
Γ£ô Created permission: members.read
Γ£ô Created permission: members.invite
Γ£ô Created permission: members.manage
Γ£ô Created permission: views.read
Γ£ô Created permission: views.create
Γ£ô Created permission: views.update
Γ£ô Created permission: views.delete
Γ£ô Created permission: api_tokens.read
Γ£ô Created permission: api_tokens.create
Γ£ô Created permission: api_tokens.delete
Γ£ô Created permission: api_tokens.manage
Γ£ô Created permission: webhooks.read
Γ£ô Created permission: webhooks.create
Γ£ô Created permission: webhooks.update
Γ£ô Created permission: webhooks.delete

Assigning permissions to roles...
Γ£ô Assigned permission workspace.read to owner
Γ£ô Assigned permission workspace.create to owner
Γ£ô Assigned permission workspace.update to owner
Γ£ô Assigned permission workspace.delete to owner
Γ£ô Assigned permission workspace.share to owner
Γ£ô Assigned permission workspace.invite to owner
Γ£ô Assigned permission base.read to owner
Γ£ô Assigned permission base.create to owner
Γ£ô Assigned permission base.update to owner
Γ£ô Assigned permission base.delete to owner
Γ£ô Assigned permission records.read to owner
Γ£ô Assigned permission records.create to owner
Γ£ô Assigned permission records.update to owner
Γ£ô Assigned permission records.delete to owner
Γ£ô Assigned permission members.read to owner
Γ£ô Assigned permission members.invite to owner
Γ£ô Assigned permission members.manage to owner
Γ£ô Assigned permission views.read to owner
Γ£ô Assigned permission views.create to owner
Γ£ô Assigned permission views.update to owner
Γ£ô Assigned permission views.delete to owner
Γ£ô Assigned permission api_tokens.read to owner
Γ£ô Assigned permission api_tokens.create to owner
Γ£ô Assigned permission api_tokens.delete to owner
Γ£ô Assigned permission api_tokens.manage to owner
Γ£ô Assigned permission webhooks.read to owner
Γ£ô Assigned permission webhooks.create to owner
Γ£ô Assigned permission webhooks.update to owner
Γ£ô Assigned permission webhooks.delete to owner
Γ£ô Assigned permission base.read to member
Γ£ô Assigned permission records.read to member
Γ£ô Assigned permission records.create to member
Γ£ô Assigned permission records.update to member
Γ£ô Assigned permission records.delete to member
Γ£ô Assigned permission views.read to member
Γ£ô Assigned permission views.create to member
Γ£ô Assigned permission views.update to member
Γ£ô Assigned permission views.delete to member

Γ£ô RBAC System initialization completed successfully!
--- PASS: TestInitializeRBACSystem_SuccessAndPartialErrors (0.15s)
=== RUN   TestRBACSystemStatus_Counts
--- PASS: TestRBACSystemStatus_Counts (0.00s)
=== RUN   TestRBACManagement_AccessMemberDelegates
--- PASS: TestRBACManagement_AccessMemberDelegates (0.00s)
=== RUN   TestGetAllUserAccessInWorkspace_Filtering
--- PASS: TestGetAllUserAccessInWorkspace_Filtering (0.00s)
=== RUN   TestRBACAnalyticsAndReports
--- PASS: TestRBACAnalyticsAndReports (0.00s)
=== RUN   TestValidateAndAudit
--- PASS: TestValidateAndAudit (0.00s)
=== RUN   TestProcessUserMemberships_Variants
DEBUG: SCOPE-UPDATE - User already has role 'maintainer' in workspace ws. Skipping.
DEBUG: CASE 3 - Found workspace-level access for user user. Will convert to base-level.
DEBUG: CASE 3 - Removing workspace-level access from workspace ws (Record ID: c9a59b14-91e4-4f43-a481-3a5fe46b6a84)
DEBUG: CASE 3 - Successfully removed workspace-level access
--- PASS: TestProcessUserMemberships_Variants (0.00s)
=== RUN   TestNewRBACManagementService
--- PASS: TestNewRBACManagementService (0.00s)
=== RUN   TestCreateRole
--- PASS: TestCreateRole (0.00s)
=== RUN   TestGetRoleByID
--- PASS: TestGetRoleByID (0.00s)
=== RUN   TestGetRoleByName
--- PASS: TestGetRoleByName (0.00s)
=== RUN   TestListRoles
--- PASS: TestListRoles (0.00s)
=== RUN   TestUpdateRole
--- PASS: TestUpdateRole (0.00s)
=== RUN   TestDeleteRole
--- PASS: TestDeleteRole (0.00s)
=== RUN   TestCreateResource
--- PASS: TestCreateResource (0.00s)
=== RUN   TestCreatePermission
--- PASS: TestCreatePermission (0.00s)
=== RUN   TestAssignPermissionToRole
--- PASS: TestAssignPermissionToRole (0.00s)
=== RUN   TestRBACMgmt_AssignRoleToUser
--- PASS: TestRBACMgmt_AssignRoleToUser (0.00s)
=== RUN   TestRBACMgmt_AssignRoleToUser_NilService
--- PASS: TestRBACMgmt_AssignRoleToUser_NilService (0.00s)
=== RUN   TestRBACMgmt_RemoveRoleFromUser
--- PASS: TestRBACMgmt_RemoveRoleFromUser (0.00s)
=== RUN   TestGetUserPermissions
--- PASS: TestGetUserPermissions (0.00s)
=== RUN   TestRBACMgmt_CheckUserPermission
--- PASS: TestRBACMgmt_CheckUserPermission (0.00s)
=== RUN   TestRBACMgmt_BulkAssignRoleToUsers
--- PASS: TestRBACMgmt_BulkAssignRoleToUsers (0.00s)
=== RUN   TestBulkAssignPermissionsToRole
--- PASS: TestBulkAssignPermissionsToRole (0.00s)
=== RUN   TestBulkAssignPermissionsToRole_Error
--- PASS: TestBulkAssignPermissionsToRole_Error (0.00s)
=== RUN   TestCountRoles
--- PASS: TestCountRoles (0.00s)
=== RUN   TestCountRoles_EmptyData
--- PASS: TestCountRoles_EmptyData (0.00s)
=== RUN   TestCountRoles_DatabaseError
--- PASS: TestCountRoles_DatabaseError (0.00s)
=== RUN   TestCountPermissions
--- PASS: TestCountPermissions (0.00s)
=== RUN   TestCountRolePermissions
--- PASS: TestCountRolePermissions (0.00s)
=== RUN   TestGetRBACSystemStatus
--- PASS: TestGetRBACSystemStatus (0.00s)
=== RUN   TestGetRBACSystemStatus_NotInitialized
--- PASS: TestGetRBACSystemStatus_NotInitialized (0.00s)
=== RUN   TestRBACMgmt_GetResourceByID
--- PASS: TestRBACMgmt_GetResourceByID (0.00s)
=== RUN   TestRBACMgmt_GetResourceByCode
--- PASS: TestRBACMgmt_GetResourceByCode (0.00s)
=== RUN   TestRBACMgmt_ListResources
--- PASS: TestRBACMgmt_ListResources (0.00s)
=== RUN   TestRBACMgmt_UpdateResource
--- PASS: TestRBACMgmt_UpdateResource (0.00s)
=== RUN   TestRBACMgmt_DeleteResource
--- PASS: TestRBACMgmt_DeleteResource (0.00s)
=== RUN   TestRBACMgmt_GetOrCreateResource
--- PASS: TestRBACMgmt_GetOrCreateResource (0.00s)
=== RUN   TestCreateAction
--- PASS: TestCreateAction (0.00s)
=== RUN   TestRBACMgmt_GetActionByID
--- PASS: TestRBACMgmt_GetActionByID (0.00s)
=== RUN   TestRBACMgmt_GetActionByCode
--- PASS: TestRBACMgmt_GetActionByCode (0.00s)
=== RUN   TestRBACMgmt_ListActions
--- PASS: TestRBACMgmt_ListActions (0.00s)
=== RUN   TestRBACMgmt_UpdateAction
--- PASS: TestRBACMgmt_UpdateAction (0.00s)
=== RUN   TestRBACMgmt_DeleteAction
--- PASS: TestRBACMgmt_DeleteAction (0.00s)
=== RUN   TestRBACMgmt_GetOrCreateAction
--- PASS: TestRBACMgmt_GetOrCreateAction (0.00s)
=== RUN   TestRBACMgmt_GetPermissionByID
--- PASS: TestRBACMgmt_GetPermissionByID (0.00s)
=== RUN   TestRBACMgmt_GetPermissionByResourceAndAction
--- PASS: TestRBACMgmt_GetPermissionByResourceAndAction (0.00s)
=== RUN   TestRBACMgmt_ListPermissions
--- PASS: TestRBACMgmt_ListPermissions (0.00s)
=== RUN   TestRBACMgmt_DeletePermission
--- PASS: TestRBACMgmt_DeletePermission (0.00s)
=== RUN   TestRBACMgmt_GetOrCreatePermission
--- PASS: TestRBACMgmt_GetOrCreatePermission (0.00s)
=== RUN   TestRBACMgmt_GetPermissionsByResource
--- PASS: TestRBACMgmt_GetPermissionsByResource (0.00s)
=== RUN   TestRBACMgmt_RemovePermissionFromRole
--- PASS: TestRBACMgmt_RemovePermissionFromRole (0.00s)
=== RUN   TestRBACMgmt_GetRolePermissions
--- PASS: TestRBACMgmt_GetRolePermissions (0.00s)
=== RUN   TestRBACMgmt_GetPermissionsByRole
--- PASS: TestRBACMgmt_GetPermissionsByRole (0.01s)
=== RUN   TestRBACMgmt_GetRolesByPermission
--- PASS: TestRBACMgmt_GetRolesByPermission (0.00s)
=== RUN   TestRBACMgmt_CheckRoleHasPermission
--- PASS: TestRBACMgmt_CheckRoleHasPermission (0.01s)
=== RUN   TestRBACMgmt_GetUserAccessMembers
--- PASS: TestRBACMgmt_GetUserAccessMembers (0.00s)
=== RUN   TestRBACMgmt_GetUserAccessByScope
--- PASS: TestRBACMgmt_GetUserAccessByScope (0.00s)
=== RUN   TestRBACMgmt_GetScopeMembers
--- PASS: TestRBACMgmt_GetScopeMembers (0.00s)
=== RUN   TestRBACMgmt_GetUserHighestRole
--- PASS: TestRBACMgmt_GetUserHighestRole (0.00s)
=== RUN   TestRBACMgmt_BulkRemoveRoleFromUsers
--- PASS: TestRBACMgmt_BulkRemoveRoleFromUsers (0.00s)
=== RUN   TestGetRolesByScope
--- PASS: TestGetRolesByScope (0.00s)
=== RUN   TestRemoveRoleFromUser_NilService
--- PASS: TestRemoveRoleFromUser_NilService (0.00s)
=== RUN   TestGetUserPermissions_NilService
--- PASS: TestGetUserPermissions_NilService (0.00s)
=== RUN   TestCheckUserPermission_NilService
--- PASS: TestCheckUserPermission_NilService (0.00s)
=== RUN   TestBulkAssignRoleToUsers_NilService
--- PASS: TestBulkAssignRoleToUsers_NilService (0.00s)
=== RUN   TestNewRolePermissionService
--- PASS: TestNewRolePermissionService (0.00s)
=== RUN   TestRolePerm_AssignPermissionToRole
--- PASS: TestRolePerm_AssignPermissionToRole (0.00s)
=== RUN   TestRolePerm_AssignPermissionToRole_WithNilID
--- PASS: TestRolePerm_AssignPermissionToRole_WithNilID (0.00s)
=== RUN   TestRolePerm_AssignPermissionToRole_DatabaseError
--- PASS: TestRolePerm_AssignPermissionToRole_DatabaseError (0.00s)
=== RUN   TestRolePerm_AssignPermissionToRole_MapStructError
--- PASS: TestRolePerm_AssignPermissionToRole_MapStructError (0.00s)
=== RUN   TestRemovePermissionFromRole
--- PASS: TestRemovePermissionFromRole (0.00s)
=== RUN   TestRemovePermissionFromRole_NotFound
--- PASS: TestRemovePermissionFromRole_NotFound (0.00s)
=== RUN   TestRemovePermissionFromRole_GetDataError
--- PASS: TestRemovePermissionFromRole_GetDataError (0.00s)
=== RUN   TestRemovePermissionFromRole_DeleteError
--- PASS: TestRemovePermissionFromRole_DeleteError (0.00s)
=== RUN   TestGetRolePermissions
--- PASS: TestGetRolePermissions (0.00s)
=== RUN   TestGetRolePermissions_DatabaseError
--- PASS: TestGetRolePermissions_DatabaseError (0.00s)
=== RUN   TestGetRolePermissions_MapStructError
--- PASS: TestGetRolePermissions_MapStructError (0.00s)
=== RUN   TestGetPermissionsByRole
--- PASS: TestGetPermissionsByRole (0.04s)
=== RUN   TestGetPermissionsByRole_GetRolePermissionsError
--- PASS: TestGetPermissionsByRole_GetRolePermissionsError (0.00s)
=== RUN   TestGetPermissionsByRole_GetPermissionError
--- PASS: TestGetPermissionsByRole_GetPermissionError (0.00s)
=== RUN   TestGetRolesByPermission
--- PASS: TestGetRolesByPermission (0.00s)
=== RUN   TestGetRolesByPermission_GetDataError
--- PASS: TestGetRolesByPermission_GetDataError (0.00s)
=== RUN   TestGetRolesByPermission_MapStructError
--- PASS: TestGetRolesByPermission_MapStructError (0.00s)
=== RUN   TestGetRolesByPermission_GetRoleError
--- PASS: TestGetRolesByPermission_GetRoleError (0.00s)
=== RUN   TestCheckRoleHasPermission
--- PASS: TestCheckRoleHasPermission (0.00s)
=== RUN   TestCheckRoleHasPermission_NotFound
--- PASS: TestCheckRoleHasPermission_NotFound (0.00s)
=== RUN   TestCheckRoleHasPermission_DatabaseError
--- PASS: TestCheckRoleHasPermission_DatabaseError (0.00s)
PASS
coverage: [no statements]
ok  	github.com/aptlogica/sereni-base/tests/services/rbac	4.832s	coverage: [no statements]
=== RUN   TestNewColumnService
--- PASS: TestNewColumnService (0.00s)
=== RUN   TestCreateColumn
=== RUN   TestCreateColumn/create_table_error
=== RUN   TestCreateColumn/success
--- PASS: TestCreateColumn (0.00s)
    --- PASS: TestCreateColumn/create_table_error (0.00s)
    --- PASS: TestCreateColumn/success (0.00s)
=== RUN   TestCreateColumnRecord
=== RUN   TestCreateColumnRecord/create_record_error
=== RUN   TestCreateColumnRecord/map_error
DEBUG: Failed to add column created_by to "schema"."columns": boom
DEBUG: Failed to add column last_modified_by to "schema"."columns": boom
=== RUN   TestCreateColumnRecord/success
--- PASS: TestCreateColumnRecord (0.03s)
    --- PASS: TestCreateColumnRecord/create_record_error (0.02s)
    --- PASS: TestCreateColumnRecord/map_error (0.00s)
    --- PASS: TestCreateColumnRecord/success (0.00s)
=== RUN   TestGetColumnByID
=== RUN   TestGetColumnByID/fetch_error
=== RUN   TestGetColumnByID/not_found
=== RUN   TestGetColumnByID/success
--- PASS: TestGetColumnByID (0.00s)
    --- PASS: TestGetColumnByID/fetch_error (0.00s)
    --- PASS: TestGetColumnByID/not_found (0.00s)
    --- PASS: TestGetColumnByID/success (0.00s)
=== RUN   TestFetchColumns_MapError
--- PASS: TestFetchColumns_MapError (0.00s)
=== RUN   TestUpdateColumn
=== RUN   TestUpdateColumn/get_column_error
=== RUN   TestUpdateColumn/update_record_error
=== RUN   TestUpdateColumn/empty_update_result
=== RUN   TestUpdateColumn/success
--- PASS: TestUpdateColumn (0.00s)
    --- PASS: TestUpdateColumn/get_column_error (0.00s)
    --- PASS: TestUpdateColumn/update_record_error (0.00s)
    --- PASS: TestUpdateColumn/empty_update_result (0.00s)
    --- PASS: TestUpdateColumn/success (0.00s)
=== RUN   TestDeleteColumn
=== RUN   TestDeleteColumn/get_column_error
=== RUN   TestDeleteColumn/delete_error
=== RUN   TestDeleteColumn/success
--- PASS: TestDeleteColumn (0.00s)
    --- PASS: TestDeleteColumn/get_column_error (0.00s)
    --- PASS: TestDeleteColumn/delete_error (0.00s)
    --- PASS: TestDeleteColumn/success (0.00s)
=== RUN   TestGetColumnByModelID
=== RUN   TestGetColumnByModelID/error
=== RUN   TestGetColumnByModelID/success
--- PASS: TestGetColumnByModelID (0.00s)
    --- PASS: TestGetColumnByModelID/error (0.00s)
    --- PASS: TestGetColumnByModelID/success (0.00s)
=== RUN   TestBulkInsert
=== RUN   TestBulkInsert/bulk_error
=== RUN   TestBulkInsert/map_error
=== RUN   TestBulkInsert/success
--- PASS: TestBulkInsert (0.00s)
    --- PASS: TestBulkInsert/bulk_error (0.00s)
    --- PASS: TestBulkInsert/map_error (0.00s)
    --- PASS: TestBulkInsert/success (0.00s)
=== RUN   TestGetMaxOrderIndex
=== RUN   TestGetMaxOrderIndex/error
=== RUN   TestGetMaxOrderIndex/success
--- PASS: TestGetMaxOrderIndex (0.00s)
    --- PASS: TestGetMaxOrderIndex/error (0.00s)
    --- PASS: TestGetMaxOrderIndex/success (0.00s)
=== RUN   TestGetMaxOrderIndexOfColumn
=== RUN   TestGetMaxOrderIndexOfColumn/error
=== RUN   TestGetMaxOrderIndexOfColumn/no_data
=== RUN   TestGetMaxOrderIndexOfColumn/int
=== RUN   TestGetMaxOrderIndexOfColumn/int64
=== RUN   TestGetMaxOrderIndexOfColumn/float64
=== RUN   TestGetMaxOrderIndexOfColumn/float32
=== RUN   TestGetMaxOrderIndexOfColumn/nil_max
--- PASS: TestGetMaxOrderIndexOfColumn (0.00s)
    --- PASS: TestGetMaxOrderIndexOfColumn/error (0.00s)
    --- PASS: TestGetMaxOrderIndexOfColumn/no_data (0.00s)
    --- PASS: TestGetMaxOrderIndexOfColumn/int (0.00s)
    --- PASS: TestGetMaxOrderIndexOfColumn/int64 (0.00s)
    --- PASS: TestGetMaxOrderIndexOfColumn/float64 (0.00s)
    --- PASS: TestGetMaxOrderIndexOfColumn/float32 (0.00s)
    --- PASS: TestGetMaxOrderIndexOfColumn/nil_max (0.00s)
=== RUN   TestImport_ScanFileOpenError
--- PASS: TestImport_ScanFileOpenError (0.00s)
=== RUN   TestImport_AntivirusThreat
--- PASS: TestImport_AntivirusThreat (0.00s)
=== RUN   TestImport_AntivirusPass
--- PASS: TestImport_AntivirusPass (0.00s)
=== RUN   TestImport_EnsureBaseErrors
--- PASS: TestImport_EnsureBaseErrors (0.00s)
=== RUN   TestImport_EnsureBaseSuccess
--- PASS: TestImport_EnsureBaseSuccess (0.00s)
=== RUN   TestImport_ParseCSVError
--- PASS: TestImport_ParseCSVError (0.00s)
=== RUN   TestImport_ParseCSVOpenError
--- PASS: TestImport_ParseCSVOpenError (0.00s)
=== RUN   TestImport_ParseCSVReadError
--- PASS: TestImport_ParseCSVReadError (0.00s)
=== RUN   TestImport_CreateTableError
--- PASS: TestImport_CreateTableError (0.00s)
=== RUN   TestImport_UpdateTitleColumnNoTitleName
--- PASS: TestImport_UpdateTitleColumnNoTitleName (0.00s)
=== RUN   TestImport_UpdateTitleColumnNoTitleFound
--- PASS: TestImport_UpdateTitleColumnNoTitleFound (0.00s)
=== RUN   TestImport_UpdateTitleColumnError
--- PASS: TestImport_UpdateTitleColumnError (0.00s)
=== RUN   TestImport_AddColumnsError
--- PASS: TestImport_AddColumnsError (0.00s)
=== RUN   TestImport_InsertBatchError
--- PASS: TestImport_InsertBatchError (0.00s)
=== RUN   TestImport_RefreshTableError
--- PASS: TestImport_RefreshTableError (0.00s)
=== RUN   TestImport_SuccessAndTypes
--- PASS: TestImport_SuccessAndTypes (0.01s)
=== RUN   TestImport_UpdateTypeFlags_NumericType
--- PASS: TestImport_UpdateTypeFlags_NumericType (0.00s)
=== RUN   TestImport_UpdateTypeFlags_BooleanType
--- PASS: TestImport_UpdateTypeFlags_BooleanType (0.00s)
=== RUN   TestImport_UpdateTypeFlags_DateType
--- PASS: TestImport_UpdateTypeFlags_DateType (0.00s)
=== RUN   TestImport_UpdateTypeFlags_MixedTypes
--- PASS: TestImport_UpdateTypeFlags_MixedTypes (0.00s)
=== RUN   TestImport_UpdateTypeFlags_EmailType
--- PASS: TestImport_UpdateTypeFlags_EmailType (0.00s)
=== RUN   TestNewModelService
--- PASS: TestNewModelService (0.00s)
=== RUN   TestCreateModel
=== RUN   TestCreateModel/repo_not_initialized
=== RUN   TestCreateModel/create_table_error
=== RUN   TestCreateModel/success
--- PASS: TestCreateModel (0.05s)
    --- PASS: TestCreateModel/repo_not_initialized (0.00s)
    --- PASS: TestCreateModel/create_table_error (0.04s)
    --- PASS: TestCreateModel/success (0.00s)
=== RUN   TestCreate
=== RUN   TestCreate/create_record_error
=== RUN   TestCreate/map_error
=== RUN   TestCreate/success
--- PASS: TestCreate (0.16s)
    --- PASS: TestCreate/create_record_error (0.00s)
    --- PASS: TestCreate/map_error (0.00s)
    --- PASS: TestCreate/success (0.16s)
=== RUN   TestGetModelByID
=== RUN   TestGetModelByID/fetch_error
=== RUN   TestGetModelByID/not_found
=== RUN   TestGetModelByID/success
--- PASS: TestGetModelByID (0.00s)
    --- PASS: TestGetModelByID/fetch_error (0.00s)
    --- PASS: TestGetModelByID/not_found (0.00s)
    --- PASS: TestGetModelByID/success (0.00s)
=== RUN   TestFetchModels
=== RUN   TestFetchModels/repo_nil
=== RUN   TestFetchModels/get_data_error
=== RUN   TestFetchModels/map_error
=== RUN   TestFetchModels/success
--- PASS: TestFetchModels (0.00s)
    --- PASS: TestFetchModels/repo_nil (0.00s)
    --- PASS: TestFetchModels/get_data_error (0.00s)
    --- PASS: TestFetchModels/map_error (0.00s)
    --- PASS: TestFetchModels/success (0.00s)
=== RUN   TestUpdate
=== RUN   TestUpdate/update_error
=== RUN   TestUpdate/map_error
=== RUN   TestUpdate/success
--- PASS: TestUpdate (0.00s)
    --- PASS: TestUpdate/update_error (0.00s)
    --- PASS: TestUpdate/map_error (0.00s)
    --- PASS: TestUpdate/success (0.00s)
=== RUN   TestDeleteModels
=== RUN   TestDeleteModels/repo_nil
=== RUN   TestDeleteModels/empty_id
=== RUN   TestDeleteModels/delete_error
=== RUN   TestDeleteModels/success
--- PASS: TestDeleteModels (0.00s)
    --- PASS: TestDeleteModels/repo_nil (0.00s)
    --- PASS: TestDeleteModels/empty_id (0.00s)
    --- PASS: TestDeleteModels/delete_error (0.00s)
    --- PASS: TestDeleteModels/success (0.00s)
=== RUN   TestGetModelByBaseID
=== RUN   TestGetModelByBaseID/fetch_error
=== RUN   TestGetModelByBaseID/success
--- PASS: TestGetModelByBaseID (0.00s)
    --- PASS: TestGetModelByBaseID/fetch_error (0.00s)
    --- PASS: TestGetModelByBaseID/success (0.00s)
=== RUN   TestGetModelByWorkspaceID
=== RUN   TestGetModelByWorkspaceID/fetch_error
=== RUN   TestGetModelByWorkspaceID/success
--- PASS: TestGetModelByWorkspaceID (0.00s)
    --- PASS: TestGetModelByWorkspaceID/fetch_error (0.00s)
    --- PASS: TestGetModelByWorkspaceID/success (0.00s)
=== RUN   TestDeleteModel
=== RUN   TestDeleteModel/delete_error
=== RUN   TestDeleteModel/success
--- PASS: TestDeleteModel (0.00s)
    --- PASS: TestDeleteModel/delete_error (0.00s)
    --- PASS: TestDeleteModel/success (0.00s)
=== RUN   TestCreateTableWithDefaults_Success
--- PASS: TestCreateTableWithDefaults_Success (0.00s)
=== RUN   TestCreateTableWithDefaults_Errors
=== RUN   TestCreateTableWithDefaults_Errors/create_model_error
=== RUN   TestCreateTableWithDefaults_Errors/create_table_error
=== RUN   TestCreateTableWithDefaults_Errors/insert_system_columns_error
=== RUN   TestCreateTableWithDefaults_Errors/create_default_view_error
=== RUN   TestCreateTableWithDefaults_Errors/get_all_records_error
--- PASS: TestCreateTableWithDefaults_Errors (0.01s)
    --- PASS: TestCreateTableWithDefaults_Errors/create_model_error (0.00s)
    --- PASS: TestCreateTableWithDefaults_Errors/create_table_error (0.00s)
    --- PASS: TestCreateTableWithDefaults_Errors/insert_system_columns_error (0.00s)
    --- PASS: TestCreateTableWithDefaults_Errors/create_default_view_error (0.00s)
    --- PASS: TestCreateTableWithDefaults_Errors/get_all_records_error (0.00s)
=== RUN   TestInsertSystemColumns_SystemFieldRespected
--- PASS: TestInsertSystemColumns_SystemFieldRespected (0.01s)
=== RUN   TestCreateTableWithDefaultsImport_Success
Table imported with metadata: map[import_source:import_service imported_at:2026-03-20 09:14:36.9637718 +0000 UTC]
--- PASS: TestCreateTableWithDefaultsImport_Success (0.00s)
=== RUN   TestUpdateTable
--- PASS: TestUpdateTable (0.00s)
=== RUN   TestGetTableByID
--- PASS: TestGetTableByID (0.42s)
=== RUN   TestGetRecordsWithLookups_Normalize
--- PASS: TestGetRecordsWithLookups_Normalize (0.00s)
=== RUN   TestGetRecordsWithLookups_Empty
--- PASS: TestGetRecordsWithLookups_Empty (0.00s)
=== RUN   TestGetAllTablesAndModels
--- PASS: TestGetAllTablesAndModels (0.00s)
=== RUN   TestGetModelByBaseAndWorkspace
--- PASS: TestGetModelByBaseAndWorkspace (0.00s)
=== RUN   TestDeleteTable
=== RUN   TestDeleteTable/model_not_found
=== RUN   TestDeleteTable/success
--- PASS: TestDeleteTable (0.00s)
    --- PASS: TestDeleteTable/model_not_found (0.00s)
    --- PASS: TestDeleteTable/success (0.00s)
=== RUN   TestColumnAndViewWrappers
--- PASS: TestColumnAndViewWrappers (0.00s)
=== RUN   TestCreateViewAndUpdateDeleteView
=== RUN   TestCreateViewAndUpdateDeleteView/create_view_struct_error
=== RUN   TestCreateViewAndUpdateDeleteView/update/delete
--- PASS: TestCreateViewAndUpdateDeleteView (0.00s)
    --- PASS: TestCreateViewAndUpdateDeleteView/create_view_struct_error (0.00s)
    --- PASS: TestCreateViewAndUpdateDeleteView/update/delete (0.00s)
=== RUN   TestAddColumn_SimpleAndInvalid
=== RUN   TestAddColumn_SimpleAndInvalid/simple
=== RUN   TestAddColumn_SimpleAndInvalid/invalid_uidt
--- PASS: TestAddColumn_SimpleAndInvalid (0.05s)
    --- PASS: TestAddColumn_SimpleAndInvalid/simple (0.03s)
    --- PASS: TestAddColumn_SimpleAndInvalid/invalid_uidt (0.00s)
=== RUN   TestAddColumn_LinksAndLookup
=== RUN   TestAddColumn_LinksAndLookup/links_invalid_meta
=== RUN   TestAddColumn_LinksAndLookup/links_success
=== RUN   TestAddColumn_LinksAndLookup/lookup_invalid_meta
=== RUN   TestAddColumn_LinksAndLookup/lookup_success
--- PASS: TestAddColumn_LinksAndLookup (0.04s)
    --- PASS: TestAddColumn_LinksAndLookup/links_invalid_meta (0.00s)
    --- PASS: TestAddColumn_LinksAndLookup/links_success (0.04s)
    --- PASS: TestAddColumn_LinksAndLookup/lookup_invalid_meta (0.00s)
    --- PASS: TestAddColumn_LinksAndLookup/lookup_success (0.00s)
=== RUN   TestUpdateColumn_Variants
=== RUN   TestUpdateColumn_Variants/system_not_allowed
=== RUN   TestUpdateColumn_Variants/system_with_title_allowed
=== RUN   TestUpdateColumn_Variants/title_column_type_update_allowed
=== RUN   TestUpdateColumn_Variants/lookup_update
=== RUN   TestUpdateColumn_Variants/datatype_change_error_triggers_revert
=== RUN   TestUpdateColumn_Variants/datatype_change_success
--- PASS: TestUpdateColumn_Variants (0.01s)
    --- PASS: TestUpdateColumn_Variants/system_not_allowed (0.00s)
    --- PASS: TestUpdateColumn_Variants/system_with_title_allowed (0.00s)
    --- PASS: TestUpdateColumn_Variants/title_column_type_update_allowed (0.00s)
    --- PASS: TestUpdateColumn_Variants/lookup_update (0.00s)
    --- PASS: TestUpdateColumn_Variants/datatype_change_error_triggers_revert (0.00s)
    --- PASS: TestUpdateColumn_Variants/datatype_change_success (0.00s)
=== RUN   TestDeleteColumn_Variants
=== RUN   TestDeleteColumn_Variants/delete_not_allowed
=== RUN   TestDeleteColumn_Variants/lookup_delete
=== RUN   TestDeleteColumn_Variants/links_delete
--- PASS: TestDeleteColumn_Variants (0.01s)
    --- PASS: TestDeleteColumn_Variants/delete_not_allowed (0.00s)
    --- PASS: TestDeleteColumn_Variants/lookup_delete (0.00s)
    --- PASS: TestDeleteColumn_Variants/links_delete (0.00s)
=== RUN   TestReorderColumn
--- PASS: TestReorderColumn (0.00s)
=== RUN   TestRowsAndLinks
=== RUN   TestRowsAndLinks/create_and_insert_row_data
=== RUN   TestRowsAndLinks/update_raw_data_for_links
--- PASS: TestRowsAndLinks (0.00s)
    --- PASS: TestRowsAndLinks/create_and_insert_row_data (0.00s)
    --- PASS: TestRowsAndLinks/update_raw_data_for_links (0.00s)
=== RUN   TestAttachmentsAndBulkDelete
=== RUN   TestAttachmentsAndBulkDelete/add_and_remove_attachments
=== RUN   TestAttachmentsAndBulkDelete/update_attachment_with_[]interface{}_payload
=== RUN   TestAttachmentsAndBulkDelete/update_attachment_returns_database_error_when_row_update_fails
=== RUN   TestAttachmentsAndBulkDelete/bulk_delete_rows
--- PASS: TestAttachmentsAndBulkDelete (0.00s)
    --- PASS: TestAttachmentsAndBulkDelete/add_and_remove_attachments (0.00s)
    --- PASS: TestAttachmentsAndBulkDelete/update_attachment_with_[]interface{}_payload (0.00s)
    --- PASS: TestAttachmentsAndBulkDelete/update_attachment_returns_database_error_when_row_update_fails (0.00s)
    --- PASS: TestAttachmentsAndBulkDelete/bulk_delete_rows (0.00s)
=== RUN   TestGetRecordsWithLookups_Relations
--- PASS: TestGetRecordsWithLookups_Relations (0.00s)
=== RUN   TestHelperBehavior_Misc
=== RUN   TestHelperBehavior_Misc/get_database_type_invalid_driver
=== RUN   TestHelperBehavior_Misc/normalize_records_missing_key
--- PASS: TestHelperBehavior_Misc (0.00s)
    --- PASS: TestHelperBehavior_Misc/get_database_type_invalid_driver (0.00s)
    --- PASS: TestHelperBehavior_Misc/normalize_records_missing_key (0.00s)
=== RUN   TestUpdateRawDataForLinks_HasManyVariants
--- PASS: TestUpdateRawDataForLinks_HasManyVariants (0.01s)
=== RUN   TestUpdateRawDataForLinks_HasManyExisting
--- PASS: TestUpdateRawDataForLinks_HasManyExisting (0.00s)
=== RUN   TestDeleteRow_WithLinks
--- PASS: TestDeleteRow_WithLinks (0.00s)
=== RUN   TestDeleteTable_WithColumnsAndViews
--- PASS: TestDeleteTable_WithColumnsAndViews (0.00s)
=== RUN   TestDeleteColumn_NonLookup
--- PASS: TestDeleteColumn_NonLookup (0.00s)
=== RUN   TestCreateRowsAndGetAllRecords
--- PASS: TestCreateRowsAndGetAllRecords (0.00s)
=== RUN   TestDeleteTable_DropError
--- PASS: TestDeleteTable_DropError (0.00s)
=== RUN   TestAddColumn_InvalidMetaCases
=== RUN   TestAddColumn_InvalidMetaCases/links_missing_relation
=== RUN   TestAddColumn_InvalidMetaCases/links_bad_with
=== RUN   TestAddColumn_InvalidMetaCases/links_bad_uuid
=== RUN   TestAddColumn_InvalidMetaCases/links_bad_type
=== RUN   TestAddColumn_InvalidMetaCases/lookup_missing_ids
=== RUN   TestAddColumn_InvalidMetaCases/lookup_bad_uuid
--- PASS: TestAddColumn_InvalidMetaCases (0.00s)
    --- PASS: TestAddColumn_InvalidMetaCases/links_missing_relation (0.00s)
    --- PASS: TestAddColumn_InvalidMetaCases/links_bad_with (0.00s)
    --- PASS: TestAddColumn_InvalidMetaCases/links_bad_uuid (0.00s)
    --- PASS: TestAddColumn_InvalidMetaCases/links_bad_type (0.00s)
    --- PASS: TestAddColumn_InvalidMetaCases/lookup_missing_ids (0.00s)
    --- PASS: TestAddColumn_InvalidMetaCases/lookup_bad_uuid (0.00s)
=== RUN   TestGetRecordsWithLookups_TargetRole
--- PASS: TestGetRecordsWithLookups_TargetRole (0.00s)
=== RUN   TestInsertRowData_SystemColumn
--- PASS: TestInsertRowData_SystemColumn (0.00s)
=== RUN   TestDeleteTable_WithLinkColumn
--- PASS: TestDeleteTable_WithLinkColumn (0.03s)
=== RUN   TestConvertToInt64Array_Variants
--- PASS: TestConvertToInt64Array_Variants (0.00s)
=== RUN   TestAllowInsert_TitleSystemColumn
--- PASS: TestAllowInsert_TitleSystemColumn (0.00s)
=== RUN   TestCheckAttachmentType_Variants
--- PASS: TestCheckAttachmentType_Variants (0.02s)
=== RUN   TestUpdateColumnForLookup_TargetBranch
--- PASS: TestUpdateColumnForLookup_TargetBranch (0.04s)
=== RUN   TestUpdateColumnForLink
--- PASS: TestUpdateColumnForLink (0.00s)
=== RUN   TestGetTableByID_ErrorPaths
--- PASS: TestGetTableByID_ErrorPaths (0.00s)
PASS
coverage: [no statements]
ok  	github.com/aptlogica/sereni-base/tests/services/table	6.624s	coverage: [no statements]
=== RUN   TestNewWorkspaceManagementService
--- PASS: TestNewWorkspaceManagementService (0.00s)
=== RUN   TestWorkspaceManagementCreate
=== RUN   TestWorkspaceManagementCreate/workspace_insertion_error
=== RUN   TestWorkspaceManagementCreate/base_create_error
=== RUN   TestWorkspaceManagementCreate/success_sets_created_by
=== RUN   TestWorkspaceManagementCreate/preserves_provided_created_by
--- PASS: TestWorkspaceManagementCreate (0.02s)
    --- PASS: TestWorkspaceManagementCreate/workspace_insertion_error (0.00s)
    --- PASS: TestWorkspaceManagementCreate/base_create_error (0.01s)
    --- PASS: TestWorkspaceManagementCreate/success_sets_created_by (0.00s)
    --- PASS: TestWorkspaceManagementCreate/preserves_provided_created_by (0.00s)
=== RUN   TestWorkspaceManagementGetByID
=== RUN   TestWorkspaceManagementGetByID/error
=== RUN   TestWorkspaceManagementGetByID/success
--- PASS: TestWorkspaceManagementGetByID (0.00s)
    --- PASS: TestWorkspaceManagementGetByID/error (0.00s)
    --- PASS: TestWorkspaceManagementGetByID/success (0.00s)
=== RUN   TestWorkspaceManagementGetAll
=== RUN   TestWorkspaceManagementGetAll/error
=== RUN   TestWorkspaceManagementGetAll/success
--- PASS: TestWorkspaceManagementGetAll (0.00s)
    --- PASS: TestWorkspaceManagementGetAll/error (0.00s)
    --- PASS: TestWorkspaceManagementGetAll/success (0.00s)
=== RUN   TestWorkspaceManagementUpdate
=== RUN   TestWorkspaceManagementUpdate/error
=== RUN   TestWorkspaceManagementUpdate/sets_updated_by
--- PASS: TestWorkspaceManagementUpdate (0.00s)
    --- PASS: TestWorkspaceManagementUpdate/error (0.00s)
    --- PASS: TestWorkspaceManagementUpdate/sets_updated_by (0.00s)
=== RUN   TestWorkspaceManagementDelete
=== RUN   TestWorkspaceManagementDelete/error
=== RUN   TestWorkspaceManagementDelete/success
--- PASS: TestWorkspaceManagementDelete (0.00s)
    --- PASS: TestWorkspaceManagementDelete/error (0.00s)
    --- PASS: TestWorkspaceManagementDelete/success (0.00s)
=== RUN   TestGetTablesByWorkspaceId
=== RUN   TestGetTablesByWorkspaceId/error
=== RUN   TestGetTablesByWorkspaceId/success
--- PASS: TestGetTablesByWorkspaceId (0.00s)
    --- PASS: TestGetTablesByWorkspaceId/error (0.00s)
    --- PASS: TestGetTablesByWorkspaceId/success (0.00s)
=== RUN   TestGetBasesByWorkspaceId
=== RUN   TestGetBasesByWorkspaceId/error
=== RUN   TestGetBasesByWorkspaceId/success
--- PASS: TestGetBasesByWorkspaceId (0.00s)
    --- PASS: TestGetBasesByWorkspaceId/error (0.00s)
    --- PASS: TestGetBasesByWorkspaceId/success (0.00s)
=== RUN   TestGetAllBasesByWorkspaceId
=== RUN   TestGetAllBasesByWorkspaceId/workspace-level_role
=== RUN   TestGetAllBasesByWorkspaceId/workspace_role_base_fetch_error
=== RUN   TestGetAllBasesByWorkspaceId/access_members_error
=== RUN   TestGetAllBasesByWorkspaceId/workspace_access_via_members
=== RUN   TestGetAllBasesByWorkspaceId/no_base_access
=== RUN   TestGetAllBasesByWorkspaceId/base_access_with_role_id_fallback
=== RUN   TestGetAllBasesByWorkspaceId/base_access_with_resolved_role_name
=== RUN   TestGetAllBasesByWorkspaceId/base_access_with_role_lookup_error
=== RUN   TestGetAllBasesByWorkspaceId/base_access_with_empty_role_id
=== RUN   TestGetAllBasesByWorkspaceId/base_access_get_base_error
--- PASS: TestGetAllBasesByWorkspaceId (0.01s)
    --- PASS: TestGetAllBasesByWorkspaceId/workspace-level_role (0.00s)
    --- PASS: TestGetAllBasesByWorkspaceId/workspace_role_base_fetch_error (0.00s)
    --- PASS: TestGetAllBasesByWorkspaceId/access_members_error (0.00s)
    --- PASS: TestGetAllBasesByWorkspaceId/workspace_access_via_members (0.00s)
    --- PASS: TestGetAllBasesByWorkspaceId/no_base_access (0.00s)
    --- PASS: TestGetAllBasesByWorkspaceId/base_access_with_role_id_fallback (0.00s)
    --- PASS: TestGetAllBasesByWorkspaceId/base_access_with_resolved_role_name (0.00s)
    --- PASS: TestGetAllBasesByWorkspaceId/base_access_with_role_lookup_error (0.00s)
    --- PASS: TestGetAllBasesByWorkspaceId/base_access_with_empty_role_id (0.00s)
    --- PASS: TestGetAllBasesByWorkspaceId/base_access_get_base_error (0.00s)
=== RUN   TestWorkspaceManagementMembers
=== RUN   TestWorkspaceManagementMembers/remove_user_error
=== RUN   TestWorkspaceManagementMembers/remove_user_success
=== RUN   TestWorkspaceManagementMembers/get_workspace_member_by_user
=== RUN   TestWorkspaceManagementMembers/get_workspace_members
=== RUN   TestWorkspaceManagementMembers/get_bulk_workspaces
--- PASS: TestWorkspaceManagementMembers (0.00s)
    --- PASS: TestWorkspaceManagementMembers/remove_user_error (0.00s)
    --- PASS: TestWorkspaceManagementMembers/remove_user_success (0.00s)
    --- PASS: TestWorkspaceManagementMembers/get_workspace_member_by_user (0.00s)
    --- PASS: TestWorkspaceManagementMembers/get_workspace_members (0.00s)
    --- PASS: TestWorkspaceManagementMembers/get_bulk_workspaces (0.00s)
=== RUN   TestGetWorkspaceBaseMembers
=== RUN   TestGetWorkspaceBaseMembers/get_base_error
=== RUN   TestGetWorkspaceBaseMembers/function_error
=== RUN   TestGetWorkspaceBaseMembers/success
--- PASS: TestGetWorkspaceBaseMembers (0.00s)
    --- PASS: TestGetWorkspaceBaseMembers/get_base_error (0.00s)
    --- PASS: TestGetWorkspaceBaseMembers/function_error (0.00s)
    --- PASS: TestGetWorkspaceBaseMembers/success (0.00s)
=== RUN   TestWorkspaceManagementDelegates
=== RUN   TestWorkspaceManagementDelegates/delete_user_mappings_error
=== RUN   TestWorkspaceManagementDelegates/delete_user_mappings
=== RUN   TestWorkspaceManagementDelegates/update_workspace_member_bases
--- PASS: TestWorkspaceManagementDelegates (0.00s)
    --- PASS: TestWorkspaceManagementDelegates/delete_user_mappings_error (0.00s)
    --- PASS: TestWorkspaceManagementDelegates/delete_user_mappings (0.00s)
    --- PASS: TestWorkspaceManagementDelegates/update_workspace_member_bases (0.00s)
=== RUN   TestNewWorkspaceMemberService
--- PASS: TestNewWorkspaceMemberService (0.00s)
=== RUN   TestGetAllWorkspaceMembersByUser
=== RUN   TestGetAllWorkspaceMembersByUser/fetch_error
=== RUN   TestGetAllWorkspaceMembersByUser/not_found
=== RUN   TestGetAllWorkspaceMembersByUser/map_error
=== RUN   TestGetAllWorkspaceMembersByUser/success
--- PASS: TestGetAllWorkspaceMembersByUser (0.00s)
    --- PASS: TestGetAllWorkspaceMembersByUser/fetch_error (0.00s)
    --- PASS: TestGetAllWorkspaceMembersByUser/not_found (0.00s)
    --- PASS: TestGetAllWorkspaceMembersByUser/map_error (0.00s)
    --- PASS: TestGetAllWorkspaceMembersByUser/success (0.00s)
=== RUN   TestGetWorkspaceMemberByUserAndWorkspace
=== RUN   TestGetWorkspaceMemberByUserAndWorkspace/fetch_error
=== RUN   TestGetWorkspaceMemberByUserAndWorkspace/not_found
=== RUN   TestGetWorkspaceMemberByUserAndWorkspace/map_error
=== RUN   TestGetWorkspaceMemberByUserAndWorkspace/success
--- PASS: TestGetWorkspaceMemberByUserAndWorkspace (0.00s)
    --- PASS: TestGetWorkspaceMemberByUserAndWorkspace/fetch_error (0.00s)
    --- PASS: TestGetWorkspaceMemberByUserAndWorkspace/not_found (0.00s)
    --- PASS: TestGetWorkspaceMemberByUserAndWorkspace/map_error (0.00s)
    --- PASS: TestGetWorkspaceMemberByUserAndWorkspace/success (0.00s)
=== RUN   TestDeleteWorkspaceMember
=== RUN   TestDeleteWorkspaceMember/delete_error
=== RUN   TestDeleteWorkspaceMember/success
--- PASS: TestDeleteWorkspaceMember (0.00s)
    --- PASS: TestDeleteWorkspaceMember/delete_error (0.00s)
    --- PASS: TestDeleteWorkspaceMember/success (0.00s)
=== RUN   TestGetWorkspaceMemberByUser
=== RUN   TestGetWorkspaceMemberByUser/fetch_error
=== RUN   TestGetWorkspaceMemberByUser/not_found
=== RUN   TestGetWorkspaceMemberByUser/map_error
=== RUN   TestGetWorkspaceMemberByUser/success
--- PASS: TestGetWorkspaceMemberByUser (0.00s)
    --- PASS: TestGetWorkspaceMemberByUser/fetch_error (0.00s)
    --- PASS: TestGetWorkspaceMemberByUser/not_found (0.00s)
    --- PASS: TestGetWorkspaceMemberByUser/map_error (0.00s)
    --- PASS: TestGetWorkspaceMemberByUser/success (0.00s)
=== RUN   TestGetWorkspaceMembersByWorkspace
=== RUN   TestGetWorkspaceMembersByWorkspace/fetch_error
=== RUN   TestGetWorkspaceMembersByWorkspace/not_found
=== RUN   TestGetWorkspaceMembersByWorkspace/map_error
=== RUN   TestGetWorkspaceMembersByWorkspace/success
--- PASS: TestGetWorkspaceMembersByWorkspace (0.00s)
    --- PASS: TestGetWorkspaceMembersByWorkspace/fetch_error (0.00s)
    --- PASS: TestGetWorkspaceMembersByWorkspace/not_found (0.00s)
    --- PASS: TestGetWorkspaceMembersByWorkspace/map_error (0.00s)
    --- PASS: TestGetWorkspaceMembersByWorkspace/success (0.00s)
=== RUN   TestDeleteUserMappings
=== RUN   TestDeleteUserMappings/get_members_error
=== RUN   TestDeleteUserMappings/delete_record_error
=== RUN   TestDeleteUserMappings/success
--- PASS: TestDeleteUserMappings (0.00s)
    --- PASS: TestDeleteUserMappings/get_members_error (0.00s)
    --- PASS: TestDeleteUserMappings/delete_record_error (0.00s)
    --- PASS: TestDeleteUserMappings/success (0.00s)
=== RUN   TestUpdateWorkspaceMemberBases
=== RUN   TestUpdateWorkspaceMemberBases/get_member_error
=== RUN   TestUpdateWorkspaceMemberBases/update_error
=== RUN   TestUpdateWorkspaceMemberBases/full_access
=== RUN   TestUpdateWorkspaceMemberBases/limited_access
--- PASS: TestUpdateWorkspaceMemberBases (0.02s)
    --- PASS: TestUpdateWorkspaceMemberBases/get_member_error (0.00s)
    --- PASS: TestUpdateWorkspaceMemberBases/update_error (0.01s)
    --- PASS: TestUpdateWorkspaceMemberBases/full_access (0.00s)
    --- PASS: TestUpdateWorkspaceMemberBases/limited_access (0.00s)
=== RUN   TestNewWorkspaceService
--- PASS: TestNewWorkspaceService (0.00s)
=== RUN   TestCreateWorkspace
=== RUN   TestCreateWorkspace/repo_not_initialized
=== RUN   TestCreateWorkspace/create_table_error
=== RUN   TestCreateWorkspace/success
--- PASS: TestCreateWorkspace (0.00s)
    --- PASS: TestCreateWorkspace/repo_not_initialized (0.00s)
    --- PASS: TestCreateWorkspace/create_table_error (0.00s)
    --- PASS: TestCreateWorkspace/success (0.00s)
=== RUN   TestWorkspaceInsertion
=== RUN   TestWorkspaceInsertion/create_record_error
=== RUN   TestWorkspaceInsertion/map_error
=== RUN   TestWorkspaceInsertion/success
--- PASS: TestWorkspaceInsertion (0.00s)
    --- PASS: TestWorkspaceInsertion/create_record_error (0.00s)
    --- PASS: TestWorkspaceInsertion/map_error (0.00s)
    --- PASS: TestWorkspaceInsertion/success (0.00s)
=== RUN   TestGetWorkspaceByID
=== RUN   TestGetWorkspaceByID/empty_id
=== RUN   TestGetWorkspaceByID/fetch_error
=== RUN   TestGetWorkspaceByID/not_found
=== RUN   TestGetWorkspaceByID/map_error
=== RUN   TestGetWorkspaceByID/success
--- PASS: TestGetWorkspaceByID (0.00s)
    --- PASS: TestGetWorkspaceByID/empty_id (0.00s)
    --- PASS: TestGetWorkspaceByID/fetch_error (0.00s)
    --- PASS: TestGetWorkspaceByID/not_found (0.00s)
    --- PASS: TestGetWorkspaceByID/map_error (0.00s)
    --- PASS: TestGetWorkspaceByID/success (0.00s)
=== RUN   TestGetAllWorkspaces
=== RUN   TestGetAllWorkspaces/fetch_error
=== RUN   TestGetAllWorkspaces/empty
=== RUN   TestGetAllWorkspaces/map_error
=== RUN   TestGetAllWorkspaces/success
--- PASS: TestGetAllWorkspaces (0.00s)
    --- PASS: TestGetAllWorkspaces/fetch_error (0.00s)
    --- PASS: TestGetAllWorkspaces/empty (0.00s)
    --- PASS: TestGetAllWorkspaces/map_error (0.00s)
    --- PASS: TestGetAllWorkspaces/success (0.00s)
=== RUN   TestUpdateWorkspace
=== RUN   TestUpdateWorkspace/empty_id
=== RUN   TestUpdateWorkspace/get_workspace_error
=== RUN   TestUpdateWorkspace/update_error
=== RUN   TestUpdateWorkspace/empty_update_result
=== RUN   TestUpdateWorkspace/success
--- PASS: TestUpdateWorkspace (0.00s)
    --- PASS: TestUpdateWorkspace/empty_id (0.00s)
    --- PASS: TestUpdateWorkspace/get_workspace_error (0.00s)
    --- PASS: TestUpdateWorkspace/update_error (0.00s)
    --- PASS: TestUpdateWorkspace/empty_update_result (0.00s)
    --- PASS: TestUpdateWorkspace/success (0.00s)
=== RUN   TestDeleteWorkspace
=== RUN   TestDeleteWorkspace/empty_id
=== RUN   TestDeleteWorkspace/get_workspace_error
=== RUN   TestDeleteWorkspace/delete_error
=== RUN   TestDeleteWorkspace/success
--- PASS: TestDeleteWorkspace (0.00s)
    --- PASS: TestDeleteWorkspace/empty_id (0.00s)
    --- PASS: TestDeleteWorkspace/get_workspace_error (0.00s)
    --- PASS: TestDeleteWorkspace/delete_error (0.00s)
    --- PASS: TestDeleteWorkspace/success (0.00s)
=== RUN   TestGetBulkWorkspaces
=== RUN   TestGetBulkWorkspaces/empty_ids
=== RUN   TestGetBulkWorkspaces/fetch_error
=== RUN   TestGetBulkWorkspaces/empty_rows
=== RUN   TestGetBulkWorkspaces/map_error
=== RUN   TestGetBulkWorkspaces/success
--- PASS: TestGetBulkWorkspaces (0.00s)
    --- PASS: TestGetBulkWorkspaces/empty_ids (0.00s)
    --- PASS: TestGetBulkWorkspaces/fetch_error (0.00s)
    --- PASS: TestGetBulkWorkspaces/empty_rows (0.00s)
    --- PASS: TestGetBulkWorkspaces/map_error (0.00s)
    --- PASS: TestGetBulkWorkspaces/success (0.00s)
PASS
coverage: [no statements]
ok  	github.com/aptlogica/sereni-base/tests/services/workspace	5.558s	coverage: [no statements]
=== RUN   TestFileExists
=== RUN   TestFileExists/existing_file
=== RUN   TestFileExists/non-existing_file
=== RUN   TestFileExists/empty_path
--- PASS: TestFileExists (0.05s)
    --- PASS: TestFileExists/existing_file (0.00s)
    --- PASS: TestFileExists/non-existing_file (0.00s)
    --- PASS: TestFileExists/empty_path (0.00s)
=== RUN   TestDirExists
=== RUN   TestDirExists/existing_directory
=== RUN   TestDirExists/non-existing_directory
=== RUN   TestDirExists/file_not_directory
--- PASS: TestDirExists (0.02s)
    --- PASS: TestDirExists/existing_directory (0.00s)
    --- PASS: TestDirExists/non-existing_directory (0.00s)
    --- PASS: TestDirExists/file_not_directory (0.00s)
=== RUN   TestReadFile
=== RUN   TestReadFile/read_valid_file
=== RUN   TestReadFile/read_empty_file
=== RUN   TestReadFile/read_binary_data
=== RUN   TestReadFile/non-existing_file
--- PASS: TestReadFile (0.03s)
    --- PASS: TestReadFile/read_valid_file (0.01s)
    --- PASS: TestReadFile/read_empty_file (0.00s)
    --- PASS: TestReadFile/read_binary_data (0.01s)
    --- PASS: TestReadFile/non-existing_file (0.00s)
=== RUN   TestWriteFile
=== RUN   TestWriteFile/write_simple_text
=== RUN   TestWriteFile/write_empty_content
=== RUN   TestWriteFile/write_binary_data
=== RUN   TestWriteFile/write_with_different_permissions
--- PASS: TestWriteFile (0.11s)
    --- PASS: TestWriteFile/write_simple_text (0.00s)
    --- PASS: TestWriteFile/write_empty_content (0.00s)
    --- PASS: TestWriteFile/write_binary_data (0.07s)
    --- PASS: TestWriteFile/write_with_different_permissions (0.00s)
=== RUN   TestAppendToFile
=== RUN   TestAppendToFile/append_to_new_file
=== RUN   TestAppendToFile/append_to_existing_file
=== RUN   TestAppendToFile/multiple_appends
--- PASS: TestAppendToFile (0.03s)
    --- PASS: TestAppendToFile/append_to_new_file (0.01s)
    --- PASS: TestAppendToFile/append_to_existing_file (0.01s)
    --- PASS: TestAppendToFile/multiple_appends (0.01s)
=== RUN   TestDeleteFile
=== RUN   TestDeleteFile/delete_existing_file
=== RUN   TestDeleteFile/delete_non-existing_file
--- PASS: TestDeleteFile (0.02s)
    --- PASS: TestDeleteFile/delete_existing_file (0.00s)
    --- PASS: TestDeleteFile/delete_non-existing_file (0.00s)
=== RUN   TestCopyFile
=== RUN   TestCopyFile/copy_text_file
=== RUN   TestCopyFile/copy_empty_file
=== RUN   TestCopyFile/copy_binary_file
=== RUN   TestCopyFile/copy_non-existing_file
--- PASS: TestCopyFile (0.09s)
    --- PASS: TestCopyFile/copy_text_file (0.03s)
    --- PASS: TestCopyFile/copy_empty_file (0.03s)
    --- PASS: TestCopyFile/copy_binary_file (0.01s)
    --- PASS: TestCopyFile/copy_non-existing_file (0.00s)
=== RUN   TestMoveFile
=== RUN   TestMoveFile/move_existing_file
=== RUN   TestMoveFile/move_non-existing_file
--- PASS: TestMoveFile (0.02s)
    --- PASS: TestMoveFile/move_existing_file (0.01s)
    --- PASS: TestMoveFile/move_non-existing_file (0.00s)
=== RUN   TestGetFileInfo
=== RUN   TestGetFileInfo/get_info_of_existing_file
=== RUN   TestGetFileInfo/get_info_of_non-existing_file
--- PASS: TestGetFileInfo (0.02s)
    --- PASS: TestGetFileInfo/get_info_of_existing_file (0.01s)
    --- PASS: TestGetFileInfo/get_info_of_non-existing_file (0.00s)
=== RUN   TestCreateDir
=== RUN   TestCreateDir/create_single_directory
=== RUN   TestCreateDir/create_nested_directories
=== RUN   TestCreateDir/create_existing_directory
--- PASS: TestCreateDir (0.03s)
    --- PASS: TestCreateDir/create_single_directory (0.00s)
    --- PASS: TestCreateDir/create_nested_directories (0.00s)
    --- PASS: TestCreateDir/create_existing_directory (0.00s)
=== RUN   TestCreateDirIfNotExists
=== RUN   TestCreateDirIfNotExists/create_non-existing_directory
=== RUN   TestCreateDirIfNotExists/skip_existing_directory
--- PASS: TestCreateDirIfNotExists (0.01s)
    --- PASS: TestCreateDirIfNotExists/create_non-existing_directory (0.00s)
    --- PASS: TestCreateDirIfNotExists/skip_existing_directory (0.00s)
=== RUN   TestDeleteDir
=== RUN   TestDeleteDir/delete_empty_directory
=== RUN   TestDeleteDir/delete_directory_with_contents
=== RUN   TestDeleteDir/delete_non-existing_directory
--- PASS: TestDeleteDir (0.02s)
    --- PASS: TestDeleteDir/delete_empty_directory (0.00s)
    --- PASS: TestDeleteDir/delete_directory_with_contents (0.01s)
    --- PASS: TestDeleteDir/delete_non-existing_directory (0.00s)
=== RUN   TestMoveDir
=== RUN   TestMoveDir/move_directory
=== RUN   TestMoveDir/move_non-existing_directory
--- PASS: TestMoveDir (0.02s)
    --- PASS: TestMoveDir/move_directory (0.01s)
    --- PASS: TestMoveDir/move_non-existing_directory (0.00s)
=== RUN   TestAppendToFile_ErrorCases
=== RUN   TestAppendToFile_ErrorCases/append_to_file_in_non-existing_directory
--- PASS: TestAppendToFile_ErrorCases (0.00s)
    --- PASS: TestAppendToFile_ErrorCases/append_to_file_in_non-existing_directory (0.00s)
=== RUN   TestCopyFile_ErrorCases
=== RUN   TestCopyFile_ErrorCases/copy_to_non-existing_directory
=== RUN   TestCopyFile_ErrorCases/copy_to_invalid_destination
--- PASS: TestCopyFile_ErrorCases (0.02s)
    --- PASS: TestCopyFile_ErrorCases/copy_to_non-existing_directory (0.01s)
    --- PASS: TestCopyFile_ErrorCases/copy_to_invalid_destination (0.01s)
=== RUN   TestReadFile_LargeFile
--- PASS: TestReadFile_LargeFile (0.04s)
=== RUN   TestGetFileInfo_Directory
--- PASS: TestGetFileInfo_Directory (0.00s)
PASS
coverage: [no statements]
ok  	github.com/aptlogica/sereni-base/tests/utils/file	3.237s	coverage: [no statements]
=== RUN   TestHashPassword
=== RUN   TestHashPassword/valid_password
=== RUN   TestHashPassword/empty_password
=== RUN   TestHashPassword/short_password
=== RUN   TestHashPassword/long_password
=== RUN   TestHashPassword/special_characters
=== RUN   TestHashPassword/different_hashes_for_same_password
=== RUN   TestHashPassword/extremely_long_password_error
--- PASS: TestHashPassword (0.87s)
    --- PASS: TestHashPassword/valid_password (0.14s)
    --- PASS: TestHashPassword/empty_password (0.10s)
    --- PASS: TestHashPassword/short_password (0.09s)
    --- PASS: TestHashPassword/long_password (0.12s)
    --- PASS: TestHashPassword/special_characters (0.11s)
    --- PASS: TestHashPassword/different_hashes_for_same_password (0.31s)
    --- PASS: TestHashPassword/extremely_long_password_error (0.00s)
=== RUN   TestCheckPasswordHash
=== RUN   TestCheckPasswordHash/correct_password
=== RUN   TestCheckPasswordHash/incorrect_password
=== RUN   TestCheckPasswordHash/empty_password
=== RUN   TestCheckPasswordHash/invalid_hash
=== RUN   TestCheckPasswordHash/empty_hash
--- PASS: TestCheckPasswordHash (0.44s)
    --- PASS: TestCheckPasswordHash/correct_password (0.10s)
    --- PASS: TestCheckPasswordHash/incorrect_password (0.08s)
    --- PASS: TestCheckPasswordHash/empty_password (0.10s)
    --- PASS: TestCheckPasswordHash/invalid_hash (0.00s)
    --- PASS: TestCheckPasswordHash/empty_hash (0.00s)
=== RUN   TestHashPasswordAndCheck
=== RUN   TestHashPasswordAndCheck/Simple123
=== RUN   TestHashPasswordAndCheck/Complex!@#$%^&*()Password
=== RUN   TestHashPasswordAndCheck/τƒ¡σ»åτáü
=== RUN   TestHashPasswordAndCheck/VeryLongPasswordWithManyCharactersToTestTheLimit1234567890
--- PASS: TestHashPasswordAndCheck (1.60s)
    --- PASS: TestHashPasswordAndCheck/Simple123 (0.38s)
    --- PASS: TestHashPasswordAndCheck/Complex!@#$%^&*()Password (0.35s)
    --- PASS: TestHashPasswordAndCheck/τƒ¡σ»åτáü (0.45s)
    --- PASS: TestHashPasswordAndCheck/VeryLongPasswordWithManyCharactersToTestTheLimit1234567890 (0.41s)
=== RUN   TestCheckPasswordHash_InvalidHash
=== RUN   TestCheckPasswordHash_InvalidHash/empty_hash
=== RUN   TestCheckPasswordHash_InvalidHash/invalid_format
=== RUN   TestCheckPasswordHash_InvalidHash/wrong_algorithm
=== RUN   TestCheckPasswordHash_InvalidHash/truncated_hash
--- PASS: TestCheckPasswordHash_InvalidHash (0.00s)
    --- PASS: TestCheckPasswordHash_InvalidHash/empty_hash (0.00s)
    --- PASS: TestCheckPasswordHash_InvalidHash/invalid_format (0.00s)
    --- PASS: TestCheckPasswordHash_InvalidHash/wrong_algorithm (0.00s)
    --- PASS: TestCheckPasswordHash_InvalidHash/truncated_hash (0.00s)
=== RUN   TestAccessTokenClaims
--- PASS: TestAccessTokenClaims (0.00s)
=== RUN   TestGenerateID
=== RUN   TestGenerateID/length_8
=== RUN   TestGenerateID/length_16
=== RUN   TestGenerateID/length_32
=== RUN   TestGenerateID/length_0
=== RUN   TestGenerateID/length_1
=== RUN   TestGenerateID/uniqueness
--- PASS: TestGenerateID (0.00s)
    --- PASS: TestGenerateID/length_8 (0.00s)
    --- PASS: TestGenerateID/length_16 (0.00s)
    --- PASS: TestGenerateID/length_32 (0.00s)
    --- PASS: TestGenerateID/length_0 (0.00s)
    --- PASS: TestGenerateID/length_1 (0.00s)
    --- PASS: TestGenerateID/uniqueness (0.00s)
=== RUN   TestConvertToString
=== RUN   TestConvertToString/nil_value
=== RUN   TestConvertToString/string
=== RUN   TestConvertToString/int
=== RUN   TestConvertToString/float64
=== RUN   TestConvertToString/bool_true
=== RUN   TestConvertToString/bool_false
=== RUN   TestConvertToString/time
--- PASS: TestConvertToString (0.00s)
    --- PASS: TestConvertToString/nil_value (0.00s)
    --- PASS: TestConvertToString/string (0.00s)
    --- PASS: TestConvertToString/int (0.00s)
    --- PASS: TestConvertToString/float64 (0.00s)
    --- PASS: TestConvertToString/bool_true (0.00s)
    --- PASS: TestConvertToString/bool_false (0.00s)
    --- PASS: TestConvertToString/time (0.00s)
=== RUN   TestIsEmpty
=== RUN   TestIsEmpty/nil
=== RUN   TestIsEmpty/empty_string
=== RUN   TestIsEmpty/non-empty_string
=== RUN   TestIsEmpty/empty_slice
=== RUN   TestIsEmpty/non-empty_slice
=== RUN   TestIsEmpty/empty_map
=== RUN   TestIsEmpty/non-empty_map
=== RUN   TestIsEmpty/zero_int
=== RUN   TestIsEmpty/non-zero_int
=== RUN   TestIsEmpty/zero_float
=== RUN   TestIsEmpty/non-zero_float
=== RUN   TestIsEmpty/false_bool
=== RUN   TestIsEmpty/true_bool
=== RUN   TestIsEmpty/nil_pointer
=== RUN   TestIsEmpty/non-nil_pointer
--- PASS: TestIsEmpty (0.00s)
    --- PASS: TestIsEmpty/nil (0.00s)
    --- PASS: TestIsEmpty/empty_string (0.00s)
    --- PASS: TestIsEmpty/non-empty_string (0.00s)
    --- PASS: TestIsEmpty/empty_slice (0.00s)
    --- PASS: TestIsEmpty/non-empty_slice (0.00s)
    --- PASS: TestIsEmpty/empty_map (0.00s)
    --- PASS: TestIsEmpty/non-empty_map (0.00s)
    --- PASS: TestIsEmpty/zero_int (0.00s)
    --- PASS: TestIsEmpty/non-zero_int (0.00s)
    --- PASS: TestIsEmpty/zero_float (0.00s)
    --- PASS: TestIsEmpty/non-zero_float (0.00s)
    --- PASS: TestIsEmpty/false_bool (0.00s)
    --- PASS: TestIsEmpty/true_bool (0.00s)
    --- PASS: TestIsEmpty/nil_pointer (0.00s)
    --- PASS: TestIsEmpty/non-nil_pointer (0.00s)
=== RUN   TestContains
=== RUN   TestContains/int_slice_contains
=== RUN   TestContains/int_slice_not_contains
=== RUN   TestContains/string_slice_contains
=== RUN   TestContains/string_slice_not_contains
=== RUN   TestContains/empty_slice
=== RUN   TestContains/not_a_slice
=== RUN   TestContains/nil_slice
--- PASS: TestContains (0.03s)
    --- PASS: TestContains/int_slice_contains (0.00s)
    --- PASS: TestContains/int_slice_not_contains (0.00s)
    --- PASS: TestContains/string_slice_contains (0.00s)
    --- PASS: TestContains/string_slice_not_contains (0.00s)
    --- PASS: TestContains/empty_slice (0.00s)
    --- PASS: TestContains/not_a_slice (0.00s)
    --- PASS: TestContains/nil_slice (0.00s)
=== RUN   TestTruncateString
=== RUN   TestTruncateString/within_length
=== RUN   TestTruncateString/exact_length
=== RUN   TestTruncateString/truncate_needed
=== RUN   TestTruncateString/very_short
=== RUN   TestTruncateString/empty_string
--- PASS: TestTruncateString (0.00s)
    --- PASS: TestTruncateString/within_length (0.00s)
    --- PASS: TestTruncateString/exact_length (0.00s)
    --- PASS: TestTruncateString/truncate_needed (0.00s)
    --- PASS: TestTruncateString/very_short (0.00s)
    --- PASS: TestTruncateString/empty_string (0.00s)
=== RUN   TestToSnakeCase
=== RUN   TestToSnakeCase/PascalCase
=== RUN   TestToSnakeCase/camelCase
=== RUN   TestToSnakeCase/With_Spaces
=== RUN   TestToSnakeCase/With-Dashes
=== RUN   TestToSnakeCase/lowercase
--- PASS: TestToSnakeCase (0.00s)
    --- PASS: TestToSnakeCase/PascalCase (0.00s)
    --- PASS: TestToSnakeCase/camelCase (0.00s)
    --- PASS: TestToSnakeCase/With_Spaces (0.00s)
    --- PASS: TestToSnakeCase/With-Dashes (0.00s)
    --- PASS: TestToSnakeCase/lowercase (0.00s)
=== RUN   TestStringPtr
--- PASS: TestStringPtr (0.00s)
=== RUN   TestFloat64Ptr
--- PASS: TestFloat64Ptr (0.00s)
=== RUN   TestBoolPtr
--- PASS: TestBoolPtr (0.00s)
=== RUN   TestTimeAgo
=== RUN   TestTimeAgo/just_now
=== RUN   TestTimeAgo/minutes_ago
=== RUN   TestTimeAgo/hours_ago
=== RUN   TestTimeAgo/days_ago
=== RUN   TestTimeAgo/weeks_ago
=== RUN   TestTimeAgo/months_ago
=== RUN   TestTimeAgo/years_ago
--- PASS: TestTimeAgo (0.00s)
    --- PASS: TestTimeAgo/just_now (0.00s)
    --- PASS: TestTimeAgo/minutes_ago (0.00s)
    --- PASS: TestTimeAgo/hours_ago (0.00s)
    --- PASS: TestTimeAgo/days_ago (0.00s)
    --- PASS: TestTimeAgo/weeks_ago (0.00s)
    --- PASS: TestTimeAgo/months_ago (0.00s)
    --- PASS: TestTimeAgo/years_ago (0.00s)
=== RUN   TestRemoveDuplicates
=== RUN   TestRemoveDuplicates/int_slice_with_duplicates
=== RUN   TestRemoveDuplicates/string_slice_with_duplicates
=== RUN   TestRemoveDuplicates/no_duplicates
=== RUN   TestRemoveDuplicates/empty_slice
=== RUN   TestRemoveDuplicates/all_same
=== RUN   TestRemoveDuplicates/not_a_slice
--- PASS: TestRemoveDuplicates (0.00s)
    --- PASS: TestRemoveDuplicates/int_slice_with_duplicates (0.00s)
    --- PASS: TestRemoveDuplicates/string_slice_with_duplicates (0.00s)
    --- PASS: TestRemoveDuplicates/no_duplicates (0.00s)
    --- PASS: TestRemoveDuplicates/empty_slice (0.00s)
    --- PASS: TestRemoveDuplicates/all_same (0.00s)
    --- PASS: TestRemoveDuplicates/not_a_slice (0.00s)
=== RUN   TestFormatFileSize
=== RUN   TestFormatFileSize/bytes
=== RUN   TestFormatFileSize/kilobytes
=== RUN   TestFormatFileSize/megabytes
=== RUN   TestFormatFileSize/gigabytes
=== RUN   TestFormatFileSize/terabytes
=== RUN   TestFormatFileSize/zero
=== RUN   TestFormatFileSize/mixed
--- PASS: TestFormatFileSize (0.00s)
    --- PASS: TestFormatFileSize/bytes (0.00s)
    --- PASS: TestFormatFileSize/kilobytes (0.00s)
    --- PASS: TestFormatFileSize/megabytes (0.00s)
    --- PASS: TestFormatFileSize/gigabytes (0.00s)
    --- PASS: TestFormatFileSize/terabytes (0.00s)
    --- PASS: TestFormatFileSize/zero (0.00s)
    --- PASS: TestFormatFileSize/mixed (0.00s)
=== RUN   TestStringToSlice
=== RUN   TestStringToSlice/simple
=== RUN   TestStringToSlice/with_spaces
=== RUN   TestStringToSlice/empty_string
=== RUN   TestStringToSlice/single_item
=== RUN   TestStringToSlice/with_empty_items
--- PASS: TestStringToSlice (0.00s)
    --- PASS: TestStringToSlice/simple (0.00s)
    --- PASS: TestStringToSlice/with_spaces (0.00s)
    --- PASS: TestStringToSlice/empty_string (0.00s)
    --- PASS: TestStringToSlice/single_item (0.00s)
    --- PASS: TestStringToSlice/with_empty_items (0.00s)
=== RUN   TestMapKeys
=== RUN   TestMapKeys/string_keys
=== RUN   TestMapKeys/int_keys
=== RUN   TestMapKeys/empty_map
=== RUN   TestMapKeys/not_a_map
--- PASS: TestMapKeys (0.00s)
    --- PASS: TestMapKeys/string_keys (0.00s)
    --- PASS: TestMapKeys/int_keys (0.00s)
    --- PASS: TestMapKeys/empty_map (0.00s)
    --- PASS: TestMapKeys/not_a_map (0.00s)
=== RUN   TestMapValues
=== RUN   TestMapValues/string_values
=== RUN   TestMapValues/empty_map
=== RUN   TestMapValues/not_a_map
--- PASS: TestMapValues (0.00s)
    --- PASS: TestMapValues/string_values (0.00s)
    --- PASS: TestMapValues/empty_map (0.00s)
    --- PASS: TestMapValues/not_a_map (0.00s)
=== RUN   TestSliceToString
=== RUN   TestSliceToString/int_slice
=== RUN   TestSliceToString/string_slice
=== RUN   TestSliceToString/empty_slice
=== RUN   TestSliceToString/single_item
=== RUN   TestSliceToString/not_a_slice
--- PASS: TestSliceToString (0.00s)
    --- PASS: TestSliceToString/int_slice (0.00s)
    --- PASS: TestSliceToString/string_slice (0.00s)
    --- PASS: TestSliceToString/empty_slice (0.00s)
    --- PASS: TestSliceToString/single_item (0.00s)
    --- PASS: TestSliceToString/not_a_slice (0.00s)
=== RUN   TestReverse
=== RUN   TestReverse/int_slice
=== RUN   TestReverse/string_slice
=== RUN   TestReverse/single_element
=== RUN   TestReverse/empty_slice
=== RUN   TestReverse/not_a_slice
--- PASS: TestReverse (0.00s)
    --- PASS: TestReverse/int_slice (0.00s)
    --- PASS: TestReverse/string_slice (0.00s)
    --- PASS: TestReverse/single_element (0.00s)
    --- PASS: TestReverse/empty_slice (0.00s)
    --- PASS: TestReverse/not_a_slice (0.00s)
=== RUN   TestMapToStruct
=== RUN   TestMapToStruct/valid_mapping
=== RUN   TestMapToStruct/partial_mapping
=== RUN   TestMapToStruct/empty_map
--- PASS: TestMapToStruct (0.00s)
    --- PASS: TestMapToStruct/valid_mapping (0.00s)
    --- PASS: TestMapToStruct/partial_mapping (0.00s)
    --- PASS: TestMapToStruct/empty_map (0.00s)
=== RUN   TestStructToStruct
=== RUN   TestStructToStruct/full_copy
=== RUN   TestStructToStruct/empty_struct
--- PASS: TestStructToStruct (0.00s)
    --- PASS: TestStructToStruct/full_copy (0.00s)
    --- PASS: TestStructToStruct/empty_struct (0.00s)
=== RUN   TestPtr
=== RUN   TestPtr/int_pointer
=== RUN   TestPtr/string_pointer
=== RUN   TestPtr/bool_pointer
--- PASS: TestPtr (0.00s)
    --- PASS: TestPtr/int_pointer (0.00s)
    --- PASS: TestPtr/string_pointer (0.00s)
    --- PASS: TestPtr/bool_pointer (0.00s)
=== RUN   TestInterfaceToJSONString
=== RUN   TestInterfaceToJSONString/simple_object
=== RUN   TestInterfaceToJSONString/nested_object
=== RUN   TestInterfaceToJSONString/nil_map
=== RUN   TestInterfaceToJSONString/empty_map
--- PASS: TestInterfaceToJSONString (0.00s)
    --- PASS: TestInterfaceToJSONString/simple_object (0.00s)
    --- PASS: TestInterfaceToJSONString/nested_object (0.00s)
    --- PASS: TestInterfaceToJSONString/nil_map (0.00s)
    --- PASS: TestInterfaceToJSONString/empty_map (0.00s)
=== RUN   TestSplitAndTrim
=== RUN   TestSplitAndTrim/simple
=== RUN   TestSplitAndTrim/with_spaces
=== RUN   TestSplitAndTrim/empty_string
=== RUN   TestSplitAndTrim/single_item
=== RUN   TestSplitAndTrim/with_empty_items
=== RUN   TestSplitAndTrim/different_delimiter
--- PASS: TestSplitAndTrim (0.00s)
    --- PASS: TestSplitAndTrim/simple (0.00s)
    --- PASS: TestSplitAndTrim/with_spaces (0.00s)
    --- PASS: TestSplitAndTrim/empty_string (0.00s)
    --- PASS: TestSplitAndTrim/single_item (0.00s)
    --- PASS: TestSplitAndTrim/with_empty_items (0.00s)
    --- PASS: TestSplitAndTrim/different_delimiter (0.00s)
=== RUN   TestConvertToString_AllTypes
=== RUN   TestConvertToString_AllTypes/int8
=== RUN   TestConvertToString_AllTypes/int16
=== RUN   TestConvertToString_AllTypes/int32
=== RUN   TestConvertToString_AllTypes/int64
=== RUN   TestConvertToString_AllTypes/uint
=== RUN   TestConvertToString_AllTypes/uint8
=== RUN   TestConvertToString_AllTypes/uint16
=== RUN   TestConvertToString_AllTypes/uint32
=== RUN   TestConvertToString_AllTypes/uint64
=== RUN   TestConvertToString_AllTypes/float32
=== RUN   TestConvertToString_AllTypes/complex_type
--- PASS: TestConvertToString_AllTypes (0.00s)
    --- PASS: TestConvertToString_AllTypes/int8 (0.00s)
    --- PASS: TestConvertToString_AllTypes/int16 (0.00s)
    --- PASS: TestConvertToString_AllTypes/int32 (0.00s)
    --- PASS: TestConvertToString_AllTypes/int64 (0.00s)
    --- PASS: TestConvertToString_AllTypes/uint (0.00s)
    --- PASS: TestConvertToString_AllTypes/uint8 (0.00s)
    --- PASS: TestConvertToString_AllTypes/uint16 (0.00s)
    --- PASS: TestConvertToString_AllTypes/uint32 (0.00s)
    --- PASS: TestConvertToString_AllTypes/uint64 (0.00s)
    --- PASS: TestConvertToString_AllTypes/float32 (0.00s)
    --- PASS: TestConvertToString_AllTypes/complex_type (0.00s)
=== RUN   TestIsEmpty_AllTypes
=== RUN   TestIsEmpty_AllTypes/int8_zero
=== RUN   TestIsEmpty_AllTypes/int8_non-zero
=== RUN   TestIsEmpty_AllTypes/int16_zero
=== RUN   TestIsEmpty_AllTypes/int32_zero
=== RUN   TestIsEmpty_AllTypes/int64_zero
=== RUN   TestIsEmpty_AllTypes/uint_zero
=== RUN   TestIsEmpty_AllTypes/uint_non-zero
=== RUN   TestIsEmpty_AllTypes/uint8_zero
=== RUN   TestIsEmpty_AllTypes/uint16_zero
=== RUN   TestIsEmpty_AllTypes/uint32_zero
=== RUN   TestIsEmpty_AllTypes/uint64_zero
=== RUN   TestIsEmpty_AllTypes/uintptr_zero
=== RUN   TestIsEmpty_AllTypes/float32_zero
=== RUN   TestIsEmpty_AllTypes/float32_non-zero
=== RUN   TestIsEmpty_AllTypes/interface_nil
=== RUN   TestIsEmpty_AllTypes/channel_nil
=== RUN   TestIsEmpty_AllTypes/channel_empty
=== RUN   TestIsEmpty_AllTypes/struct
--- PASS: TestIsEmpty_AllTypes (0.00s)
    --- PASS: TestIsEmpty_AllTypes/int8_zero (0.00s)
    --- PASS: TestIsEmpty_AllTypes/int8_non-zero (0.00s)
    --- PASS: TestIsEmpty_AllTypes/int16_zero (0.00s)
    --- PASS: TestIsEmpty_AllTypes/int32_zero (0.00s)
    --- PASS: TestIsEmpty_AllTypes/int64_zero (0.00s)
    --- PASS: TestIsEmpty_AllTypes/uint_zero (0.00s)
    --- PASS: TestIsEmpty_AllTypes/uint_non-zero (0.00s)
    --- PASS: TestIsEmpty_AllTypes/uint8_zero (0.00s)
    --- PASS: TestIsEmpty_AllTypes/uint16_zero (0.00s)
    --- PASS: TestIsEmpty_AllTypes/uint32_zero (0.00s)
    --- PASS: TestIsEmpty_AllTypes/uint64_zero (0.00s)
    --- PASS: TestIsEmpty_AllTypes/uintptr_zero (0.00s)
    --- PASS: TestIsEmpty_AllTypes/float32_zero (0.00s)
    --- PASS: TestIsEmpty_AllTypes/float32_non-zero (0.00s)
    --- PASS: TestIsEmpty_AllTypes/interface_nil (0.00s)
    --- PASS: TestIsEmpty_AllTypes/channel_nil (0.00s)
    --- PASS: TestIsEmpty_AllTypes/channel_empty (0.00s)
    --- PASS: TestIsEmpty_AllTypes/struct (0.00s)
=== RUN   TestMapToStruct_ErrorCases
=== RUN   TestMapToStruct_ErrorCases/invalid_json_marshal
--- PASS: TestMapToStruct_ErrorCases (0.00s)
    --- PASS: TestMapToStruct_ErrorCases/invalid_json_marshal (0.00s)
=== RUN   TestStructToStruct_ComplexTypes
=== RUN   TestStructToStruct_ComplexTypes/with_time_pointers
=== RUN   TestStructToStruct_ComplexTypes/with_nil_time_pointer
--- PASS: TestStructToStruct_ComplexTypes (0.00s)
    --- PASS: TestStructToStruct_ComplexTypes/with_time_pointers (0.00s)
    --- PASS: TestStructToStruct_ComplexTypes/with_nil_time_pointer (0.00s)
=== RUN   TestInterfaceToJSONString_EdgeCases
=== RUN   TestInterfaceToJSONString_EdgeCases/with_array
=== RUN   TestInterfaceToJSONString_EdgeCases/with_boolean
=== RUN   TestInterfaceToJSONString_EdgeCases/with_number
--- PASS: TestInterfaceToJSONString_EdgeCases (0.00s)
    --- PASS: TestInterfaceToJSONString_EdgeCases/with_array (0.00s)
    --- PASS: TestInterfaceToJSONString_EdgeCases/with_boolean (0.00s)
    --- PASS: TestInterfaceToJSONString_EdgeCases/with_number (0.00s)
=== RUN   TestInterfaceToJSONString_UnmarshalableType
--- PASS: TestInterfaceToJSONString_UnmarshalableType (0.00s)
=== RUN   TestMapToStruct_UnmarshalError
--- PASS: TestMapToStruct_UnmarshalError (0.00s)
=== RUN   TestStructToStruct_WithConverters
=== RUN   TestStructToStruct_WithConverters/with_time_conversions
=== RUN   TestStructToStruct_WithConverters/with_nil_time_pointer
--- PASS: TestStructToStruct_WithConverters (0.00s)
    --- PASS: TestStructToStruct_WithConverters/with_time_conversions (0.00s)
    --- PASS: TestStructToStruct_WithConverters/with_nil_time_pointer (0.00s)
=== RUN   TestStructToStruct_TimeToStringPtr
--- PASS: TestStructToStruct_TimeToStringPtr (0.01s)
=== RUN   TestStructToStruct_UUIDConversions
--- PASS: TestStructToStruct_UUIDConversions (0.00s)
=== RUN   TestStructToStruct_InvalidUUIDConversion
--- PASS: TestStructToStruct_InvalidUUIDConversion (0.00s)
=== RUN   TestStructToStruct_TimePtrToTimePtrConversions
=== RUN   TestStructToStruct_TimePtrToTimePtrConversions/non-nil_time_pointer
=== RUN   TestStructToStruct_TimePtrToTimePtrConversions/nil_time_pointer
--- PASS: TestStructToStruct_TimePtrToTimePtrConversions (0.00s)
    --- PASS: TestStructToStruct_TimePtrToTimePtrConversions/non-nil_time_pointer (0.00s)
    --- PASS: TestStructToStruct_TimePtrToTimePtrConversions/nil_time_pointer (0.00s)
=== RUN   TestStructToStruct_TimeToTimePtr
--- PASS: TestStructToStruct_TimeToTimePtr (0.00s)
=== RUN   TestStructToStruct_TimePtrToTime
=== RUN   TestStructToStruct_TimePtrToTime/non-nil_time_pointer
=== RUN   TestStructToStruct_TimePtrToTime/nil_time_pointer
--- PASS: TestStructToStruct_TimePtrToTime (0.00s)
    --- PASS: TestStructToStruct_TimePtrToTime/non-nil_time_pointer (0.00s)
    --- PASS: TestStructToStruct_TimePtrToTime/nil_time_pointer (0.00s)
=== RUN   TestStructToStruct_TimeToTime
--- PASS: TestStructToStruct_TimeToTime (0.00s)
=== RUN   TestGenerateCustomJWT
=== RUN   TestGenerateCustomJWT/basic_JWT
=== RUN   TestGenerateCustomJWT/JWT_without_attributes
=== RUN   TestGenerateCustomJWT/JWT_with_nil_attributes
=== RUN   TestGenerateCustomJWT/JWT_with_reserved_claims_(should_be_ignored)
=== RUN   TestGenerateCustomJWT/short_expiry
=== RUN   TestGenerateCustomJWT/long_expiry
--- PASS: TestGenerateCustomJWT (0.00s)
    --- PASS: TestGenerateCustomJWT/basic_JWT (0.00s)
    --- PASS: TestGenerateCustomJWT/JWT_without_attributes (0.00s)
    --- PASS: TestGenerateCustomJWT/JWT_with_nil_attributes (0.00s)
    --- PASS: TestGenerateCustomJWT/JWT_with_reserved_claims_(should_be_ignored) (0.00s)
    --- PASS: TestGenerateCustomJWT/short_expiry (0.00s)
    --- PASS: TestGenerateCustomJWT/long_expiry (0.00s)
=== RUN   TestDecodeJWT
=== RUN   TestDecodeJWT/valid_token
=== RUN   TestDecodeJWT/invalid_token
=== RUN   TestDecodeJWT/empty_token
=== RUN   TestDecodeJWT/malformed_token
--- PASS: TestDecodeJWT (0.00s)
    --- PASS: TestDecodeJWT/valid_token (0.00s)
    --- PASS: TestDecodeJWT/invalid_token (0.00s)
    --- PASS: TestDecodeJWT/empty_token (0.00s)
    --- PASS: TestDecodeJWT/malformed_token (0.00s)
=== RUN   TestJWTExpiry
=== RUN   TestJWTExpiry/expired_token
=== RUN   TestJWTExpiry/non-expired_token
--- PASS: TestJWTExpiry (1.50s)
    --- PASS: TestJWTExpiry/expired_token (1.50s)
    --- PASS: TestJWTExpiry/non-expired_token (0.00s)
=== RUN   TestJWTRoundTrip
=== RUN   TestJWTRoundTrip/string_values
=== RUN   TestJWTRoundTrip/numeric_values
=== RUN   TestJWTRoundTrip/mixed_types
--- PASS: TestJWTRoundTrip (0.00s)
    --- PASS: TestJWTRoundTrip/string_values (0.00s)
    --- PASS: TestJWTRoundTrip/numeric_values (0.00s)
    --- PASS: TestJWTRoundTrip/mixed_types (0.00s)
=== RUN   TestJWTClaimsTimestamps
--- PASS: TestJWTClaimsTimestamps (0.00s)
=== RUN   TestDecodeJWT_EdgeCases
=== RUN   TestDecodeJWT_EdgeCases/token_with_dots_but_invalid
=== RUN   TestDecodeJWT_EdgeCases/token_with_special_chars
=== RUN   TestDecodeJWT_EdgeCases/token_missing_signature
=== RUN   TestDecodeJWT_EdgeCases/token_with_wrong_signature
--- PASS: TestDecodeJWT_EdgeCases (0.00s)
    --- PASS: TestDecodeJWT_EdgeCases/token_with_dots_but_invalid (0.00s)
    --- PASS: TestDecodeJWT_EdgeCases/token_with_special_chars (0.00s)
    --- PASS: TestDecodeJWT_EdgeCases/token_missing_signature (0.00s)
    --- PASS: TestDecodeJWT_EdgeCases/token_with_wrong_signature (0.00s)
=== RUN   TestGenerateCustomJWT_ZeroExpiry
--- PASS: TestGenerateCustomJWT_ZeroExpiry (0.00s)
=== RUN   TestGenerateCustomJWT_NilAttributes
--- PASS: TestGenerateCustomJWT_NilAttributes (0.00s)
=== RUN   TestDecodeJWT_InvalidClaims
--- PASS: TestDecodeJWT_InvalidClaims (0.00s)
=== RUN   TestDecodeJWT_ExpiredToken
    jwt_test.go:424: Expired token correctly rejected: token has invalid claims: token is expired
--- PASS: TestDecodeJWT_ExpiredToken (0.12s)
PASS
coverage: [no statements]
ok  	github.com/aptlogica/sereni-base/tests/utils/helpers	8.299s	coverage: [no statements]
=== RUN   TestCreatedResponse
--- PASS: TestCreatedResponse (0.00s)
=== RUN   TestCreatedResponseWithCustomMessage
--- PASS: TestCreatedResponseWithCustomMessage (0.00s)
=== RUN   TestSendSuccess
--- PASS: TestSendSuccess (0.00s)
=== RUN   TestSendSuccess_InvalidCode
--- PASS: TestSendSuccess_InvalidCode (0.00s)
=== RUN   TestFormatValidationError_EmptyErrors
--- PASS: TestFormatValidationError_EmptyErrors (0.00s)
=== RUN   TestFormatValidationError_WithErrors
--- PASS: TestFormatValidationError_WithErrors (0.00s)
=== RUN   TestSendError
--- PASS: TestSendError (0.00s)
=== RUN   TestSendError_InvalidCode
--- PASS: TestSendError_InvalidCode (0.00s)
=== RUN   TestSendErrorWithMessage
--- PASS: TestSendErrorWithMessage (0.00s)
=== RUN   TestCheckAndSendError_ValidationError
--- PASS: TestCheckAndSendError_ValidationError (0.00s)
=== RUN   TestCheckAndSendError_APIError
--- PASS: TestCheckAndSendError_APIError (0.00s)
=== RUN   TestCheckAndSendError_MappedError
--- PASS: TestCheckAndSendError_MappedError (0.00s)
=== RUN   TestCheckAndSendError_UnmappedError
--- PASS: TestCheckAndSendError_UnmappedError (0.00s)
=== RUN   TestFormatValidationError
--- PASS: TestFormatValidationError (0.00s)
=== RUN   TestStandardResponse
=== RUN   TestStandardResponse/success_response_with_data
=== RUN   TestStandardResponse/error_response
=== RUN   TestStandardResponse/minimal_response
--- PASS: TestStandardResponse (0.00s)
    --- PASS: TestStandardResponse/success_response_with_data (0.00s)
    --- PASS: TestStandardResponse/error_response (0.00s)
    --- PASS: TestStandardResponse/minimal_response (0.00s)
=== RUN   TestErrorInfo
--- PASS: TestErrorInfo (0.00s)
=== RUN   TestMetaInfo
--- PASS: TestMetaInfo (0.00s)
=== RUN   TestSendSuccess_MultipleCodes
=== RUN   TestSendSuccess_MultipleCodes/UserRegister
=== RUN   TestSendSuccess_MultipleCodes/UserLogin
=== RUN   TestSendSuccess_MultipleCodes/UserLogout
--- PASS: TestSendSuccess_MultipleCodes (0.00s)
    --- PASS: TestSendSuccess_MultipleCodes/UserRegister (0.00s)
    --- PASS: TestSendSuccess_MultipleCodes/UserLogin (0.00s)
    --- PASS: TestSendSuccess_MultipleCodes/UserLogout (0.00s)
=== RUN   TestSendError_MultipleCodes
=== RUN   TestSendError_MultipleCodes/InvalidCredentials
=== RUN   TestSendError_MultipleCodes/InvalidPayload
=== RUN   TestSendError_MultipleCodes/UnauthorizedAccess
--- PASS: TestSendError_MultipleCodes (0.00s)
    --- PASS: TestSendError_MultipleCodes/InvalidCredentials (0.00s)
    --- PASS: TestSendError_MultipleCodes/InvalidPayload (0.00s)
    --- PASS: TestSendError_MultipleCodes/UnauthorizedAccess (0.00s)
=== RUN   TestCheckAndSendError_WithDetails
--- PASS: TestCheckAndSendError_WithDetails (0.00s)
=== RUN   TestCreatedResponse_NilData
--- PASS: TestCreatedResponse_NilData (0.00s)
=== RUN   TestSendSuccess_NilData
--- PASS: TestSendSuccess_NilData (0.00s)
=== RUN   TestSendErrorWithMessage_EmptyMessage
--- PASS: TestSendErrorWithMessage_EmptyMessage (0.00s)
=== RUN   TestSendErrorWithMessage_InvalidCode
--- PASS: TestSendErrorWithMessage_InvalidCode (0.00s)
=== RUN   TestCheckAndSendError_APIErrorWithZeroStatus
--- PASS: TestCheckAndSendError_APIErrorWithZeroStatus (0.00s)
=== RUN   TestFormatValidationError_WithActualValidationErrors
--- PASS: TestFormatValidationError_WithActualValidationErrors (0.00s)
PASS
coverage: [no statements]
ok  	github.com/aptlogica/sereni-base/tests/utils/response	5.912s	coverage: [no statements]
=== RUN   TestAuthErrorCodes
--- PASS: TestAuthErrorCodes (0.00s)
=== RUN   TestAuthSuccessCodes
--- PASS: TestAuthSuccessCodes (0.00s)
=== RUN   TestAuthErrorCodesMap
--- PASS: TestAuthErrorCodesMap (0.00s)
=== RUN   TestAuthSuccessCodesMap
--- PASS: TestAuthSuccessCodesMap (0.00s)
=== RUN   TestAuthErrorCodesHTTPStatus
--- PASS: TestAuthErrorCodesHTTPStatus (0.00s)
=== RUN   TestAuthSuccessCodesHTTPStatus
--- PASS: TestAuthSuccessCodesHTTPStatus (0.00s)
=== RUN   TestAuthErrorCodePatterns
--- PASS: TestAuthErrorCodePatterns (0.00s)
=== RUN   TestAuthSuccessCodePatterns
--- PASS: TestAuthSuccessCodePatterns (0.00s)
=== RUN   TestErrorStruct
=== RUN   TestErrorStruct/InvalidID
=== RUN   TestErrorStruct/UnauthorizedAccess
=== RUN   TestErrorStruct/Forbidden
=== RUN   TestErrorStruct/SessionExpired
=== RUN   TestErrorStruct/InvalidPayload
=== RUN   TestErrorStruct/ValidationFailed
=== RUN   TestErrorStruct/DatabaseError
=== RUN   TestErrorStruct/RecordNotFound
=== RUN   TestErrorStruct/InternalError
=== RUN   TestErrorStruct/ServiceUnavailable
=== RUN   TestErrorStruct/GatewayTimeout
=== RUN   TestErrorStruct/TooManyRequests
=== RUN   TestErrorStruct/UserAlreadyExists
=== RUN   TestErrorStruct/RecordAlreadyExists
=== RUN   TestErrorStruct/RecordNotInserted
=== RUN   TestErrorStruct/BadRequest
=== RUN   TestErrorStruct/Conflict
=== RUN   TestErrorStruct/NotImplemented
=== RUN   TestErrorStruct/Timeout
=== RUN   TestErrorStruct/DependencyFailed
=== RUN   TestErrorStruct/MapToStructError
=== RUN   TestErrorStruct/StructToStructError
=== RUN   TestErrorStruct/HashingError
=== RUN   TestErrorStruct/InvalidCredentials
=== RUN   TestErrorStruct/InvalidDriver
=== RUN   TestErrorStruct/ErrNotFound
=== RUN   TestErrorStruct/JSONMarshalError
=== RUN   TestErrorStruct/HTTPRequestCreationError
=== RUN   TestErrorStruct/HTTPDoRequestError
=== RUN   TestErrorStruct/UserNotActive
=== RUN   TestErrorStruct/FileNotFound
=== RUN   TestErrorStruct/FileAlreadyExists
=== RUN   TestErrorStruct/FileReadFailed
=== RUN   TestErrorStruct/FileWriteFailed
=== RUN   TestErrorStruct/FileDeleteFailed
=== RUN   TestErrorStruct/FilePermissionDenied
=== RUN   TestErrorStruct/FileInvalidPath
=== RUN   TestErrorStruct/FolderNotFound
=== RUN   TestErrorStruct/FolderAlreadyExists
=== RUN   TestErrorStruct/FolderCreateFailed
=== RUN   TestErrorStruct/FolderDeleteFailed
=== RUN   TestErrorStruct/FolderPermissionDenied
=== RUN   TestErrorStruct/FolderInvalidPath
=== RUN   TestErrorStruct/InvalidDateOfBirth
=== RUN   TestErrorStruct/RoleCreationError
=== RUN   TestErrorStruct/RoleNotFound
=== RUN   TestErrorStruct/UserDisableFailed
=== RUN   TestErrorStruct/InvalidWorkspaceMemberData
=== RUN   TestErrorStruct/UserContextNotFound
--- PASS: TestErrorStruct (0.01s)
    --- PASS: TestErrorStruct/InvalidID (0.00s)
    --- PASS: TestErrorStruct/UnauthorizedAccess (0.00s)
    --- PASS: TestErrorStruct/Forbidden (0.00s)
    --- PASS: TestErrorStruct/SessionExpired (0.00s)
    --- PASS: TestErrorStruct/InvalidPayload (0.00s)
    --- PASS: TestErrorStruct/ValidationFailed (0.00s)
    --- PASS: TestErrorStruct/DatabaseError (0.00s)
    --- PASS: TestErrorStruct/RecordNotFound (0.00s)
    --- PASS: TestErrorStruct/InternalError (0.00s)
    --- PASS: TestErrorStruct/ServiceUnavailable (0.00s)
    --- PASS: TestErrorStruct/GatewayTimeout (0.00s)
    --- PASS: TestErrorStruct/TooManyRequests (0.00s)
    --- PASS: TestErrorStruct/UserAlreadyExists (0.00s)
    --- PASS: TestErrorStruct/RecordAlreadyExists (0.00s)
    --- PASS: TestErrorStruct/RecordNotInserted (0.00s)
    --- PASS: TestErrorStruct/BadRequest (0.00s)
    --- PASS: TestErrorStruct/Conflict (0.00s)
    --- PASS: TestErrorStruct/NotImplemented (0.00s)
    --- PASS: TestErrorStruct/Timeout (0.00s)
    --- PASS: TestErrorStruct/DependencyFailed (0.00s)
    --- PASS: TestErrorStruct/MapToStructError (0.00s)
    --- PASS: TestErrorStruct/StructToStructError (0.00s)
    --- PASS: TestErrorStruct/HashingError (0.00s)
    --- PASS: TestErrorStruct/InvalidCredentials (0.00s)
    --- PASS: TestErrorStruct/InvalidDriver (0.00s)
    --- PASS: TestErrorStruct/ErrNotFound (0.00s)
    --- PASS: TestErrorStruct/JSONMarshalError (0.00s)
    --- PASS: TestErrorStruct/HTTPRequestCreationError (0.00s)
    --- PASS: TestErrorStruct/HTTPDoRequestError (0.00s)
    --- PASS: TestErrorStruct/UserNotActive (0.00s)
    --- PASS: TestErrorStruct/FileNotFound (0.00s)
    --- PASS: TestErrorStruct/FileAlreadyExists (0.00s)
    --- PASS: TestErrorStruct/FileReadFailed (0.00s)
    --- PASS: TestErrorStruct/FileWriteFailed (0.00s)
    --- PASS: TestErrorStruct/FileDeleteFailed (0.00s)
    --- PASS: TestErrorStruct/FilePermissionDenied (0.00s)
    --- PASS: TestErrorStruct/FileInvalidPath (0.00s)
    --- PASS: TestErrorStruct/FolderNotFound (0.00s)
    --- PASS: TestErrorStruct/FolderAlreadyExists (0.00s)
    --- PASS: TestErrorStruct/FolderCreateFailed (0.00s)
    --- PASS: TestErrorStruct/FolderDeleteFailed (0.00s)
    --- PASS: TestErrorStruct/FolderPermissionDenied (0.00s)
    --- PASS: TestErrorStruct/FolderInvalidPath (0.00s)
    --- PASS: TestErrorStruct/InvalidDateOfBirth (0.00s)
    --- PASS: TestErrorStruct/RoleCreationError (0.00s)
    --- PASS: TestErrorStruct/RoleNotFound (0.00s)
    --- PASS: TestErrorStruct/UserDisableFailed (0.00s)
    --- PASS: TestErrorStruct/InvalidWorkspaceMemberData (0.00s)
    --- PASS: TestErrorStruct/UserContextNotFound (0.00s)
=== RUN   TestCoreErrorCodesMap
=== RUN   TestCoreErrorCodesMap/UnauthorizedAccess
=== RUN   TestCoreErrorCodesMap/Forbidden
=== RUN   TestCoreErrorCodesMap/RecordNotFound
=== RUN   TestCoreErrorCodesMap/BadRequest
=== RUN   TestCoreErrorCodesMap/InternalError
=== RUN   TestCoreErrorCodesMap/Conflict
=== RUN   TestCoreErrorCodesMap/ValidationFailed
=== RUN   TestCoreErrorCodesMap/TooManyRequests
--- PASS: TestCoreErrorCodesMap (0.00s)
    --- PASS: TestCoreErrorCodesMap/UnauthorizedAccess (0.00s)
    --- PASS: TestCoreErrorCodesMap/Forbidden (0.00s)
    --- PASS: TestCoreErrorCodesMap/RecordNotFound (0.00s)
    --- PASS: TestCoreErrorCodesMap/BadRequest (0.00s)
    --- PASS: TestCoreErrorCodesMap/InternalError (0.00s)
    --- PASS: TestCoreErrorCodesMap/Conflict (0.00s)
    --- PASS: TestCoreErrorCodesMap/ValidationFailed (0.00s)
    --- PASS: TestCoreErrorCodesMap/TooManyRequests (0.00s)
=== RUN   TestErrorCodesMap
--- PASS: TestErrorCodesMap (0.00s)
=== RUN   TestSuccessCodesMap
--- PASS: TestSuccessCodesMap (0.00s)
=== RUN   TestResponseCodeType
--- PASS: TestResponseCodeType (0.00s)
=== RUN   TestMetaResponse
--- PASS: TestMetaResponse (0.00s)
=== RUN   TestMapError
=== RUN   TestMapError/DatabaseError
=== RUN   TestMapError/InvalidCredentials
=== RUN   TestMapError/UnmappedError
--- PASS: TestMapError (0.00s)
    --- PASS: TestMapError/DatabaseError (0.00s)
    --- PASS: TestMapError/InvalidCredentials (0.00s)
    --- PASS: TestMapError/UnmappedError (0.00s)
=== RUN   TestAllErrorMappings
--- PASS: TestAllErrorMappings (0.00s)
=== RUN   TestMappingHasErrorCodes
--- PASS: TestMappingHasErrorCodes (0.00s)
=== RUN   TestMapErrorUsesErrorsIs
--- PASS: TestMapErrorUsesErrorsIs (0.01s)
=== RUN   TestTableErrorCodes
--- PASS: TestTableErrorCodes (0.00s)
=== RUN   TestTableSuccessCodes
--- PASS: TestTableSuccessCodes (0.00s)
=== RUN   TestTableErrorCodesMap
--- PASS: TestTableErrorCodesMap (0.00s)
=== RUN   TestTableSuccessCodesMap
--- PASS: TestTableSuccessCodesMap (0.00s)
=== RUN   TestTableErrorCodesHTTPStatus
--- PASS: TestTableErrorCodesHTTPStatus (0.00s)
=== RUN   TestTableSuccessCodesHTTPStatus
--- PASS: TestTableSuccessCodesHTTPStatus (0.00s)
=== RUN   TestTableErrorCodePatterns
--- PASS: TestTableErrorCodePatterns (0.00s)
=== RUN   TestTableSuccessCodePatterns
--- PASS: TestTableSuccessCodePatterns (0.00s)
=== RUN   TestUserErrorCodes
--- PASS: TestUserErrorCodes (0.00s)
=== RUN   TestUserSuccessCodes
--- PASS: TestUserSuccessCodes (0.00s)
=== RUN   TestUserErrorCodesMap
--- PASS: TestUserErrorCodesMap (0.00s)
=== RUN   TestUserSuccessCodesMap
--- PASS: TestUserSuccessCodesMap (0.00s)
=== RUN   TestUserErrorCodesHTTPStatus
--- PASS: TestUserErrorCodesHTTPStatus (0.00s)
=== RUN   TestUserSuccessCodesHTTPStatus
--- PASS: TestUserSuccessCodesHTTPStatus (0.00s)
=== RUN   TestUserErrorCodePatterns
--- PASS: TestUserErrorCodePatterns (0.00s)
=== RUN   TestUserSuccessCodePatterns
--- PASS: TestUserSuccessCodePatterns (0.00s)
PASS
coverage: [no statements]
ok  	github.com/aptlogica/sereni-base/tests/utils/response/constants	1.970s	coverage: [no statements]
FAIL
